---
http_interactions:
- request:
    method: get
    uri: http://127.0.0.1:8983/solr/test/select?fl=id&q=_query_:%22%7B!raw%20f=has_model_ssim%7Dinfo:fedora/afmodel:Nyucore%22%20AND%20id:%22fda%5C:hdl-handle-net-2451-14097%22&qt=standard&rows=1000&sort=system_create_dtsi%20asc&start=0&wt=ruby
    body:
      encoding: US-ASCII
      string: ''
    headers: {}
  response:
    status:
      code: 200
      message: OK
    headers:
      Last-Modified:
      - Fri, 29 Aug 2014 03:26:46 GMT
      Etag:
      - ! '"ZjA0MDAwMDAwMDAwMDAwMFNvbHI="'
      Content-Type:
      - text/plain;charset=UTF-8
      Transfer-Encoding:
      - chunked
    body:
      encoding: US-ASCII
      string: ! '{''responseHeader''=>{''status''=>0,''QTime''=>1,''params''=>{''fl''=>''id'',''sort''=>''system_create_dtsi
        asc'',''start''=>''0'',''q''=>''_query_:"{!raw f=has_model_ssim}info:fedora/afmodel:Nyucore"
        AND id:"fda\\:hdl-handle-net-2451-14097"'',''qt''=>''standard'',''wt''=>''ruby'',''rows''=>''1000''}},''response''=>{''numFound''=>0,''start''=>0,''docs''=>[]}}

'
    http_version: 
  recorded_at: Fri, 29 Aug 2014 03:26:46 GMT
- request:
    method: get
    uri: http://fedoraAdmin:fedoraAdmin@127.0.0.1:8983/fedora-test/objects/fda:hdl-handle-net-2451-14097/datastreams?format=xml
    body:
      encoding: US-ASCII
      string: ''
    headers:
      Accept:
      - ! '*/*; q=0.5, application/xml'
      Accept-Encoding:
      - gzip, deflate
      User-Agent:
      - Ruby
  response:
    status:
      code: 404
      message: Not Found
    headers:
      Set-Cookie:
      - JSESSIONID=d1moq8m8tznj1xobaervxraja;Path=/fedora-test
      Expires:
      - Thu, 01 Jan 1970 00:00:00 GMT
      Content-Type:
      - text/plain
      Date:
      - Fri, 29 Aug 2014 03:26:46 GMT
      Content-Length:
      - '68'
    body:
      encoding: US-ASCII
      string: ! 'Object not found in low-level storage: fda:hdl-handle-net-2451-14097'
    http_version: 
  recorded_at: Fri, 29 Aug 2014 03:26:46 GMT
- request:
    method: get
    uri: http://fedoraAdmin:fedoraAdmin@127.0.0.1:8983/fedora-test/objects/fda:hdl-handle-net-2451-14097?format=xml
    body:
      encoding: US-ASCII
      string: ''
    headers:
      Accept:
      - ! '*/*; q=0.5, application/xml'
      Accept-Encoding:
      - gzip, deflate
      User-Agent:
      - Ruby
  response:
    status:
      code: 404
      message: Not Found
    headers:
      Set-Cookie:
      - JSESSIONID=apnyil6diqi719ipk48ytep6o;Path=/fedora-test
      Expires:
      - Thu, 01 Jan 1970 00:00:00 GMT
      Content-Type:
      - text/plain
      Date:
      - Fri, 29 Aug 2014 03:26:46 GMT
      Content-Length:
      - '68'
    body:
      encoding: US-ASCII
      string: ! 'Object not found in low-level storage: fda:hdl-handle-net-2451-14097'
    http_version: 
  recorded_at: Fri, 29 Aug 2014 03:26:46 GMT
- request:
    method: get
    uri: http://fedoraAdmin:fedoraAdmin@127.0.0.1:8983/fedora-test/objects/fda:hdl-handle-net-2451-14097/datastreams/RELS-EXT?format=xml
    body:
      encoding: US-ASCII
      string: ''
    headers:
      Accept:
      - ! '*/*; q=0.5, application/xml'
      Accept-Encoding:
      - gzip, deflate
      User-Agent:
      - Ruby
  response:
    status:
      code: 404
      message: Not Found
    headers:
      Set-Cookie:
      - JSESSIONID=1dfq6gb510v271ish6cylwo8pt;Path=/fedora-test
      Expires:
      - Thu, 01 Jan 1970 00:00:00 GMT
      Content-Type:
      - text/plain
      Date:
      - Fri, 29 Aug 2014 03:26:46 GMT
      Content-Length:
      - '68'
    body:
      encoding: US-ASCII
      string: ! 'Object not found in low-level storage: fda:hdl-handle-net-2451-14097'
    http_version: 
  recorded_at: Fri, 29 Aug 2014 03:26:46 GMT
- request:
    method: get
    uri: http://fedoraAdmin:fedoraAdmin@127.0.0.1:8983/fedora-test/objects/fda:hdl-handle-net-2451-14097/datastreams/rightsMetadata?format=xml
    body:
      encoding: US-ASCII
      string: ''
    headers:
      Accept:
      - ! '*/*; q=0.5, application/xml'
      Accept-Encoding:
      - gzip, deflate
      User-Agent:
      - Ruby
  response:
    status:
      code: 404
      message: Not Found
    headers:
      Set-Cookie:
      - JSESSIONID=7uimrmiiqbg61nauffcd3tuay;Path=/fedora-test
      Expires:
      - Thu, 01 Jan 1970 00:00:00 GMT
      Content-Type:
      - text/plain
      Date:
      - Fri, 29 Aug 2014 03:26:46 GMT
      Content-Length:
      - '68'
    body:
      encoding: US-ASCII
      string: ! 'Object not found in low-level storage: fda:hdl-handle-net-2451-14097'
    http_version: 
  recorded_at: Fri, 29 Aug 2014 03:26:46 GMT
- request:
    method: get
    uri: http://fedoraAdmin:fedoraAdmin@127.0.0.1:8983/fedora-test/objects/fda:hdl-handle-net-2451-14097/datastreams/source_metadata?format=xml
    body:
      encoding: US-ASCII
      string: ''
    headers:
      Accept:
      - ! '*/*; q=0.5, application/xml'
      Accept-Encoding:
      - gzip, deflate
      User-Agent:
      - Ruby
  response:
    status:
      code: 404
      message: Not Found
    headers:
      Set-Cookie:
      - JSESSIONID=k0y00qfwiwbj1gr4uge1nt38t;Path=/fedora-test
      Expires:
      - Thu, 01 Jan 1970 00:00:00 GMT
      Content-Type:
      - text/plain
      Date:
      - Fri, 29 Aug 2014 03:26:46 GMT
      Content-Length:
      - '68'
    body:
      encoding: US-ASCII
      string: ! 'Object not found in low-level storage: fda:hdl-handle-net-2451-14097'
    http_version: 
  recorded_at: Fri, 29 Aug 2014 03:26:46 GMT
- request:
    method: get
    uri: http://fedoraAdmin:fedoraAdmin@127.0.0.1:8983/fedora-test/objects/fda:hdl-handle-net-2451-14097/datastreams/native_metadata?format=xml
    body:
      encoding: US-ASCII
      string: ''
    headers:
      Accept:
      - ! '*/*; q=0.5, application/xml'
      Accept-Encoding:
      - gzip, deflate
      User-Agent:
      - Ruby
  response:
    status:
      code: 404
      message: Not Found
    headers:
      Set-Cookie:
      - JSESSIONID=hcbsysdlzkjqbcu23dts2ut;Path=/fedora-test
      Expires:
      - Thu, 01 Jan 1970 00:00:00 GMT
      Content-Type:
      - text/plain
      Date:
      - Fri, 29 Aug 2014 03:26:46 GMT
      Content-Length:
      - '68'
    body:
      encoding: US-ASCII
      string: ! 'Object not found in low-level storage: fda:hdl-handle-net-2451-14097'
    http_version: 
  recorded_at: Fri, 29 Aug 2014 03:26:46 GMT
- request:
    method: post
    uri: http://fedoraAdmin:fedoraAdmin@127.0.0.1:8983/fedora-test/objects/fda:hdl-handle-net-2451-14097
    body:
      encoding: US-ASCII
      string: ''
    headers:
      Accept:
      - ! '*/*; q=0.5, application/xml'
      Accept-Encoding:
      - gzip, deflate
      Content-Type:
      - text/xml
      User-Agent:
      - Ruby
  response:
    status:
      code: 201
      message: Created
    headers:
      Set-Cookie:
      - JSESSIONID=1n2g3sy2p15zhztfthvmjgm04;Path=/fedora-test
      Expires:
      - Thu, 01 Jan 1970 00:00:00 GMT
      Content-Type:
      - application/xml
      Date:
      - Fri, 29 Aug 2014 03:26:46 GMT
      Location:
      - http://127.0.0.1:8983/fedora-test/objects/fda%3Ahdl-handle-net-2451-14097
      Content-Length:
      - '29'
    body:
      encoding: US-ASCII
      string: fda:hdl-handle-net-2451-14097
    http_version: 
  recorded_at: Fri, 29 Aug 2014 03:26:46 GMT
- request:
    method: get
    uri: http://fedoraAdmin:fedoraAdmin@127.0.0.1:8983/fedora-test/objects/fda:hdl-handle-net-2451-14097?format=xml
    body:
      encoding: US-ASCII
      string: ''
    headers:
      Accept:
      - ! '*/*; q=0.5, application/xml'
      Accept-Encoding:
      - gzip, deflate
      User-Agent:
      - Ruby
  response:
    status:
      code: 200
      message: OK
    headers:
      Set-Cookie:
      - JSESSIONID=e6c78w32qjo5zyeqacszgt1x;Path=/fedora-test
      Expires:
      - Thu, 01 Jan 1970 00:00:00 GMT
      Content-Type:
      - text/xml
      Date:
      - Fri, 29 Aug 2014 03:26:46 GMT
      Content-Length:
      - '972'
    body:
      encoding: US-ASCII
      string: <?xml version="1.0" encoding="UTF-8"?><objectProfile  xmlns="http://www.fedora.info/definitions/1/0/access/"  xmlns:xsd="http://www.w3.org/2001/XMLSchema"
        xmlns:xsi="http://www.w3.org/2001/XMLSchema-instance" xsi:schemaLocation="http://www.fedora.info/definitions/1/0/access/
        http://www.fedora.info/definitions/1/0/objectProfile.xsd" pid="fda:hdl-handle-net-2451-14097"
        ><objLabel></objLabel><objOwnerId>fedoraAdmin</objOwnerId><objModels><model>info:fedora/fedora-system:FedoraObject-3.0</model></objModels><objCreateDate>2014-08-29T03:26:46.842Z</objCreateDate><objLastModDate>2014-08-29T03:26:46.842Z</objLastModDate><objDissIndexViewURL>http://localhost:8983/fedora-test/objects/fda%3Ahdl-handle-net-2451-14097/methods/fedora-system%3A3/viewMethodIndex</objDissIndexViewURL><objItemIndexViewURL>http://localhost:8983/fedora-test/objects/fda%3Ahdl-handle-net-2451-14097/methods/fedora-system%3A3/viewItemIndex</objItemIndexViewURL><objState>A</objState></objectProfile>
    http_version: 
  recorded_at: Fri, 29 Aug 2014 03:26:46 GMT
- request:
    method: post
    uri: http://fedoraAdmin:fedoraAdmin@127.0.0.1:8983/fedora-test/objects/fda:hdl-handle-net-2451-14097/datastreams/RELS-EXT?controlGroup=X&dsLabel=Fedora%20Object-to-Object%20Relationship%20Metadata&dsState=A&mimeType=application/rdf%2Bxml&versionable=true
    body:
      encoding: UTF-8
      string: ! "<?xml version=\"1.0\" encoding=\"UTF-8\"?>\n<rdf:RDF xmlns:rdf=\"http://www.w3.org/1999/02/22-rdf-syntax-ns#\"
        xmlns:ns0=\"info:fedora/fedora-system:def/model#\">\n  <rdf:Description rdf:about=\"info:fedora/fda:hdl-handle-net-2451-14097\">\n
        \   <ns0:hasModel rdf:resource=\"info:fedora/afmodel:Nyucore\"/>\n  </rdf:Description>\n</rdf:RDF>\n"
    headers:
      Accept:
      - ! '*/*; q=0.5, application/xml'
      Accept-Encoding:
      - gzip, deflate
      Content-Type:
      - application/rdf+xml
      Multipart:
      - 'true'
      Content-Length:
      - '323'
      User-Agent:
      - Ruby
  response:
    status:
      code: 201
      message: Created
    headers:
      Set-Cookie:
      - JSESSIONID=14z67adputwj5poilxkp8h5to;Path=/fedora-test
      Expires:
      - Thu, 01 Jan 1970 00:00:00 GMT
      Content-Type:
      - text/xml
      Date:
      - Fri, 29 Aug 2014 03:26:47 GMT
      Location:
      - http://127.0.0.1:8983/fedora-test/objects/fda%3Ahdl-handle-net-2451-14097/datastreams/RELS-EXT
      Content-Length:
      - '951'
    body:
      encoding: US-ASCII
      string: <?xml version="1.0" encoding="UTF-8"?><datastreamProfile  xmlns="http://www.fedora.info/definitions/1/0/management/"  xmlns:xsd="http://www.w3.org/2001/XMLSchema"
        xmlns:xsi="http://www.w3.org/2001/XMLSchema-instance" xsi:schemaLocation="http://www.fedora.info/definitions/1/0/management/
        http://www.fedora.info/definitions/1/0/datastreamProfile.xsd" pid="fda:hdl-handle-net-2451-14097"
        dsID="RELS-EXT" ><dsLabel>Fedora Object-to-Object Relationship Metadata</dsLabel><dsVersionID>RELS-EXT.0</dsVersionID><dsCreateDate>2014-08-29T03:26:47.190Z</dsCreateDate><dsState>A</dsState><dsMIME>application/rdf+xml</dsMIME><dsFormatURI></dsFormatURI><dsControlGroup>X</dsControlGroup><dsSize>299</dsSize><dsVersionable>true</dsVersionable><dsInfoType></dsInfoType><dsLocation>fda:hdl-handle-net-2451-14097+RELS-EXT+RELS-EXT.0</dsLocation><dsLocationType></dsLocationType><dsChecksumType>DISABLED</dsChecksumType><dsChecksum>none</dsChecksum></datastreamProfile>
    http_version: 
  recorded_at: Fri, 29 Aug 2014 03:26:47 GMT
- request:
    method: post
    uri: http://fedoraAdmin:fedoraAdmin@127.0.0.1:8983/fedora-test/objects/fda:hdl-handle-net-2451-14097/datastreams/rightsMetadata?controlGroup=M&dsState=A&mimeType=text/xml&versionable=true
    body:
      encoding: US-ASCII
      string: ! "<rightsMetadata xmlns=\"http://hydra-collab.stanford.edu/schemas/rightsMetadata/v1\"
        version=\"0.1\">\n  <copyright>\n    <human type=\"title\"/>\n    <human type=\"description\"/>\n
        \   <machine type=\"uri\"/>\n  </copyright>\n  <access type=\"discover\">\n
        \   <human/>\n    <machine/>\n  </access>\n  <access type=\"read\">\n    <human/>\n
        \   <machine/>\n  </access>\n  <access type=\"edit\">\n    <human/>\n    <machine>\n
        \     <group>admin_group</group>\n      <group>fda_cataloger</group>\n    </machine>\n
        \ </access>\n  <embargo>\n    <human/>\n    <machine/>\n  </embargo>\n</rightsMetadata>"
    headers:
      Accept:
      - ! '*/*; q=0.5, application/xml'
      Accept-Encoding:
      - gzip, deflate
      Content-Type:
      - text/xml
      Multipart:
      - 'true'
      Content-Length:
      - '556'
      User-Agent:
      - Ruby
  response:
    status:
      code: 201
      message: Created
    headers:
      Set-Cookie:
      - JSESSIONID=2jja6w4jmm5gufw8qp1iephw;Path=/fedora-test
      Expires:
      - Thu, 01 Jan 1970 00:00:00 GMT
      Content-Type:
      - text/xml
      Date:
      - Fri, 29 Aug 2014 03:26:47 GMT
      Location:
      - http://127.0.0.1:8983/fedora-test/objects/fda%3Ahdl-handle-net-2451-14097/datastreams/rightsMetadata
      Content-Length:
      - '930'
    body:
      encoding: US-ASCII
      string: <?xml version="1.0" encoding="UTF-8"?><datastreamProfile  xmlns="http://www.fedora.info/definitions/1/0/management/"  xmlns:xsd="http://www.w3.org/2001/XMLSchema"
        xmlns:xsi="http://www.w3.org/2001/XMLSchema-instance" xsi:schemaLocation="http://www.fedora.info/definitions/1/0/management/
        http://www.fedora.info/definitions/1/0/datastreamProfile.xsd" pid="fda:hdl-handle-net-2451-14097"
        dsID="rightsMetadata" ><dsLabel></dsLabel><dsVersionID>rightsMetadata.0</dsVersionID><dsCreateDate>2014-08-29T03:26:47.296Z</dsCreateDate><dsState>A</dsState><dsMIME>text/xml</dsMIME><dsFormatURI></dsFormatURI><dsControlGroup>M</dsControlGroup><dsSize>556</dsSize><dsVersionable>true</dsVersionable><dsInfoType></dsInfoType><dsLocation>fda:hdl-handle-net-2451-14097+rightsMetadata+rightsMetadata.0</dsLocation><dsLocationType>INTERNAL_ID</dsLocationType><dsChecksumType>DISABLED</dsChecksumType><dsChecksum>none</dsChecksum></datastreamProfile>
    http_version: 
  recorded_at: Fri, 29 Aug 2014 03:26:47 GMT
- request:
    method: post
    uri: http://fedoraAdmin:fedoraAdmin@127.0.0.1:8983/fedora-test/objects/fda:hdl-handle-net-2451-14097/datastreams/source_metadata?controlGroup=M&dsState=A&mimeType=text/plain&versionable=true
    body:
      encoding: UTF-8
      string: ! '<info:fedora/fda:hdl-handle-net-2451-14097> <http://purl.org/dc/terms/title>
        "FDA Title" .

        <info:fedora/fda:hdl-handle-net-2451-14097> <http://purl.org/dc/terms/creator>
        "Alter, Scampi" .

        <info:fedora/fda:hdl-handle-net-2451-14097> <http://purl.org/dc/terms/type>
        "Working Paper" .

        <info:fedora/fda:hdl-handle-net-2451-14097> <http://purl.org/dc/terms/publisher>
        "Stern" .

        <info:fedora/fda:hdl-handle-net-2451-14097> <http://purl.org/dc/terms/description>
        "We model " .

        <info:fedora/fda:hdl-handle-net-2451-14097> <http://purl.org/dc/terms/date>
        "2014" .

        <info:fedora/fda:hdl-handle-net-2451-14097> <http://purl.org/dc/terms/format>
        "application/pdf" .

        <info:fedora/fda:hdl-handle-net-2451-14097> <http://purl.org/dc/terms/language>
        "English" .

        <info:fedora/fda:hdl-handle-net-2451-14097> <http://purl.org/dc/terms/relation>
        "CeDER-05-01" .

        <info:fedora/fda:hdl-handle-net-2451-14097> <http://purl.org/dc/terms/subject>
        "imperfect competition" .

        <info:fedora/fda:hdl-handle-net-2451-14097> <http://harper.bobst.nyu.edu/data/nyucore#available>
        "http://hdl.handle.net/2451/14097" .

        <info:fedora/fda:hdl-handle-net-2451-14097> <http://purl.org/dc/terms/identifier>
        "http://hdl.handle.net/2451/14097" .

'
    headers:
      Accept:
      - ! '*/*; q=0.5, application/xml'
      Accept-Encoding:
      - gzip, deflate
      Content-Type:
      - text/plain
      Multipart:
      - 'true'
      Content-Length:
      - '1199'
      User-Agent:
      - Ruby
  response:
    status:
      code: 201
      message: Created
    headers:
      Set-Cookie:
      - JSESSIONID=1fz10faeufg0a6mapupexiyfz;Path=/fedora-test
      Expires:
      - Thu, 01 Jan 1970 00:00:00 GMT
      Content-Type:
      - text/xml
      Date:
      - Fri, 29 Aug 2014 03:26:48 GMT
      Location:
      - http://127.0.0.1:8983/fedora-test/objects/fda%3Ahdl-handle-net-2451-14097/datastreams/source_metadata
      Content-Length:
      - '937'
    body:
      encoding: US-ASCII
      string: <?xml version="1.0" encoding="UTF-8"?><datastreamProfile  xmlns="http://www.fedora.info/definitions/1/0/management/"  xmlns:xsd="http://www.w3.org/2001/XMLSchema"
        xmlns:xsi="http://www.w3.org/2001/XMLSchema-instance" xsi:schemaLocation="http://www.fedora.info/definitions/1/0/management/
        http://www.fedora.info/definitions/1/0/datastreamProfile.xsd" pid="fda:hdl-handle-net-2451-14097"
        dsID="source_metadata" ><dsLabel></dsLabel><dsVersionID>source_metadata.0</dsVersionID><dsCreateDate>2014-08-29T03:26:48.422Z</dsCreateDate><dsState>A</dsState><dsMIME>text/plain</dsMIME><dsFormatURI></dsFormatURI><dsControlGroup>M</dsControlGroup><dsSize>1199</dsSize><dsVersionable>true</dsVersionable><dsInfoType></dsInfoType><dsLocation>fda:hdl-handle-net-2451-14097+source_metadata+source_metadata.0</dsLocation><dsLocationType>INTERNAL_ID</dsLocationType><dsChecksumType>DISABLED</dsChecksumType><dsChecksum>none</dsChecksum></datastreamProfile>
    http_version: 
  recorded_at: Fri, 29 Aug 2014 03:26:48 GMT
- request:
    method: get
    uri: http://fedoraAdmin:fedoraAdmin@127.0.0.1:8983/fedora-test/objects/fda:hdl-handle-net-2451-14097/datastreams/RELS-EXT?format=xml
    body:
      encoding: US-ASCII
      string: ''
    headers:
      Accept:
      - ! '*/*; q=0.5, application/xml'
      Accept-Encoding:
      - gzip, deflate
      User-Agent:
      - Ruby
  response:
    status:
      code: 200
      message: OK
    headers:
      Set-Cookie:
      - JSESSIONID=9qgvswfbs22hp1mex8bh2enh;Path=/fedora-test
      Expires:
      - Thu, 01 Jan 1970 00:00:00 GMT
      Content-Type:
      - text/xml
      Date:
      - Fri, 29 Aug 2014 03:26:48 GMT
      Content-Length:
      - '951'
    body:
      encoding: US-ASCII
      string: <?xml version="1.0" encoding="UTF-8"?><datastreamProfile  xmlns="http://www.fedora.info/definitions/1/0/management/"  xmlns:xsd="http://www.w3.org/2001/XMLSchema"
        xmlns:xsi="http://www.w3.org/2001/XMLSchema-instance" xsi:schemaLocation="http://www.fedora.info/definitions/1/0/management/
        http://www.fedora.info/definitions/1/0/datastreamProfile.xsd" pid="fda:hdl-handle-net-2451-14097"
        dsID="RELS-EXT" ><dsLabel>Fedora Object-to-Object Relationship Metadata</dsLabel><dsVersionID>RELS-EXT.0</dsVersionID><dsCreateDate>2014-08-29T03:26:47.190Z</dsCreateDate><dsState>A</dsState><dsMIME>application/rdf+xml</dsMIME><dsFormatURI></dsFormatURI><dsControlGroup>X</dsControlGroup><dsSize>299</dsSize><dsVersionable>true</dsVersionable><dsInfoType></dsInfoType><dsLocation>fda:hdl-handle-net-2451-14097+RELS-EXT+RELS-EXT.0</dsLocation><dsLocationType></dsLocationType><dsChecksumType>DISABLED</dsChecksumType><dsChecksum>none</dsChecksum></datastreamProfile>
    http_version: 
  recorded_at: Fri, 29 Aug 2014 03:26:48 GMT
- request:
    method: get
    uri: http://fedoraAdmin:fedoraAdmin@127.0.0.1:8983/fedora-test/objects/fda:hdl-handle-net-2451-14097/datastreams/rightsMetadata?format=xml
    body:
      encoding: US-ASCII
      string: ''
    headers:
      Accept:
      - ! '*/*; q=0.5, application/xml'
      Accept-Encoding:
      - gzip, deflate
      User-Agent:
      - Ruby
  response:
    status:
      code: 200
      message: OK
    headers:
      Set-Cookie:
      - JSESSIONID=1qppd75sgujuq179mmr1ufdukg;Path=/fedora-test
      Expires:
      - Thu, 01 Jan 1970 00:00:00 GMT
      Content-Type:
      - text/xml
      Date:
      - Fri, 29 Aug 2014 03:26:48 GMT
      Content-Length:
      - '930'
    body:
      encoding: US-ASCII
      string: <?xml version="1.0" encoding="UTF-8"?><datastreamProfile  xmlns="http://www.fedora.info/definitions/1/0/management/"  xmlns:xsd="http://www.w3.org/2001/XMLSchema"
        xmlns:xsi="http://www.w3.org/2001/XMLSchema-instance" xsi:schemaLocation="http://www.fedora.info/definitions/1/0/management/
        http://www.fedora.info/definitions/1/0/datastreamProfile.xsd" pid="fda:hdl-handle-net-2451-14097"
        dsID="rightsMetadata" ><dsLabel></dsLabel><dsVersionID>rightsMetadata.0</dsVersionID><dsCreateDate>2014-08-29T03:26:47.296Z</dsCreateDate><dsState>A</dsState><dsMIME>text/xml</dsMIME><dsFormatURI></dsFormatURI><dsControlGroup>M</dsControlGroup><dsSize>556</dsSize><dsVersionable>true</dsVersionable><dsInfoType></dsInfoType><dsLocation>fda:hdl-handle-net-2451-14097+rightsMetadata+rightsMetadata.0</dsLocation><dsLocationType>INTERNAL_ID</dsLocationType><dsChecksumType>DISABLED</dsChecksumType><dsChecksum>none</dsChecksum></datastreamProfile>
    http_version: 
  recorded_at: Fri, 29 Aug 2014 03:26:48 GMT
- request:
    method: get
    uri: http://fedoraAdmin:fedoraAdmin@127.0.0.1:8983/fedora-test/objects/fda:hdl-handle-net-2451-14097/datastreams/source_metadata?format=xml
    body:
      encoding: US-ASCII
      string: ''
    headers:
      Accept:
      - ! '*/*; q=0.5, application/xml'
      Accept-Encoding:
      - gzip, deflate
      User-Agent:
      - Ruby
  response:
    status:
      code: 200
      message: OK
    headers:
      Set-Cookie:
      - JSESSIONID=6d0evt09acoz14yxvf3wced04;Path=/fedora-test
      Expires:
      - Thu, 01 Jan 1970 00:00:00 GMT
      Content-Type:
      - text/xml
      Date:
      - Fri, 29 Aug 2014 03:26:48 GMT
      Content-Length:
      - '937'
    body:
      encoding: US-ASCII
      string: <?xml version="1.0" encoding="UTF-8"?><datastreamProfile  xmlns="http://www.fedora.info/definitions/1/0/management/"  xmlns:xsd="http://www.w3.org/2001/XMLSchema"
        xmlns:xsi="http://www.w3.org/2001/XMLSchema-instance" xsi:schemaLocation="http://www.fedora.info/definitions/1/0/management/
        http://www.fedora.info/definitions/1/0/datastreamProfile.xsd" pid="fda:hdl-handle-net-2451-14097"
        dsID="source_metadata" ><dsLabel></dsLabel><dsVersionID>source_metadata.0</dsVersionID><dsCreateDate>2014-08-29T03:26:48.422Z</dsCreateDate><dsState>A</dsState><dsMIME>text/plain</dsMIME><dsFormatURI></dsFormatURI><dsControlGroup>M</dsControlGroup><dsSize>1199</dsSize><dsVersionable>true</dsVersionable><dsInfoType></dsInfoType><dsLocation>fda:hdl-handle-net-2451-14097+source_metadata+source_metadata.0</dsLocation><dsLocationType>INTERNAL_ID</dsLocationType><dsChecksumType>DISABLED</dsChecksumType><dsChecksum>none</dsChecksum></datastreamProfile>
    http_version: 
  recorded_at: Fri, 29 Aug 2014 03:26:48 GMT
- request:
    method: post
    uri: http://127.0.0.1:8983/solr/test/update?wt=ruby
    body:
      encoding: US-ASCII
      string: <?xml version="1.0" encoding="UTF-8"?><add><doc><field name="system_create_dtsi">2014-08-29T03:26:46Z</field><field
        name="system_modified_dtsi">2014-08-29T03:26:46Z</field><field name="object_state_ssi">A</field><field
        name="active_fedora_model_ssi">Nyucore</field><field name="id">fda:hdl-handle-net-2451-14097</field><field
        name="object_profile_ssm">{"datastreams":{"RELS-EXT":{"dsLabel":"Fedora Object-to-Object
        Relationship Metadata","dsVersionID":"RELS-EXT.0","dsCreateDate":"2014-08-29T03:26:47Z","dsState":"A","dsMIME":"application/rdf+xml","dsFormatURI":null,"dsControlGroup":"X","dsSize":299,"dsVersionable":true,"dsInfoType":null,"dsLocation":"fda:hdl-handle-net-2451-14097+RELS-EXT+RELS-EXT.0","dsLocationType":null,"dsChecksumType":"DISABLED","dsChecksum":"none"},"rightsMetadata":{"dsLabel":null,"dsVersionID":"rightsMetadata.0","dsCreateDate":"2014-08-29T03:26:47Z","dsState":"A","dsMIME":"text/xml","dsFormatURI":null,"dsControlGroup":"M","dsSize":556,"dsVersionable":true,"dsInfoType":null,"dsLocation":"fda:hdl-handle-net-2451-14097+rightsMetadata+rightsMetadata.0","dsLocationType":"INTERNAL_ID","dsChecksumType":"DISABLED","dsChecksum":"none"},"source_metadata":{"dsLabel":null,"dsVersionID":"source_metadata.0","dsCreateDate":"2014-08-29T03:26:48Z","dsState":"A","dsMIME":"text/plain","dsFormatURI":null,"dsControlGroup":"M","dsSize":1199,"dsVersionable":true,"dsInfoType":null,"dsLocation":"fda:hdl-handle-net-2451-14097+source_metadata+source_metadata.0","dsLocationType":"INTERNAL_ID","dsChecksumType":"DISABLED","dsChecksum":"none"},"native_metadata":{}},"objLabel":null,"objOwnerId":"fedoraAdmin","objModels":["info:fedora/fedora-system:FedoraObject-3.0"],"objCreateDate":"2014-08-29T03:26:46Z","objLastModDate":"2014-08-29T03:26:46Z","objDissIndexViewURL":"http://localhost:8983/fedora-test/objects/fda%3Ahdl-handle-net-2451-14097/methods/fedora-system%3A3/viewMethodIndex","objItemIndexViewURL":"http://localhost:8983/fedora-test/objects/fda%3Ahdl-handle-net-2451-14097/methods/fedora-system%3A3/viewItemIndex","objState":"A"}</field><field
        name="edit_access_group_ssim">admin_group</field><field name="edit_access_group_ssim">fda_cataloger</field><field
        name="desc_metadata__title_tesim">FDA Title</field><field name="desc_metadata__creator_tesim">Alter,
        Scampi</field><field name="desc_metadata__creator_sim">Alter, Scampi</field><field
        name="desc_metadata__type_tesim">Working Paper</field><field name="desc_metadata__type_sim">Working
        Paper</field><field name="desc_metadata__publisher_tesim">Stern</field><field
        name="desc_metadata__description_tesim">We model </field><field name="desc_metadata__date_tesim">2014</field><field
        name="desc_metadata__format_tesim">application/pdf</field><field name="desc_metadata__language_tesim">English</field><field
        name="desc_metadata__language_sim">English</field><field name="desc_metadata__relation_tesim">CeDER-05-01</field><field
        name="desc_metadata__subject_tesim">imperfect competition</field><field name="desc_metadata__subject_sim">imperfect
        competition</field><field name="desc_metadata__available_tesim">http://hdl.handle.net/2451/14097</field><field
        name="desc_metadata__identifier_tesim">http://hdl.handle.net/2451/14097</field><field
        name="has_model_ssim">info:fedora/afmodel:Nyucore</field></doc></add>
    headers:
      Content-Type:
      - text/xml
  response:
    status:
      code: 200
      message: OK
    headers:
      Content-Type:
      - text/plain;charset=UTF-8
      Transfer-Encoding:
      - chunked
    body:
      encoding: US-ASCII
      string: ! '{''responseHeader''=>{''status''=>0,''QTime''=>6}}

'
    http_version: 
  recorded_at: Fri, 29 Aug 2014 03:26:48 GMT
- request:
    method: post
    uri: http://127.0.0.1:8983/solr/test/update?wt=ruby
    body:
      encoding: US-ASCII
      string: <?xml version="1.0" encoding="UTF-8"?><commit/>
    headers:
      Content-Type:
      - text/xml
  response:
    status:
      code: 200
      message: OK
    headers:
      Content-Type:
      - text/plain;charset=UTF-8
      Transfer-Encoding:
      - chunked
    body:
      encoding: US-ASCII
      string: ! '{''responseHeader''=>{''status''=>0,''QTime''=>25}}

'
    http_version: 
  recorded_at: Fri, 29 Aug 2014 03:26:48 GMT
- request:
    method: get
    uri: http://127.0.0.1:8983/solr/test/select?fl=id&q=_query_:%22%7B!raw%20f=has_model_ssim%7Dinfo:fedora/afmodel:Nyucore%22%20AND%20id:%22fda%5C:hdl-handle-net-2451-27761%22&qt=standard&rows=1000&sort=system_create_dtsi%20asc&start=0&wt=ruby
    body:
      encoding: US-ASCII
      string: ''
    headers: {}
  response:
    status:
      code: 200
      message: OK
    headers:
      Last-Modified:
      - Fri, 29 Aug 2014 03:26:48 GMT
      Etag:
      - ! '"ODg0MDAwMDAwMDAwMDAwMFNvbHI="'
      Content-Type:
      - text/plain;charset=UTF-8
      Transfer-Encoding:
      - chunked
    body:
      encoding: US-ASCII
      string: ! '{''responseHeader''=>{''status''=>0,''QTime''=>1,''params''=>{''fl''=>''id'',''sort''=>''system_create_dtsi
        asc'',''start''=>''0'',''q''=>''_query_:"{!raw f=has_model_ssim}info:fedora/afmodel:Nyucore"
        AND id:"fda\\:hdl-handle-net-2451-27761"'',''qt''=>''standard'',''wt''=>''ruby'',''rows''=>''1000''}},''response''=>{''numFound''=>0,''start''=>0,''docs''=>[]}}

'
    http_version: 
  recorded_at: Fri, 29 Aug 2014 03:26:48 GMT
- request:
    method: get
    uri: http://fedoraAdmin:fedoraAdmin@127.0.0.1:8983/fedora-test/objects/fda:hdl-handle-net-2451-27761/datastreams?format=xml
    body:
      encoding: US-ASCII
      string: ''
    headers:
      Accept:
      - ! '*/*; q=0.5, application/xml'
      Accept-Encoding:
      - gzip, deflate
      User-Agent:
      - Ruby
  response:
    status:
      code: 404
      message: Not Found
    headers:
      Set-Cookie:
      - JSESSIONID=1ohtf3430mm5219xdan8ye1h5b;Path=/fedora-test
      Expires:
      - Thu, 01 Jan 1970 00:00:00 GMT
      Content-Type:
      - text/plain
      Date:
      - Fri, 29 Aug 2014 03:26:48 GMT
      Content-Length:
      - '68'
    body:
      encoding: US-ASCII
      string: ! 'Object not found in low-level storage: fda:hdl-handle-net-2451-27761'
    http_version: 
  recorded_at: Fri, 29 Aug 2014 03:26:48 GMT
- request:
    method: get
    uri: http://fedoraAdmin:fedoraAdmin@127.0.0.1:8983/fedora-test/objects/fda:hdl-handle-net-2451-27761?format=xml
    body:
      encoding: US-ASCII
      string: ''
    headers:
      Accept:
      - ! '*/*; q=0.5, application/xml'
      Accept-Encoding:
      - gzip, deflate
      User-Agent:
      - Ruby
  response:
    status:
      code: 404
      message: Not Found
    headers:
      Set-Cookie:
      - JSESSIONID=1sw62oqvl121f12mtj7hb33bdf;Path=/fedora-test
      Expires:
      - Thu, 01 Jan 1970 00:00:00 GMT
      Content-Type:
      - text/plain
      Date:
      - Fri, 29 Aug 2014 03:26:48 GMT
      Content-Length:
      - '68'
    body:
      encoding: US-ASCII
      string: ! 'Object not found in low-level storage: fda:hdl-handle-net-2451-27761'
    http_version: 
  recorded_at: Fri, 29 Aug 2014 03:26:48 GMT
- request:
    method: get
    uri: http://fedoraAdmin:fedoraAdmin@127.0.0.1:8983/fedora-test/objects/fda:hdl-handle-net-2451-27761/datastreams/RELS-EXT?format=xml
    body:
      encoding: US-ASCII
      string: ''
    headers:
      Accept:
      - ! '*/*; q=0.5, application/xml'
      Accept-Encoding:
      - gzip, deflate
      User-Agent:
      - Ruby
  response:
    status:
      code: 404
      message: Not Found
    headers:
      Set-Cookie:
      - JSESSIONID=1obm33z69wbdl13jv7t6g3ns53;Path=/fedora-test
      Expires:
      - Thu, 01 Jan 1970 00:00:00 GMT
      Content-Type:
      - text/plain
      Date:
      - Fri, 29 Aug 2014 03:26:48 GMT
      Content-Length:
      - '68'
    body:
      encoding: US-ASCII
      string: ! 'Object not found in low-level storage: fda:hdl-handle-net-2451-27761'
    http_version: 
  recorded_at: Fri, 29 Aug 2014 03:26:48 GMT
- request:
    method: get
    uri: http://fedoraAdmin:fedoraAdmin@127.0.0.1:8983/fedora-test/objects/fda:hdl-handle-net-2451-27761/datastreams/rightsMetadata?format=xml
    body:
      encoding: US-ASCII
      string: ''
    headers:
      Accept:
      - ! '*/*; q=0.5, application/xml'
      Accept-Encoding:
      - gzip, deflate
      User-Agent:
      - Ruby
  response:
    status:
      code: 404
      message: Not Found
    headers:
      Set-Cookie:
      - JSESSIONID=bogp0cc2beykvsbqjx4apvl6;Path=/fedora-test
      Expires:
      - Thu, 01 Jan 1970 00:00:00 GMT
      Content-Type:
      - text/plain
      Date:
      - Fri, 29 Aug 2014 03:26:48 GMT
      Content-Length:
      - '68'
    body:
      encoding: US-ASCII
      string: ! 'Object not found in low-level storage: fda:hdl-handle-net-2451-27761'
    http_version: 
  recorded_at: Fri, 29 Aug 2014 03:26:48 GMT
- request:
    method: get
    uri: http://fedoraAdmin:fedoraAdmin@127.0.0.1:8983/fedora-test/objects/fda:hdl-handle-net-2451-27761/datastreams/source_metadata?format=xml
    body:
      encoding: US-ASCII
      string: ''
    headers:
      Accept:
      - ! '*/*; q=0.5, application/xml'
      Accept-Encoding:
      - gzip, deflate
      User-Agent:
      - Ruby
  response:
    status:
      code: 404
      message: Not Found
    headers:
      Set-Cookie:
      - JSESSIONID=dvpgq8ft17sg7nivfw57ap27;Path=/fedora-test
      Expires:
      - Thu, 01 Jan 1970 00:00:00 GMT
      Content-Type:
      - text/plain
      Date:
      - Fri, 29 Aug 2014 03:26:48 GMT
      Content-Length:
      - '68'
    body:
      encoding: US-ASCII
      string: ! 'Object not found in low-level storage: fda:hdl-handle-net-2451-27761'
    http_version: 
  recorded_at: Fri, 29 Aug 2014 03:26:48 GMT
- request:
    method: get
    uri: http://fedoraAdmin:fedoraAdmin@127.0.0.1:8983/fedora-test/objects/fda:hdl-handle-net-2451-27761/datastreams/native_metadata?format=xml
    body:
      encoding: US-ASCII
      string: ''
    headers:
      Accept:
      - ! '*/*; q=0.5, application/xml'
      Accept-Encoding:
      - gzip, deflate
      User-Agent:
      - Ruby
  response:
    status:
      code: 404
      message: Not Found
    headers:
      Set-Cookie:
      - JSESSIONID=1lc5e1d3uq18odia7u86raew9;Path=/fedora-test
      Expires:
      - Thu, 01 Jan 1970 00:00:00 GMT
      Content-Type:
      - text/plain
      Date:
      - Fri, 29 Aug 2014 03:26:48 GMT
      Content-Length:
      - '68'
    body:
      encoding: US-ASCII
      string: ! 'Object not found in low-level storage: fda:hdl-handle-net-2451-27761'
    http_version: 
  recorded_at: Fri, 29 Aug 2014 03:26:48 GMT
- request:
    method: post
    uri: http://fedoraAdmin:fedoraAdmin@127.0.0.1:8983/fedora-test/objects/fda:hdl-handle-net-2451-27761
    body:
      encoding: US-ASCII
      string: ''
    headers:
      Accept:
      - ! '*/*; q=0.5, application/xml'
      Accept-Encoding:
      - gzip, deflate
      Content-Type:
      - text/xml
      User-Agent:
      - Ruby
  response:
    status:
      code: 201
      message: Created
    headers:
      Set-Cookie:
      - JSESSIONID=14klv2asg6xjwjonsd7u6u9jc;Path=/fedora-test
      Expires:
      - Thu, 01 Jan 1970 00:00:00 GMT
      Content-Type:
      - application/xml
      Date:
      - Fri, 29 Aug 2014 03:26:48 GMT
      Location:
      - http://127.0.0.1:8983/fedora-test/objects/fda%3Ahdl-handle-net-2451-27761
      Content-Length:
      - '29'
    body:
      encoding: US-ASCII
      string: fda:hdl-handle-net-2451-27761
    http_version: 
  recorded_at: Fri, 29 Aug 2014 03:26:48 GMT
- request:
    method: get
    uri: http://fedoraAdmin:fedoraAdmin@127.0.0.1:8983/fedora-test/objects/fda:hdl-handle-net-2451-27761?format=xml
    body:
      encoding: US-ASCII
      string: ''
    headers:
      Accept:
      - ! '*/*; q=0.5, application/xml'
      Accept-Encoding:
      - gzip, deflate
      User-Agent:
      - Ruby
  response:
    status:
      code: 200
      message: OK
    headers:
      Set-Cookie:
      - JSESSIONID=7ydpz3nt3b9715kg97fqdz3mt;Path=/fedora-test
      Expires:
      - Thu, 01 Jan 1970 00:00:00 GMT
      Content-Type:
      - text/xml
      Date:
      - Fri, 29 Aug 2014 03:26:48 GMT
      Content-Length:
      - '972'
    body:
      encoding: US-ASCII
      string: <?xml version="1.0" encoding="UTF-8"?><objectProfile  xmlns="http://www.fedora.info/definitions/1/0/access/"  xmlns:xsd="http://www.w3.org/2001/XMLSchema"
        xmlns:xsi="http://www.w3.org/2001/XMLSchema-instance" xsi:schemaLocation="http://www.fedora.info/definitions/1/0/access/
        http://www.fedora.info/definitions/1/0/objectProfile.xsd" pid="fda:hdl-handle-net-2451-27761"
        ><objLabel></objLabel><objOwnerId>fedoraAdmin</objOwnerId><objModels><model>info:fedora/fedora-system:FedoraObject-3.0</model></objModels><objCreateDate>2014-08-29T03:26:48.859Z</objCreateDate><objLastModDate>2014-08-29T03:26:48.859Z</objLastModDate><objDissIndexViewURL>http://localhost:8983/fedora-test/objects/fda%3Ahdl-handle-net-2451-27761/methods/fedora-system%3A3/viewMethodIndex</objDissIndexViewURL><objItemIndexViewURL>http://localhost:8983/fedora-test/objects/fda%3Ahdl-handle-net-2451-27761/methods/fedora-system%3A3/viewItemIndex</objItemIndexViewURL><objState>A</objState></objectProfile>
    http_version: 
  recorded_at: Fri, 29 Aug 2014 03:26:48 GMT
- request:
    method: post
    uri: http://fedoraAdmin:fedoraAdmin@127.0.0.1:8983/fedora-test/objects/fda:hdl-handle-net-2451-27761/datastreams/RELS-EXT?controlGroup=X&dsLabel=Fedora%20Object-to-Object%20Relationship%20Metadata&dsState=A&mimeType=application/rdf%2Bxml&versionable=true
    body:
      encoding: UTF-8
      string: ! "<?xml version=\"1.0\" encoding=\"UTF-8\"?>\n<rdf:RDF xmlns:rdf=\"http://www.w3.org/1999/02/22-rdf-syntax-ns#\"
        xmlns:ns0=\"info:fedora/fedora-system:def/model#\">\n  <rdf:Description rdf:about=\"info:fedora/fda:hdl-handle-net-2451-27761\">\n
        \   <ns0:hasModel rdf:resource=\"info:fedora/afmodel:Nyucore\"/>\n  </rdf:Description>\n</rdf:RDF>\n"
    headers:
      Accept:
      - ! '*/*; q=0.5, application/xml'
      Accept-Encoding:
      - gzip, deflate
      Content-Type:
      - application/rdf+xml
      Multipart:
      - 'true'
      Content-Length:
      - '323'
      User-Agent:
      - Ruby
  response:
    status:
      code: 201
      message: Created
    headers:
      Set-Cookie:
      - JSESSIONID=xkumpkhku1q0q2ignb1ci7ah;Path=/fedora-test
      Expires:
      - Thu, 01 Jan 1970 00:00:00 GMT
      Content-Type:
      - text/xml
      Date:
      - Fri, 29 Aug 2014 03:26:49 GMT
      Location:
      - http://127.0.0.1:8983/fedora-test/objects/fda%3Ahdl-handle-net-2451-27761/datastreams/RELS-EXT
      Content-Length:
      - '951'
    body:
      encoding: US-ASCII
      string: <?xml version="1.0" encoding="UTF-8"?><datastreamProfile  xmlns="http://www.fedora.info/definitions/1/0/management/"  xmlns:xsd="http://www.w3.org/2001/XMLSchema"
        xmlns:xsi="http://www.w3.org/2001/XMLSchema-instance" xsi:schemaLocation="http://www.fedora.info/definitions/1/0/management/
        http://www.fedora.info/definitions/1/0/datastreamProfile.xsd" pid="fda:hdl-handle-net-2451-27761"
        dsID="RELS-EXT" ><dsLabel>Fedora Object-to-Object Relationship Metadata</dsLabel><dsVersionID>RELS-EXT.0</dsVersionID><dsCreateDate>2014-08-29T03:26:49.345Z</dsCreateDate><dsState>A</dsState><dsMIME>application/rdf+xml</dsMIME><dsFormatURI></dsFormatURI><dsControlGroup>X</dsControlGroup><dsSize>299</dsSize><dsVersionable>true</dsVersionable><dsInfoType></dsInfoType><dsLocation>fda:hdl-handle-net-2451-27761+RELS-EXT+RELS-EXT.0</dsLocation><dsLocationType></dsLocationType><dsChecksumType>DISABLED</dsChecksumType><dsChecksum>none</dsChecksum></datastreamProfile>
    http_version: 
  recorded_at: Fri, 29 Aug 2014 03:26:49 GMT
- request:
    method: post
    uri: http://fedoraAdmin:fedoraAdmin@127.0.0.1:8983/fedora-test/objects/fda:hdl-handle-net-2451-27761/datastreams/rightsMetadata?controlGroup=M&dsState=A&mimeType=text/xml&versionable=true
    body:
      encoding: US-ASCII
      string: ! "<rightsMetadata xmlns=\"http://hydra-collab.stanford.edu/schemas/rightsMetadata/v1\"
        version=\"0.1\">\n  <copyright>\n    <human type=\"title\"/>\n    <human type=\"description\"/>\n
        \   <machine type=\"uri\"/>\n  </copyright>\n  <access type=\"discover\">\n
        \   <human/>\n    <machine/>\n  </access>\n  <access type=\"read\">\n    <human/>\n
        \   <machine/>\n  </access>\n  <access type=\"edit\">\n    <human/>\n    <machine>\n
        \     <group>admin_group</group>\n      <group>fda_cataloger</group>\n    </machine>\n
        \ </access>\n  <embargo>\n    <human/>\n    <machine/>\n  </embargo>\n</rightsMetadata>"
    headers:
      Accept:
      - ! '*/*; q=0.5, application/xml'
      Accept-Encoding:
      - gzip, deflate
      Content-Type:
      - text/xml
      Multipart:
      - 'true'
      Content-Length:
      - '556'
      User-Agent:
      - Ruby
  response:
    status:
      code: 201
      message: Created
    headers:
      Set-Cookie:
      - JSESSIONID=5dgk9e78jm1q12d1b5sdxgz8m;Path=/fedora-test
      Expires:
      - Thu, 01 Jan 1970 00:00:00 GMT
      Content-Type:
      - text/xml
      Date:
      - Fri, 29 Aug 2014 03:26:49 GMT
      Location:
      - http://127.0.0.1:8983/fedora-test/objects/fda%3Ahdl-handle-net-2451-27761/datastreams/rightsMetadata
      Content-Length:
      - '930'
    body:
      encoding: US-ASCII
      string: <?xml version="1.0" encoding="UTF-8"?><datastreamProfile  xmlns="http://www.fedora.info/definitions/1/0/management/"  xmlns:xsd="http://www.w3.org/2001/XMLSchema"
        xmlns:xsi="http://www.w3.org/2001/XMLSchema-instance" xsi:schemaLocation="http://www.fedora.info/definitions/1/0/management/
        http://www.fedora.info/definitions/1/0/datastreamProfile.xsd" pid="fda:hdl-handle-net-2451-27761"
        dsID="rightsMetadata" ><dsLabel></dsLabel><dsVersionID>rightsMetadata.0</dsVersionID><dsCreateDate>2014-08-29T03:26:49.527Z</dsCreateDate><dsState>A</dsState><dsMIME>text/xml</dsMIME><dsFormatURI></dsFormatURI><dsControlGroup>M</dsControlGroup><dsSize>556</dsSize><dsVersionable>true</dsVersionable><dsInfoType></dsInfoType><dsLocation>fda:hdl-handle-net-2451-27761+rightsMetadata+rightsMetadata.0</dsLocation><dsLocationType>INTERNAL_ID</dsLocationType><dsChecksumType>DISABLED</dsChecksumType><dsChecksum>none</dsChecksum></datastreamProfile>
    http_version: 
  recorded_at: Fri, 29 Aug 2014 03:26:49 GMT
- request:
    method: post
    uri: http://fedoraAdmin:fedoraAdmin@127.0.0.1:8983/fedora-test/objects/fda:hdl-handle-net-2451-27761/datastreams/source_metadata?controlGroup=M&dsState=A&mimeType=text/plain&versionable=true
    body:
      encoding: UTF-8
      string: ! '<info:fedora/fda:hdl-handle-net-2451-27761> <http://purl.org/dc/terms/title>
        "IT Assets, Organizational Capabilities, and Firm Performance: How Resource
        Allocations and Organizational Differences Explain Performance Variation"
        .

        <info:fedora/fda:hdl-handle-net-2451-27761> <http://purl.org/dc/terms/creator>
        "Aral, Sinan" .

        <info:fedora/fda:hdl-handle-net-2451-27761> <http://purl.org/dc/terms/creator>
        "Weill, Peter" .

        <info:fedora/fda:hdl-handle-net-2451-27761> <http://purl.org/dc/terms/type>
        "Article" .

        <info:fedora/fda:hdl-handle-net-2451-27761> <http://purl.org/dc/terms/publisher>
        "Organization Science" .

        <info:fedora/fda:hdl-handle-net-2451-27761> <http://purl.org/dc/terms/description>
        "\n          Despite evidence of a positive relationship between information
        technology (IT) investments and firm performance,\n          results still
        vary across firms and performance measures. We explore two organizational
        explanations for this variation:\n          differences in firms’ IT investment
        allocations and their IT capabilities. We develop a theoretical model of IT
        resources,\n          defined as the combination of specific IT assets and
        organizational IT capabilities. We argue that investments into different\n          IT
        assets are guided by firms’ strategies (e.g., cost leadership or innovation)
        and deliver value along performance dimensions\n          consistent with
        their strategic purpose. We hypothesize that firms derive additional value
        per IT dollar through a mutually\n          reinforcing system of organizational
        IT capabilities built on complementary practices and competencies. Empirically,
        we\n          test the impact of IT assets, IT capabilities, and their combination
        on four dimensions of firm performance: market\n          valuation, profitability,
        cost, and innovation. Our results—based on data on IT investment allocations
        and IT capabilities\n          in 147 U.S. firms from 1999 to 2002—demonstrate
        that IT investment allocations and organizational IT capabilities drive\n          differences
        in firm performance. Firms’ total IT investment is not associated with performance,
        but investments in specific\n          IT assets explain performance differences
        along dimensions consistent with their strategic purpose. In addition, a system\n          of
        organizational IT capabilities strengthens the performance effects of IT assets
        and broadens their impact beyond their\n          intended purpose. The results
        help explain variance in returns to IT capital across firms and expand our
        understanding of\n          alignment between IT and organizations. We illustrate
        our findings with examples from a case study of 7-Eleven Japan\n        "
        .

        <info:fedora/fda:hdl-handle-net-2451-27761> <http://purl.org/dc/terms/description>
        "NYU, Stern School of Business, IOMS department, Center for Digital Economy
        Research" .

        <info:fedora/fda:hdl-handle-net-2451-27761> <http://purl.org/dc/terms/date>
        "2008-11-10T21:37:47Z" .

        <info:fedora/fda:hdl-handle-net-2451-27761> <http://purl.org/dc/terms/date>
        "2007-09" .

        <info:fedora/fda:hdl-handle-net-2451-27761> <http://purl.org/dc/terms/format>
        "187093 bytes" .

        <info:fedora/fda:hdl-handle-net-2451-27761> <http://purl.org/dc/terms/format>
        "application/pdf" .

        <info:fedora/fda:hdl-handle-net-2451-27761> <http://purl.org/dc/terms/language>
        "en_US" .

        <info:fedora/fda:hdl-handle-net-2451-27761> <http://purl.org/dc/terms/relation>
        "CeDER-PP-2007-12" .

        <info:fedora/fda:hdl-handle-net-2451-27761> <http://purl.org/dc/terms/relation>
        "http://archive.nyu.edu/bitstream/2451/27761/2/CPP-12-07.pdf" .

        <info:fedora/fda:hdl-handle-net-2451-27761> <http://purl.org/dc/terms/relation>
        "http://archive.nyu.edu/bitstream/2451/27761/3/CPP-12-07.pdf.txt" .

        <info:fedora/fda:hdl-handle-net-2451-27761> <http://purl.org/dc/terms/subject>
        "Business value of information technology" .

        <info:fedora/fda:hdl-handle-net-2451-27761> <http://purl.org/dc/terms/subject>
        "information technology assets" .

        <info:fedora/fda:hdl-handle-net-2451-27761> <http://purl.org/dc/terms/subject>
        "resource-based theory" .

        <info:fedora/fda:hdl-handle-net-2451-27761> <http://purl.org/dc/terms/subject>
        "complementarities" .

        <info:fedora/fda:hdl-handle-net-2451-27761> <http://purl.org/dc/terms/subject>
        "IT infrastructure" .

        <info:fedora/fda:hdl-handle-net-2451-27761> <http://purl.org/dc/terms/subject>
        "IT capabilities" .

        <info:fedora/fda:hdl-handle-net-2451-27761> <http://purl.org/dc/terms/subject>
        "IT practices" .

        <info:fedora/fda:hdl-handle-net-2451-27761> <http://purl.org/dc/terms/subject>
        "firm performance" .

        <info:fedora/fda:hdl-handle-net-2451-27761> <http://harper.bobst.nyu.edu/data/nyucore#citation>
        "Vol. 18, No. 5, September-October 2007, pp. 763-780" .

        <info:fedora/fda:hdl-handle-net-2451-27761> <http://harper.bobst.nyu.edu/data/nyucore#available>
        "http://hdl.handle.net/2451/27761" .

        <info:fedora/fda:hdl-handle-net-2451-27761> <http://purl.org/dc/terms/identifier>
        "http://hdl.handle.net/2451/27761" .

'
    headers:
      Accept:
      - ! '*/*; q=0.5, application/xml'
      Accept-Encoding:
      - gzip, deflate
      Content-Type:
      - text/plain
      Multipart:
      - 'true'
      Content-Length:
      - '4988'
      User-Agent:
      - Ruby
  response:
    status:
      code: 201
      message: Created
    headers:
      Set-Cookie:
      - JSESSIONID=1uoolznf63f9y163v9rq0v5ldx;Path=/fedora-test
      Expires:
      - Thu, 01 Jan 1970 00:00:00 GMT
      Content-Type:
      - text/xml
      Date:
      - Fri, 29 Aug 2014 03:26:52 GMT
      Location:
      - http://127.0.0.1:8983/fedora-test/objects/fda%3Ahdl-handle-net-2451-27761/datastreams/source_metadata
      Content-Length:
      - '937'
    body:
      encoding: US-ASCII
      string: <?xml version="1.0" encoding="UTF-8"?><datastreamProfile  xmlns="http://www.fedora.info/definitions/1/0/management/"  xmlns:xsd="http://www.w3.org/2001/XMLSchema"
        xmlns:xsi="http://www.w3.org/2001/XMLSchema-instance" xsi:schemaLocation="http://www.fedora.info/definitions/1/0/management/
        http://www.fedora.info/definitions/1/0/datastreamProfile.xsd" pid="fda:hdl-handle-net-2451-27761"
        dsID="source_metadata" ><dsLabel></dsLabel><dsVersionID>source_metadata.0</dsVersionID><dsCreateDate>2014-08-29T03:26:52.147Z</dsCreateDate><dsState>A</dsState><dsMIME>text/plain</dsMIME><dsFormatURI></dsFormatURI><dsControlGroup>M</dsControlGroup><dsSize>4988</dsSize><dsVersionable>true</dsVersionable><dsInfoType></dsInfoType><dsLocation>fda:hdl-handle-net-2451-27761+source_metadata+source_metadata.0</dsLocation><dsLocationType>INTERNAL_ID</dsLocationType><dsChecksumType>DISABLED</dsChecksumType><dsChecksum>none</dsChecksum></datastreamProfile>
    http_version: 
  recorded_at: Fri, 29 Aug 2014 03:26:52 GMT
- request:
    method: get
    uri: http://fedoraAdmin:fedoraAdmin@127.0.0.1:8983/fedora-test/objects/fda:hdl-handle-net-2451-27761/datastreams/RELS-EXT?format=xml
    body:
      encoding: US-ASCII
      string: ''
    headers:
      Accept:
      - ! '*/*; q=0.5, application/xml'
      Accept-Encoding:
      - gzip, deflate
      User-Agent:
      - Ruby
  response:
    status:
      code: 200
      message: OK
    headers:
      Set-Cookie:
      - JSESSIONID=1sx9ygoiln4f7bo7x37sqglcq;Path=/fedora-test
      Expires:
      - Thu, 01 Jan 1970 00:00:00 GMT
      Content-Type:
      - text/xml
      Date:
      - Fri, 29 Aug 2014 03:26:52 GMT
      Content-Length:
      - '951'
    body:
      encoding: US-ASCII
      string: <?xml version="1.0" encoding="UTF-8"?><datastreamProfile  xmlns="http://www.fedora.info/definitions/1/0/management/"  xmlns:xsd="http://www.w3.org/2001/XMLSchema"
        xmlns:xsi="http://www.w3.org/2001/XMLSchema-instance" xsi:schemaLocation="http://www.fedora.info/definitions/1/0/management/
        http://www.fedora.info/definitions/1/0/datastreamProfile.xsd" pid="fda:hdl-handle-net-2451-27761"
        dsID="RELS-EXT" ><dsLabel>Fedora Object-to-Object Relationship Metadata</dsLabel><dsVersionID>RELS-EXT.0</dsVersionID><dsCreateDate>2014-08-29T03:26:49.345Z</dsCreateDate><dsState>A</dsState><dsMIME>application/rdf+xml</dsMIME><dsFormatURI></dsFormatURI><dsControlGroup>X</dsControlGroup><dsSize>299</dsSize><dsVersionable>true</dsVersionable><dsInfoType></dsInfoType><dsLocation>fda:hdl-handle-net-2451-27761+RELS-EXT+RELS-EXT.0</dsLocation><dsLocationType></dsLocationType><dsChecksumType>DISABLED</dsChecksumType><dsChecksum>none</dsChecksum></datastreamProfile>
    http_version: 
  recorded_at: Fri, 29 Aug 2014 03:26:52 GMT
- request:
    method: get
    uri: http://fedoraAdmin:fedoraAdmin@127.0.0.1:8983/fedora-test/objects/fda:hdl-handle-net-2451-27761/datastreams/rightsMetadata?format=xml
    body:
      encoding: US-ASCII
      string: ''
    headers:
      Accept:
      - ! '*/*; q=0.5, application/xml'
      Accept-Encoding:
      - gzip, deflate
      User-Agent:
      - Ruby
  response:
    status:
      code: 200
      message: OK
    headers:
      Set-Cookie:
      - JSESSIONID=p5107q2pou4g8k6qi774ff1r;Path=/fedora-test
      Expires:
      - Thu, 01 Jan 1970 00:00:00 GMT
      Content-Type:
      - text/xml
      Date:
      - Fri, 29 Aug 2014 03:26:52 GMT
      Content-Length:
      - '930'
    body:
      encoding: US-ASCII
      string: <?xml version="1.0" encoding="UTF-8"?><datastreamProfile  xmlns="http://www.fedora.info/definitions/1/0/management/"  xmlns:xsd="http://www.w3.org/2001/XMLSchema"
        xmlns:xsi="http://www.w3.org/2001/XMLSchema-instance" xsi:schemaLocation="http://www.fedora.info/definitions/1/0/management/
        http://www.fedora.info/definitions/1/0/datastreamProfile.xsd" pid="fda:hdl-handle-net-2451-27761"
        dsID="rightsMetadata" ><dsLabel></dsLabel><dsVersionID>rightsMetadata.0</dsVersionID><dsCreateDate>2014-08-29T03:26:49.527Z</dsCreateDate><dsState>A</dsState><dsMIME>text/xml</dsMIME><dsFormatURI></dsFormatURI><dsControlGroup>M</dsControlGroup><dsSize>556</dsSize><dsVersionable>true</dsVersionable><dsInfoType></dsInfoType><dsLocation>fda:hdl-handle-net-2451-27761+rightsMetadata+rightsMetadata.0</dsLocation><dsLocationType>INTERNAL_ID</dsLocationType><dsChecksumType>DISABLED</dsChecksumType><dsChecksum>none</dsChecksum></datastreamProfile>
    http_version: 
  recorded_at: Fri, 29 Aug 2014 03:26:52 GMT
- request:
    method: get
    uri: http://fedoraAdmin:fedoraAdmin@127.0.0.1:8983/fedora-test/objects/fda:hdl-handle-net-2451-27761/datastreams/source_metadata?format=xml
    body:
      encoding: US-ASCII
      string: ''
    headers:
      Accept:
      - ! '*/*; q=0.5, application/xml'
      Accept-Encoding:
      - gzip, deflate
      User-Agent:
      - Ruby
  response:
    status:
      code: 200
      message: OK
    headers:
      Set-Cookie:
      - JSESSIONID=tvzzgqnfx52ft8dn35ongfpx;Path=/fedora-test
      Expires:
      - Thu, 01 Jan 1970 00:00:00 GMT
      Content-Type:
      - text/xml
      Date:
      - Fri, 29 Aug 2014 03:26:52 GMT
      Content-Length:
      - '937'
    body:
      encoding: US-ASCII
      string: <?xml version="1.0" encoding="UTF-8"?><datastreamProfile  xmlns="http://www.fedora.info/definitions/1/0/management/"  xmlns:xsd="http://www.w3.org/2001/XMLSchema"
        xmlns:xsi="http://www.w3.org/2001/XMLSchema-instance" xsi:schemaLocation="http://www.fedora.info/definitions/1/0/management/
        http://www.fedora.info/definitions/1/0/datastreamProfile.xsd" pid="fda:hdl-handle-net-2451-27761"
        dsID="source_metadata" ><dsLabel></dsLabel><dsVersionID>source_metadata.0</dsVersionID><dsCreateDate>2014-08-29T03:26:52.147Z</dsCreateDate><dsState>A</dsState><dsMIME>text/plain</dsMIME><dsFormatURI></dsFormatURI><dsControlGroup>M</dsControlGroup><dsSize>4988</dsSize><dsVersionable>true</dsVersionable><dsInfoType></dsInfoType><dsLocation>fda:hdl-handle-net-2451-27761+source_metadata+source_metadata.0</dsLocation><dsLocationType>INTERNAL_ID</dsLocationType><dsChecksumType>DISABLED</dsChecksumType><dsChecksum>none</dsChecksum></datastreamProfile>
    http_version: 
  recorded_at: Fri, 29 Aug 2014 03:26:52 GMT
- request:
    method: post
    uri: http://127.0.0.1:8983/solr/test/update?wt=ruby
    body:
      encoding: UTF-8
      string: ! "<?xml version=\"1.0\" encoding=\"UTF-8\"?><add><doc><field name=\"system_create_dtsi\">2014-08-29T03:26:48Z</field><field
        name=\"system_modified_dtsi\">2014-08-29T03:26:48Z</field><field name=\"object_state_ssi\">A</field><field
        name=\"active_fedora_model_ssi\">Nyucore</field><field name=\"id\">fda:hdl-handle-net-2451-27761</field><field
        name=\"object_profile_ssm\">{\"datastreams\":{\"RELS-EXT\":{\"dsLabel\":\"Fedora
        Object-to-Object Relationship Metadata\",\"dsVersionID\":\"RELS-EXT.0\",\"dsCreateDate\":\"2014-08-29T03:26:49Z\",\"dsState\":\"A\",\"dsMIME\":\"application/rdf+xml\",\"dsFormatURI\":null,\"dsControlGroup\":\"X\",\"dsSize\":299,\"dsVersionable\":true,\"dsInfoType\":null,\"dsLocation\":\"fda:hdl-handle-net-2451-27761+RELS-EXT+RELS-EXT.0\",\"dsLocationType\":null,\"dsChecksumType\":\"DISABLED\",\"dsChecksum\":\"none\"},\"rightsMetadata\":{\"dsLabel\":null,\"dsVersionID\":\"rightsMetadata.0\",\"dsCreateDate\":\"2014-08-29T03:26:49Z\",\"dsState\":\"A\",\"dsMIME\":\"text/xml\",\"dsFormatURI\":null,\"dsControlGroup\":\"M\",\"dsSize\":556,\"dsVersionable\":true,\"dsInfoType\":null,\"dsLocation\":\"fda:hdl-handle-net-2451-27761+rightsMetadata+rightsMetadata.0\",\"dsLocationType\":\"INTERNAL_ID\",\"dsChecksumType\":\"DISABLED\",\"dsChecksum\":\"none\"},\"source_metadata\":{\"dsLabel\":null,\"dsVersionID\":\"source_metadata.0\",\"dsCreateDate\":\"2014-08-29T03:26:52Z\",\"dsState\":\"A\",\"dsMIME\":\"text/plain\",\"dsFormatURI\":null,\"dsControlGroup\":\"M\",\"dsSize\":4988,\"dsVersionable\":true,\"dsInfoType\":null,\"dsLocation\":\"fda:hdl-handle-net-2451-27761+source_metadata+source_metadata.0\",\"dsLocationType\":\"INTERNAL_ID\",\"dsChecksumType\":\"DISABLED\",\"dsChecksum\":\"none\"},\"native_metadata\":{}},\"objLabel\":null,\"objOwnerId\":\"fedoraAdmin\",\"objModels\":[\"info:fedora/fedora-system:FedoraObject-3.0\"],\"objCreateDate\":\"2014-08-29T03:26:48Z\",\"objLastModDate\":\"2014-08-29T03:26:48Z\",\"objDissIndexViewURL\":\"http://localhost:8983/fedora-test/objects/fda%3Ahdl-handle-net-2451-27761/methods/fedora-system%3A3/viewMethodIndex\",\"objItemIndexViewURL\":\"http://localhost:8983/fedora-test/objects/fda%3Ahdl-handle-net-2451-27761/methods/fedora-system%3A3/viewItemIndex\",\"objState\":\"A\"}</field><field
        name=\"edit_access_group_ssim\">admin_group</field><field name=\"edit_access_group_ssim\">fda_cataloger</field><field
        name=\"desc_metadata__title_tesim\">IT Assets, Organizational Capabilities,
        and Firm Performance: How Resource Allocations and Organizational Differences
        Explain Performance Variation</field><field name=\"desc_metadata__creator_tesim\">Aral,
        Sinan</field><field name=\"desc_metadata__creator_tesim\">Weill, Peter</field><field
        name=\"desc_metadata__creator_sim\">Aral, Sinan</field><field name=\"desc_metadata__creator_sim\">Weill,
        Peter</field><field name=\"desc_metadata__type_tesim\">Article</field><field
        name=\"desc_metadata__type_sim\">Article</field><field name=\"desc_metadata__publisher_tesim\">Organization
        Science</field><field name=\"desc_metadata__description_tesim\">\n          Despite
        evidence of a positive relationship between information technology (IT) investments
        and firm performance,\n          results still vary across firms and performance
        measures. We explore two organizational explanations for this variation:\n
        \         differences in firms’ IT investment allocations and their IT capabilities.
        We develop a theoretical model of IT resources,\n          defined as the
        combination of specific IT assets and organizational IT capabilities. We argue
        that investments into different\n          IT assets are guided by firms’
        strategies (e.g., cost leadership or innovation) and deliver value along performance
        dimensions\n          consistent with their strategic purpose. We hypothesize
        that firms derive additional value per IT dollar through a mutually\n          reinforcing
        system of organizational IT capabilities built on complementary practices
        and competencies. Empirically, we\n          test the impact of IT assets,
        IT capabilities, and their combination on four dimensions of firm performance:
        market\n          valuation, profitability, cost, and innovation. Our results—based
        on data on IT investment allocations and IT capabilities\n          in 147
        U.S. firms from 1999 to 2002—demonstrate that IT investment allocations and
        organizational IT capabilities drive\n          differences in firm performance.
        Firms’ total IT investment is not associated with performance, but investments
        in specific\n          IT assets explain performance differences along dimensions
        consistent with their strategic purpose. In addition, a system\n          of
        organizational IT capabilities strengthens the performance effects of IT assets
        and broadens their impact beyond their\n          intended purpose. The results
        help explain variance in returns to IT capital across firms and expand our
        understanding of\n          alignment between IT and organizations. We illustrate
        our findings with examples from a case study of 7-Eleven Japan\n        </field><field
        name=\"desc_metadata__description_tesim\">NYU, Stern School of Business, IOMS
        department, Center for Digital Economy Research</field><field name=\"desc_metadata__date_tesim\">2008-11-10T21:37:47Z</field><field
        name=\"desc_metadata__date_tesim\">2007-09</field><field name=\"desc_metadata__format_tesim\">187093
        bytes</field><field name=\"desc_metadata__format_tesim\">application/pdf</field><field
        name=\"desc_metadata__language_tesim\">en_US</field><field name=\"desc_metadata__language_sim\">en_US</field><field
        name=\"desc_metadata__relation_tesim\">CeDER-PP-2007-12</field><field name=\"desc_metadata__relation_tesim\">http://archive.nyu.edu/bitstream/2451/27761/2/CPP-12-07.pdf</field><field
        name=\"desc_metadata__relation_tesim\">http://archive.nyu.edu/bitstream/2451/27761/3/CPP-12-07.pdf.txt</field><field
        name=\"desc_metadata__subject_tesim\">Business value of information technology</field><field
        name=\"desc_metadata__subject_tesim\">information technology assets</field><field
        name=\"desc_metadata__subject_tesim\">resource-based theory</field><field
        name=\"desc_metadata__subject_tesim\">complementarities</field><field name=\"desc_metadata__subject_tesim\">IT
        infrastructure</field><field name=\"desc_metadata__subject_tesim\">IT capabilities</field><field
        name=\"desc_metadata__subject_tesim\">IT practices</field><field name=\"desc_metadata__subject_tesim\">firm
        performance</field><field name=\"desc_metadata__subject_sim\">Business value
        of information technology</field><field name=\"desc_metadata__subject_sim\">information
        technology assets</field><field name=\"desc_metadata__subject_sim\">resource-based
        theory</field><field name=\"desc_metadata__subject_sim\">complementarities</field><field
        name=\"desc_metadata__subject_sim\">IT infrastructure</field><field name=\"desc_metadata__subject_sim\">IT
        capabilities</field><field name=\"desc_metadata__subject_sim\">IT practices</field><field
        name=\"desc_metadata__subject_sim\">firm performance</field><field name=\"desc_metadata__citation_tesim\">Vol.
        18, No. 5, September-October 2007, pp. 763-780</field><field name=\"desc_metadata__available_tesim\">http://hdl.handle.net/2451/27761</field><field
        name=\"desc_metadata__identifier_tesim\">http://hdl.handle.net/2451/27761</field><field
        name=\"has_model_ssim\">info:fedora/afmodel:Nyucore</field></doc></add>"
    headers:
      Content-Type:
      - text/xml
  response:
    status:
      code: 200
      message: OK
    headers:
      Content-Type:
      - text/plain;charset=UTF-8
      Transfer-Encoding:
      - chunked
    body:
      encoding: US-ASCII
      string: ! '{''responseHeader''=>{''status''=>0,''QTime''=>14}}

'
    http_version: 
  recorded_at: Fri, 29 Aug 2014 03:26:52 GMT
- request:
    method: post
    uri: http://127.0.0.1:8983/solr/test/update?wt=ruby
    body:
      encoding: US-ASCII
      string: <?xml version="1.0" encoding="UTF-8"?><commit/>
    headers:
      Content-Type:
      - text/xml
  response:
    status:
      code: 200
      message: OK
    headers:
      Content-Type:
      - text/plain;charset=UTF-8
      Transfer-Encoding:
      - chunked
    body:
      encoding: US-ASCII
      string: ! '{''responseHeader''=>{''status''=>0,''QTime''=>20}}

'
    http_version: 
  recorded_at: Fri, 29 Aug 2014 03:26:52 GMT
- request:
    method: get
    uri: http://fedoraAdmin:fedoraAdmin@127.0.0.1:8983/fedora-test/objects/fda:hdl-handle-net-2451-14097?format=xml
    body:
      encoding: US-ASCII
      string: ''
    headers:
      Accept:
      - ! '*/*; q=0.5, application/xml'
      Accept-Encoding:
      - gzip, deflate
      User-Agent:
      - Ruby
  response:
    status:
      code: 200
      message: OK
    headers:
      Set-Cookie:
      - JSESSIONID=1lsjlgmec99y72ey5j30yo09a;Path=/fedora-test
      Expires:
      - Thu, 01 Jan 1970 00:00:00 GMT
      Content-Type:
      - text/xml
      Date:
      - Fri, 29 Aug 2014 03:26:52 GMT
      Content-Length:
      - '1014'
    body:
      encoding: US-ASCII
      string: <?xml version="1.0" encoding="UTF-8"?><objectProfile  xmlns="http://www.fedora.info/definitions/1/0/access/"  xmlns:xsd="http://www.w3.org/2001/XMLSchema"
        xmlns:xsi="http://www.w3.org/2001/XMLSchema-instance" xsi:schemaLocation="http://www.fedora.info/definitions/1/0/access/
        http://www.fedora.info/definitions/1/0/objectProfile.xsd" pid="fda:hdl-handle-net-2451-14097"
        ><objLabel></objLabel><objOwnerId>fedoraAdmin</objOwnerId><objModels><model>info:fedora/afmodel:Nyucore</model><model>info:fedora/fedora-system:FedoraObject-3.0</model></objModels><objCreateDate>2014-08-29T03:26:46.842Z</objCreateDate><objLastModDate>2014-08-29T03:26:48.422Z</objLastModDate><objDissIndexViewURL>http://localhost:8983/fedora-test/objects/fda%3Ahdl-handle-net-2451-14097/methods/fedora-system%3A3/viewMethodIndex</objDissIndexViewURL><objItemIndexViewURL>http://localhost:8983/fedora-test/objects/fda%3Ahdl-handle-net-2451-14097/methods/fedora-system%3A3/viewItemIndex</objItemIndexViewURL><objState>A</objState></objectProfile>
    http_version: 
  recorded_at: Fri, 29 Aug 2014 03:26:52 GMT
- request:
    method: get
    uri: http://fedoraAdmin:fedoraAdmin@127.0.0.1:8983/fedora-test/objects/fda:hdl-handle-net-2451-14097/datastreams?format=xml
    body:
      encoding: US-ASCII
      string: ''
    headers:
      Accept:
      - ! '*/*; q=0.5, application/xml'
      Accept-Encoding:
      - gzip, deflate
      User-Agent:
      - Ruby
  response:
    status:
      code: 200
      message: OK
    headers:
      Set-Cookie:
      - JSESSIONID=59cu5p8kqqja18e8jeldj6n1;Path=/fedora-test
      Expires:
      - Thu, 01 Jan 1970 00:00:00 GMT
      Content-Type:
      - text/xml
      Date:
      - Fri, 29 Aug 2014 03:26:52 GMT
      Content-Length:
      - '802'
    body:
      encoding: US-ASCII
      string: <?xml version="1.0" encoding="UTF-8"?><objectDatastreams  xmlns="http://www.fedora.info/definitions/1/0/access/"
        xmlns:xsd="http://www.w3.org/2001/XMLSchema"  xmlns:xsi="http://www.w3.org/2001/XMLSchema-instance"  xsi:schemaLocation="http://www.fedora.info/definitions/1/0/access/
        http://www.fedora-commons.org/definitions/1/0/listDatastreams.xsd" pid="fda:hdl-handle-net-2451-14097"  baseURL="http://localhost:8983/fedora-test/"
        >    <datastream dsid="DC" label="Dublin Core Record for this object" mimeType="text/xml"
        />    <datastream dsid="RELS-EXT" label="Fedora Object-to-Object Relationship
        Metadata" mimeType="application/rdf+xml" />    <datastream dsid="rightsMetadata"
        label="" mimeType="text/xml" />    <datastream dsid="source_metadata" label=""
        mimeType="text/plain" /></objectDatastreams>
    http_version: 
  recorded_at: Fri, 29 Aug 2014 03:26:52 GMT
- request:
    method: get
    uri: http://fedoraAdmin:fedoraAdmin@127.0.0.1:8983/fedora-test/objects/fda:hdl-handle-net-2451-14097/datastreams/RELS-EXT?format=xml
    body:
      encoding: US-ASCII
      string: ''
    headers:
      Accept:
      - ! '*/*; q=0.5, application/xml'
      Accept-Encoding:
      - gzip, deflate
      User-Agent:
      - Ruby
  response:
    status:
      code: 200
      message: OK
    headers:
      Set-Cookie:
      - JSESSIONID=15dgt1shk8ed53f4rcxveo08p;Path=/fedora-test
      Expires:
      - Thu, 01 Jan 1970 00:00:00 GMT
      Content-Type:
      - text/xml
      Date:
      - Fri, 29 Aug 2014 03:26:52 GMT
      Content-Length:
      - '951'
    body:
      encoding: US-ASCII
      string: <?xml version="1.0" encoding="UTF-8"?><datastreamProfile  xmlns="http://www.fedora.info/definitions/1/0/management/"  xmlns:xsd="http://www.w3.org/2001/XMLSchema"
        xmlns:xsi="http://www.w3.org/2001/XMLSchema-instance" xsi:schemaLocation="http://www.fedora.info/definitions/1/0/management/
        http://www.fedora.info/definitions/1/0/datastreamProfile.xsd" pid="fda:hdl-handle-net-2451-14097"
        dsID="RELS-EXT" ><dsLabel>Fedora Object-to-Object Relationship Metadata</dsLabel><dsVersionID>RELS-EXT.0</dsVersionID><dsCreateDate>2014-08-29T03:26:47.190Z</dsCreateDate><dsState>A</dsState><dsMIME>application/rdf+xml</dsMIME><dsFormatURI></dsFormatURI><dsControlGroup>X</dsControlGroup><dsSize>299</dsSize><dsVersionable>true</dsVersionable><dsInfoType></dsInfoType><dsLocation>fda:hdl-handle-net-2451-14097+RELS-EXT+RELS-EXT.0</dsLocation><dsLocationType></dsLocationType><dsChecksumType>DISABLED</dsChecksumType><dsChecksum>none</dsChecksum></datastreamProfile>
    http_version: 
  recorded_at: Fri, 29 Aug 2014 03:26:52 GMT
- request:
    method: get
    uri: http://fedoraAdmin:fedoraAdmin@127.0.0.1:8983/fedora-test/objects/fda:hdl-handle-net-2451-14097/datastreams/RELS-EXT/content
    body:
      encoding: US-ASCII
      string: ''
    headers:
      Accept:
      - ! '*/*; q=0.5, application/xml'
      Accept-Encoding:
      - gzip, deflate
      User-Agent:
      - Ruby
  response:
    status:
      code: 200
      message: OK
    headers:
      Set-Cookie:
      - JSESSIONID=qvh2gbwn4j6i8he3d4cibqs7;Path=/fedora-test
      Expires:
      - Thu, 01 Jan 1970 00:00:00 GMT
      Content-Disposition:
      - inline; filename="Fedora Object-to-Object Relationship Metadata.rdf"
      Content-Length:
      - '299'
      Content-Type:
      - application/rdf+xml
      Date:
      - Fri, 29 Aug 2014 03:26:52 GMT
    body:
      encoding: US-ASCII
      string: ! "\n<rdf:RDF xmlns:ns0=\"info:fedora/fedora-system:def/model#\" xmlns:rdf=\"http://www.w3.org/1999/02/22-rdf-syntax-ns#\">\n
        \ <rdf:Description rdf:about=\"info:fedora/fda:hdl-handle-net-2451-14097\">\n
        \   <ns0:hasModel rdf:resource=\"info:fedora/afmodel:Nyucore\"></ns0:hasModel>\n
        \ </rdf:Description>\n</rdf:RDF>\n"
    http_version: 
  recorded_at: Fri, 29 Aug 2014 03:26:52 GMT
- request:
    method: delete
    uri: http://fedoraAdmin:fedoraAdmin@127.0.0.1:8983/fedora-test/objects/fda:hdl-handle-net-2451-14097
    body:
      encoding: US-ASCII
      string: ''
    headers:
      Accept:
      - ! '*/*; q=0.5, application/xml'
      Accept-Encoding:
      - gzip, deflate
      User-Agent:
      - Ruby
  response:
    status:
      code: 200
      message: OK
    headers:
      Set-Cookie:
      - JSESSIONID=15q5ltzxh09j1vsp63pm8u28p;Path=/fedora-test
      Expires:
      - Thu, 01 Jan 1970 00:00:00 GMT
      Content-Type:
      - text/plain
      Date:
      - Fri, 29 Aug 2014 03:26:52 GMT
      Content-Length:
      - '23'
    body:
      encoding: US-ASCII
      string: '2014-08-29T03:26:52.46Z'
    http_version: 
  recorded_at: Fri, 29 Aug 2014 03:26:52 GMT
- request:
    method: post
    uri: http://127.0.0.1:8983/solr/test/update?wt=ruby
    body:
      encoding: US-ASCII
      string: <?xml version="1.0" encoding="UTF-8"?><delete><id>fda:hdl-handle-net-2451-14097</id></delete>
    headers:
      Content-Type:
      - text/xml
  response:
    status:
      code: 200
      message: OK
    headers:
      Content-Type:
      - text/plain;charset=UTF-8
      Transfer-Encoding:
      - chunked
    body:
      encoding: US-ASCII
      string: ! '{''responseHeader''=>{''status''=>0,''QTime''=>0}}

'
    http_version: 
  recorded_at: Fri, 29 Aug 2014 03:26:52 GMT
- request:
    method: post
    uri: http://127.0.0.1:8983/solr/test/update?wt=ruby
    body:
      encoding: US-ASCII
      string: <?xml version="1.0" encoding="UTF-8"?><commit/>
    headers:
      Content-Type:
      - text/xml
  response:
    status:
      code: 200
      message: OK
    headers:
      Content-Type:
      - text/plain;charset=UTF-8
      Transfer-Encoding:
      - chunked
    body:
      encoding: US-ASCII
      string: ! '{''responseHeader''=>{''status''=>0,''QTime''=>5}}

'
    http_version: 
  recorded_at: Fri, 29 Aug 2014 03:26:52 GMT
- request:
    method: get
    uri: http://fedoraAdmin:fedoraAdmin@127.0.0.1:8983/fedora-test/objects/fda:hdl-handle-net-2451-27761?format=xml
    body:
      encoding: US-ASCII
      string: ''
    headers:
      Accept:
      - ! '*/*; q=0.5, application/xml'
      Accept-Encoding:
      - gzip, deflate
      User-Agent:
      - Ruby
  response:
    status:
      code: 200
      message: OK
    headers:
      Set-Cookie:
      - JSESSIONID=ck824rd893rx641qo7o95349;Path=/fedora-test
      Expires:
      - Thu, 01 Jan 1970 00:00:00 GMT
      Content-Type:
      - text/xml
      Date:
      - Fri, 29 Aug 2014 03:26:52 GMT
      Content-Length:
      - '1014'
    body:
      encoding: US-ASCII
      string: <?xml version="1.0" encoding="UTF-8"?><objectProfile  xmlns="http://www.fedora.info/definitions/1/0/access/"  xmlns:xsd="http://www.w3.org/2001/XMLSchema"
        xmlns:xsi="http://www.w3.org/2001/XMLSchema-instance" xsi:schemaLocation="http://www.fedora.info/definitions/1/0/access/
        http://www.fedora.info/definitions/1/0/objectProfile.xsd" pid="fda:hdl-handle-net-2451-27761"
        ><objLabel></objLabel><objOwnerId>fedoraAdmin</objOwnerId><objModels><model>info:fedora/afmodel:Nyucore</model><model>info:fedora/fedora-system:FedoraObject-3.0</model></objModels><objCreateDate>2014-08-29T03:26:48.859Z</objCreateDate><objLastModDate>2014-08-29T03:26:52.147Z</objLastModDate><objDissIndexViewURL>http://localhost:8983/fedora-test/objects/fda%3Ahdl-handle-net-2451-27761/methods/fedora-system%3A3/viewMethodIndex</objDissIndexViewURL><objItemIndexViewURL>http://localhost:8983/fedora-test/objects/fda%3Ahdl-handle-net-2451-27761/methods/fedora-system%3A3/viewItemIndex</objItemIndexViewURL><objState>A</objState></objectProfile>
    http_version: 
  recorded_at: Fri, 29 Aug 2014 03:26:52 GMT
- request:
    method: get
    uri: http://fedoraAdmin:fedoraAdmin@127.0.0.1:8983/fedora-test/objects/fda:hdl-handle-net-2451-27761/datastreams?format=xml
    body:
      encoding: US-ASCII
      string: ''
    headers:
      Accept:
      - ! '*/*; q=0.5, application/xml'
      Accept-Encoding:
      - gzip, deflate
      User-Agent:
      - Ruby
  response:
    status:
      code: 200
      message: OK
    headers:
      Set-Cookie:
      - JSESSIONID=1gdcy05syel0e1rgzbxz600avo;Path=/fedora-test
      Expires:
      - Thu, 01 Jan 1970 00:00:00 GMT
      Content-Type:
      - text/xml
      Date:
      - Fri, 29 Aug 2014 03:26:52 GMT
      Content-Length:
      - '802'
    body:
      encoding: US-ASCII
      string: <?xml version="1.0" encoding="UTF-8"?><objectDatastreams  xmlns="http://www.fedora.info/definitions/1/0/access/"
        xmlns:xsd="http://www.w3.org/2001/XMLSchema"  xmlns:xsi="http://www.w3.org/2001/XMLSchema-instance"  xsi:schemaLocation="http://www.fedora.info/definitions/1/0/access/
        http://www.fedora-commons.org/definitions/1/0/listDatastreams.xsd" pid="fda:hdl-handle-net-2451-27761"  baseURL="http://localhost:8983/fedora-test/"
        >    <datastream dsid="DC" label="Dublin Core Record for this object" mimeType="text/xml"
        />    <datastream dsid="RELS-EXT" label="Fedora Object-to-Object Relationship
        Metadata" mimeType="application/rdf+xml" />    <datastream dsid="rightsMetadata"
        label="" mimeType="text/xml" />    <datastream dsid="source_metadata" label=""
        mimeType="text/plain" /></objectDatastreams>
    http_version: 
  recorded_at: Fri, 29 Aug 2014 03:26:52 GMT
- request:
    method: get
    uri: http://fedoraAdmin:fedoraAdmin@127.0.0.1:8983/fedora-test/objects/fda:hdl-handle-net-2451-27761/datastreams/RELS-EXT?format=xml
    body:
      encoding: US-ASCII
      string: ''
    headers:
      Accept:
      - ! '*/*; q=0.5, application/xml'
      Accept-Encoding:
      - gzip, deflate
      User-Agent:
      - Ruby
  response:
    status:
      code: 200
      message: OK
    headers:
      Set-Cookie:
      - JSESSIONID=9gakre6r59rzs2e4wcqhvsab;Path=/fedora-test
      Expires:
      - Thu, 01 Jan 1970 00:00:00 GMT
      Content-Type:
      - text/xml
      Date:
      - Fri, 29 Aug 2014 03:26:52 GMT
      Content-Length:
      - '951'
    body:
      encoding: US-ASCII
      string: <?xml version="1.0" encoding="UTF-8"?><datastreamProfile  xmlns="http://www.fedora.info/definitions/1/0/management/"  xmlns:xsd="http://www.w3.org/2001/XMLSchema"
        xmlns:xsi="http://www.w3.org/2001/XMLSchema-instance" xsi:schemaLocation="http://www.fedora.info/definitions/1/0/management/
        http://www.fedora.info/definitions/1/0/datastreamProfile.xsd" pid="fda:hdl-handle-net-2451-27761"
        dsID="RELS-EXT" ><dsLabel>Fedora Object-to-Object Relationship Metadata</dsLabel><dsVersionID>RELS-EXT.0</dsVersionID><dsCreateDate>2014-08-29T03:26:49.345Z</dsCreateDate><dsState>A</dsState><dsMIME>application/rdf+xml</dsMIME><dsFormatURI></dsFormatURI><dsControlGroup>X</dsControlGroup><dsSize>299</dsSize><dsVersionable>true</dsVersionable><dsInfoType></dsInfoType><dsLocation>fda:hdl-handle-net-2451-27761+RELS-EXT+RELS-EXT.0</dsLocation><dsLocationType></dsLocationType><dsChecksumType>DISABLED</dsChecksumType><dsChecksum>none</dsChecksum></datastreamProfile>
    http_version: 
  recorded_at: Fri, 29 Aug 2014 03:26:52 GMT
- request:
    method: get
    uri: http://fedoraAdmin:fedoraAdmin@127.0.0.1:8983/fedora-test/objects/fda:hdl-handle-net-2451-27761/datastreams/RELS-EXT/content
    body:
      encoding: US-ASCII
      string: ''
    headers:
      Accept:
      - ! '*/*; q=0.5, application/xml'
      Accept-Encoding:
      - gzip, deflate
      User-Agent:
      - Ruby
  response:
    status:
      code: 200
      message: OK
    headers:
      Set-Cookie:
      - JSESSIONID=17ocbosrjny9eed46nyyinq0q;Path=/fedora-test
      Expires:
      - Thu, 01 Jan 1970 00:00:00 GMT
      Content-Disposition:
      - inline; filename="Fedora Object-to-Object Relationship Metadata.rdf"
      Content-Length:
      - '299'
      Content-Type:
      - application/rdf+xml
      Date:
      - Fri, 29 Aug 2014 03:26:52 GMT
    body:
      encoding: US-ASCII
      string: ! "\n<rdf:RDF xmlns:ns0=\"info:fedora/fedora-system:def/model#\" xmlns:rdf=\"http://www.w3.org/1999/02/22-rdf-syntax-ns#\">\n
        \ <rdf:Description rdf:about=\"info:fedora/fda:hdl-handle-net-2451-27761\">\n
        \   <ns0:hasModel rdf:resource=\"info:fedora/afmodel:Nyucore\"></ns0:hasModel>\n
        \ </rdf:Description>\n</rdf:RDF>\n"
    http_version: 
  recorded_at: Fri, 29 Aug 2014 03:26:52 GMT
- request:
    method: delete
    uri: http://fedoraAdmin:fedoraAdmin@127.0.0.1:8983/fedora-test/objects/fda:hdl-handle-net-2451-27761
    body:
      encoding: US-ASCII
      string: ''
    headers:
      Accept:
      - ! '*/*; q=0.5, application/xml'
      Accept-Encoding:
      - gzip, deflate
      User-Agent:
      - Ruby
  response:
    status:
      code: 200
      message: OK
    headers:
      Set-Cookie:
      - JSESSIONID=1ljboyur43rochnmjj0g7ylec;Path=/fedora-test
      Expires:
      - Thu, 01 Jan 1970 00:00:00 GMT
      Content-Type:
      - text/plain
      Date:
      - Fri, 29 Aug 2014 03:26:52 GMT
      Content-Length:
      - '23'
    body:
      encoding: US-ASCII
      string: '2014-08-29T03:26:52.56Z'
    http_version: 
  recorded_at: Fri, 29 Aug 2014 03:26:52 GMT
- request:
    method: post
    uri: http://127.0.0.1:8983/solr/test/update?wt=ruby
    body:
      encoding: US-ASCII
      string: <?xml version="1.0" encoding="UTF-8"?><delete><id>fda:hdl-handle-net-2451-27761</id></delete>
    headers:
      Content-Type:
      - text/xml
  response:
    status:
      code: 200
      message: OK
    headers:
      Content-Type:
      - text/plain;charset=UTF-8
      Transfer-Encoding:
      - chunked
    body:
      encoding: US-ASCII
      string: ! '{''responseHeader''=>{''status''=>0,''QTime''=>1}}

'
    http_version: 
  recorded_at: Fri, 29 Aug 2014 03:26:52 GMT
- request:
    method: post
    uri: http://127.0.0.1:8983/solr/test/update?wt=ruby
    body:
      encoding: US-ASCII
      string: <?xml version="1.0" encoding="UTF-8"?><commit/>
    headers:
      Content-Type:
      - text/xml
  response:
    status:
      code: 200
      message: OK
    headers:
      Content-Type:
      - text/plain;charset=UTF-8
      Transfer-Encoding:
      - chunked
    body:
      encoding: US-ASCII
      string: ! '{''responseHeader''=>{''status''=>0,''QTime''=>9}}

'
    http_version: 
  recorded_at: Fri, 29 Aug 2014 03:26:52 GMT
- request:
    method: get
    uri: http://127.0.0.1:8983/solr/test/select?fl=id&q=_query_:%22%7B!raw%20f=has_model_ssim%7Dinfo:fedora/afmodel:Nyucore%22%20AND%20id:%22fda%5C:hdl-handle-net-2451-14097%22&qt=standard&rows=1000&sort=system_create_dtsi%20asc&start=0&wt=ruby
    body:
      encoding: US-ASCII
      string: ''
    headers: {}
  response:
    status:
      code: 200
      message: OK
    headers:
      Last-Modified:
      - Fri, 29 Aug 2014 03:26:52 GMT
      Etag:
      - ! '"ZTg0MDAwMDAwMDAwMDAwMFNvbHI="'
      Content-Type:
      - text/plain;charset=UTF-8
      Transfer-Encoding:
      - chunked
    body:
      encoding: US-ASCII
      string: ! '{''responseHeader''=>{''status''=>0,''QTime''=>1,''params''=>{''fl''=>''id'',''sort''=>''system_create_dtsi
        asc'',''start''=>''0'',''q''=>''_query_:"{!raw f=has_model_ssim}info:fedora/afmodel:Nyucore"
        AND id:"fda\\:hdl-handle-net-2451-14097"'',''qt''=>''standard'',''wt''=>''ruby'',''rows''=>''1000''}},''response''=>{''numFound''=>0,''start''=>0,''docs''=>[]}}

'
    http_version: 
  recorded_at: Fri, 29 Aug 2014 03:26:52 GMT
recorded_with: VCR 2.8.0
