---
http_interactions:
- request:
    method: post
    uri: http://fedoraAdmin:fedoraAdmin@127.0.0.1:8983/fedora-test/objects/nextPID?format=xml
    body:
      encoding: US-ASCII
      string: ''
    headers:
      Accept:
      - ! '*/*; q=0.5, application/xml'
      Accept-Encoding:
      - gzip, deflate
      User-Agent:
      - Ruby
  response:
    status:
      code: 200
      message: OK
    headers:
      Set-Cookie:
      - JSESSIONID=194pb4kcu9wt01fj8zhiifc45e;Path=/fedora-test
      Expires:
      - Thu, 01 Jan 1970 00:00:00 GMT
      Content-Type:
      - text/xml
      Date:
      - Thu, 08 May 2014 21:48:27 GMT
      Content-Length:
      - '374'
    body:
      encoding: US-ASCII
      string: ! '<?xml version="1.0" encoding="UTF-8"?>

        <pidList  xmlns="http://www.fedora.info/definitions/1/0/management/"  xmlns:xsd="http://www.w3.org/2001/XMLSchema"
        xmlns:xsi="http://www.w3.org/2001/XMLSchema-instance" xsi:schemaLocation="http://www.fedora.info/definitions/1/0/management/
        http://www.fedora.info/definitions/1/0/getNextPIDInfo.xsd">  <pid>changeme:52</pid>

        </pidList>

'
    http_version: 
  recorded_at: Thu, 08 May 2014 21:48:27 GMT
- request:
    method: get
    uri: http://fedoraAdmin:fedoraAdmin@127.0.0.1:8983/fedora-test/objects/changeme:52/datastreams?format=xml
    body:
      encoding: US-ASCII
      string: ''
    headers:
      Accept:
      - ! '*/*; q=0.5, application/xml'
      Accept-Encoding:
      - gzip, deflate
      User-Agent:
      - Ruby
  response:
    status:
      code: 404
      message: Not Found
    headers:
      Set-Cookie:
      - JSESSIONID=5yb4qpe2ws5bre664vp1oa2p;Path=/fedora-test
      Expires:
      - Thu, 01 Jan 1970 00:00:00 GMT
      Content-Type:
      - text/plain
      Date:
      - Thu, 08 May 2014 21:48:27 GMT
      Content-Length:
      - '50'
    body:
      encoding: US-ASCII
      string: ! 'Object not found in low-level storage: changeme:52'
    http_version: 
  recorded_at: Thu, 08 May 2014 21:48:27 GMT
- request:
    method: get
    uri: http://fedoraAdmin:fedoraAdmin@127.0.0.1:8983/fedora-test/objects/changeme:52?format=xml
    body:
      encoding: US-ASCII
      string: ''
    headers:
      Accept:
      - ! '*/*; q=0.5, application/xml'
      Accept-Encoding:
      - gzip, deflate
      User-Agent:
      - Ruby
  response:
    status:
      code: 404
      message: Not Found
    headers:
      Set-Cookie:
      - JSESSIONID=607ihy88y8yv18mtm7mxihyta;Path=/fedora-test
      Expires:
      - Thu, 01 Jan 1970 00:00:00 GMT
      Content-Type:
      - text/plain
      Date:
      - Thu, 08 May 2014 21:48:27 GMT
      Content-Length:
      - '50'
    body:
      encoding: US-ASCII
      string: ! 'Object not found in low-level storage: changeme:52'
    http_version: 
  recorded_at: Thu, 08 May 2014 21:48:27 GMT
- request:
    method: get
    uri: http://fedoraAdmin:fedoraAdmin@127.0.0.1:8983/fedora-test/objects/changeme:52/datastreams/RELS-EXT?format=xml
    body:
      encoding: US-ASCII
      string: ''
    headers:
      Accept:
      - ! '*/*; q=0.5, application/xml'
      Accept-Encoding:
      - gzip, deflate
      User-Agent:
      - Ruby
  response:
    status:
      code: 404
      message: Not Found
    headers:
      Set-Cookie:
      - JSESSIONID=1ax9mhcekzbju1kx07bubspols;Path=/fedora-test
      Expires:
      - Thu, 01 Jan 1970 00:00:00 GMT
      Content-Type:
      - text/plain
      Date:
      - Thu, 08 May 2014 21:48:27 GMT
      Content-Length:
      - '50'
    body:
      encoding: US-ASCII
      string: ! 'Object not found in low-level storage: changeme:52'
    http_version: 
  recorded_at: Thu, 08 May 2014 21:48:27 GMT
- request:
    method: get
    uri: http://fedoraAdmin:fedoraAdmin@127.0.0.1:8983/fedora-test/objects/changeme:52/datastreams/descMetadata?format=xml
    body:
      encoding: US-ASCII
      string: ''
    headers:
      Accept:
      - ! '*/*; q=0.5, application/xml'
      Accept-Encoding:
      - gzip, deflate
      User-Agent:
      - Ruby
  response:
    status:
      code: 404
      message: Not Found
    headers:
      Set-Cookie:
      - JSESSIONID=1w2c0dtmw5d241907ojzr7fwyr;Path=/fedora-test
      Expires:
      - Thu, 01 Jan 1970 00:00:00 GMT
      Content-Type:
      - text/plain
      Date:
      - Thu, 08 May 2014 21:48:27 GMT
      Content-Length:
      - '50'
    body:
      encoding: US-ASCII
      string: ! 'Object not found in low-level storage: changeme:52'
    http_version: 
  recorded_at: Thu, 08 May 2014 21:48:27 GMT
- request:
    method: post
    uri: http://fedoraAdmin:fedoraAdmin@127.0.0.1:8983/fedora-test/objects/changeme:52
    body:
      encoding: US-ASCII
      string: ''
    headers:
      Accept:
      - ! '*/*; q=0.5, application/xml'
      Accept-Encoding:
      - gzip, deflate
      Content-Type:
      - text/xml
      User-Agent:
      - Ruby
  response:
    status:
      code: 201
      message: Created
    headers:
      Set-Cookie:
      - JSESSIONID=9b07ablb7rba1pwkne8wz17aw;Path=/fedora-test
      Expires:
      - Thu, 01 Jan 1970 00:00:00 GMT
      Content-Type:
      - application/xml
      Date:
      - Thu, 08 May 2014 21:48:27 GMT
      Location:
      - http://127.0.0.1:8983/fedora-test/objects/changeme%3A52
      Content-Length:
      - '11'
    body:
      encoding: US-ASCII
      string: changeme:52
    http_version: 
  recorded_at: Thu, 08 May 2014 21:48:27 GMT
- request:
    method: get
    uri: http://fedoraAdmin:fedoraAdmin@127.0.0.1:8983/fedora-test/objects/changeme:52?format=xml
    body:
      encoding: US-ASCII
      string: ''
    headers:
      Accept:
      - ! '*/*; q=0.5, application/xml'
      Accept-Encoding:
      - gzip, deflate
      User-Agent:
      - Ruby
  response:
    status:
      code: 200
      message: OK
    headers:
      Set-Cookie:
      - JSESSIONID=abn73xuntpelawq935knwggr;Path=/fedora-test
      Expires:
      - Thu, 01 Jan 1970 00:00:00 GMT
      Content-Type:
      - text/xml
      Date:
      - Thu, 08 May 2014 21:48:27 GMT
      Content-Length:
      - '918'
    body:
      encoding: US-ASCII
      string: <?xml version="1.0" encoding="UTF-8"?><objectProfile  xmlns="http://www.fedora.info/definitions/1/0/access/"  xmlns:xsd="http://www.w3.org/2001/XMLSchema"
        xmlns:xsi="http://www.w3.org/2001/XMLSchema-instance" xsi:schemaLocation="http://www.fedora.info/definitions/1/0/access/
        http://www.fedora.info/definitions/1/0/objectProfile.xsd" pid="changeme:52"
        ><objLabel></objLabel><objOwnerId>fedoraAdmin</objOwnerId><objModels><model>info:fedora/fedora-system:FedoraObject-3.0</model></objModels><objCreateDate>2014-05-08T21:48:27.465Z</objCreateDate><objLastModDate>2014-05-08T21:48:27.465Z</objLastModDate><objDissIndexViewURL>http://localhost:8983/fedora-test/objects/changeme%3A52/methods/fedora-system%3A3/viewMethodIndex</objDissIndexViewURL><objItemIndexViewURL>http://localhost:8983/fedora-test/objects/changeme%3A52/methods/fedora-system%3A3/viewItemIndex</objItemIndexViewURL><objState>A</objState></objectProfile>
    http_version: 
  recorded_at: Thu, 08 May 2014 21:48:27 GMT
- request:
    method: post
    uri: http://fedoraAdmin:fedoraAdmin@127.0.0.1:8983/fedora-test/objects/changeme:52/datastreams/RELS-EXT?controlGroup=X&dsLabel=Fedora%20Object-to-Object%20Relationship%20Metadata&dsState=A&mimeType=application/rdf%2Bxml&versionable=true
    body:
      encoding: UTF-8
      string: ! "<?xml version=\"1.0\" encoding=\"UTF-8\"?>\n<rdf:RDF xmlns:rdf=\"http://www.w3.org/1999/02/22-rdf-syntax-ns#\"
        xmlns:ns0=\"info:fedora/fedora-system:def/model#\">\n  <rdf:Description rdf:about=\"info:fedora/changeme:52\">\n
        \   <ns0:hasModel rdf:resource=\"info:fedora/afmodel:Nyucore\"/>\n  </rdf:Description>\n</rdf:RDF>\n"
    headers:
      Accept:
      - ! '*/*; q=0.5, application/xml'
      Accept-Encoding:
      - gzip, deflate
      Content-Type:
      - application/rdf+xml
      Multipart:
      - 'true'
      Content-Length:
      - '305'
      User-Agent:
      - Ruby
  response:
    status:
      code: 201
      message: Created
    headers:
      Set-Cookie:
      - JSESSIONID=evqs2rzjqhgr19tvg7k4vrxap;Path=/fedora-test
      Expires:
      - Thu, 01 Jan 1970 00:00:00 GMT
      Content-Type:
      - text/xml
      Date:
      - Thu, 08 May 2014 21:48:27 GMT
      Location:
      - http://127.0.0.1:8983/fedora-test/objects/changeme%3A52/datastreams/RELS-EXT
      Content-Length:
      - '915'
    body:
      encoding: US-ASCII
      string: <?xml version="1.0" encoding="UTF-8"?><datastreamProfile  xmlns="http://www.fedora.info/definitions/1/0/management/"  xmlns:xsd="http://www.w3.org/2001/XMLSchema"
        xmlns:xsi="http://www.w3.org/2001/XMLSchema-instance" xsi:schemaLocation="http://www.fedora.info/definitions/1/0/management/
        http://www.fedora.info/definitions/1/0/datastreamProfile.xsd" pid="changeme:52"
        dsID="RELS-EXT" ><dsLabel>Fedora Object-to-Object Relationship Metadata</dsLabel><dsVersionID>RELS-EXT.0</dsVersionID><dsCreateDate>2014-05-08T21:48:27.620Z</dsCreateDate><dsState>A</dsState><dsMIME>application/rdf+xml</dsMIME><dsFormatURI></dsFormatURI><dsControlGroup>X</dsControlGroup><dsSize>281</dsSize><dsVersionable>true</dsVersionable><dsInfoType></dsInfoType><dsLocation>changeme:52+RELS-EXT+RELS-EXT.0</dsLocation><dsLocationType></dsLocationType><dsChecksumType>DISABLED</dsChecksumType><dsChecksum>none</dsChecksum></datastreamProfile>
    http_version: 
  recorded_at: Thu, 08 May 2014 21:48:27 GMT
- request:
    method: post
    uri: http://fedoraAdmin:fedoraAdmin@127.0.0.1:8983/fedora-test/objects/changeme:52/datastreams/descMetadata?controlGroup=M&dsState=A&mimeType=text/plain&versionable=true
    body:
      encoding: UTF-8
      string: ! '<info:fedora/changeme:52> <http://purl.org/dc/terms/title> "My record"
        .

        <info:fedora/changeme:52> <http://purl.org/dc/terms/creator> "The Man" .

        <info:fedora/changeme:52> <http://purl.org/dc/terms/publisher> "NYU" .

        <info:fedora/changeme:52> <http://purl.org/dc/terms/identifier> "rec123" .

        <info:fedora/changeme:52> <http://harper.bobst.nyu.edu/data/nyucore#available>
        "Not sure what this is" .

        <info:fedora/changeme:52> <http://purl.org/dc/terms/type> "Geospatial Dataset"
        .

        <info:fedora/changeme:52> <http://purl.org/dc/terms/description> "This is
        a record" .

        <info:fedora/changeme:52> <http://harper.bobst.nyu.edu/data/nyucore#edition>
        "Ed 1" .

        <info:fedora/changeme:52> <http://harper.bobst.nyu.edu/data/nyucore#series>
        "Series 1" .

        <info:fedora/changeme:52> <http://harper.bobst.nyu.edu/data/nyucore#version>
        "V1" .

        <info:fedora/changeme:52> <http://purl.org/dc/terms/date> "12/05/2014" .

        <info:fedora/changeme:52> <http://purl.org/dc/terms/format> "some" .

        <info:fedora/changeme:52> <http://purl.org/dc/terms/language> "en" .

'
    headers:
      Accept:
      - ! '*/*; q=0.5, application/xml'
      Accept-Encoding:
      - gzip, deflate
      Content-Type:
      - text/plain
      Multipart:
      - 'true'
      Content-Length:
      - '1034'
      User-Agent:
      - Ruby
  response:
    status:
      code: 201
      message: Created
    headers:
      Set-Cookie:
      - JSESSIONID=6lboyd2w9xs54xmqpj4g0gie;Path=/fedora-test
      Expires:
      - Thu, 01 Jan 1970 00:00:00 GMT
      Content-Type:
      - text/xml
      Date:
      - Thu, 08 May 2014 21:48:28 GMT
      Location:
      - http://127.0.0.1:8983/fedora-test/objects/changeme%3A52/datastreams/descMetadata
      Content-Length:
      - '889'
    body:
      encoding: US-ASCII
      string: <?xml version="1.0" encoding="UTF-8"?><datastreamProfile  xmlns="http://www.fedora.info/definitions/1/0/management/"  xmlns:xsd="http://www.w3.org/2001/XMLSchema"
        xmlns:xsi="http://www.w3.org/2001/XMLSchema-instance" xsi:schemaLocation="http://www.fedora.info/definitions/1/0/management/
        http://www.fedora.info/definitions/1/0/datastreamProfile.xsd" pid="changeme:52"
        dsID="descMetadata" ><dsLabel></dsLabel><dsVersionID>descMetadata.0</dsVersionID><dsCreateDate>2014-05-08T21:48:28.583Z</dsCreateDate><dsState>A</dsState><dsMIME>text/plain</dsMIME><dsFormatURI></dsFormatURI><dsControlGroup>M</dsControlGroup><dsSize>1034</dsSize><dsVersionable>true</dsVersionable><dsInfoType></dsInfoType><dsLocation>changeme:52+descMetadata+descMetadata.0</dsLocation><dsLocationType>INTERNAL_ID</dsLocationType><dsChecksumType>DISABLED</dsChecksumType><dsChecksum>none</dsChecksum></datastreamProfile>
    http_version: 
  recorded_at: Thu, 08 May 2014 21:48:28 GMT
- request:
    method: get
    uri: http://fedoraAdmin:fedoraAdmin@127.0.0.1:8983/fedora-test/objects/changeme:52/datastreams/RELS-EXT?format=xml
    body:
      encoding: US-ASCII
      string: ''
    headers:
      Accept:
      - ! '*/*; q=0.5, application/xml'
      Accept-Encoding:
      - gzip, deflate
      User-Agent:
      - Ruby
  response:
    status:
      code: 200
      message: OK
    headers:
      Set-Cookie:
      - JSESSIONID=15k92h7so33ybuhi5un779t9l;Path=/fedora-test
      Expires:
      - Thu, 01 Jan 1970 00:00:00 GMT
      Content-Type:
      - text/xml
      Date:
      - Thu, 08 May 2014 21:48:28 GMT
      Content-Length:
      - '915'
    body:
      encoding: US-ASCII
      string: <?xml version="1.0" encoding="UTF-8"?><datastreamProfile  xmlns="http://www.fedora.info/definitions/1/0/management/"  xmlns:xsd="http://www.w3.org/2001/XMLSchema"
        xmlns:xsi="http://www.w3.org/2001/XMLSchema-instance" xsi:schemaLocation="http://www.fedora.info/definitions/1/0/management/
        http://www.fedora.info/definitions/1/0/datastreamProfile.xsd" pid="changeme:52"
        dsID="RELS-EXT" ><dsLabel>Fedora Object-to-Object Relationship Metadata</dsLabel><dsVersionID>RELS-EXT.0</dsVersionID><dsCreateDate>2014-05-08T21:48:27.620Z</dsCreateDate><dsState>A</dsState><dsMIME>application/rdf+xml</dsMIME><dsFormatURI></dsFormatURI><dsControlGroup>X</dsControlGroup><dsSize>281</dsSize><dsVersionable>true</dsVersionable><dsInfoType></dsInfoType><dsLocation>changeme:52+RELS-EXT+RELS-EXT.0</dsLocation><dsLocationType></dsLocationType><dsChecksumType>DISABLED</dsChecksumType><dsChecksum>none</dsChecksum></datastreamProfile>
    http_version: 
  recorded_at: Thu, 08 May 2014 21:48:28 GMT
- request:
    method: get
    uri: http://fedoraAdmin:fedoraAdmin@127.0.0.1:8983/fedora-test/objects/changeme:52/datastreams/descMetadata?format=xml
    body:
      encoding: US-ASCII
      string: ''
    headers:
      Accept:
      - ! '*/*; q=0.5, application/xml'
      Accept-Encoding:
      - gzip, deflate
      User-Agent:
      - Ruby
  response:
    status:
      code: 200
      message: OK
    headers:
      Set-Cookie:
      - JSESSIONID=su8wi7zhsh3rbidfujwvkmyf;Path=/fedora-test
      Expires:
      - Thu, 01 Jan 1970 00:00:00 GMT
      Content-Type:
      - text/xml
      Date:
      - Thu, 08 May 2014 21:48:28 GMT
      Content-Length:
      - '889'
    body:
      encoding: US-ASCII
      string: <?xml version="1.0" encoding="UTF-8"?><datastreamProfile  xmlns="http://www.fedora.info/definitions/1/0/management/"  xmlns:xsd="http://www.w3.org/2001/XMLSchema"
        xmlns:xsi="http://www.w3.org/2001/XMLSchema-instance" xsi:schemaLocation="http://www.fedora.info/definitions/1/0/management/
        http://www.fedora.info/definitions/1/0/datastreamProfile.xsd" pid="changeme:52"
        dsID="descMetadata" ><dsLabel></dsLabel><dsVersionID>descMetadata.0</dsVersionID><dsCreateDate>2014-05-08T21:48:28.583Z</dsCreateDate><dsState>A</dsState><dsMIME>text/plain</dsMIME><dsFormatURI></dsFormatURI><dsControlGroup>M</dsControlGroup><dsSize>1034</dsSize><dsVersionable>true</dsVersionable><dsInfoType></dsInfoType><dsLocation>changeme:52+descMetadata+descMetadata.0</dsLocation><dsLocationType>INTERNAL_ID</dsLocationType><dsChecksumType>DISABLED</dsChecksumType><dsChecksum>none</dsChecksum></datastreamProfile>
    http_version: 
  recorded_at: Thu, 08 May 2014 21:48:28 GMT
- request:
    method: post
    uri: http://127.0.0.1:8983/solr/test/update?wt=ruby
    body:
      encoding: US-ASCII
      string: <?xml version="1.0" encoding="UTF-8"?><add><doc><field name="system_create_dtsi">2014-05-08T21:48:27Z</field><field
        name="system_modified_dtsi">2014-05-08T21:48:27Z</field><field name="object_state_ssi">A</field><field
        name="active_fedora_model_ssi">Nyucore</field><field name="id">changeme:52</field><field
        name="object_profile_ssm">{"datastreams":{"RELS-EXT":{"dsLabel":"Fedora Object-to-Object
        Relationship Metadata","dsVersionID":"RELS-EXT.0","dsCreateDate":"2014-05-08T21:48:27Z","dsState":"A","dsMIME":"application/rdf+xml","dsFormatURI":null,"dsControlGroup":"X","dsSize":281,"dsVersionable":true,"dsInfoType":null,"dsLocation":"changeme:52+RELS-EXT+RELS-EXT.0","dsLocationType":null,"dsChecksumType":"DISABLED","dsChecksum":"none"},"descMetadata":{"dsLabel":null,"dsVersionID":"descMetadata.0","dsCreateDate":"2014-05-08T21:48:28Z","dsState":"A","dsMIME":"text/plain","dsFormatURI":null,"dsControlGroup":"M","dsSize":1034,"dsVersionable":true,"dsInfoType":null,"dsLocation":"changeme:52+descMetadata+descMetadata.0","dsLocationType":"INTERNAL_ID","dsChecksumType":"DISABLED","dsChecksum":"none"}},"objLabel":null,"objOwnerId":"fedoraAdmin","objModels":["info:fedora/fedora-system:FedoraObject-3.0"],"objCreateDate":"2014-05-08T21:48:27Z","objLastModDate":"2014-05-08T21:48:27Z","objDissIndexViewURL":"http://localhost:8983/fedora-test/objects/changeme%3A52/methods/fedora-system%3A3/viewMethodIndex","objItemIndexViewURL":"http://localhost:8983/fedora-test/objects/changeme%3A52/methods/fedora-system%3A3/viewItemIndex","objState":"A"}</field><field
        name="desc_metadata__title_tesim">My record</field><field name="desc_metadata__creator_tesim">The
        Man</field><field name="desc_metadata__creator_sim">The Man</field><field
        name="desc_metadata__publisher_tesim">NYU</field><field name="desc_metadata__identifier_tesim">rec123</field><field
        name="desc_metadata__available_tesim">Not sure what this is</field><field
        name="desc_metadata__type_tesim">Geospatial Dataset</field><field name="desc_metadata__type_sim">Geospatial
        Dataset</field><field name="desc_metadata__description_tesim">This is a record</field><field
        name="desc_metadata__edition_tesim">Ed 1</field><field name="desc_metadata__series_tesim">Series
        1</field><field name="desc_metadata__version_tesim">V1</field><field name="desc_metadata__date_tesim">12/05/2014</field><field
        name="desc_metadata__format_tesim">some</field><field name="desc_metadata__language_tesim">en</field><field
        name="desc_metadata__language_sim">en</field><field name="has_model_ssim">info:fedora/afmodel:Nyucore</field></doc></add>
    headers:
      Content-Type:
      - text/xml
  response:
    status:
      code: 200
      message: OK
    headers:
      Content-Type:
      - text/plain;charset=UTF-8
      Transfer-Encoding:
      - chunked
    body:
      encoding: US-ASCII
      string: ! '{''responseHeader''=>{''status''=>0,''QTime''=>2}}

'
    http_version: 
  recorded_at: Thu, 08 May 2014 21:48:28 GMT
- request:
    method: post
    uri: http://127.0.0.1:8983/solr/test/update?wt=ruby
    body:
      encoding: US-ASCII
      string: <?xml version="1.0" encoding="UTF-8"?><commit/>
    headers:
      Content-Type:
      - text/xml
  response:
    status:
      code: 200
      message: OK
    headers:
      Content-Type:
      - text/plain;charset=UTF-8
      Transfer-Encoding:
      - chunked
    body:
      encoding: US-ASCII
      string: ! '{''responseHeader''=>{''status''=>0,''QTime''=>7}}

'
    http_version: 
  recorded_at: Thu, 08 May 2014 21:48:28 GMT
- request:
    method: get
    uri: http://fedoraAdmin:fedoraAdmin@127.0.0.1:8983/fedora-test/objects/changeme:52?format=xml
    body:
      encoding: US-ASCII
      string: ''
    headers:
      Accept:
      - ! '*/*; q=0.5, application/xml'
      Accept-Encoding:
      - gzip, deflate
      User-Agent:
      - Ruby
  response:
    status:
      code: 200
      message: OK
    headers:
      Set-Cookie:
      - JSESSIONID=xo7ll8qsfsyrwzmsi9e3qwjx;Path=/fedora-test
      Expires:
      - Thu, 01 Jan 1970 00:00:00 GMT
      Content-Type:
      - text/xml
      Date:
      - Thu, 08 May 2014 21:48:28 GMT
      Content-Length:
      - '960'
    body:
      encoding: US-ASCII
      string: <?xml version="1.0" encoding="UTF-8"?><objectProfile  xmlns="http://www.fedora.info/definitions/1/0/access/"  xmlns:xsd="http://www.w3.org/2001/XMLSchema"
        xmlns:xsi="http://www.w3.org/2001/XMLSchema-instance" xsi:schemaLocation="http://www.fedora.info/definitions/1/0/access/
        http://www.fedora.info/definitions/1/0/objectProfile.xsd" pid="changeme:52"
        ><objLabel></objLabel><objOwnerId>fedoraAdmin</objOwnerId><objModels><model>info:fedora/afmodel:Nyucore</model><model>info:fedora/fedora-system:FedoraObject-3.0</model></objModels><objCreateDate>2014-05-08T21:48:27.465Z</objCreateDate><objLastModDate>2014-05-08T21:48:28.583Z</objLastModDate><objDissIndexViewURL>http://localhost:8983/fedora-test/objects/changeme%3A52/methods/fedora-system%3A3/viewMethodIndex</objDissIndexViewURL><objItemIndexViewURL>http://localhost:8983/fedora-test/objects/changeme%3A52/methods/fedora-system%3A3/viewItemIndex</objItemIndexViewURL><objState>A</objState></objectProfile>
    http_version: 
  recorded_at: Thu, 08 May 2014 21:48:28 GMT
- request:
    method: get
    uri: http://fedoraAdmin:fedoraAdmin@127.0.0.1:8983/fedora-test/objects/changeme:52/datastreams?format=xml
    body:
      encoding: US-ASCII
      string: ''
    headers:
      Accept:
      - ! '*/*; q=0.5, application/xml'
      Accept-Encoding:
      - gzip, deflate
      User-Agent:
      - Ruby
  response:
    status:
      code: 200
      message: OK
    headers:
      Set-Cookie:
      - JSESSIONID=1ha0f6sx0ybj11qoqeq2bxj75m;Path=/fedora-test
      Expires:
      - Thu, 01 Jan 1970 00:00:00 GMT
      Content-Type:
      - text/xml
      Date:
      - Thu, 08 May 2014 21:48:28 GMT
      Content-Length:
      - '712'
    body:
      encoding: US-ASCII
      string: <?xml version="1.0" encoding="UTF-8"?><objectDatastreams  xmlns="http://www.fedora.info/definitions/1/0/access/"
        xmlns:xsd="http://www.w3.org/2001/XMLSchema"  xmlns:xsi="http://www.w3.org/2001/XMLSchema-instance"  xsi:schemaLocation="http://www.fedora.info/definitions/1/0/access/
        http://www.fedora-commons.org/definitions/1/0/listDatastreams.xsd" pid="changeme:52"  baseURL="http://localhost:8983/fedora-test/"
        >    <datastream dsid="DC" label="Dublin Core Record for this object" mimeType="text/xml"
        />    <datastream dsid="RELS-EXT" label="Fedora Object-to-Object Relationship
        Metadata" mimeType="application/rdf+xml" />    <datastream dsid="descMetadata"
        label="" mimeType="text/plain" /></objectDatastreams>
    http_version: 
  recorded_at: Thu, 08 May 2014 21:48:28 GMT
- request:
    method: get
    uri: http://fedoraAdmin:fedoraAdmin@127.0.0.1:8983/fedora-test/objects/changeme:52/datastreams/RELS-EXT?format=xml
    body:
      encoding: US-ASCII
      string: ''
    headers:
      Accept:
      - ! '*/*; q=0.5, application/xml'
      Accept-Encoding:
      - gzip, deflate
      User-Agent:
      - Ruby
  response:
    status:
      code: 200
      message: OK
    headers:
      Set-Cookie:
      - JSESSIONID=1iuxblh8r7ogg1ksm42lo5xlu;Path=/fedora-test
      Expires:
      - Thu, 01 Jan 1970 00:00:00 GMT
      Content-Type:
      - text/xml
      Date:
      - Thu, 08 May 2014 21:48:28 GMT
      Content-Length:
      - '915'
    body:
      encoding: US-ASCII
      string: <?xml version="1.0" encoding="UTF-8"?><datastreamProfile  xmlns="http://www.fedora.info/definitions/1/0/management/"  xmlns:xsd="http://www.w3.org/2001/XMLSchema"
        xmlns:xsi="http://www.w3.org/2001/XMLSchema-instance" xsi:schemaLocation="http://www.fedora.info/definitions/1/0/management/
        http://www.fedora.info/definitions/1/0/datastreamProfile.xsd" pid="changeme:52"
        dsID="RELS-EXT" ><dsLabel>Fedora Object-to-Object Relationship Metadata</dsLabel><dsVersionID>RELS-EXT.0</dsVersionID><dsCreateDate>2014-05-08T21:48:27.620Z</dsCreateDate><dsState>A</dsState><dsMIME>application/rdf+xml</dsMIME><dsFormatURI></dsFormatURI><dsControlGroup>X</dsControlGroup><dsSize>281</dsSize><dsVersionable>true</dsVersionable><dsInfoType></dsInfoType><dsLocation>changeme:52+RELS-EXT+RELS-EXT.0</dsLocation><dsLocationType></dsLocationType><dsChecksumType>DISABLED</dsChecksumType><dsChecksum>none</dsChecksum></datastreamProfile>
    http_version: 
  recorded_at: Thu, 08 May 2014 21:48:28 GMT
- request:
    method: get
    uri: http://fedoraAdmin:fedoraAdmin@127.0.0.1:8983/fedora-test/objects/changeme:52/datastreams/RELS-EXT/content
    body:
      encoding: US-ASCII
      string: ''
    headers:
      Accept:
      - ! '*/*; q=0.5, application/xml'
      Accept-Encoding:
      - gzip, deflate
      User-Agent:
      - Ruby
  response:
    status:
      code: 200
      message: OK
    headers:
      Set-Cookie:
      - JSESSIONID=mnvatqj2v34g13gj9y5udop6y;Path=/fedora-test
      Expires:
      - Thu, 01 Jan 1970 00:00:00 GMT
      Content-Disposition:
      - inline; filename="Fedora Object-to-Object Relationship Metadata.rdf"
      Content-Length:
      - '281'
      Content-Type:
      - application/rdf+xml
      Date:
      - Thu, 08 May 2014 21:48:28 GMT
    body:
      encoding: US-ASCII
      string: ! "\n<rdf:RDF xmlns:ns0=\"info:fedora/fedora-system:def/model#\" xmlns:rdf=\"http://www.w3.org/1999/02/22-rdf-syntax-ns#\">\n
        \ <rdf:Description rdf:about=\"info:fedora/changeme:52\">\n    <ns0:hasModel
        rdf:resource=\"info:fedora/afmodel:Nyucore\"></ns0:hasModel>\n  </rdf:Description>\n</rdf:RDF>\n"
    http_version: 
  recorded_at: Thu, 08 May 2014 21:48:28 GMT
- request:
    method: get
    uri: http://fedoraAdmin:fedoraAdmin@127.0.0.1:8983/fedora-test/objects/changeme:52/datastreams/descMetadata?format=xml
    body:
      encoding: US-ASCII
      string: ''
    headers:
      Accept:
      - ! '*/*; q=0.5, application/xml'
      Accept-Encoding:
      - gzip, deflate
      User-Agent:
      - Ruby
  response:
    status:
      code: 200
      message: OK
    headers:
      Set-Cookie:
      - JSESSIONID=apxeh1i4tz5p1pdkdedx7hemb;Path=/fedora-test
      Expires:
      - Thu, 01 Jan 1970 00:00:00 GMT
      Content-Type:
      - text/xml
      Date:
      - Thu, 08 May 2014 21:48:28 GMT
      Content-Length:
      - '889'
    body:
      encoding: US-ASCII
      string: <?xml version="1.0" encoding="UTF-8"?><datastreamProfile  xmlns="http://www.fedora.info/definitions/1/0/management/"  xmlns:xsd="http://www.w3.org/2001/XMLSchema"
        xmlns:xsi="http://www.w3.org/2001/XMLSchema-instance" xsi:schemaLocation="http://www.fedora.info/definitions/1/0/management/
        http://www.fedora.info/definitions/1/0/datastreamProfile.xsd" pid="changeme:52"
        dsID="descMetadata" ><dsLabel></dsLabel><dsVersionID>descMetadata.0</dsVersionID><dsCreateDate>2014-05-08T21:48:28.583Z</dsCreateDate><dsState>A</dsState><dsMIME>text/plain</dsMIME><dsFormatURI></dsFormatURI><dsControlGroup>M</dsControlGroup><dsSize>1034</dsSize><dsVersionable>true</dsVersionable><dsInfoType></dsInfoType><dsLocation>changeme:52+descMetadata+descMetadata.0</dsLocation><dsLocationType>INTERNAL_ID</dsLocationType><dsChecksumType>DISABLED</dsChecksumType><dsChecksum>none</dsChecksum></datastreamProfile>
    http_version: 
  recorded_at: Thu, 08 May 2014 21:48:28 GMT
- request:
    method: get
    uri: http://fedoraAdmin:fedoraAdmin@127.0.0.1:8983/fedora-test/objects/changeme:52/datastreams/descMetadata/content
    body:
      encoding: US-ASCII
      string: ''
    headers:
      Accept:
      - ! '*/*; q=0.5, application/xml'
      Accept-Encoding:
      - gzip, deflate
      User-Agent:
      - Ruby
  response:
    status:
      code: 200
      message: OK
    headers:
      Set-Cookie:
      - JSESSIONID=iihkpprfkd5h1f19781s4r40e;Path=/fedora-test
      Expires:
      - Thu, 01 Jan 1970 00:00:00 GMT
      Content-Disposition:
      - inline; filename="descMetadata.txt"
      Content-Length:
      - '1034'
      Content-Type:
      - text/plain
      Date:
      - Thu, 08 May 2014 21:48:28 GMT
    body:
      encoding: US-ASCII
      string: ! '<info:fedora/changeme:52> <http://purl.org/dc/terms/title> "My record"
        .

        <info:fedora/changeme:52> <http://purl.org/dc/terms/creator> "The Man" .

        <info:fedora/changeme:52> <http://purl.org/dc/terms/publisher> "NYU" .

        <info:fedora/changeme:52> <http://purl.org/dc/terms/identifier> "rec123" .

        <info:fedora/changeme:52> <http://harper.bobst.nyu.edu/data/nyucore#available>
        "Not sure what this is" .

        <info:fedora/changeme:52> <http://purl.org/dc/terms/type> "Geospatial Dataset"
        .

        <info:fedora/changeme:52> <http://purl.org/dc/terms/description> "This is
        a record" .

        <info:fedora/changeme:52> <http://harper.bobst.nyu.edu/data/nyucore#edition>
        "Ed 1" .

        <info:fedora/changeme:52> <http://harper.bobst.nyu.edu/data/nyucore#series>
        "Series 1" .

        <info:fedora/changeme:52> <http://harper.bobst.nyu.edu/data/nyucore#version>
        "V1" .

        <info:fedora/changeme:52> <http://purl.org/dc/terms/date> "12/05/2014" .

        <info:fedora/changeme:52> <http://purl.org/dc/terms/format> "some" .

        <info:fedora/changeme:52> <http://purl.org/dc/terms/language> "en" .

'
    http_version: 
  recorded_at: Thu, 08 May 2014 21:48:28 GMT
- request:
    method: get
    uri: http://fedoraAdmin:fedoraAdmin@127.0.0.1:8983/fedora-test/objects/changeme:52/datastreams/DC?format=xml
    body:
      encoding: US-ASCII
      string: ''
    headers:
      Accept:
      - ! '*/*; q=0.5, application/xml'
      Accept-Encoding:
      - gzip, deflate
      User-Agent:
      - Ruby
  response:
    status:
      code: 200
      message: OK
    headers:
      Set-Cookie:
      - JSESSIONID=vuioenqo5i3jbn6wy3a96r0c;Path=/fedora-test
      Expires:
      - Thu, 01 Jan 1970 00:00:00 GMT
      Content-Type:
      - text/xml
      Date:
      - Thu, 08 May 2014 21:48:28 GMT
      Content-Length:
      - '914'
    body:
      encoding: US-ASCII
      string: <?xml version="1.0" encoding="UTF-8"?><datastreamProfile  xmlns="http://www.fedora.info/definitions/1/0/management/"  xmlns:xsd="http://www.w3.org/2001/XMLSchema"
        xmlns:xsi="http://www.w3.org/2001/XMLSchema-instance" xsi:schemaLocation="http://www.fedora.info/definitions/1/0/management/
        http://www.fedora.info/definitions/1/0/datastreamProfile.xsd" pid="changeme:52"
        dsID="DC" ><dsLabel>Dublin Core Record for this object</dsLabel><dsVersionID>DC1.0</dsVersionID><dsCreateDate>2014-05-08T21:48:27.465Z</dsCreateDate><dsState>A</dsState><dsMIME>text/xml</dsMIME><dsFormatURI>http://www.openarchives.org/OAI/2.0/oai_dc/</dsFormatURI><dsControlGroup>X</dsControlGroup><dsSize>340</dsSize><dsVersionable>true</dsVersionable><dsInfoType></dsInfoType><dsLocation>changeme:52+DC+DC1.0</dsLocation><dsLocationType></dsLocationType><dsChecksumType>DISABLED</dsChecksumType><dsChecksum>none</dsChecksum></datastreamProfile>
    http_version: 
  recorded_at: Thu, 08 May 2014 21:48:28 GMT
- request:
    method: get
    uri: http://fedoraAdmin:fedoraAdmin@127.0.0.1:8983/fedora-test/objects/changeme:52/datastreams/DC/content
    body:
      encoding: US-ASCII
      string: ''
    headers:
      Accept:
      - ! '*/*; q=0.5, application/xml'
      Accept-Encoding:
      - gzip, deflate
      User-Agent:
      - Ruby
  response:
    status:
      code: 200
      message: OK
    headers:
      Set-Cookie:
      - JSESSIONID=j6qca8fop5ysceylrvd26tjr;Path=/fedora-test
      Expires:
      - Thu, 01 Jan 1970 00:00:00 GMT
      Content-Disposition:
      - inline; filename="Dublin Core Record for this object.xml"
      Content-Length:
      - '340'
      Content-Type:
      - text/xml
      Date:
      - Thu, 08 May 2014 21:48:28 GMT
    body:
      encoding: US-ASCII
      string: ! "\n<oai_dc:dc xmlns:oai_dc=\"http://www.openarchives.org/OAI/2.0/oai_dc/\"
        xmlns:dc=\"http://purl.org/dc/elements/1.1/\" xmlns:xsi=\"http://www.w3.org/2001/XMLSchema-instance\"
        xsi:schemaLocation=\"http://www.openarchives.org/OAI/2.0/oai_dc/ http://www.openarchives.org/OAI/2.0/oai_dc.xsd\">\n
        \ <dc:identifier>changeme:52</dc:identifier>\n</oai_dc:dc>\n"
    http_version: 
  recorded_at: Thu, 08 May 2014 21:48:28 GMT
- request:
    method: put
    uri: http://fedoraAdmin:fedoraAdmin@127.0.0.1:8983/fedora-test/objects/changeme:52/datastreams/descMetadata?mimeType=text/plain
    body:
      encoding: UTF-8
      string: ! '<info:fedora/changeme:52> <http://purl.org/dc/terms/creator> "The
        Man" .

        <info:fedora/changeme:52> <http://purl.org/dc/terms/publisher> "NYU" .

        <info:fedora/changeme:52> <http://purl.org/dc/terms/identifier> "rec123" .

        <info:fedora/changeme:52> <http://harper.bobst.nyu.edu/data/nyucore#available>
        "Not sure what this is" .

        <info:fedora/changeme:52> <http://purl.org/dc/terms/type> "Geospatial Dataset"
        .

        <info:fedora/changeme:52> <http://purl.org/dc/terms/description> "This is
        a record" .

        <info:fedora/changeme:52> <http://harper.bobst.nyu.edu/data/nyucore#edition>
        "Ed 1" .

        <info:fedora/changeme:52> <http://harper.bobst.nyu.edu/data/nyucore#series>
        "Series 1" .

        <info:fedora/changeme:52> <http://harper.bobst.nyu.edu/data/nyucore#version>
        "V1" .

        <info:fedora/changeme:52> <http://purl.org/dc/terms/date> "12/05/2014" .

        <info:fedora/changeme:52> <http://purl.org/dc/terms/format> "some" .

        <info:fedora/changeme:52> <http://purl.org/dc/terms/language> "en" .

        <info:fedora/changeme:52> <http://purl.org/dc/terms/title> "A new title" .

'
    headers:
      Accept:
      - ! '*/*; q=0.5, application/xml'
      Accept-Encoding:
      - gzip, deflate
      Multipart:
      - 'true'
      Content-Type:
      - text/plain
      Content-Length:
      - '1036'
      User-Agent:
      - Ruby
  response:
    status:
      code: 200
      message: OK
    headers:
      Set-Cookie:
      - JSESSIONID=ym4mi0szr0u19totktvvuue3;Path=/fedora-test
      Expires:
      - Thu, 01 Jan 1970 00:00:00 GMT
      Content-Type:
      - text/xml
      Date:
      - Thu, 08 May 2014 21:48:29 GMT
      Content-Length:
      - '889'
    body:
      encoding: US-ASCII
      string: <?xml version="1.0" encoding="UTF-8"?><datastreamProfile  xmlns="http://www.fedora.info/definitions/1/0/management/"  xmlns:xsd="http://www.w3.org/2001/XMLSchema"
        xmlns:xsi="http://www.w3.org/2001/XMLSchema-instance" xsi:schemaLocation="http://www.fedora.info/definitions/1/0/management/
        http://www.fedora.info/definitions/1/0/datastreamProfile.xsd" pid="changeme:52"
        dsID="descMetadata" ><dsLabel></dsLabel><dsVersionID>descMetadata.1</dsVersionID><dsCreateDate>2014-05-08T21:48:29.608Z</dsCreateDate><dsState>A</dsState><dsMIME>text/plain</dsMIME><dsFormatURI></dsFormatURI><dsControlGroup>M</dsControlGroup><dsSize>1036</dsSize><dsVersionable>true</dsVersionable><dsInfoType></dsInfoType><dsLocation>changeme:52+descMetadata+descMetadata.1</dsLocation><dsLocationType>INTERNAL_ID</dsLocationType><dsChecksumType>DISABLED</dsChecksumType><dsChecksum>none</dsChecksum></datastreamProfile>
    http_version: 
  recorded_at: Thu, 08 May 2014 21:48:29 GMT
- request:
    method: get
    uri: http://fedoraAdmin:fedoraAdmin@127.0.0.1:8983/fedora-test/objects/changeme:52/datastreams/descMetadata?format=xml
    body:
      encoding: US-ASCII
      string: ''
    headers:
      Accept:
      - ! '*/*; q=0.5, application/xml'
      Accept-Encoding:
      - gzip, deflate
      User-Agent:
      - Ruby
  response:
    status:
      code: 200
      message: OK
    headers:
      Set-Cookie:
      - JSESSIONID=13oxuai1o3nbxi41hu45b8rqq;Path=/fedora-test
      Expires:
      - Thu, 01 Jan 1970 00:00:00 GMT
      Content-Type:
      - text/xml
      Date:
      - Thu, 08 May 2014 21:48:29 GMT
      Content-Length:
      - '889'
    body:
      encoding: US-ASCII
      string: <?xml version="1.0" encoding="UTF-8"?><datastreamProfile  xmlns="http://www.fedora.info/definitions/1/0/management/"  xmlns:xsd="http://www.w3.org/2001/XMLSchema"
        xmlns:xsi="http://www.w3.org/2001/XMLSchema-instance" xsi:schemaLocation="http://www.fedora.info/definitions/1/0/management/
        http://www.fedora.info/definitions/1/0/datastreamProfile.xsd" pid="changeme:52"
        dsID="descMetadata" ><dsLabel></dsLabel><dsVersionID>descMetadata.1</dsVersionID><dsCreateDate>2014-05-08T21:48:29.608Z</dsCreateDate><dsState>A</dsState><dsMIME>text/plain</dsMIME><dsFormatURI></dsFormatURI><dsControlGroup>M</dsControlGroup><dsSize>1036</dsSize><dsVersionable>true</dsVersionable><dsInfoType></dsInfoType><dsLocation>changeme:52+descMetadata+descMetadata.1</dsLocation><dsLocationType>INTERNAL_ID</dsLocationType><dsChecksumType>DISABLED</dsChecksumType><dsChecksum>none</dsChecksum></datastreamProfile>
    http_version: 
  recorded_at: Thu, 08 May 2014 21:48:29 GMT
- request:
    method: post
    uri: http://127.0.0.1:8983/solr/test/update?wt=ruby
    body:
      encoding: US-ASCII
      string: <?xml version="1.0" encoding="UTF-8"?><add><doc><field name="system_create_dtsi">2014-05-08T21:48:27Z</field><field
        name="system_modified_dtsi">2014-05-08T21:48:28Z</field><field name="object_state_ssi">A</field><field
        name="active_fedora_model_ssi">Nyucore</field><field name="id">changeme:52</field><field
        name="object_profile_ssm">{"datastreams":{"DC":{"dsLabel":"Dublin Core Record
        for this object","dsVersionID":"DC1.0","dsCreateDate":"2014-05-08T21:48:27Z","dsState":"A","dsMIME":"text/xml","dsFormatURI":"http://www.openarchives.org/OAI/2.0/oai_dc/","dsControlGroup":"X","dsSize":340,"dsVersionable":true,"dsInfoType":null,"dsLocation":"changeme:52+DC+DC1.0","dsLocationType":null,"dsChecksumType":"DISABLED","dsChecksum":"none"},"RELS-EXT":{"dsLabel":"Fedora
        Object-to-Object Relationship Metadata","dsVersionID":"RELS-EXT.0","dsCreateDate":"2014-05-08T21:48:27Z","dsState":"A","dsMIME":"application/rdf+xml","dsFormatURI":null,"dsControlGroup":"X","dsSize":281,"dsVersionable":true,"dsInfoType":null,"dsLocation":"changeme:52+RELS-EXT+RELS-EXT.0","dsLocationType":null,"dsChecksumType":"DISABLED","dsChecksum":"none"},"descMetadata":{"dsLabel":null,"dsVersionID":"descMetadata.1","dsCreateDate":"2014-05-08T21:48:29Z","dsState":"A","dsMIME":"text/plain","dsFormatURI":null,"dsControlGroup":"M","dsSize":1036,"dsVersionable":true,"dsInfoType":null,"dsLocation":"changeme:52+descMetadata+descMetadata.1","dsLocationType":"INTERNAL_ID","dsChecksumType":"DISABLED","dsChecksum":"none"}},"objLabel":null,"objOwnerId":"fedoraAdmin","objModels":["info:fedora/afmodel:Nyucore","info:fedora/fedora-system:FedoraObject-3.0"],"objCreateDate":"2014-05-08T21:48:27Z","objLastModDate":"2014-05-08T21:48:28Z","objDissIndexViewURL":"http://localhost:8983/fedora-test/objects/changeme%3A52/methods/fedora-system%3A3/viewMethodIndex","objItemIndexViewURL":"http://localhost:8983/fedora-test/objects/changeme%3A52/methods/fedora-system%3A3/viewItemIndex","objState":"A"}</field><field
        name="desc_metadata__creator_tesim">The Man</field><field name="desc_metadata__creator_sim">The
        Man</field><field name="desc_metadata__publisher_tesim">NYU</field><field
        name="desc_metadata__identifier_tesim">rec123</field><field name="desc_metadata__available_tesim">Not
        sure what this is</field><field name="desc_metadata__type_tesim">Geospatial
        Dataset</field><field name="desc_metadata__type_sim">Geospatial Dataset</field><field
        name="desc_metadata__description_tesim">This is a record</field><field name="desc_metadata__edition_tesim">Ed
        1</field><field name="desc_metadata__series_tesim">Series 1</field><field
        name="desc_metadata__version_tesim">V1</field><field name="desc_metadata__date_tesim">12/05/2014</field><field
        name="desc_metadata__format_tesim">some</field><field name="desc_metadata__language_tesim">en</field><field
        name="desc_metadata__language_sim">en</field><field name="desc_metadata__title_tesim">A
        new title</field><field name="has_model_ssim">info:fedora/afmodel:Nyucore</field></doc></add>
    headers:
      Content-Type:
      - text/xml
  response:
    status:
      code: 200
      message: OK
    headers:
      Content-Type:
      - text/plain;charset=UTF-8
      Transfer-Encoding:
      - chunked
    body:
      encoding: US-ASCII
      string: ! '{''responseHeader''=>{''status''=>0,''QTime''=>2}}

'
    http_version: 
  recorded_at: Thu, 08 May 2014 21:48:29 GMT
- request:
    method: post
    uri: http://127.0.0.1:8983/solr/test/update?wt=ruby
    body:
      encoding: US-ASCII
      string: <?xml version="1.0" encoding="UTF-8"?><commit/>
    headers:
      Content-Type:
      - text/xml
  response:
    status:
      code: 200
      message: OK
    headers:
      Content-Type:
      - text/plain;charset=UTF-8
      Transfer-Encoding:
      - chunked
    body:
      encoding: US-ASCII
      string: ! '{''responseHeader''=>{''status''=>0,''QTime''=>8}}

'
    http_version: 
  recorded_at: Thu, 08 May 2014 21:48:29 GMT
recorded_with: VCR 2.8.0
