---
http_interactions:
- request:
    method: post
    uri: http://fedoraAdmin:fedoraAdmin@127.0.0.1:8983/fedora-test/objects/nextPID?format=xml
    body:
      encoding: US-ASCII
      string: ''
    headers:
      Accept:
      - ! '*/*; q=0.5, application/xml'
      Accept-Encoding:
      - gzip, deflate
      User-Agent:
      - Ruby
  response:
    status:
      code: 200
      message: OK
    headers:
      Set-Cookie:
      - JSESSIONID=1kemolxvxvoay1qjz3ue7fkxsh;Path=/fedora-test
      Expires:
      - Thu, 01 Jan 1970 00:00:00 GMT
      Content-Type:
      - text/xml
      Date:
      - Tue, 09 Sep 2014 00:08:48 GMT
      Content-Length:
      - '374'
    body:
      encoding: US-ASCII
      string: ! '<?xml version="1.0" encoding="UTF-8"?>

        <pidList  xmlns="http://www.fedora.info/definitions/1/0/management/"  xmlns:xsd="http://www.w3.org/2001/XMLSchema"
        xmlns:xsi="http://www.w3.org/2001/XMLSchema-instance" xsi:schemaLocation="http://www.fedora.info/definitions/1/0/management/
        http://www.fedora.info/definitions/1/0/getNextPIDInfo.xsd">  <pid>changeme:37</pid>

        </pidList>

'
    http_version: 
  recorded_at: Tue, 09 Sep 2014 00:08:48 GMT
- request:
    method: get
    uri: http://fedoraAdmin:fedoraAdmin@127.0.0.1:8983/fedora-test/objects/changeme:37/datastreams?format=xml
    body:
      encoding: US-ASCII
      string: ''
    headers:
      Accept:
      - ! '*/*; q=0.5, application/xml'
      Accept-Encoding:
      - gzip, deflate
      User-Agent:
      - Ruby
  response:
    status:
      code: 404
      message: Not Found
    headers:
      Set-Cookie:
      - JSESSIONID=185ti1o78agqb1wxpqtn6ziqza;Path=/fedora-test
      Expires:
      - Thu, 01 Jan 1970 00:00:00 GMT
      Content-Type:
      - text/plain
      Date:
      - Tue, 09 Sep 2014 00:08:48 GMT
      Content-Length:
      - '50'
    body:
      encoding: US-ASCII
      string: ! 'Object not found in low-level storage: changeme:37'
    http_version: 
  recorded_at: Tue, 09 Sep 2014 00:08:48 GMT
- request:
    method: get
    uri: http://fedoraAdmin:fedoraAdmin@127.0.0.1:8983/fedora-test/objects/changeme:37?format=xml
    body:
      encoding: US-ASCII
      string: ''
    headers:
      Accept:
      - ! '*/*; q=0.5, application/xml'
      Accept-Encoding:
      - gzip, deflate
      User-Agent:
      - Ruby
  response:
    status:
      code: 404
      message: Not Found
    headers:
      Set-Cookie:
      - JSESSIONID=16dnb93th70j61qm9mkypaxvld;Path=/fedora-test
      Expires:
      - Thu, 01 Jan 1970 00:00:00 GMT
      Content-Type:
      - text/plain
      Date:
      - Tue, 09 Sep 2014 00:08:48 GMT
      Content-Length:
      - '50'
    body:
      encoding: US-ASCII
      string: ! 'Object not found in low-level storage: changeme:37'
    http_version: 
  recorded_at: Tue, 09 Sep 2014 00:08:48 GMT
- request:
    method: get
    uri: http://fedoraAdmin:fedoraAdmin@127.0.0.1:8983/fedora-test/objects/changeme:37/datastreams/RELS-EXT?format=xml
    body:
      encoding: US-ASCII
      string: ''
    headers:
      Accept:
      - ! '*/*; q=0.5, application/xml'
      Accept-Encoding:
      - gzip, deflate
      User-Agent:
      - Ruby
  response:
    status:
      code: 404
      message: Not Found
    headers:
      Set-Cookie:
      - JSESSIONID=1x2y7hhcp69471ckamj0cjvcul;Path=/fedora-test
      Expires:
      - Thu, 01 Jan 1970 00:00:00 GMT
      Content-Type:
      - text/plain
      Date:
      - Tue, 09 Sep 2014 00:08:48 GMT
      Content-Length:
      - '50'
    body:
      encoding: US-ASCII
      string: ! 'Object not found in low-level storage: changeme:37'
    http_version: 
  recorded_at: Tue, 09 Sep 2014 00:08:48 GMT
- request:
    method: get
    uri: http://fedoraAdmin:fedoraAdmin@127.0.0.1:8983/fedora-test/objects/changeme:37/datastreams/rightsMetadata?format=xml
    body:
      encoding: US-ASCII
      string: ''
    headers:
      Accept:
      - ! '*/*; q=0.5, application/xml'
      Accept-Encoding:
      - gzip, deflate
      User-Agent:
      - Ruby
  response:
    status:
      code: 404
      message: Not Found
    headers:
      Set-Cookie:
      - JSESSIONID=1wwm3in8mvoadrghb16a5csbq;Path=/fedora-test
      Expires:
      - Thu, 01 Jan 1970 00:00:00 GMT
      Content-Type:
      - text/plain
      Date:
      - Tue, 09 Sep 2014 00:08:48 GMT
      Content-Length:
      - '50'
    body:
      encoding: US-ASCII
      string: ! 'Object not found in low-level storage: changeme:37'
    http_version: 
  recorded_at: Tue, 09 Sep 2014 00:08:48 GMT
- request:
    method: get
    uri: http://fedoraAdmin:fedoraAdmin@127.0.0.1:8983/fedora-test/objects/changeme:37/datastreams/source_metadata?format=xml
    body:
      encoding: US-ASCII
      string: ''
    headers:
      Accept:
      - ! '*/*; q=0.5, application/xml'
      Accept-Encoding:
      - gzip, deflate
      User-Agent:
      - Ruby
  response:
    status:
      code: 404
      message: Not Found
    headers:
      Set-Cookie:
      - JSESSIONID=z315bkz9mzqr1e3rmdb72lhxt;Path=/fedora-test
      Expires:
      - Thu, 01 Jan 1970 00:00:00 GMT
      Content-Type:
      - text/plain
      Date:
      - Tue, 09 Sep 2014 00:08:48 GMT
      Content-Length:
      - '50'
    body:
      encoding: US-ASCII
      string: ! 'Object not found in low-level storage: changeme:37'
    http_version: 
  recorded_at: Tue, 09 Sep 2014 00:08:48 GMT
- request:
    method: get
    uri: http://fedoraAdmin:fedoraAdmin@127.0.0.1:8983/fedora-test/objects/changeme:37/datastreams/native_metadata?format=xml
    body:
      encoding: US-ASCII
      string: ''
    headers:
      Accept:
      - ! '*/*; q=0.5, application/xml'
      Accept-Encoding:
      - gzip, deflate
      User-Agent:
      - Ruby
  response:
    status:
      code: 404
      message: Not Found
    headers:
      Set-Cookie:
      - JSESSIONID=11qfhbyjfow5s1wdrthxloz9of;Path=/fedora-test
      Expires:
      - Thu, 01 Jan 1970 00:00:00 GMT
      Content-Type:
      - text/plain
      Date:
      - Tue, 09 Sep 2014 00:08:48 GMT
      Content-Length:
      - '50'
    body:
      encoding: US-ASCII
      string: ! 'Object not found in low-level storage: changeme:37'
    http_version: 
  recorded_at: Tue, 09 Sep 2014 00:08:48 GMT
- request:
    method: post
    uri: http://fedoraAdmin:fedoraAdmin@127.0.0.1:8983/fedora-test/objects/changeme:37
    body:
      encoding: US-ASCII
      string: ''
    headers:
      Accept:
      - ! '*/*; q=0.5, application/xml'
      Accept-Encoding:
      - gzip, deflate
      Content-Type:
      - text/xml
      User-Agent:
      - Ruby
  response:
    status:
      code: 201
      message: Created
    headers:
      Set-Cookie:
      - JSESSIONID=pzpl3cwb22l2v4ug74bh40kz;Path=/fedora-test
      Expires:
      - Thu, 01 Jan 1970 00:00:00 GMT
      Content-Type:
      - application/xml
      Date:
      - Tue, 09 Sep 2014 00:08:48 GMT
      Location:
      - http://127.0.0.1:8983/fedora-test/objects/changeme%3A37
      Content-Length:
      - '11'
    body:
      encoding: US-ASCII
      string: changeme:37
    http_version: 
  recorded_at: Tue, 09 Sep 2014 00:08:48 GMT
- request:
    method: get
    uri: http://fedoraAdmin:fedoraAdmin@127.0.0.1:8983/fedora-test/objects/changeme:37?format=xml
    body:
      encoding: US-ASCII
      string: ''
    headers:
      Accept:
      - ! '*/*; q=0.5, application/xml'
      Accept-Encoding:
      - gzip, deflate
      User-Agent:
      - Ruby
  response:
    status:
      code: 200
      message: OK
    headers:
      Set-Cookie:
      - JSESSIONID=c84v30747hzn1m1olvndckgf9;Path=/fedora-test
      Expires:
      - Thu, 01 Jan 1970 00:00:00 GMT
      Content-Type:
      - text/xml
      Date:
      - Tue, 09 Sep 2014 00:08:48 GMT
      Content-Length:
      - '918'
    body:
      encoding: US-ASCII
      string: <?xml version="1.0" encoding="UTF-8"?><objectProfile  xmlns="http://www.fedora.info/definitions/1/0/access/"  xmlns:xsd="http://www.w3.org/2001/XMLSchema"
        xmlns:xsi="http://www.w3.org/2001/XMLSchema-instance" xsi:schemaLocation="http://www.fedora.info/definitions/1/0/access/
        http://www.fedora.info/definitions/1/0/objectProfile.xsd" pid="changeme:37"
        ><objLabel></objLabel><objOwnerId>fedoraAdmin</objOwnerId><objModels><model>info:fedora/fedora-system:FedoraObject-3.0</model></objModels><objCreateDate>2014-09-09T00:08:48.906Z</objCreateDate><objLastModDate>2014-09-09T00:08:48.906Z</objLastModDate><objDissIndexViewURL>http://localhost:8983/fedora-test/objects/changeme%3A37/methods/fedora-system%3A3/viewMethodIndex</objDissIndexViewURL><objItemIndexViewURL>http://localhost:8983/fedora-test/objects/changeme%3A37/methods/fedora-system%3A3/viewItemIndex</objItemIndexViewURL><objState>A</objState></objectProfile>
    http_version: 
  recorded_at: Tue, 09 Sep 2014 00:08:48 GMT
- request:
    method: post
    uri: http://fedoraAdmin:fedoraAdmin@127.0.0.1:8983/fedora-test/objects/changeme:37/datastreams/RELS-EXT?controlGroup=X&dsLabel=Fedora%20Object-to-Object%20Relationship%20Metadata&dsState=A&mimeType=application/rdf%2Bxml&versionable=true
    body:
      encoding: UTF-8
      string: ! "<?xml version=\"1.0\" encoding=\"UTF-8\"?>\n<rdf:RDF xmlns:rdf=\"http://www.w3.org/1999/02/22-rdf-syntax-ns#\"
        xmlns:ns0=\"info:fedora/fedora-system:def/model#\">\n  <rdf:Description rdf:about=\"info:fedora/changeme:37\">\n
        \   <ns0:hasModel rdf:resource=\"info:fedora/afmodel:Nyucore\"/>\n  </rdf:Description>\n</rdf:RDF>\n"
    headers:
      Accept:
      - ! '*/*; q=0.5, application/xml'
      Accept-Encoding:
      - gzip, deflate
      Content-Type:
      - application/rdf+xml
      Multipart:
      - 'true'
      Content-Length:
      - '305'
      User-Agent:
      - Ruby
  response:
    status:
      code: 201
      message: Created
    headers:
      Set-Cookie:
      - JSESSIONID=10nhijwwvdq5nzz1gd3jwh535;Path=/fedora-test
      Expires:
      - Thu, 01 Jan 1970 00:00:00 GMT
      Content-Type:
      - text/xml
      Date:
      - Tue, 09 Sep 2014 00:08:49 GMT
      Location:
      - http://127.0.0.1:8983/fedora-test/objects/changeme%3A37/datastreams/RELS-EXT
      Content-Length:
      - '915'
    body:
      encoding: US-ASCII
      string: <?xml version="1.0" encoding="UTF-8"?><datastreamProfile  xmlns="http://www.fedora.info/definitions/1/0/management/"  xmlns:xsd="http://www.w3.org/2001/XMLSchema"
        xmlns:xsi="http://www.w3.org/2001/XMLSchema-instance" xsi:schemaLocation="http://www.fedora.info/definitions/1/0/management/
        http://www.fedora.info/definitions/1/0/datastreamProfile.xsd" pid="changeme:37"
        dsID="RELS-EXT" ><dsLabel>Fedora Object-to-Object Relationship Metadata</dsLabel><dsVersionID>RELS-EXT.0</dsVersionID><dsCreateDate>2014-09-09T00:08:49.270Z</dsCreateDate><dsState>A</dsState><dsMIME>application/rdf+xml</dsMIME><dsFormatURI></dsFormatURI><dsControlGroup>X</dsControlGroup><dsSize>281</dsSize><dsVersionable>true</dsVersionable><dsInfoType></dsInfoType><dsLocation>changeme:37+RELS-EXT+RELS-EXT.0</dsLocation><dsLocationType></dsLocationType><dsChecksumType>DISABLED</dsChecksumType><dsChecksum>none</dsChecksum></datastreamProfile>
    http_version: 
  recorded_at: Tue, 09 Sep 2014 00:08:49 GMT
- request:
    method: post
    uri: http://fedoraAdmin:fedoraAdmin@127.0.0.1:8983/fedora-test/objects/changeme:37/datastreams/rightsMetadata?controlGroup=M&dsState=A&mimeType=text/xml&versionable=true
    body:
      encoding: US-ASCII
      string: ! "<rightsMetadata xmlns=\"http://hydra-collab.stanford.edu/schemas/rightsMetadata/v1\"
        version=\"0.1\">\n  <copyright>\n    <human type=\"title\"/>\n    <human type=\"description\"/>\n
        \   <machine type=\"uri\"/>\n  </copyright>\n  <access type=\"discover\">\n
        \   <human/>\n    <machine/>\n  </access>\n  <access type=\"read\">\n    <human/>\n
        \   <machine/>\n  </access>\n  <access type=\"edit\">\n    <human/>\n    <machine>\n
        \     <group>admin_group</group>\n    </machine>\n  </access>\n  <embargo>\n
        \   <human/>\n    <machine/>\n  </embargo>\n</rightsMetadata>"
    headers:
      Accept:
      - ! '*/*; q=0.5, application/xml'
      Accept-Encoding:
      - gzip, deflate
      Content-Type:
      - text/xml
      Multipart:
      - 'true'
      Content-Length:
      - '521'
      User-Agent:
      - Ruby
  response:
    status:
      code: 201
      message: Created
    headers:
      Set-Cookie:
      - JSESSIONID=1gb9qkjclfmn6x83tt5bjbbyp;Path=/fedora-test
      Expires:
      - Thu, 01 Jan 1970 00:00:00 GMT
      Content-Type:
      - text/xml
      Date:
      - Tue, 09 Sep 2014 00:08:49 GMT
      Location:
      - http://127.0.0.1:8983/fedora-test/objects/changeme%3A37/datastreams/rightsMetadata
      Content-Length:
      - '894'
    body:
      encoding: US-ASCII
      string: <?xml version="1.0" encoding="UTF-8"?><datastreamProfile  xmlns="http://www.fedora.info/definitions/1/0/management/"  xmlns:xsd="http://www.w3.org/2001/XMLSchema"
        xmlns:xsi="http://www.w3.org/2001/XMLSchema-instance" xsi:schemaLocation="http://www.fedora.info/definitions/1/0/management/
        http://www.fedora.info/definitions/1/0/datastreamProfile.xsd" pid="changeme:37"
        dsID="rightsMetadata" ><dsLabel></dsLabel><dsVersionID>rightsMetadata.0</dsVersionID><dsCreateDate>2014-09-09T00:08:49.353Z</dsCreateDate><dsState>A</dsState><dsMIME>text/xml</dsMIME><dsFormatURI></dsFormatURI><dsControlGroup>M</dsControlGroup><dsSize>521</dsSize><dsVersionable>true</dsVersionable><dsInfoType></dsInfoType><dsLocation>changeme:37+rightsMetadata+rightsMetadata.0</dsLocation><dsLocationType>INTERNAL_ID</dsLocationType><dsChecksumType>DISABLED</dsChecksumType><dsChecksum>none</dsChecksum></datastreamProfile>
    http_version: 
  recorded_at: Tue, 09 Sep 2014 00:08:49 GMT
- request:
    method: post
    uri: http://fedoraAdmin:fedoraAdmin@127.0.0.1:8983/fedora-test/objects/changeme:37/datastreams/source_metadata?controlGroup=M&dsState=A&mimeType=text/plain&versionable=true
    body:
      encoding: UTF-8
      string: ! '<info:fedora/changeme:37> <NyucoreMetadata::Vocabularyedition> "Old
        edition" .

'
    headers:
      Accept:
      - ! '*/*; q=0.5, application/xml'
      Accept-Encoding:
      - gzip, deflate
      Content-Type:
      - text/plain
      Multipart:
      - 'true'
      Content-Length:
      - '79'
      User-Agent:
      - Ruby
  response:
    status:
      code: 201
      message: Created
    headers:
      Set-Cookie:
      - JSESSIONID=13f1tepzv0bu1w638nt23dwgr;Path=/fedora-test
      Expires:
      - Thu, 01 Jan 1970 00:00:00 GMT
      Content-Type:
      - text/xml
      Date:
      - Tue, 09 Sep 2014 00:08:49 GMT
      Location:
      - http://127.0.0.1:8983/fedora-test/objects/changeme%3A37/datastreams/source_metadata
      Content-Length:
      - '899'
    body:
      encoding: US-ASCII
      string: <?xml version="1.0" encoding="UTF-8"?><datastreamProfile  xmlns="http://www.fedora.info/definitions/1/0/management/"  xmlns:xsd="http://www.w3.org/2001/XMLSchema"
        xmlns:xsi="http://www.w3.org/2001/XMLSchema-instance" xsi:schemaLocation="http://www.fedora.info/definitions/1/0/management/
        http://www.fedora.info/definitions/1/0/datastreamProfile.xsd" pid="changeme:37"
        dsID="source_metadata" ><dsLabel></dsLabel><dsVersionID>source_metadata.0</dsVersionID><dsCreateDate>2014-09-09T00:08:49.483Z</dsCreateDate><dsState>A</dsState><dsMIME>text/plain</dsMIME><dsFormatURI></dsFormatURI><dsControlGroup>M</dsControlGroup><dsSize>79</dsSize><dsVersionable>true</dsVersionable><dsInfoType></dsInfoType><dsLocation>changeme:37+source_metadata+source_metadata.0</dsLocation><dsLocationType>INTERNAL_ID</dsLocationType><dsChecksumType>DISABLED</dsChecksumType><dsChecksum>none</dsChecksum></datastreamProfile>
    http_version: 
  recorded_at: Tue, 09 Sep 2014 00:08:49 GMT
- request:
    method: post
    uri: http://fedoraAdmin:fedoraAdmin@127.0.0.1:8983/fedora-test/objects/changeme:37/datastreams/native_metadata?controlGroup=M&dsState=A&mimeType=text/plain&versionable=true
    body:
      encoding: UTF-8
      string: ! '<info:fedora/changeme:37> <http://purl.org/dc/terms/identifier> "NYCDCP_DCPLION_10CAV_489"
        .

        <info:fedora/changeme:37> <http://purl.org/dc/terms/title> "LION" .

        <info:fedora/changeme:37> <http://purl.org/dc/terms/creator> "Hugh Plisher"
        .

        <info:fedora/changeme:37> <NyucoreMetadata::Vocabularyavailable> "http://library.nyu.edu"
        .

        <info:fedora/changeme:37> <http://purl.org/dc/terms/description> "Lorem ipsum
        dolor sit amet, consectetur adipiscing elit. Curabitur non posuere lectus.
        In facilisis, arcu nec tempor vulputate, justo elit aliquet sapien, in tincidunt
        lorem purus eu nulla." .

        <info:fedora/changeme:37> <NyucoreMetadata::Vocabularyedition> "10C" .

        <info:fedora/changeme:37> <NyucoreMetadata::Vocabularyseries> "NYCDCP_DCPLION_10CAV"
        .

        <info:fedora/changeme:37> <NyucoreMetadata::Vocabularyversion> "DSS.NYCDCP_DCPLION_10cavDSS.BOLIVAR"
        .

        <info:fedora/changeme:37> <http://purl.org/dc/terms/date> "12/05/2014" .

        <info:fedora/changeme:37> <http://purl.org/dc/terms/date> "04/01/1666" .

        <info:fedora/changeme:37> <http://purl.org/dc/terms/type> "Rosie Stuff" .

        <info:fedora/changeme:37> <http://purl.org/dc/terms/language> "English" .

        <info:fedora/changeme:37> <http://purl.org/dc/terms/relation> "relation1"
        .

        <info:fedora/changeme:37> <http://purl.org/dc/terms/rights> "rights1" .

        <info:fedora/changeme:37> <http://purl.org/dc/terms/subject> "vexillology"
        .

        <info:fedora/changeme:37> <http://purl.org/dc/terms/publisher> "Rosie" .

        <info:fedora/changeme:37> <http://purl.org/dc/terms/format> "ZIP" .

        <info:fedora/changeme:37> <NyucoreMetadata::Vocabularycitation> "Cite" .

        <info:fedora/changeme:37> <NyucoreMetadata::Vocabularycitation> "Me" .

        <info:fedora/changeme:37> <Ichabod::Vocabularyaddinfotext> "Ask a Librarian"
        .

        <info:fedora/changeme:37> <Ichabod::Vocabularyaddinfolink> "http://library.nyu.edu/ask"
        .

'
    headers:
      Accept:
      - ! '*/*; q=0.5, application/xml'
      Accept-Encoding:
      - gzip, deflate
      Content-Type:
      - text/plain
      Multipart:
      - 'true'
      Content-Length:
      - '1824'
      User-Agent:
      - Ruby
  response:
    status:
      code: 201
      message: Created
    headers:
      Set-Cookie:
      - JSESSIONID=1xh0iawghn3m91ss1hap4kzn5t;Path=/fedora-test
      Expires:
      - Thu, 01 Jan 1970 00:00:00 GMT
      Content-Type:
      - text/xml
      Date:
      - Tue, 09 Sep 2014 00:08:51 GMT
      Location:
      - http://127.0.0.1:8983/fedora-test/objects/changeme%3A37/datastreams/native_metadata
      Content-Length:
      - '901'
    body:
      encoding: US-ASCII
      string: <?xml version="1.0" encoding="UTF-8"?><datastreamProfile  xmlns="http://www.fedora.info/definitions/1/0/management/"  xmlns:xsd="http://www.w3.org/2001/XMLSchema"
        xmlns:xsi="http://www.w3.org/2001/XMLSchema-instance" xsi:schemaLocation="http://www.fedora.info/definitions/1/0/management/
        http://www.fedora.info/definitions/1/0/datastreamProfile.xsd" pid="changeme:37"
        dsID="native_metadata" ><dsLabel></dsLabel><dsVersionID>native_metadata.0</dsVersionID><dsCreateDate>2014-09-09T00:08:51.264Z</dsCreateDate><dsState>A</dsState><dsMIME>text/plain</dsMIME><dsFormatURI></dsFormatURI><dsControlGroup>M</dsControlGroup><dsSize>1824</dsSize><dsVersionable>true</dsVersionable><dsInfoType></dsInfoType><dsLocation>changeme:37+native_metadata+native_metadata.0</dsLocation><dsLocationType>INTERNAL_ID</dsLocationType><dsChecksumType>DISABLED</dsChecksumType><dsChecksum>none</dsChecksum></datastreamProfile>
    http_version: 
  recorded_at: Tue, 09 Sep 2014 00:08:51 GMT
- request:
    method: get
    uri: http://fedoraAdmin:fedoraAdmin@127.0.0.1:8983/fedora-test/objects/changeme:37/datastreams/RELS-EXT?format=xml
    body:
      encoding: US-ASCII
      string: ''
    headers:
      Accept:
      - ! '*/*; q=0.5, application/xml'
      Accept-Encoding:
      - gzip, deflate
      User-Agent:
      - Ruby
  response:
    status:
      code: 200
      message: OK
    headers:
      Set-Cookie:
      - JSESSIONID=1xqlt6dy8452vesjqjmj4h2gf;Path=/fedora-test
      Expires:
      - Thu, 01 Jan 1970 00:00:00 GMT
      Content-Type:
      - text/xml
      Date:
      - Tue, 09 Sep 2014 00:08:51 GMT
      Content-Length:
      - '915'
    body:
      encoding: US-ASCII
      string: <?xml version="1.0" encoding="UTF-8"?><datastreamProfile  xmlns="http://www.fedora.info/definitions/1/0/management/"  xmlns:xsd="http://www.w3.org/2001/XMLSchema"
        xmlns:xsi="http://www.w3.org/2001/XMLSchema-instance" xsi:schemaLocation="http://www.fedora.info/definitions/1/0/management/
        http://www.fedora.info/definitions/1/0/datastreamProfile.xsd" pid="changeme:37"
        dsID="RELS-EXT" ><dsLabel>Fedora Object-to-Object Relationship Metadata</dsLabel><dsVersionID>RELS-EXT.0</dsVersionID><dsCreateDate>2014-09-09T00:08:49.270Z</dsCreateDate><dsState>A</dsState><dsMIME>application/rdf+xml</dsMIME><dsFormatURI></dsFormatURI><dsControlGroup>X</dsControlGroup><dsSize>281</dsSize><dsVersionable>true</dsVersionable><dsInfoType></dsInfoType><dsLocation>changeme:37+RELS-EXT+RELS-EXT.0</dsLocation><dsLocationType></dsLocationType><dsChecksumType>DISABLED</dsChecksumType><dsChecksum>none</dsChecksum></datastreamProfile>
    http_version: 
  recorded_at: Tue, 09 Sep 2014 00:08:51 GMT
- request:
    method: get
    uri: http://fedoraAdmin:fedoraAdmin@127.0.0.1:8983/fedora-test/objects/changeme:37/datastreams/rightsMetadata?format=xml
    body:
      encoding: US-ASCII
      string: ''
    headers:
      Accept:
      - ! '*/*; q=0.5, application/xml'
      Accept-Encoding:
      - gzip, deflate
      User-Agent:
      - Ruby
  response:
    status:
      code: 200
      message: OK
    headers:
      Set-Cookie:
      - JSESSIONID=19rq6zz0g8cut18rvekotf50dm;Path=/fedora-test
      Expires:
      - Thu, 01 Jan 1970 00:00:00 GMT
      Content-Type:
      - text/xml
      Date:
      - Tue, 09 Sep 2014 00:08:51 GMT
      Content-Length:
      - '894'
    body:
      encoding: US-ASCII
      string: <?xml version="1.0" encoding="UTF-8"?><datastreamProfile  xmlns="http://www.fedora.info/definitions/1/0/management/"  xmlns:xsd="http://www.w3.org/2001/XMLSchema"
        xmlns:xsi="http://www.w3.org/2001/XMLSchema-instance" xsi:schemaLocation="http://www.fedora.info/definitions/1/0/management/
        http://www.fedora.info/definitions/1/0/datastreamProfile.xsd" pid="changeme:37"
        dsID="rightsMetadata" ><dsLabel></dsLabel><dsVersionID>rightsMetadata.0</dsVersionID><dsCreateDate>2014-09-09T00:08:49.353Z</dsCreateDate><dsState>A</dsState><dsMIME>text/xml</dsMIME><dsFormatURI></dsFormatURI><dsControlGroup>M</dsControlGroup><dsSize>521</dsSize><dsVersionable>true</dsVersionable><dsInfoType></dsInfoType><dsLocation>changeme:37+rightsMetadata+rightsMetadata.0</dsLocation><dsLocationType>INTERNAL_ID</dsLocationType><dsChecksumType>DISABLED</dsChecksumType><dsChecksum>none</dsChecksum></datastreamProfile>
    http_version: 
  recorded_at: Tue, 09 Sep 2014 00:08:51 GMT
- request:
    method: get
    uri: http://fedoraAdmin:fedoraAdmin@127.0.0.1:8983/fedora-test/objects/changeme:37/datastreams/source_metadata?format=xml
    body:
      encoding: US-ASCII
      string: ''
    headers:
      Accept:
      - ! '*/*; q=0.5, application/xml'
      Accept-Encoding:
      - gzip, deflate
      User-Agent:
      - Ruby
  response:
    status:
      code: 200
      message: OK
    headers:
      Set-Cookie:
      - JSESSIONID=1oe3y5c1vzppv1urylqjwmkqyv;Path=/fedora-test
      Expires:
      - Thu, 01 Jan 1970 00:00:00 GMT
      Content-Type:
      - text/xml
      Date:
      - Tue, 09 Sep 2014 00:08:51 GMT
      Content-Length:
      - '899'
    body:
      encoding: US-ASCII
      string: <?xml version="1.0" encoding="UTF-8"?><datastreamProfile  xmlns="http://www.fedora.info/definitions/1/0/management/"  xmlns:xsd="http://www.w3.org/2001/XMLSchema"
        xmlns:xsi="http://www.w3.org/2001/XMLSchema-instance" xsi:schemaLocation="http://www.fedora.info/definitions/1/0/management/
        http://www.fedora.info/definitions/1/0/datastreamProfile.xsd" pid="changeme:37"
        dsID="source_metadata" ><dsLabel></dsLabel><dsVersionID>source_metadata.0</dsVersionID><dsCreateDate>2014-09-09T00:08:49.483Z</dsCreateDate><dsState>A</dsState><dsMIME>text/plain</dsMIME><dsFormatURI></dsFormatURI><dsControlGroup>M</dsControlGroup><dsSize>79</dsSize><dsVersionable>true</dsVersionable><dsInfoType></dsInfoType><dsLocation>changeme:37+source_metadata+source_metadata.0</dsLocation><dsLocationType>INTERNAL_ID</dsLocationType><dsChecksumType>DISABLED</dsChecksumType><dsChecksum>none</dsChecksum></datastreamProfile>
    http_version: 
  recorded_at: Tue, 09 Sep 2014 00:08:51 GMT
- request:
    method: get
    uri: http://fedoraAdmin:fedoraAdmin@127.0.0.1:8983/fedora-test/objects/changeme:37/datastreams/native_metadata?format=xml
    body:
      encoding: US-ASCII
      string: ''
    headers:
      Accept:
      - ! '*/*; q=0.5, application/xml'
      Accept-Encoding:
      - gzip, deflate
      User-Agent:
      - Ruby
  response:
    status:
      code: 200
      message: OK
    headers:
      Set-Cookie:
      - JSESSIONID=1ov3cdh214h0h7gjf6cp2o169;Path=/fedora-test
      Expires:
      - Thu, 01 Jan 1970 00:00:00 GMT
      Content-Type:
      - text/xml
      Date:
      - Tue, 09 Sep 2014 00:08:51 GMT
      Content-Length:
      - '901'
    body:
      encoding: US-ASCII
      string: <?xml version="1.0" encoding="UTF-8"?><datastreamProfile  xmlns="http://www.fedora.info/definitions/1/0/management/"  xmlns:xsd="http://www.w3.org/2001/XMLSchema"
        xmlns:xsi="http://www.w3.org/2001/XMLSchema-instance" xsi:schemaLocation="http://www.fedora.info/definitions/1/0/management/
        http://www.fedora.info/definitions/1/0/datastreamProfile.xsd" pid="changeme:37"
        dsID="native_metadata" ><dsLabel></dsLabel><dsVersionID>native_metadata.0</dsVersionID><dsCreateDate>2014-09-09T00:08:51.264Z</dsCreateDate><dsState>A</dsState><dsMIME>text/plain</dsMIME><dsFormatURI></dsFormatURI><dsControlGroup>M</dsControlGroup><dsSize>1824</dsSize><dsVersionable>true</dsVersionable><dsInfoType></dsInfoType><dsLocation>changeme:37+native_metadata+native_metadata.0</dsLocation><dsLocationType>INTERNAL_ID</dsLocationType><dsChecksumType>DISABLED</dsChecksumType><dsChecksum>none</dsChecksum></datastreamProfile>
    http_version: 
  recorded_at: Tue, 09 Sep 2014 00:08:51 GMT
- request:
    method: post
    uri: http://127.0.0.1:8983/solr/test/update?wt=ruby
    body:
      encoding: US-ASCII
      string: <?xml version="1.0" encoding="UTF-8"?><add><doc><field name="system_create_dtsi">2014-09-09T00:08:48Z</field><field
        name="system_modified_dtsi">2014-09-09T00:08:48Z</field><field name="object_state_ssi">A</field><field
        name="active_fedora_model_ssi">Nyucore</field><field name="id">changeme:37</field><field
        name="object_profile_ssm">{"datastreams":{"RELS-EXT":{"dsLabel":"Fedora Object-to-Object
        Relationship Metadata","dsVersionID":"RELS-EXT.0","dsCreateDate":"2014-09-09T00:08:49Z","dsState":"A","dsMIME":"application/rdf+xml","dsFormatURI":null,"dsControlGroup":"X","dsSize":281,"dsVersionable":true,"dsInfoType":null,"dsLocation":"changeme:37+RELS-EXT+RELS-EXT.0","dsLocationType":null,"dsChecksumType":"DISABLED","dsChecksum":"none"},"rightsMetadata":{"dsLabel":null,"dsVersionID":"rightsMetadata.0","dsCreateDate":"2014-09-09T00:08:49Z","dsState":"A","dsMIME":"text/xml","dsFormatURI":null,"dsControlGroup":"M","dsSize":521,"dsVersionable":true,"dsInfoType":null,"dsLocation":"changeme:37+rightsMetadata+rightsMetadata.0","dsLocationType":"INTERNAL_ID","dsChecksumType":"DISABLED","dsChecksum":"none"},"source_metadata":{"dsLabel":null,"dsVersionID":"source_metadata.0","dsCreateDate":"2014-09-09T00:08:49Z","dsState":"A","dsMIME":"text/plain","dsFormatURI":null,"dsControlGroup":"M","dsSize":79,"dsVersionable":true,"dsInfoType":null,"dsLocation":"changeme:37+source_metadata+source_metadata.0","dsLocationType":"INTERNAL_ID","dsChecksumType":"DISABLED","dsChecksum":"none"},"native_metadata":{"dsLabel":null,"dsVersionID":"native_metadata.0","dsCreateDate":"2014-09-09T00:08:51Z","dsState":"A","dsMIME":"text/plain","dsFormatURI":null,"dsControlGroup":"M","dsSize":1824,"dsVersionable":true,"dsInfoType":null,"dsLocation":"changeme:37+native_metadata+native_metadata.0","dsLocationType":"INTERNAL_ID","dsChecksumType":"DISABLED","dsChecksum":"none"}},"objLabel":null,"objOwnerId":"fedoraAdmin","objModels":["info:fedora/fedora-system:FedoraObject-3.0"],"objCreateDate":"2014-09-09T00:08:48Z","objLastModDate":"2014-09-09T00:08:48Z","objDissIndexViewURL":"http://localhost:8983/fedora-test/objects/changeme%3A37/methods/fedora-system%3A3/viewMethodIndex","objItemIndexViewURL":"http://localhost:8983/fedora-test/objects/changeme%3A37/methods/fedora-system%3A3/viewItemIndex","objState":"A"}</field><field
        name="edit_access_group_ssim">admin_group</field><field name="source_metadata__edition_tesim">Old
        edition</field><field name="native_metadata__identifier_tesim">NYCDCP_DCPLION_10CAV_489</field><field
        name="native_metadata__title_tesim">LION</field><field name="native_metadata__creator_tesim">Hugh
        Plisher</field><field name="native_metadata__creator_sim">Hugh Plisher</field><field
        name="native_metadata__available_tesim">http://library.nyu.edu</field><field
        name="native_metadata__description_tesim">Lorem ipsum dolor sit amet, consectetur
        adipiscing elit. Curabitur non posuere lectus. In facilisis, arcu nec tempor
        vulputate, justo elit aliquet sapien, in tincidunt lorem purus eu nulla.</field><field
        name="native_metadata__edition_tesim">10C</field><field name="native_metadata__series_tesim">NYCDCP_DCPLION_10CAV</field><field
        name="native_metadata__version_tesim">DSS.NYCDCP_DCPLION_10cavDSS.BOLIVAR</field><field
        name="native_metadata__date_tesim">12/05/2014</field><field name="native_metadata__date_tesim">04/01/1666</field><field
        name="native_metadata__type_tesim">Rosie Stuff</field><field name="native_metadata__type_sim">Rosie
        Stuff</field><field name="native_metadata__language_tesim">English</field><field
        name="native_metadata__language_sim">English</field><field name="native_metadata__relation_tesim">relation1</field><field
        name="native_metadata__rights_tesim">rights1</field><field name="native_metadata__subject_tesim">vexillology</field><field
        name="native_metadata__subject_sim">vexillology</field><field name="native_metadata__publisher_tesim">Rosie</field><field
        name="native_metadata__format_tesim">ZIP</field><field name="native_metadata__citation_tesim">Cite</field><field
        name="native_metadata__citation_tesim">Me</field><field name="native_metadata__addinfotext_tesim">Ask
        a Librarian</field><field name="native_metadata__addinfolink_tesim">http://library.nyu.edu/ask</field><field
        name="has_model_ssim">info:fedora/afmodel:Nyucore</field></doc></add>
    headers:
      Content-Type:
      - text/xml
  response:
    status:
      code: 200
      message: OK
    headers:
      Content-Type:
      - text/plain;charset=UTF-8
      Transfer-Encoding:
      - chunked
    body:
      encoding: US-ASCII
      string: ! '{''responseHeader''=>{''status''=>0,''QTime''=>5}}

'
    http_version: 
  recorded_at: Tue, 09 Sep 2014 00:08:51 GMT
- request:
    method: post
    uri: http://127.0.0.1:8983/solr/test/update?wt=ruby
    body:
      encoding: US-ASCII
      string: <?xml version="1.0" encoding="UTF-8"?><commit/>
    headers:
      Content-Type:
      - text/xml
  response:
    status:
      code: 200
      message: OK
    headers:
      Content-Type:
      - text/plain;charset=UTF-8
      Transfer-Encoding:
      - chunked
    body:
      encoding: US-ASCII
      string: ! '{''responseHeader''=>{''status''=>0,''QTime''=>41}}

'
    http_version: 
  recorded_at: Tue, 09 Sep 2014 00:08:51 GMT
- request:
    method: get
    uri: http://fedoraAdmin:fedoraAdmin@127.0.0.1:8983/fedora-test/objects/changeme:37/datastreams/RELS-EXT/content
    body:
      encoding: US-ASCII
      string: ''
    headers:
      Accept:
      - ! '*/*; q=0.5, application/xml'
      Accept-Encoding:
      - gzip, deflate
      User-Agent:
      - Ruby
  response:
    status:
      code: 200
      message: OK
    headers:
      Set-Cookie:
      - JSESSIONID=164w74vc47f1k1kan4l86cagb4;Path=/fedora-test
      Expires:
      - Thu, 01 Jan 1970 00:00:00 GMT
      Content-Disposition:
      - inline; filename="Fedora Object-to-Object Relationship Metadata.rdf"
      Content-Length:
      - '281'
      Content-Type:
      - application/rdf+xml
      Date:
      - Tue, 09 Sep 2014 00:08:51 GMT
    body:
      encoding: US-ASCII
      string: ! "\n<rdf:RDF xmlns:ns0=\"info:fedora/fedora-system:def/model#\" xmlns:rdf=\"http://www.w3.org/1999/02/22-rdf-syntax-ns#\">\n
        \ <rdf:Description rdf:about=\"info:fedora/changeme:37\">\n    <ns0:hasModel
        rdf:resource=\"info:fedora/afmodel:Nyucore\"></ns0:hasModel>\n  </rdf:Description>\n</rdf:RDF>\n"
    http_version: 
  recorded_at: Tue, 09 Sep 2014 00:08:51 GMT
- request:
    method: put
    uri: http://fedoraAdmin:fedoraAdmin@127.0.0.1:8983/fedora-test/objects/changeme:37/datastreams/source_metadata?mimeType=text/plain
    body:
      encoding: UTF-8
      string: ! '<info:fedora/changeme:37> <NyucoreMetadata::Vocabularyedition> "New
        edition" .

'
    headers:
      Accept:
      - ! '*/*; q=0.5, application/xml'
      Accept-Encoding:
      - gzip, deflate
      Multipart:
      - 'true'
      Content-Type:
      - text/plain
      Content-Length:
      - '79'
      User-Agent:
      - Ruby
  response:
    status:
      code: 200
      message: OK
    headers:
      Set-Cookie:
      - JSESSIONID=ms8kepf7k92owmrh82fve1g3;Path=/fedora-test
      Expires:
      - Thu, 01 Jan 1970 00:00:00 GMT
      Content-Type:
      - text/xml
      Date:
      - Tue, 09 Sep 2014 00:08:51 GMT
      Content-Length:
      - '899'
    body:
      encoding: US-ASCII
      string: <?xml version="1.0" encoding="UTF-8"?><datastreamProfile  xmlns="http://www.fedora.info/definitions/1/0/management/"  xmlns:xsd="http://www.w3.org/2001/XMLSchema"
        xmlns:xsi="http://www.w3.org/2001/XMLSchema-instance" xsi:schemaLocation="http://www.fedora.info/definitions/1/0/management/
        http://www.fedora.info/definitions/1/0/datastreamProfile.xsd" pid="changeme:37"
        dsID="source_metadata" ><dsLabel></dsLabel><dsVersionID>source_metadata.1</dsVersionID><dsCreateDate>2014-09-09T00:08:51.777Z</dsCreateDate><dsState>A</dsState><dsMIME>text/plain</dsMIME><dsFormatURI></dsFormatURI><dsControlGroup>M</dsControlGroup><dsSize>79</dsSize><dsVersionable>true</dsVersionable><dsInfoType></dsInfoType><dsLocation>changeme:37+source_metadata+source_metadata.1</dsLocation><dsLocationType>INTERNAL_ID</dsLocationType><dsChecksumType>DISABLED</dsChecksumType><dsChecksum>none</dsChecksum></datastreamProfile>
    http_version: 
  recorded_at: Tue, 09 Sep 2014 00:08:51 GMT
- request:
    method: put
    uri: http://fedoraAdmin:fedoraAdmin@127.0.0.1:8983/fedora-test/objects/changeme:37/datastreams/native_metadata?mimeType=text/plain
    body:
      encoding: UTF-8
      string: ! '<info:fedora/changeme:37> <http://purl.org/dc/terms/identifier> "NYCDCP_DCPLION_10CAV_489"
        .

        <info:fedora/changeme:37> <http://purl.org/dc/terms/title> "LION" .

        <info:fedora/changeme:37> <http://purl.org/dc/terms/creator> "Hugh Plisher"
        .

        <info:fedora/changeme:37> <NyucoreMetadata::Vocabularyavailable> "http://library.nyu.edu"
        .

        <info:fedora/changeme:37> <http://purl.org/dc/terms/description> "Lorem ipsum
        dolor sit amet, consectetur adipiscing elit. Curabitur non posuere lectus.
        In facilisis, arcu nec tempor vulputate, justo elit aliquet sapien, in tincidunt
        lorem purus eu nulla." .

        <info:fedora/changeme:37> <NyucoreMetadata::Vocabularyedition> "10C" .

        <info:fedora/changeme:37> <NyucoreMetadata::Vocabularyseries> "NYCDCP_DCPLION_10CAV"
        .

        <info:fedora/changeme:37> <NyucoreMetadata::Vocabularyversion> "DSS.NYCDCP_DCPLION_10cavDSS.BOLIVAR"
        .

        <info:fedora/changeme:37> <http://purl.org/dc/terms/date> "12/05/2014" .

        <info:fedora/changeme:37> <http://purl.org/dc/terms/date> "04/01/1666" .

        <info:fedora/changeme:37> <http://purl.org/dc/terms/type> "Rosie Stuff" .

        <info:fedora/changeme:37> <http://purl.org/dc/terms/language> "English" .

        <info:fedora/changeme:37> <http://purl.org/dc/terms/relation> "relation1"
        .

        <info:fedora/changeme:37> <http://purl.org/dc/terms/rights> "rights1" .

        <info:fedora/changeme:37> <http://purl.org/dc/terms/subject> "vexillology"
        .

        <info:fedora/changeme:37> <http://purl.org/dc/terms/publisher> "Rosie" .

        <info:fedora/changeme:37> <http://purl.org/dc/terms/format> "ZIP" .

        <info:fedora/changeme:37> <NyucoreMetadata::Vocabularycitation> "Cite" .

        <info:fedora/changeme:37> <NyucoreMetadata::Vocabularycitation> "Me" .

        <info:fedora/changeme:37> <Ichabod::Vocabularyaddinfotext> "Ask a Librarian"
        .

        <info:fedora/changeme:37> <Ichabod::Vocabularyaddinfolink> "http://library.nyu.edu/ask"
        .

'
    headers:
      Accept:
      - ! '*/*; q=0.5, application/xml'
      Accept-Encoding:
      - gzip, deflate
      Multipart:
      - 'true'
      Content-Type:
      - text/plain
      Content-Length:
      - '1824'
      User-Agent:
      - Ruby
  response:
    status:
      code: 200
      message: OK
    headers:
      Set-Cookie:
      - JSESSIONID=16cqbvq1l12ig11k9dm1vr7jiw;Path=/fedora-test
      Expires:
      - Thu, 01 Jan 1970 00:00:00 GMT
      Content-Type:
      - text/xml
      Date:
      - Tue, 09 Sep 2014 00:08:52 GMT
      Content-Length:
      - '901'
    body:
      encoding: US-ASCII
      string: <?xml version="1.0" encoding="UTF-8"?><datastreamProfile  xmlns="http://www.fedora.info/definitions/1/0/management/"  xmlns:xsd="http://www.w3.org/2001/XMLSchema"
        xmlns:xsi="http://www.w3.org/2001/XMLSchema-instance" xsi:schemaLocation="http://www.fedora.info/definitions/1/0/management/
        http://www.fedora.info/definitions/1/0/datastreamProfile.xsd" pid="changeme:37"
        dsID="native_metadata" ><dsLabel></dsLabel><dsVersionID>native_metadata.1</dsVersionID><dsCreateDate>2014-09-09T00:08:52.941Z</dsCreateDate><dsState>A</dsState><dsMIME>text/plain</dsMIME><dsFormatURI></dsFormatURI><dsControlGroup>M</dsControlGroup><dsSize>1824</dsSize><dsVersionable>true</dsVersionable><dsInfoType></dsInfoType><dsLocation>changeme:37+native_metadata+native_metadata.1</dsLocation><dsLocationType>INTERNAL_ID</dsLocationType><dsChecksumType>DISABLED</dsChecksumType><dsChecksum>none</dsChecksum></datastreamProfile>
    http_version: 
  recorded_at: Tue, 09 Sep 2014 00:08:52 GMT
- request:
    method: get
    uri: http://fedoraAdmin:fedoraAdmin@127.0.0.1:8983/fedora-test/objects/changeme:37/datastreams/source_metadata?format=xml
    body:
      encoding: US-ASCII
      string: ''
    headers:
      Accept:
      - ! '*/*; q=0.5, application/xml'
      Accept-Encoding:
      - gzip, deflate
      User-Agent:
      - Ruby
  response:
    status:
      code: 200
      message: OK
    headers:
      Set-Cookie:
      - JSESSIONID=2idudff3fvik9l88qjqu2sr;Path=/fedora-test
      Expires:
      - Thu, 01 Jan 1970 00:00:00 GMT
      Content-Type:
      - text/xml
      Date:
      - Tue, 09 Sep 2014 00:08:52 GMT
      Content-Length:
      - '899'
    body:
      encoding: US-ASCII
      string: <?xml version="1.0" encoding="UTF-8"?><datastreamProfile  xmlns="http://www.fedora.info/definitions/1/0/management/"  xmlns:xsd="http://www.w3.org/2001/XMLSchema"
        xmlns:xsi="http://www.w3.org/2001/XMLSchema-instance" xsi:schemaLocation="http://www.fedora.info/definitions/1/0/management/
        http://www.fedora.info/definitions/1/0/datastreamProfile.xsd" pid="changeme:37"
        dsID="source_metadata" ><dsLabel></dsLabel><dsVersionID>source_metadata.1</dsVersionID><dsCreateDate>2014-09-09T00:08:51.777Z</dsCreateDate><dsState>A</dsState><dsMIME>text/plain</dsMIME><dsFormatURI></dsFormatURI><dsControlGroup>M</dsControlGroup><dsSize>79</dsSize><dsVersionable>true</dsVersionable><dsInfoType></dsInfoType><dsLocation>changeme:37+source_metadata+source_metadata.1</dsLocation><dsLocationType>INTERNAL_ID</dsLocationType><dsChecksumType>DISABLED</dsChecksumType><dsChecksum>none</dsChecksum></datastreamProfile>
    http_version: 
  recorded_at: Tue, 09 Sep 2014 00:08:52 GMT
- request:
    method: get
    uri: http://fedoraAdmin:fedoraAdmin@127.0.0.1:8983/fedora-test/objects/changeme:37/datastreams/native_metadata?format=xml
    body:
      encoding: US-ASCII
      string: ''
    headers:
      Accept:
      - ! '*/*; q=0.5, application/xml'
      Accept-Encoding:
      - gzip, deflate
      User-Agent:
      - Ruby
  response:
    status:
      code: 200
      message: OK
    headers:
      Set-Cookie:
      - JSESSIONID=1nkvgujvlpozl4yvsr934yu9;Path=/fedora-test
      Expires:
      - Thu, 01 Jan 1970 00:00:00 GMT
      Content-Type:
      - text/xml
      Date:
      - Tue, 09 Sep 2014 00:08:52 GMT
      Content-Length:
      - '901'
    body:
      encoding: US-ASCII
      string: <?xml version="1.0" encoding="UTF-8"?><datastreamProfile  xmlns="http://www.fedora.info/definitions/1/0/management/"  xmlns:xsd="http://www.w3.org/2001/XMLSchema"
        xmlns:xsi="http://www.w3.org/2001/XMLSchema-instance" xsi:schemaLocation="http://www.fedora.info/definitions/1/0/management/
        http://www.fedora.info/definitions/1/0/datastreamProfile.xsd" pid="changeme:37"
        dsID="native_metadata" ><dsLabel></dsLabel><dsVersionID>native_metadata.1</dsVersionID><dsCreateDate>2014-09-09T00:08:52.941Z</dsCreateDate><dsState>A</dsState><dsMIME>text/plain</dsMIME><dsFormatURI></dsFormatURI><dsControlGroup>M</dsControlGroup><dsSize>1824</dsSize><dsVersionable>true</dsVersionable><dsInfoType></dsInfoType><dsLocation>changeme:37+native_metadata+native_metadata.1</dsLocation><dsLocationType>INTERNAL_ID</dsLocationType><dsChecksumType>DISABLED</dsChecksumType><dsChecksum>none</dsChecksum></datastreamProfile>
    http_version: 
  recorded_at: Tue, 09 Sep 2014 00:08:52 GMT
- request:
    method: post
    uri: http://127.0.0.1:8983/solr/test/update?wt=ruby
    body:
      encoding: US-ASCII
      string: <?xml version="1.0" encoding="UTF-8"?><add><doc><field name="system_create_dtsi">2014-09-09T00:08:48Z</field><field
        name="system_modified_dtsi">2014-09-09T00:08:48Z</field><field name="object_state_ssi">A</field><field
        name="active_fedora_model_ssi">Nyucore</field><field name="id">changeme:37</field><field
        name="object_profile_ssm">{"datastreams":{"RELS-EXT":{"dsLabel":"Fedora Object-to-Object
        Relationship Metadata","dsVersionID":"RELS-EXT.0","dsCreateDate":"2014-09-09T00:08:49Z","dsState":"A","dsMIME":"application/rdf+xml","dsFormatURI":null,"dsControlGroup":"X","dsSize":281,"dsVersionable":true,"dsInfoType":null,"dsLocation":"changeme:37+RELS-EXT+RELS-EXT.0","dsLocationType":null,"dsChecksumType":"DISABLED","dsChecksum":"none"},"rightsMetadata":{"dsLabel":null,"dsVersionID":"rightsMetadata.0","dsCreateDate":"2014-09-09T00:08:49Z","dsState":"A","dsMIME":"text/xml","dsFormatURI":null,"dsControlGroup":"M","dsSize":521,"dsVersionable":true,"dsInfoType":null,"dsLocation":"changeme:37+rightsMetadata+rightsMetadata.0","dsLocationType":"INTERNAL_ID","dsChecksumType":"DISABLED","dsChecksum":"none"},"source_metadata":{"dsLabel":null,"dsVersionID":"source_metadata.1","dsCreateDate":"2014-09-09T00:08:51Z","dsState":"A","dsMIME":"text/plain","dsFormatURI":null,"dsControlGroup":"M","dsSize":79,"dsVersionable":true,"dsInfoType":null,"dsLocation":"changeme:37+source_metadata+source_metadata.1","dsLocationType":"INTERNAL_ID","dsChecksumType":"DISABLED","dsChecksum":"none"},"native_metadata":{"dsLabel":null,"dsVersionID":"native_metadata.1","dsCreateDate":"2014-09-09T00:08:52Z","dsState":"A","dsMIME":"text/plain","dsFormatURI":null,"dsControlGroup":"M","dsSize":1824,"dsVersionable":true,"dsInfoType":null,"dsLocation":"changeme:37+native_metadata+native_metadata.1","dsLocationType":"INTERNAL_ID","dsChecksumType":"DISABLED","dsChecksum":"none"}},"objLabel":null,"objOwnerId":"fedoraAdmin","objModels":["info:fedora/fedora-system:FedoraObject-3.0"],"objCreateDate":"2014-09-09T00:08:48Z","objLastModDate":"2014-09-09T00:08:48Z","objDissIndexViewURL":"http://localhost:8983/fedora-test/objects/changeme%3A37/methods/fedora-system%3A3/viewMethodIndex","objItemIndexViewURL":"http://localhost:8983/fedora-test/objects/changeme%3A37/methods/fedora-system%3A3/viewItemIndex","objState":"A"}</field><field
        name="edit_access_group_ssim">admin_group</field><field name="source_metadata__edition_tesim">New
        edition</field><field name="native_metadata__identifier_tesim">NYCDCP_DCPLION_10CAV_489</field><field
        name="native_metadata__title_tesim">LION</field><field name="native_metadata__creator_tesim">Hugh
        Plisher</field><field name="native_metadata__creator_sim">Hugh Plisher</field><field
        name="native_metadata__available_tesim">http://library.nyu.edu</field><field
        name="native_metadata__description_tesim">Lorem ipsum dolor sit amet, consectetur
        adipiscing elit. Curabitur non posuere lectus. In facilisis, arcu nec tempor
        vulputate, justo elit aliquet sapien, in tincidunt lorem purus eu nulla.</field><field
        name="native_metadata__edition_tesim">10C</field><field name="native_metadata__series_tesim">NYCDCP_DCPLION_10CAV</field><field
        name="native_metadata__version_tesim">DSS.NYCDCP_DCPLION_10cavDSS.BOLIVAR</field><field
        name="native_metadata__date_tesim">12/05/2014</field><field name="native_metadata__date_tesim">04/01/1666</field><field
        name="native_metadata__type_tesim">Rosie Stuff</field><field name="native_metadata__type_sim">Rosie
        Stuff</field><field name="native_metadata__language_tesim">English</field><field
        name="native_metadata__language_sim">English</field><field name="native_metadata__relation_tesim">relation1</field><field
        name="native_metadata__rights_tesim">rights1</field><field name="native_metadata__subject_tesim">vexillology</field><field
        name="native_metadata__subject_sim">vexillology</field><field name="native_metadata__publisher_tesim">Rosie</field><field
        name="native_metadata__format_tesim">ZIP</field><field name="native_metadata__citation_tesim">Cite</field><field
        name="native_metadata__citation_tesim">Me</field><field name="native_metadata__addinfotext_tesim">Ask
        a Librarian</field><field name="native_metadata__addinfolink_tesim">http://library.nyu.edu/ask</field><field
        name="has_model_ssim">info:fedora/afmodel:Nyucore</field></doc></add>
    headers:
      Content-Type:
      - text/xml
  response:
    status:
      code: 200
      message: OK
    headers:
      Content-Type:
      - text/plain;charset=UTF-8
      Transfer-Encoding:
      - chunked
    body:
      encoding: US-ASCII
      string: ! '{''responseHeader''=>{''status''=>0,''QTime''=>6}}

'
    http_version: 
  recorded_at: Tue, 09 Sep 2014 00:08:53 GMT
- request:
    method: post
    uri: http://127.0.0.1:8983/solr/test/update?wt=ruby
    body:
      encoding: US-ASCII
      string: <?xml version="1.0" encoding="UTF-8"?><commit/>
    headers:
      Content-Type:
      - text/xml
  response:
    status:
      code: 200
      message: OK
    headers:
      Content-Type:
      - text/plain;charset=UTF-8
      Transfer-Encoding:
      - chunked
    body:
      encoding: US-ASCII
      string: ! '{''responseHeader''=>{''status''=>0,''QTime''=>24}}

'
    http_version: 
  recorded_at: Tue, 09 Sep 2014 00:08:53 GMT
recorded_with: VCR 2.8.0
