---
http_interactions:
- request:
    method: post
    uri: http://fedoraAdmin:fedoraAdmin@127.0.0.1:8983/fedora-test/objects/nextPID?format=xml
    body:
      encoding: US-ASCII
      string: ''
    headers:
      Accept:
      - ! '*/*; q=0.5, application/xml'
      Accept-Encoding:
      - gzip, deflate
      User-Agent:
      - Ruby
  response:
    status:
      code: 200
      message: OK
    headers:
      Set-Cookie:
      - JSESSIONID=1wbqi5cecg4fm1k9np72snta0u;Path=/fedora-test
      Expires:
      - Thu, 01 Jan 1970 00:00:00 GMT
      Content-Type:
      - text/xml
      Date:
      - Tue, 02 Sep 2014 18:13:40 GMT
      Content-Length:
      - '374'
    body:
      encoding: US-ASCII
      string: ! '<?xml version="1.0" encoding="UTF-8"?>

        <pidList  xmlns="http://www.fedora.info/definitions/1/0/management/"  xmlns:xsd="http://www.w3.org/2001/XMLSchema"
        xmlns:xsi="http://www.w3.org/2001/XMLSchema-instance" xsi:schemaLocation="http://www.fedora.info/definitions/1/0/management/
        http://www.fedora.info/definitions/1/0/getNextPIDInfo.xsd">  <pid>changeme:58</pid>

        </pidList>

'
    http_version: 
  recorded_at: Tue, 02 Sep 2014 18:13:40 GMT
- request:
    method: get
    uri: http://fedoraAdmin:fedoraAdmin@127.0.0.1:8983/fedora-test/objects/changeme:58/datastreams?format=xml
    body:
      encoding: US-ASCII
      string: ''
    headers:
      Accept:
      - ! '*/*; q=0.5, application/xml'
      Accept-Encoding:
      - gzip, deflate
      User-Agent:
      - Ruby
  response:
    status:
      code: 404
      message: Not Found
    headers:
      Set-Cookie:
      - JSESSIONID=zquolozbp4z81j3ui82ie0w5h;Path=/fedora-test
      Expires:
      - Thu, 01 Jan 1970 00:00:00 GMT
      Content-Type:
      - text/plain
      Date:
      - Tue, 02 Sep 2014 18:13:40 GMT
      Content-Length:
      - '50'
    body:
      encoding: US-ASCII
      string: ! 'Object not found in low-level storage: changeme:58'
    http_version: 
  recorded_at: Tue, 02 Sep 2014 18:13:40 GMT
- request:
    method: get
    uri: http://fedoraAdmin:fedoraAdmin@127.0.0.1:8983/fedora-test/objects/changeme:58?format=xml
    body:
      encoding: US-ASCII
      string: ''
    headers:
      Accept:
      - ! '*/*; q=0.5, application/xml'
      Accept-Encoding:
      - gzip, deflate
      User-Agent:
      - Ruby
  response:
    status:
      code: 404
      message: Not Found
    headers:
      Set-Cookie:
      - JSESSIONID=13x17zjh0ubch164klj0trgoba;Path=/fedora-test
      Expires:
      - Thu, 01 Jan 1970 00:00:00 GMT
      Content-Type:
      - text/plain
      Date:
      - Tue, 02 Sep 2014 18:13:40 GMT
      Content-Length:
      - '50'
    body:
      encoding: US-ASCII
      string: ! 'Object not found in low-level storage: changeme:58'
    http_version: 
  recorded_at: Tue, 02 Sep 2014 18:13:40 GMT
- request:
    method: get
    uri: http://fedoraAdmin:fedoraAdmin@127.0.0.1:8983/fedora-test/objects/changeme:58/datastreams/RELS-EXT?format=xml
    body:
      encoding: US-ASCII
      string: ''
    headers:
      Accept:
      - ! '*/*; q=0.5, application/xml'
      Accept-Encoding:
      - gzip, deflate
      User-Agent:
      - Ruby
  response:
    status:
      code: 404
      message: Not Found
    headers:
      Set-Cookie:
      - JSESSIONID=1oe8rsze0r4qi1u44o3stlcctd;Path=/fedora-test
      Expires:
      - Thu, 01 Jan 1970 00:00:00 GMT
      Content-Type:
      - text/plain
      Date:
      - Tue, 02 Sep 2014 18:13:40 GMT
      Content-Length:
      - '50'
    body:
      encoding: US-ASCII
      string: ! 'Object not found in low-level storage: changeme:58'
    http_version: 
  recorded_at: Tue, 02 Sep 2014 18:13:40 GMT
- request:
    method: get
    uri: http://fedoraAdmin:fedoraAdmin@127.0.0.1:8983/fedora-test/objects/changeme:58/datastreams/rightsMetadata?format=xml
    body:
      encoding: US-ASCII
      string: ''
    headers:
      Accept:
      - ! '*/*; q=0.5, application/xml'
      Accept-Encoding:
      - gzip, deflate
      User-Agent:
      - Ruby
  response:
    status:
      code: 404
      message: Not Found
    headers:
      Set-Cookie:
      - JSESSIONID=5qummp205vl15dxo645ls4pq;Path=/fedora-test
      Expires:
      - Thu, 01 Jan 1970 00:00:00 GMT
      Content-Type:
      - text/plain
      Date:
      - Tue, 02 Sep 2014 18:13:40 GMT
      Content-Length:
      - '50'
    body:
      encoding: US-ASCII
      string: ! 'Object not found in low-level storage: changeme:58'
    http_version: 
  recorded_at: Tue, 02 Sep 2014 18:13:40 GMT
- request:
    method: get
    uri: http://fedoraAdmin:fedoraAdmin@127.0.0.1:8983/fedora-test/objects/changeme:58/datastreams/source_metadata?format=xml
    body:
      encoding: US-ASCII
      string: ''
    headers:
      Accept:
      - ! '*/*; q=0.5, application/xml'
      Accept-Encoding:
      - gzip, deflate
      User-Agent:
      - Ruby
  response:
    status:
      code: 404
      message: Not Found
    headers:
      Set-Cookie:
      - JSESSIONID=1svvlbdbrzbgq1fg7mk5ayrugo;Path=/fedora-test
      Expires:
      - Thu, 01 Jan 1970 00:00:00 GMT
      Content-Type:
      - text/plain
      Date:
      - Tue, 02 Sep 2014 18:13:40 GMT
      Content-Length:
      - '50'
    body:
      encoding: US-ASCII
      string: ! 'Object not found in low-level storage: changeme:58'
    http_version: 
  recorded_at: Tue, 02 Sep 2014 18:13:40 GMT
- request:
    method: get
    uri: http://fedoraAdmin:fedoraAdmin@127.0.0.1:8983/fedora-test/objects/changeme:58/datastreams/native_metadata?format=xml
    body:
      encoding: US-ASCII
      string: ''
    headers:
      Accept:
      - ! '*/*; q=0.5, application/xml'
      Accept-Encoding:
      - gzip, deflate
      User-Agent:
      - Ruby
  response:
    status:
      code: 404
      message: Not Found
    headers:
      Set-Cookie:
      - JSESSIONID=w3s0a3zc5jfqgq4a4n6eku72;Path=/fedora-test
      Expires:
      - Thu, 01 Jan 1970 00:00:00 GMT
      Content-Type:
      - text/plain
      Date:
      - Tue, 02 Sep 2014 18:13:40 GMT
      Content-Length:
      - '50'
    body:
      encoding: US-ASCII
      string: ! 'Object not found in low-level storage: changeme:58'
    http_version: 
  recorded_at: Tue, 02 Sep 2014 18:13:40 GMT
- request:
    method: post
    uri: http://fedoraAdmin:fedoraAdmin@127.0.0.1:8983/fedora-test/objects/changeme:58
    body:
      encoding: US-ASCII
      string: ''
    headers:
      Accept:
      - ! '*/*; q=0.5, application/xml'
      Accept-Encoding:
      - gzip, deflate
      Content-Type:
      - text/xml
      User-Agent:
      - Ruby
  response:
    status:
      code: 201
      message: Created
    headers:
      Set-Cookie:
      - JSESSIONID=1rlu7xme6y7a21p63w45gsan0a;Path=/fedora-test
      Expires:
      - Thu, 01 Jan 1970 00:00:00 GMT
      Content-Type:
      - application/xml
      Date:
      - Tue, 02 Sep 2014 18:13:40 GMT
      Location:
      - http://127.0.0.1:8983/fedora-test/objects/changeme%3A58
      Content-Length:
      - '11'
    body:
      encoding: US-ASCII
      string: changeme:58
    http_version: 
  recorded_at: Tue, 02 Sep 2014 18:13:40 GMT
- request:
    method: get
    uri: http://fedoraAdmin:fedoraAdmin@127.0.0.1:8983/fedora-test/objects/changeme:58?format=xml
    body:
      encoding: US-ASCII
      string: ''
    headers:
      Accept:
      - ! '*/*; q=0.5, application/xml'
      Accept-Encoding:
      - gzip, deflate
      User-Agent:
      - Ruby
  response:
    status:
      code: 200
      message: OK
    headers:
      Set-Cookie:
      - JSESSIONID=1ibwjgxprtdef58forzq8uy38;Path=/fedora-test
      Expires:
      - Thu, 01 Jan 1970 00:00:00 GMT
      Content-Type:
      - text/xml
      Date:
      - Tue, 02 Sep 2014 18:13:40 GMT
      Content-Length:
      - '918'
    body:
      encoding: US-ASCII
      string: <?xml version="1.0" encoding="UTF-8"?><objectProfile  xmlns="http://www.fedora.info/definitions/1/0/access/"  xmlns:xsd="http://www.w3.org/2001/XMLSchema"
        xmlns:xsi="http://www.w3.org/2001/XMLSchema-instance" xsi:schemaLocation="http://www.fedora.info/definitions/1/0/access/
        http://www.fedora.info/definitions/1/0/objectProfile.xsd" pid="changeme:58"
        ><objLabel></objLabel><objOwnerId>fedoraAdmin</objOwnerId><objModels><model>info:fedora/fedora-system:FedoraObject-3.0</model></objModels><objCreateDate>2014-09-02T18:13:40.565Z</objCreateDate><objLastModDate>2014-09-02T18:13:40.565Z</objLastModDate><objDissIndexViewURL>http://localhost:8983/fedora-test/objects/changeme%3A58/methods/fedora-system%3A3/viewMethodIndex</objDissIndexViewURL><objItemIndexViewURL>http://localhost:8983/fedora-test/objects/changeme%3A58/methods/fedora-system%3A3/viewItemIndex</objItemIndexViewURL><objState>A</objState></objectProfile>
    http_version: 
  recorded_at: Tue, 02 Sep 2014 18:13:40 GMT
- request:
    method: post
    uri: http://fedoraAdmin:fedoraAdmin@127.0.0.1:8983/fedora-test/objects/changeme:58/datastreams/RELS-EXT?controlGroup=X&dsLabel=Fedora%20Object-to-Object%20Relationship%20Metadata&dsState=A&mimeType=application/rdf%2Bxml&versionable=true
    body:
      encoding: UTF-8
      string: ! "<?xml version=\"1.0\" encoding=\"UTF-8\"?>\n<rdf:RDF xmlns:rdf=\"http://www.w3.org/1999/02/22-rdf-syntax-ns#\"
        xmlns:ns0=\"info:fedora/fedora-system:def/model#\">\n  <rdf:Description rdf:about=\"info:fedora/changeme:58\">\n
        \   <ns0:hasModel rdf:resource=\"info:fedora/afmodel:Nyucore\"/>\n  </rdf:Description>\n</rdf:RDF>\n"
    headers:
      Accept:
      - ! '*/*; q=0.5, application/xml'
      Accept-Encoding:
      - gzip, deflate
      Content-Type:
      - application/rdf+xml
      Multipart:
      - 'true'
      Content-Length:
      - '305'
      User-Agent:
      - Ruby
  response:
    status:
      code: 201
      message: Created
    headers:
      Set-Cookie:
      - JSESSIONID=z9a8nfph6rnigli2ohz6gl34;Path=/fedora-test
      Expires:
      - Thu, 01 Jan 1970 00:00:00 GMT
      Content-Type:
      - text/xml
      Date:
      - Tue, 02 Sep 2014 18:13:40 GMT
      Location:
      - http://127.0.0.1:8983/fedora-test/objects/changeme%3A58/datastreams/RELS-EXT
      Content-Length:
      - '915'
    body:
      encoding: US-ASCII
      string: <?xml version="1.0" encoding="UTF-8"?><datastreamProfile  xmlns="http://www.fedora.info/definitions/1/0/management/"  xmlns:xsd="http://www.w3.org/2001/XMLSchema"
        xmlns:xsi="http://www.w3.org/2001/XMLSchema-instance" xsi:schemaLocation="http://www.fedora.info/definitions/1/0/management/
        http://www.fedora.info/definitions/1/0/datastreamProfile.xsd" pid="changeme:58"
        dsID="RELS-EXT" ><dsLabel>Fedora Object-to-Object Relationship Metadata</dsLabel><dsVersionID>RELS-EXT.0</dsVersionID><dsCreateDate>2014-09-02T18:13:40.741Z</dsCreateDate><dsState>A</dsState><dsMIME>application/rdf+xml</dsMIME><dsFormatURI></dsFormatURI><dsControlGroup>X</dsControlGroup><dsSize>281</dsSize><dsVersionable>true</dsVersionable><dsInfoType></dsInfoType><dsLocation>changeme:58+RELS-EXT+RELS-EXT.0</dsLocation><dsLocationType></dsLocationType><dsChecksumType>DISABLED</dsChecksumType><dsChecksum>none</dsChecksum></datastreamProfile>
    http_version: 
  recorded_at: Tue, 02 Sep 2014 18:13:40 GMT
- request:
    method: post
    uri: http://fedoraAdmin:fedoraAdmin@127.0.0.1:8983/fedora-test/objects/changeme:58/datastreams/rightsMetadata?controlGroup=M&dsState=A&mimeType=text/xml&versionable=true
    body:
      encoding: US-ASCII
      string: ! "<rightsMetadata xmlns=\"http://hydra-collab.stanford.edu/schemas/rightsMetadata/v1\"
        version=\"0.1\">\n  <copyright>\n    <human type=\"title\"/>\n    <human type=\"description\"/>\n
        \   <machine type=\"uri\"/>\n  </copyright>\n  <access type=\"discover\">\n
        \   <human/>\n    <machine/>\n  </access>\n  <access type=\"read\">\n    <human/>\n
        \   <machine/>\n  </access>\n  <access type=\"edit\">\n    <human/>\n    <machine>\n
        \     <group>admin_group</group>\n    </machine>\n  </access>\n  <embargo>\n
        \   <human/>\n    <machine/>\n  </embargo>\n</rightsMetadata>"
    headers:
      Accept:
      - ! '*/*; q=0.5, application/xml'
      Accept-Encoding:
      - gzip, deflate
      Content-Type:
      - text/xml
      Multipart:
      - 'true'
      Content-Length:
      - '521'
      User-Agent:
      - Ruby
  response:
    status:
      code: 201
      message: Created
    headers:
      Set-Cookie:
      - JSESSIONID=vklzfhszngrh1m53u0n1hey7l;Path=/fedora-test
      Expires:
      - Thu, 01 Jan 1970 00:00:00 GMT
      Content-Type:
      - text/xml
      Date:
      - Tue, 02 Sep 2014 18:13:40 GMT
      Location:
      - http://127.0.0.1:8983/fedora-test/objects/changeme%3A58/datastreams/rightsMetadata
      Content-Length:
      - '894'
    body:
      encoding: US-ASCII
      string: <?xml version="1.0" encoding="UTF-8"?><datastreamProfile  xmlns="http://www.fedora.info/definitions/1/0/management/"  xmlns:xsd="http://www.w3.org/2001/XMLSchema"
        xmlns:xsi="http://www.w3.org/2001/XMLSchema-instance" xsi:schemaLocation="http://www.fedora.info/definitions/1/0/management/
        http://www.fedora.info/definitions/1/0/datastreamProfile.xsd" pid="changeme:58"
        dsID="rightsMetadata" ><dsLabel></dsLabel><dsVersionID>rightsMetadata.0</dsVersionID><dsCreateDate>2014-09-02T18:13:40.810Z</dsCreateDate><dsState>A</dsState><dsMIME>text/xml</dsMIME><dsFormatURI></dsFormatURI><dsControlGroup>M</dsControlGroup><dsSize>521</dsSize><dsVersionable>true</dsVersionable><dsInfoType></dsInfoType><dsLocation>changeme:58+rightsMetadata+rightsMetadata.0</dsLocation><dsLocationType>INTERNAL_ID</dsLocationType><dsChecksumType>DISABLED</dsChecksumType><dsChecksum>none</dsChecksum></datastreamProfile>
    http_version: 
  recorded_at: Tue, 02 Sep 2014 18:13:40 GMT
- request:
    method: post
    uri: http://fedoraAdmin:fedoraAdmin@127.0.0.1:8983/fedora-test/objects/changeme:58/datastreams/native_metadata?controlGroup=M&dsState=A&mimeType=text/plain&versionable=true
    body:
      encoding: UTF-8
      string: ! '<info:fedora/changeme:58> <http://purl.org/dc/terms/title> "As You
        Like It" .

        <info:fedora/changeme:58> <http://harper.bobst.nyu.edu/data/nyucore#available>
        "DSS.ShakeIt" .

        <info:fedora/changeme:58> <http://harper.bobst.nyu.edu/data/nyucore#available>
        "DSS.ShakeIt1" .

        <info:fedora/changeme:58> <http://purl.org/dc/terms/description> "As You Like
        It" .

        <info:fedora/changeme:58> <http://purl.org/dc/terms/description> "As You Like
        It1" .

        <info:fedora/changeme:58> <http://harper.bobst.nyu.edu/data/nyucore#edition>
        "1st" .

        <info:fedora/changeme:58> <http://harper.bobst.nyu.edu/data/nyucore#edition>
        "1st1" .

        <info:fedora/changeme:58> <http://harper.bobst.nyu.edu/data/nyucore#series>
        "ESRI_10_STREETMAP" .

        <info:fedora/changeme:58> <http://harper.bobst.nyu.edu/data/nyucore#series>
        "ESRI_10_STREETMAP1" .

        <info:fedora/changeme:58> <http://harper.bobst.nyu.edu/data/nyucore#version>
        "2nd" .

        <info:fedora/changeme:58> <http://harper.bobst.nyu.edu/data/nyucore#version>
        "2nd1" .

        <info:fedora/changeme:58> <http://purl.org/dc/terms/date> "1594" .

        <info:fedora/changeme:58> <http://purl.org/dc/terms/date> "15941" .

        <info:fedora/changeme:58> <http://purl.org/dc/terms/format> "Geospatial data"
        .

        <info:fedora/changeme:58> <http://purl.org/dc/terms/format> "Geospatial data1"
        .

        <info:fedora/changeme:58> <http://purl.org/dc/terms/language> "English" .

        <info:fedora/changeme:58> <http://purl.org/dc/terms/language> "English1" .

        <info:fedora/changeme:58> <http://purl.org/dc/terms/relation> "Not sure what
        this is" .

        <info:fedora/changeme:58> <http://purl.org/dc/terms/relation> "Not sure what
        this is1" .

        <info:fedora/changeme:58> <http://purl.org/dc/terms/rights> "All rights" .

        <info:fedora/changeme:58> <http://purl.org/dc/terms/rights> "All rights1"
        .

        <info:fedora/changeme:58> <http://purl.org/dc/terms/subject> "Plays" .

        <info:fedora/changeme:58> <http://purl.org/dc/terms/subject> "Plays1" .

        <info:fedora/changeme:58> <http://harper.bobst.nyu.edu/data/nyucore#citation>
        "B Shakes, SPC" .

        <info:fedora/changeme:58> <http://harper.bobst.nyu.edu/data/nyucore#citation>
        "B Shakes, SPC1" .

'
    headers:
      Accept:
      - ! '*/*; q=0.5, application/xml'
      Accept-Encoding:
      - gzip, deflate
      Content-Type:
      - text/plain
      Multipart:
      - 'true'
      Content-Length:
      - '2086'
      User-Agent:
      - Ruby
  response:
    status:
      code: 201
      message: Created
    headers:
      Set-Cookie:
      - JSESSIONID=1mjsct2jr10qvgdx4nz9s09je;Path=/fedora-test
      Expires:
      - Thu, 01 Jan 1970 00:00:00 GMT
      Content-Type:
      - text/xml
      Date:
      - Tue, 02 Sep 2014 18:13:41 GMT
      Location:
      - http://127.0.0.1:8983/fedora-test/objects/changeme%3A58/datastreams/native_metadata
      Content-Length:
      - '901'
    body:
      encoding: US-ASCII
      string: <?xml version="1.0" encoding="UTF-8"?><datastreamProfile  xmlns="http://www.fedora.info/definitions/1/0/management/"  xmlns:xsd="http://www.w3.org/2001/XMLSchema"
        xmlns:xsi="http://www.w3.org/2001/XMLSchema-instance" xsi:schemaLocation="http://www.fedora.info/definitions/1/0/management/
        http://www.fedora.info/definitions/1/0/datastreamProfile.xsd" pid="changeme:58"
        dsID="native_metadata" ><dsLabel></dsLabel><dsVersionID>native_metadata.0</dsVersionID><dsCreateDate>2014-09-02T18:13:41.316Z</dsCreateDate><dsState>A</dsState><dsMIME>text/plain</dsMIME><dsFormatURI></dsFormatURI><dsControlGroup>M</dsControlGroup><dsSize>2086</dsSize><dsVersionable>true</dsVersionable><dsInfoType></dsInfoType><dsLocation>changeme:58+native_metadata+native_metadata.0</dsLocation><dsLocationType>INTERNAL_ID</dsLocationType><dsChecksumType>DISABLED</dsChecksumType><dsChecksum>none</dsChecksum></datastreamProfile>
    http_version: 
  recorded_at: Tue, 02 Sep 2014 18:13:41 GMT
- request:
    method: get
    uri: http://fedoraAdmin:fedoraAdmin@127.0.0.1:8983/fedora-test/objects/changeme:58/datastreams/RELS-EXT?format=xml
    body:
      encoding: US-ASCII
      string: ''
    headers:
      Accept:
      - ! '*/*; q=0.5, application/xml'
      Accept-Encoding:
      - gzip, deflate
      User-Agent:
      - Ruby
  response:
    status:
      code: 200
      message: OK
    headers:
      Set-Cookie:
      - JSESSIONID=2eui3ves1g741csvdzy976hz0;Path=/fedora-test
      Expires:
      - Thu, 01 Jan 1970 00:00:00 GMT
      Content-Type:
      - text/xml
      Date:
      - Tue, 02 Sep 2014 18:13:41 GMT
      Content-Length:
      - '915'
    body:
      encoding: US-ASCII
      string: <?xml version="1.0" encoding="UTF-8"?><datastreamProfile  xmlns="http://www.fedora.info/definitions/1/0/management/"  xmlns:xsd="http://www.w3.org/2001/XMLSchema"
        xmlns:xsi="http://www.w3.org/2001/XMLSchema-instance" xsi:schemaLocation="http://www.fedora.info/definitions/1/0/management/
        http://www.fedora.info/definitions/1/0/datastreamProfile.xsd" pid="changeme:58"
        dsID="RELS-EXT" ><dsLabel>Fedora Object-to-Object Relationship Metadata</dsLabel><dsVersionID>RELS-EXT.0</dsVersionID><dsCreateDate>2014-09-02T18:13:40.741Z</dsCreateDate><dsState>A</dsState><dsMIME>application/rdf+xml</dsMIME><dsFormatURI></dsFormatURI><dsControlGroup>X</dsControlGroup><dsSize>281</dsSize><dsVersionable>true</dsVersionable><dsInfoType></dsInfoType><dsLocation>changeme:58+RELS-EXT+RELS-EXT.0</dsLocation><dsLocationType></dsLocationType><dsChecksumType>DISABLED</dsChecksumType><dsChecksum>none</dsChecksum></datastreamProfile>
    http_version: 
  recorded_at: Tue, 02 Sep 2014 18:13:41 GMT
- request:
    method: get
    uri: http://fedoraAdmin:fedoraAdmin@127.0.0.1:8983/fedora-test/objects/changeme:58/datastreams/rightsMetadata?format=xml
    body:
      encoding: US-ASCII
      string: ''
    headers:
      Accept:
      - ! '*/*; q=0.5, application/xml'
      Accept-Encoding:
      - gzip, deflate
      User-Agent:
      - Ruby
  response:
    status:
      code: 200
      message: OK
    headers:
      Set-Cookie:
      - JSESSIONID=tczo7bdb8g2s251gfk3by11m;Path=/fedora-test
      Expires:
      - Thu, 01 Jan 1970 00:00:00 GMT
      Content-Type:
      - text/xml
      Date:
      - Tue, 02 Sep 2014 18:13:41 GMT
      Content-Length:
      - '894'
    body:
      encoding: US-ASCII
      string: <?xml version="1.0" encoding="UTF-8"?><datastreamProfile  xmlns="http://www.fedora.info/definitions/1/0/management/"  xmlns:xsd="http://www.w3.org/2001/XMLSchema"
        xmlns:xsi="http://www.w3.org/2001/XMLSchema-instance" xsi:schemaLocation="http://www.fedora.info/definitions/1/0/management/
        http://www.fedora.info/definitions/1/0/datastreamProfile.xsd" pid="changeme:58"
        dsID="rightsMetadata" ><dsLabel></dsLabel><dsVersionID>rightsMetadata.0</dsVersionID><dsCreateDate>2014-09-02T18:13:40.810Z</dsCreateDate><dsState>A</dsState><dsMIME>text/xml</dsMIME><dsFormatURI></dsFormatURI><dsControlGroup>M</dsControlGroup><dsSize>521</dsSize><dsVersionable>true</dsVersionable><dsInfoType></dsInfoType><dsLocation>changeme:58+rightsMetadata+rightsMetadata.0</dsLocation><dsLocationType>INTERNAL_ID</dsLocationType><dsChecksumType>DISABLED</dsChecksumType><dsChecksum>none</dsChecksum></datastreamProfile>
    http_version: 
  recorded_at: Tue, 02 Sep 2014 18:13:41 GMT
- request:
    method: get
    uri: http://fedoraAdmin:fedoraAdmin@127.0.0.1:8983/fedora-test/objects/changeme:58/datastreams/native_metadata?format=xml
    body:
      encoding: US-ASCII
      string: ''
    headers:
      Accept:
      - ! '*/*; q=0.5, application/xml'
      Accept-Encoding:
      - gzip, deflate
      User-Agent:
      - Ruby
  response:
    status:
      code: 200
      message: OK
    headers:
      Set-Cookie:
      - JSESSIONID=8l1w7q66n0eb69hc8f4bcutx;Path=/fedora-test
      Expires:
      - Thu, 01 Jan 1970 00:00:00 GMT
      Content-Type:
      - text/xml
      Date:
      - Tue, 02 Sep 2014 18:13:41 GMT
      Content-Length:
      - '901'
    body:
      encoding: US-ASCII
      string: <?xml version="1.0" encoding="UTF-8"?><datastreamProfile  xmlns="http://www.fedora.info/definitions/1/0/management/"  xmlns:xsd="http://www.w3.org/2001/XMLSchema"
        xmlns:xsi="http://www.w3.org/2001/XMLSchema-instance" xsi:schemaLocation="http://www.fedora.info/definitions/1/0/management/
        http://www.fedora.info/definitions/1/0/datastreamProfile.xsd" pid="changeme:58"
        dsID="native_metadata" ><dsLabel></dsLabel><dsVersionID>native_metadata.0</dsVersionID><dsCreateDate>2014-09-02T18:13:41.316Z</dsCreateDate><dsState>A</dsState><dsMIME>text/plain</dsMIME><dsFormatURI></dsFormatURI><dsControlGroup>M</dsControlGroup><dsSize>2086</dsSize><dsVersionable>true</dsVersionable><dsInfoType></dsInfoType><dsLocation>changeme:58+native_metadata+native_metadata.0</dsLocation><dsLocationType>INTERNAL_ID</dsLocationType><dsChecksumType>DISABLED</dsChecksumType><dsChecksum>none</dsChecksum></datastreamProfile>
    http_version: 
  recorded_at: Tue, 02 Sep 2014 18:13:41 GMT
- request:
    method: post
    uri: http://127.0.0.1:8983/solr/test/update?wt=ruby
    body:
      encoding: US-ASCII
      string: <?xml version="1.0" encoding="UTF-8"?><add><doc><field name="system_create_dtsi">2014-09-02T18:13:40Z</field><field
        name="system_modified_dtsi">2014-09-02T18:13:40Z</field><field name="object_state_ssi">A</field><field
        name="active_fedora_model_ssi">Nyucore</field><field name="id">changeme:58</field><field
        name="object_profile_ssm">{"datastreams":{"RELS-EXT":{"dsLabel":"Fedora Object-to-Object
        Relationship Metadata","dsVersionID":"RELS-EXT.0","dsCreateDate":"2014-09-02T18:13:40Z","dsState":"A","dsMIME":"application/rdf+xml","dsFormatURI":null,"dsControlGroup":"X","dsSize":281,"dsVersionable":true,"dsInfoType":null,"dsLocation":"changeme:58+RELS-EXT+RELS-EXT.0","dsLocationType":null,"dsChecksumType":"DISABLED","dsChecksum":"none"},"rightsMetadata":{"dsLabel":null,"dsVersionID":"rightsMetadata.0","dsCreateDate":"2014-09-02T18:13:40Z","dsState":"A","dsMIME":"text/xml","dsFormatURI":null,"dsControlGroup":"M","dsSize":521,"dsVersionable":true,"dsInfoType":null,"dsLocation":"changeme:58+rightsMetadata+rightsMetadata.0","dsLocationType":"INTERNAL_ID","dsChecksumType":"DISABLED","dsChecksum":"none"},"source_metadata":{},"native_metadata":{"dsLabel":null,"dsVersionID":"native_metadata.0","dsCreateDate":"2014-09-02T18:13:41Z","dsState":"A","dsMIME":"text/plain","dsFormatURI":null,"dsControlGroup":"M","dsSize":2086,"dsVersionable":true,"dsInfoType":null,"dsLocation":"changeme:58+native_metadata+native_metadata.0","dsLocationType":"INTERNAL_ID","dsChecksumType":"DISABLED","dsChecksum":"none"}},"objLabel":null,"objOwnerId":"fedoraAdmin","objModels":["info:fedora/fedora-system:FedoraObject-3.0"],"objCreateDate":"2014-09-02T18:13:40Z","objLastModDate":"2014-09-02T18:13:40Z","objDissIndexViewURL":"http://localhost:8983/fedora-test/objects/changeme%3A58/methods/fedora-system%3A3/viewMethodIndex","objItemIndexViewURL":"http://localhost:8983/fedora-test/objects/changeme%3A58/methods/fedora-system%3A3/viewItemIndex","objState":"A"}</field><field
        name="edit_access_group_ssim">admin_group</field><field name="desc_metadata__title_tesim">As
        You Like It</field><field name="desc_metadata__available_tesim">DSS.ShakeIt</field><field
        name="desc_metadata__available_tesim">DSS.ShakeIt1</field><field name="desc_metadata__description_tesim">As
        You Like It</field><field name="desc_metadata__description_tesim">As You Like
        It1</field><field name="desc_metadata__edition_tesim">1st</field><field name="desc_metadata__edition_tesim">1st1</field><field
        name="desc_metadata__series_tesim">ESRI_10_STREETMAP</field><field name="desc_metadata__series_tesim">ESRI_10_STREETMAP1</field><field
        name="desc_metadata__version_tesim">2nd</field><field name="desc_metadata__version_tesim">2nd1</field><field
        name="desc_metadata__date_tesim">1594</field><field name="desc_metadata__date_tesim">15941</field><field
        name="desc_metadata__format_tesim">Geospatial data</field><field name="desc_metadata__format_tesim">Geospatial
        data1</field><field name="desc_metadata__language_tesim">English</field><field
        name="desc_metadata__language_tesim">English1</field><field name="desc_metadata__language_sim">English</field><field
        name="desc_metadata__language_sim">English1</field><field name="desc_metadata__relation_tesim">Not
        sure what this is</field><field name="desc_metadata__relation_tesim">Not sure
        what this is1</field><field name="desc_metadata__rights_tesim">All rights</field><field
        name="desc_metadata__rights_tesim">All rights1</field><field name="desc_metadata__subject_tesim">Plays</field><field
        name="desc_metadata__subject_tesim">Plays1</field><field name="desc_metadata__subject_sim">Plays</field><field
        name="desc_metadata__subject_sim">Plays1</field><field name="desc_metadata__citation_tesim">B
        Shakes, SPC</field><field name="desc_metadata__citation_tesim">B Shakes, SPC1</field><field
        name="has_model_ssim">info:fedora/afmodel:Nyucore</field></doc></add>
    headers:
      Content-Type:
      - text/xml
  response:
    status:
      code: 200
      message: OK
    headers:
      Content-Type:
      - text/plain;charset=UTF-8
      Transfer-Encoding:
      - chunked
    body:
      encoding: US-ASCII
      string: ! '{''responseHeader''=>{''status''=>0,''QTime''=>2}}

'
    http_version: 
  recorded_at: Tue, 02 Sep 2014 18:13:41 GMT
- request:
    method: post
    uri: http://127.0.0.1:8983/solr/test/update?wt=ruby
    body:
      encoding: US-ASCII
      string: <?xml version="1.0" encoding="UTF-8"?><commit/>
    headers:
      Content-Type:
      - text/xml
  response:
    status:
      code: 200
      message: OK
    headers:
      Content-Type:
      - text/plain;charset=UTF-8
      Transfer-Encoding:
      - chunked
    body:
      encoding: US-ASCII
      string: ! '{''responseHeader''=>{''status''=>0,''QTime''=>7}}

'
    http_version: 
  recorded_at: Tue, 02 Sep 2014 18:13:41 GMT
- request:
    method: get
    uri: http://127.0.0.1:8983/solr/test/select?id=changeme:58&qt=permissions&wt=ruby
    body:
      encoding: US-ASCII
      string: ''
    headers: {}
  response:
    status:
      code: 200
      message: OK
    headers:
      Last-Modified:
      - Tue, 02 Sep 2014 18:13:41 GMT
      Etag:
      - ! '"OGRmMDAwMDAwMDAwMDAwMFNvbHI="'
      Content-Type:
      - text/plain;charset=UTF-8
      Transfer-Encoding:
      - chunked
    body:
      encoding: US-ASCII
      string: ! "{'responseHeader'=>{'status'=>0,'QTime'=>1,'params'=>{'facet'=>'off','fl'=>'\n
        \       id,\n        access_ssim,\n        discover_access_group_ssim,discover_access_person_ssim,\n
        \       read_access_group_ssim,read_access_person_ssim,\n        edit_access_group_ssim,edit_access_person_ssim,\n
        \       depositor_ti,\n        embargo_release_date_dtsi\n        inheritable_access_ssim,\n
        \       inheritable_discover_access_group_ssim,inheritable_discover_access_person_ssim,\n
        \       inheritable_read_access_group_ssim,inheritable_read_access_person_ssim,\n
        \       inheritable_edit_access_group_ssim,inheritable_edit_access_person_ssim,\n
        \       inheritable_embargo_release_date_dtsi\n      ','echoParams'=>'all','q'=>'{!raw
        f=id v=$id}','rows'=>'1','id'=>'changeme:58','qt'=>'permissions','wt'=>'ruby'}},'response'=>{'numFound'=>1,'start'=>0,'docs'=>[{'id'=>'changeme:58','edit_access_group_ssim'=>['admin_group']}]}}\n"
    http_version: 
  recorded_at: Tue, 02 Sep 2014 18:13:41 GMT
- request:
    method: get
    uri: http://fedoraAdmin:fedoraAdmin@127.0.0.1:8983/fedora-test/objects/changeme:58?format=xml
    body:
      encoding: US-ASCII
      string: ''
    headers:
      Accept:
      - ! '*/*; q=0.5, application/xml'
      Accept-Encoding:
      - gzip, deflate
      User-Agent:
      - Ruby
  response:
    status:
      code: 200
      message: OK
    headers:
      Set-Cookie:
      - JSESSIONID=2jjb639fdti4oys58c1hsk48;Path=/fedora-test
      Expires:
      - Thu, 01 Jan 1970 00:00:00 GMT
      Content-Type:
      - text/xml
      Date:
      - Tue, 02 Sep 2014 18:13:41 GMT
      Content-Length:
      - '960'
    body:
      encoding: US-ASCII
      string: <?xml version="1.0" encoding="UTF-8"?><objectProfile  xmlns="http://www.fedora.info/definitions/1/0/access/"  xmlns:xsd="http://www.w3.org/2001/XMLSchema"
        xmlns:xsi="http://www.w3.org/2001/XMLSchema-instance" xsi:schemaLocation="http://www.fedora.info/definitions/1/0/access/
        http://www.fedora.info/definitions/1/0/objectProfile.xsd" pid="changeme:58"
        ><objLabel></objLabel><objOwnerId>fedoraAdmin</objOwnerId><objModels><model>info:fedora/afmodel:Nyucore</model><model>info:fedora/fedora-system:FedoraObject-3.0</model></objModels><objCreateDate>2014-09-02T18:13:40.565Z</objCreateDate><objLastModDate>2014-09-02T18:13:41.316Z</objLastModDate><objDissIndexViewURL>http://localhost:8983/fedora-test/objects/changeme%3A58/methods/fedora-system%3A3/viewMethodIndex</objDissIndexViewURL><objItemIndexViewURL>http://localhost:8983/fedora-test/objects/changeme%3A58/methods/fedora-system%3A3/viewItemIndex</objItemIndexViewURL><objState>A</objState></objectProfile>
    http_version: 
  recorded_at: Tue, 02 Sep 2014 18:13:41 GMT
- request:
    method: get
    uri: http://fedoraAdmin:fedoraAdmin@127.0.0.1:8983/fedora-test/objects/changeme:58/datastreams?format=xml
    body:
      encoding: US-ASCII
      string: ''
    headers:
      Accept:
      - ! '*/*; q=0.5, application/xml'
      Accept-Encoding:
      - gzip, deflate
      User-Agent:
      - Ruby
  response:
    status:
      code: 200
      message: OK
    headers:
      Set-Cookie:
      - JSESSIONID=ilbnettkiryu7onnv5d0gz5r;Path=/fedora-test
      Expires:
      - Thu, 01 Jan 1970 00:00:00 GMT
      Content-Type:
      - text/xml
      Date:
      - Tue, 02 Sep 2014 18:13:41 GMT
      Content-Length:
      - '784'
    body:
      encoding: US-ASCII
      string: <?xml version="1.0" encoding="UTF-8"?><objectDatastreams  xmlns="http://www.fedora.info/definitions/1/0/access/"
        xmlns:xsd="http://www.w3.org/2001/XMLSchema"  xmlns:xsi="http://www.w3.org/2001/XMLSchema-instance"  xsi:schemaLocation="http://www.fedora.info/definitions/1/0/access/
        http://www.fedora-commons.org/definitions/1/0/listDatastreams.xsd" pid="changeme:58"  baseURL="http://localhost:8983/fedora-test/"
        >    <datastream dsid="DC" label="Dublin Core Record for this object" mimeType="text/xml"
        />    <datastream dsid="RELS-EXT" label="Fedora Object-to-Object Relationship
        Metadata" mimeType="application/rdf+xml" />    <datastream dsid="rightsMetadata"
        label="" mimeType="text/xml" />    <datastream dsid="native_metadata" label=""
        mimeType="text/plain" /></objectDatastreams>
    http_version: 
  recorded_at: Tue, 02 Sep 2014 18:13:41 GMT
- request:
    method: get
    uri: http://fedoraAdmin:fedoraAdmin@127.0.0.1:8983/fedora-test/objects/changeme:58/datastreams/RELS-EXT?format=xml
    body:
      encoding: US-ASCII
      string: ''
    headers:
      Accept:
      - ! '*/*; q=0.5, application/xml'
      Accept-Encoding:
      - gzip, deflate
      User-Agent:
      - Ruby
  response:
    status:
      code: 200
      message: OK
    headers:
      Set-Cookie:
      - JSESSIONID=hjy6jjmzixj5btgsjwu77fys;Path=/fedora-test
      Expires:
      - Thu, 01 Jan 1970 00:00:00 GMT
      Content-Type:
      - text/xml
      Date:
      - Tue, 02 Sep 2014 18:13:41 GMT
      Content-Length:
      - '915'
    body:
      encoding: US-ASCII
      string: <?xml version="1.0" encoding="UTF-8"?><datastreamProfile  xmlns="http://www.fedora.info/definitions/1/0/management/"  xmlns:xsd="http://www.w3.org/2001/XMLSchema"
        xmlns:xsi="http://www.w3.org/2001/XMLSchema-instance" xsi:schemaLocation="http://www.fedora.info/definitions/1/0/management/
        http://www.fedora.info/definitions/1/0/datastreamProfile.xsd" pid="changeme:58"
        dsID="RELS-EXT" ><dsLabel>Fedora Object-to-Object Relationship Metadata</dsLabel><dsVersionID>RELS-EXT.0</dsVersionID><dsCreateDate>2014-09-02T18:13:40.741Z</dsCreateDate><dsState>A</dsState><dsMIME>application/rdf+xml</dsMIME><dsFormatURI></dsFormatURI><dsControlGroup>X</dsControlGroup><dsSize>281</dsSize><dsVersionable>true</dsVersionable><dsInfoType></dsInfoType><dsLocation>changeme:58+RELS-EXT+RELS-EXT.0</dsLocation><dsLocationType></dsLocationType><dsChecksumType>DISABLED</dsChecksumType><dsChecksum>none</dsChecksum></datastreamProfile>
    http_version: 
  recorded_at: Tue, 02 Sep 2014 18:13:41 GMT
- request:
    method: get
    uri: http://fedoraAdmin:fedoraAdmin@127.0.0.1:8983/fedora-test/objects/changeme:58/datastreams/RELS-EXT/content
    body:
      encoding: US-ASCII
      string: ''
    headers:
      Accept:
      - ! '*/*; q=0.5, application/xml'
      Accept-Encoding:
      - gzip, deflate
      User-Agent:
      - Ruby
  response:
    status:
      code: 200
      message: OK
    headers:
      Set-Cookie:
      - JSESSIONID=8kw6zhuc38e2u6x33ks71ey0;Path=/fedora-test
      Expires:
      - Thu, 01 Jan 1970 00:00:00 GMT
      Content-Disposition:
      - inline; filename="Fedora Object-to-Object Relationship Metadata.rdf"
      Content-Length:
      - '281'
      Content-Type:
      - application/rdf+xml
      Date:
      - Tue, 02 Sep 2014 18:13:41 GMT
    body:
      encoding: US-ASCII
      string: ! "\n<rdf:RDF xmlns:ns0=\"info:fedora/fedora-system:def/model#\" xmlns:rdf=\"http://www.w3.org/1999/02/22-rdf-syntax-ns#\">\n
        \ <rdf:Description rdf:about=\"info:fedora/changeme:58\">\n    <ns0:hasModel
        rdf:resource=\"info:fedora/afmodel:Nyucore\"></ns0:hasModel>\n  </rdf:Description>\n</rdf:RDF>\n"
    http_version: 
  recorded_at: Tue, 02 Sep 2014 18:13:41 GMT
- request:
    method: get
    uri: http://fedoraAdmin:fedoraAdmin@127.0.0.1:8983/fedora-test/objects/changeme:58/datastreams/source_metadata?format=xml
    body:
      encoding: US-ASCII
      string: ''
    headers:
      Accept:
      - ! '*/*; q=0.5, application/xml'
      Accept-Encoding:
      - gzip, deflate
      User-Agent:
      - Ruby
  response:
    status:
      code: 404
      message: Not Found
    headers:
      Set-Cookie:
      - JSESSIONID=1lefaruzkn4x81o95xomu5xaiz;Path=/fedora-test
      Expires:
      - Thu, 01 Jan 1970 00:00:00 GMT
      Content-Type:
      - text/plain
      Date:
      - Tue, 02 Sep 2014 18:13:41 GMT
      Content-Length:
      - '218'
    body:
      encoding: US-ASCII
      string: No datastream could be found. Either there is no datastream for the
        digital object "changeme:58" with datastream ID of "source_metadata"  OR  there
        are no datastreams that match the specified date/time value of "null".
    http_version: 
  recorded_at: Tue, 02 Sep 2014 18:13:41 GMT
- request:
    method: get
    uri: http://fedoraAdmin:fedoraAdmin@127.0.0.1:8983/fedora-test/objects/changeme:58/datastreams/native_metadata?format=xml
    body:
      encoding: US-ASCII
      string: ''
    headers:
      Accept:
      - ! '*/*; q=0.5, application/xml'
      Accept-Encoding:
      - gzip, deflate
      User-Agent:
      - Ruby
  response:
    status:
      code: 200
      message: OK
    headers:
      Set-Cookie:
      - JSESSIONID=1kavrvyy3st2d12y6ghppfwlev;Path=/fedora-test
      Expires:
      - Thu, 01 Jan 1970 00:00:00 GMT
      Content-Type:
      - text/xml
      Date:
      - Tue, 02 Sep 2014 18:13:41 GMT
      Content-Length:
      - '901'
    body:
      encoding: US-ASCII
      string: <?xml version="1.0" encoding="UTF-8"?><datastreamProfile  xmlns="http://www.fedora.info/definitions/1/0/management/"  xmlns:xsd="http://www.w3.org/2001/XMLSchema"
        xmlns:xsi="http://www.w3.org/2001/XMLSchema-instance" xsi:schemaLocation="http://www.fedora.info/definitions/1/0/management/
        http://www.fedora.info/definitions/1/0/datastreamProfile.xsd" pid="changeme:58"
        dsID="native_metadata" ><dsLabel></dsLabel><dsVersionID>native_metadata.0</dsVersionID><dsCreateDate>2014-09-02T18:13:41.316Z</dsCreateDate><dsState>A</dsState><dsMIME>text/plain</dsMIME><dsFormatURI></dsFormatURI><dsControlGroup>M</dsControlGroup><dsSize>2086</dsSize><dsVersionable>true</dsVersionable><dsInfoType></dsInfoType><dsLocation>changeme:58+native_metadata+native_metadata.0</dsLocation><dsLocationType>INTERNAL_ID</dsLocationType><dsChecksumType>DISABLED</dsChecksumType><dsChecksum>none</dsChecksum></datastreamProfile>
    http_version: 
  recorded_at: Tue, 02 Sep 2014 18:13:41 GMT
- request:
    method: get
    uri: http://fedoraAdmin:fedoraAdmin@127.0.0.1:8983/fedora-test/objects/changeme:58/datastreams/native_metadata/content
    body:
      encoding: US-ASCII
      string: ''
    headers:
      Accept:
      - ! '*/*; q=0.5, application/xml'
      Accept-Encoding:
      - gzip, deflate
      User-Agent:
      - Ruby
  response:
    status:
      code: 200
      message: OK
    headers:
      Set-Cookie:
      - JSESSIONID=157qmrox6pzfubzzjoqcdyomw;Path=/fedora-test
      Expires:
      - Thu, 01 Jan 1970 00:00:00 GMT
      Content-Disposition:
      - inline; filename="native_metadata.txt"
      Content-Length:
      - '2086'
      Content-Type:
      - text/plain
      Date:
      - Tue, 02 Sep 2014 18:13:41 GMT
    body:
      encoding: US-ASCII
      string: ! '<info:fedora/changeme:58> <http://purl.org/dc/terms/title> "As You
        Like It" .

        <info:fedora/changeme:58> <http://harper.bobst.nyu.edu/data/nyucore#available>
        "DSS.ShakeIt" .

        <info:fedora/changeme:58> <http://harper.bobst.nyu.edu/data/nyucore#available>
        "DSS.ShakeIt1" .

        <info:fedora/changeme:58> <http://purl.org/dc/terms/description> "As You Like
        It" .

        <info:fedora/changeme:58> <http://purl.org/dc/terms/description> "As You Like
        It1" .

        <info:fedora/changeme:58> <http://harper.bobst.nyu.edu/data/nyucore#edition>
        "1st" .

        <info:fedora/changeme:58> <http://harper.bobst.nyu.edu/data/nyucore#edition>
        "1st1" .

        <info:fedora/changeme:58> <http://harper.bobst.nyu.edu/data/nyucore#series>
        "ESRI_10_STREETMAP" .

        <info:fedora/changeme:58> <http://harper.bobst.nyu.edu/data/nyucore#series>
        "ESRI_10_STREETMAP1" .

        <info:fedora/changeme:58> <http://harper.bobst.nyu.edu/data/nyucore#version>
        "2nd" .

        <info:fedora/changeme:58> <http://harper.bobst.nyu.edu/data/nyucore#version>
        "2nd1" .

        <info:fedora/changeme:58> <http://purl.org/dc/terms/date> "1594" .

        <info:fedora/changeme:58> <http://purl.org/dc/terms/date> "15941" .

        <info:fedora/changeme:58> <http://purl.org/dc/terms/format> "Geospatial data"
        .

        <info:fedora/changeme:58> <http://purl.org/dc/terms/format> "Geospatial data1"
        .

        <info:fedora/changeme:58> <http://purl.org/dc/terms/language> "English" .

        <info:fedora/changeme:58> <http://purl.org/dc/terms/language> "English1" .

        <info:fedora/changeme:58> <http://purl.org/dc/terms/relation> "Not sure what
        this is" .

        <info:fedora/changeme:58> <http://purl.org/dc/terms/relation> "Not sure what
        this is1" .

        <info:fedora/changeme:58> <http://purl.org/dc/terms/rights> "All rights" .

        <info:fedora/changeme:58> <http://purl.org/dc/terms/rights> "All rights1"
        .

        <info:fedora/changeme:58> <http://purl.org/dc/terms/subject> "Plays" .

        <info:fedora/changeme:58> <http://purl.org/dc/terms/subject> "Plays1" .

        <info:fedora/changeme:58> <http://harper.bobst.nyu.edu/data/nyucore#citation>
        "B Shakes, SPC" .

        <info:fedora/changeme:58> <http://harper.bobst.nyu.edu/data/nyucore#citation>
        "B Shakes, SPC1" .

'
    http_version: 
  recorded_at: Tue, 02 Sep 2014 18:13:41 GMT
- request:
    method: get
    uri: http://127.0.0.1:8983/solr/test/select?id=changeme:58&qt=permissions&wt=ruby
    body:
      encoding: US-ASCII
      string: ''
    headers: {}
  response:
    status:
      code: 200
      message: OK
    headers:
      Last-Modified:
      - Tue, 02 Sep 2014 18:13:41 GMT
      Etag:
      - ! '"OGRmMDAwMDAwMDAwMDAwMFNvbHI="'
      Content-Type:
      - text/plain;charset=UTF-8
      Transfer-Encoding:
      - chunked
    body:
      encoding: US-ASCII
      string: ! "{'responseHeader'=>{'status'=>0,'QTime'=>1,'params'=>{'facet'=>'off','fl'=>'\n
        \       id,\n        access_ssim,\n        discover_access_group_ssim,discover_access_person_ssim,\n
        \       read_access_group_ssim,read_access_person_ssim,\n        edit_access_group_ssim,edit_access_person_ssim,\n
        \       depositor_ti,\n        embargo_release_date_dtsi\n        inheritable_access_ssim,\n
        \       inheritable_discover_access_group_ssim,inheritable_discover_access_person_ssim,\n
        \       inheritable_read_access_group_ssim,inheritable_read_access_person_ssim,\n
        \       inheritable_edit_access_group_ssim,inheritable_edit_access_person_ssim,\n
        \       inheritable_embargo_release_date_dtsi\n      ','echoParams'=>'all','q'=>'{!raw
        f=id v=$id}','rows'=>'1','id'=>'changeme:58','qt'=>'permissions','wt'=>'ruby'}},'response'=>{'numFound'=>1,'start'=>0,'docs'=>[{'id'=>'changeme:58','edit_access_group_ssim'=>['admin_group']}]}}\n"
    http_version: 
  recorded_at: Tue, 02 Sep 2014 18:13:42 GMT
- request:
    method: get
    uri: http://fedoraAdmin:fedoraAdmin@127.0.0.1:8983/fedora-test/objects/changeme:58?format=xml
    body:
      encoding: US-ASCII
      string: ''
    headers:
      Accept:
      - ! '*/*; q=0.5, application/xml'
      Accept-Encoding:
      - gzip, deflate
      User-Agent:
      - Ruby
  response:
    status:
      code: 200
      message: OK
    headers:
      Set-Cookie:
      - JSESSIONID=1kwas1qud6poztitcyizvuu74;Path=/fedora-test
      Expires:
      - Thu, 01 Jan 1970 00:00:00 GMT
      Content-Type:
      - text/xml
      Date:
      - Tue, 02 Sep 2014 18:13:42 GMT
      Content-Length:
      - '960'
    body:
      encoding: US-ASCII
      string: <?xml version="1.0" encoding="UTF-8"?><objectProfile  xmlns="http://www.fedora.info/definitions/1/0/access/"  xmlns:xsd="http://www.w3.org/2001/XMLSchema"
        xmlns:xsi="http://www.w3.org/2001/XMLSchema-instance" xsi:schemaLocation="http://www.fedora.info/definitions/1/0/access/
        http://www.fedora.info/definitions/1/0/objectProfile.xsd" pid="changeme:58"
        ><objLabel></objLabel><objOwnerId>fedoraAdmin</objOwnerId><objModels><model>info:fedora/afmodel:Nyucore</model><model>info:fedora/fedora-system:FedoraObject-3.0</model></objModels><objCreateDate>2014-09-02T18:13:40.565Z</objCreateDate><objLastModDate>2014-09-02T18:13:41.316Z</objLastModDate><objDissIndexViewURL>http://localhost:8983/fedora-test/objects/changeme%3A58/methods/fedora-system%3A3/viewMethodIndex</objDissIndexViewURL><objItemIndexViewURL>http://localhost:8983/fedora-test/objects/changeme%3A58/methods/fedora-system%3A3/viewItemIndex</objItemIndexViewURL><objState>A</objState></objectProfile>
    http_version: 
  recorded_at: Tue, 02 Sep 2014 18:13:42 GMT
- request:
    method: get
    uri: http://fedoraAdmin:fedoraAdmin@127.0.0.1:8983/fedora-test/objects/changeme:58/datastreams?format=xml
    body:
      encoding: US-ASCII
      string: ''
    headers:
      Accept:
      - ! '*/*; q=0.5, application/xml'
      Accept-Encoding:
      - gzip, deflate
      User-Agent:
      - Ruby
  response:
    status:
      code: 200
      message: OK
    headers:
      Set-Cookie:
      - JSESSIONID=ech19pkrakewmya6ybual7i9;Path=/fedora-test
      Expires:
      - Thu, 01 Jan 1970 00:00:00 GMT
      Content-Type:
      - text/xml
      Date:
      - Tue, 02 Sep 2014 18:13:42 GMT
      Content-Length:
      - '784'
    body:
      encoding: US-ASCII
      string: <?xml version="1.0" encoding="UTF-8"?><objectDatastreams  xmlns="http://www.fedora.info/definitions/1/0/access/"
        xmlns:xsd="http://www.w3.org/2001/XMLSchema"  xmlns:xsi="http://www.w3.org/2001/XMLSchema-instance"  xsi:schemaLocation="http://www.fedora.info/definitions/1/0/access/
        http://www.fedora-commons.org/definitions/1/0/listDatastreams.xsd" pid="changeme:58"  baseURL="http://localhost:8983/fedora-test/"
        >    <datastream dsid="DC" label="Dublin Core Record for this object" mimeType="text/xml"
        />    <datastream dsid="RELS-EXT" label="Fedora Object-to-Object Relationship
        Metadata" mimeType="application/rdf+xml" />    <datastream dsid="rightsMetadata"
        label="" mimeType="text/xml" />    <datastream dsid="native_metadata" label=""
        mimeType="text/plain" /></objectDatastreams>
    http_version: 
  recorded_at: Tue, 02 Sep 2014 18:13:42 GMT
- request:
    method: get
    uri: http://fedoraAdmin:fedoraAdmin@127.0.0.1:8983/fedora-test/objects/changeme:58/datastreams/RELS-EXT?format=xml
    body:
      encoding: US-ASCII
      string: ''
    headers:
      Accept:
      - ! '*/*; q=0.5, application/xml'
      Accept-Encoding:
      - gzip, deflate
      User-Agent:
      - Ruby
  response:
    status:
      code: 200
      message: OK
    headers:
      Set-Cookie:
      - JSESSIONID=1w9w7zklrmaikbo9nn82az2vj;Path=/fedora-test
      Expires:
      - Thu, 01 Jan 1970 00:00:00 GMT
      Content-Type:
      - text/xml
      Date:
      - Tue, 02 Sep 2014 18:13:42 GMT
      Content-Length:
      - '915'
    body:
      encoding: US-ASCII
      string: <?xml version="1.0" encoding="UTF-8"?><datastreamProfile  xmlns="http://www.fedora.info/definitions/1/0/management/"  xmlns:xsd="http://www.w3.org/2001/XMLSchema"
        xmlns:xsi="http://www.w3.org/2001/XMLSchema-instance" xsi:schemaLocation="http://www.fedora.info/definitions/1/0/management/
        http://www.fedora.info/definitions/1/0/datastreamProfile.xsd" pid="changeme:58"
        dsID="RELS-EXT" ><dsLabel>Fedora Object-to-Object Relationship Metadata</dsLabel><dsVersionID>RELS-EXT.0</dsVersionID><dsCreateDate>2014-09-02T18:13:40.741Z</dsCreateDate><dsState>A</dsState><dsMIME>application/rdf+xml</dsMIME><dsFormatURI></dsFormatURI><dsControlGroup>X</dsControlGroup><dsSize>281</dsSize><dsVersionable>true</dsVersionable><dsInfoType></dsInfoType><dsLocation>changeme:58+RELS-EXT+RELS-EXT.0</dsLocation><dsLocationType></dsLocationType><dsChecksumType>DISABLED</dsChecksumType><dsChecksum>none</dsChecksum></datastreamProfile>
    http_version: 
  recorded_at: Tue, 02 Sep 2014 18:13:42 GMT
- request:
    method: get
    uri: http://fedoraAdmin:fedoraAdmin@127.0.0.1:8983/fedora-test/objects/changeme:58/datastreams/RELS-EXT/content
    body:
      encoding: US-ASCII
      string: ''
    headers:
      Accept:
      - ! '*/*; q=0.5, application/xml'
      Accept-Encoding:
      - gzip, deflate
      User-Agent:
      - Ruby
  response:
    status:
      code: 200
      message: OK
    headers:
      Set-Cookie:
      - JSESSIONID=1fd0k48d2v8or1vg2l0t435xbu;Path=/fedora-test
      Expires:
      - Thu, 01 Jan 1970 00:00:00 GMT
      Content-Disposition:
      - inline; filename="Fedora Object-to-Object Relationship Metadata.rdf"
      Content-Length:
      - '281'
      Content-Type:
      - application/rdf+xml
      Date:
      - Tue, 02 Sep 2014 18:13:42 GMT
    body:
      encoding: US-ASCII
      string: ! "\n<rdf:RDF xmlns:ns0=\"info:fedora/fedora-system:def/model#\" xmlns:rdf=\"http://www.w3.org/1999/02/22-rdf-syntax-ns#\">\n
        \ <rdf:Description rdf:about=\"info:fedora/changeme:58\">\n    <ns0:hasModel
        rdf:resource=\"info:fedora/afmodel:Nyucore\"></ns0:hasModel>\n  </rdf:Description>\n</rdf:RDF>\n"
    http_version: 
  recorded_at: Tue, 02 Sep 2014 18:13:42 GMT
- request:
    method: get
    uri: http://fedoraAdmin:fedoraAdmin@127.0.0.1:8983/fedora-test/objects/changeme:58/datastreams/source_metadata?format=xml
    body:
      encoding: US-ASCII
      string: ''
    headers:
      Accept:
      - ! '*/*; q=0.5, application/xml'
      Accept-Encoding:
      - gzip, deflate
      User-Agent:
      - Ruby
  response:
    status:
      code: 404
      message: Not Found
    headers:
      Set-Cookie:
      - JSESSIONID=fv7rou1pnyfn125aceewx2ukj;Path=/fedora-test
      Expires:
      - Thu, 01 Jan 1970 00:00:00 GMT
      Content-Type:
      - text/plain
      Date:
      - Tue, 02 Sep 2014 18:13:42 GMT
      Content-Length:
      - '218'
    body:
      encoding: US-ASCII
      string: No datastream could be found. Either there is no datastream for the
        digital object "changeme:58" with datastream ID of "source_metadata"  OR  there
        are no datastreams that match the specified date/time value of "null".
    http_version: 
  recorded_at: Tue, 02 Sep 2014 18:13:42 GMT
- request:
    method: get
    uri: http://fedoraAdmin:fedoraAdmin@127.0.0.1:8983/fedora-test/objects/changeme:58/datastreams/native_metadata?format=xml
    body:
      encoding: US-ASCII
      string: ''
    headers:
      Accept:
      - ! '*/*; q=0.5, application/xml'
      Accept-Encoding:
      - gzip, deflate
      User-Agent:
      - Ruby
  response:
    status:
      code: 200
      message: OK
    headers:
      Set-Cookie:
      - JSESSIONID=lxwayfcvl064ebv961p2lqsr;Path=/fedora-test
      Expires:
      - Thu, 01 Jan 1970 00:00:00 GMT
      Content-Type:
      - text/xml
      Date:
      - Tue, 02 Sep 2014 18:13:42 GMT
      Content-Length:
      - '901'
    body:
      encoding: US-ASCII
      string: <?xml version="1.0" encoding="UTF-8"?><datastreamProfile  xmlns="http://www.fedora.info/definitions/1/0/management/"  xmlns:xsd="http://www.w3.org/2001/XMLSchema"
        xmlns:xsi="http://www.w3.org/2001/XMLSchema-instance" xsi:schemaLocation="http://www.fedora.info/definitions/1/0/management/
        http://www.fedora.info/definitions/1/0/datastreamProfile.xsd" pid="changeme:58"
        dsID="native_metadata" ><dsLabel></dsLabel><dsVersionID>native_metadata.0</dsVersionID><dsCreateDate>2014-09-02T18:13:41.316Z</dsCreateDate><dsState>A</dsState><dsMIME>text/plain</dsMIME><dsFormatURI></dsFormatURI><dsControlGroup>M</dsControlGroup><dsSize>2086</dsSize><dsVersionable>true</dsVersionable><dsInfoType></dsInfoType><dsLocation>changeme:58+native_metadata+native_metadata.0</dsLocation><dsLocationType>INTERNAL_ID</dsLocationType><dsChecksumType>DISABLED</dsChecksumType><dsChecksum>none</dsChecksum></datastreamProfile>
    http_version: 
  recorded_at: Tue, 02 Sep 2014 18:13:42 GMT
- request:
    method: get
    uri: http://fedoraAdmin:fedoraAdmin@127.0.0.1:8983/fedora-test/objects/changeme:58/datastreams/native_metadata/content
    body:
      encoding: US-ASCII
      string: ''
    headers:
      Accept:
      - ! '*/*; q=0.5, application/xml'
      Accept-Encoding:
      - gzip, deflate
      User-Agent:
      - Ruby
  response:
    status:
      code: 200
      message: OK
    headers:
      Set-Cookie:
      - JSESSIONID=1u0xoll1oisi211h65clfco727;Path=/fedora-test
      Expires:
      - Thu, 01 Jan 1970 00:00:00 GMT
      Content-Disposition:
      - inline; filename="native_metadata.txt"
      Content-Length:
      - '2086'
      Content-Type:
      - text/plain
      Date:
      - Tue, 02 Sep 2014 18:13:42 GMT
    body:
      encoding: US-ASCII
      string: ! '<info:fedora/changeme:58> <http://purl.org/dc/terms/title> "As You
        Like It" .

        <info:fedora/changeme:58> <http://harper.bobst.nyu.edu/data/nyucore#available>
        "DSS.ShakeIt" .

        <info:fedora/changeme:58> <http://harper.bobst.nyu.edu/data/nyucore#available>
        "DSS.ShakeIt1" .

        <info:fedora/changeme:58> <http://purl.org/dc/terms/description> "As You Like
        It" .

        <info:fedora/changeme:58> <http://purl.org/dc/terms/description> "As You Like
        It1" .

        <info:fedora/changeme:58> <http://harper.bobst.nyu.edu/data/nyucore#edition>
        "1st" .

        <info:fedora/changeme:58> <http://harper.bobst.nyu.edu/data/nyucore#edition>
        "1st1" .

        <info:fedora/changeme:58> <http://harper.bobst.nyu.edu/data/nyucore#series>
        "ESRI_10_STREETMAP" .

        <info:fedora/changeme:58> <http://harper.bobst.nyu.edu/data/nyucore#series>
        "ESRI_10_STREETMAP1" .

        <info:fedora/changeme:58> <http://harper.bobst.nyu.edu/data/nyucore#version>
        "2nd" .

        <info:fedora/changeme:58> <http://harper.bobst.nyu.edu/data/nyucore#version>
        "2nd1" .

        <info:fedora/changeme:58> <http://purl.org/dc/terms/date> "1594" .

        <info:fedora/changeme:58> <http://purl.org/dc/terms/date> "15941" .

        <info:fedora/changeme:58> <http://purl.org/dc/terms/format> "Geospatial data"
        .

        <info:fedora/changeme:58> <http://purl.org/dc/terms/format> "Geospatial data1"
        .

        <info:fedora/changeme:58> <http://purl.org/dc/terms/language> "English" .

        <info:fedora/changeme:58> <http://purl.org/dc/terms/language> "English1" .

        <info:fedora/changeme:58> <http://purl.org/dc/terms/relation> "Not sure what
        this is" .

        <info:fedora/changeme:58> <http://purl.org/dc/terms/relation> "Not sure what
        this is1" .

        <info:fedora/changeme:58> <http://purl.org/dc/terms/rights> "All rights" .

        <info:fedora/changeme:58> <http://purl.org/dc/terms/rights> "All rights1"
        .

        <info:fedora/changeme:58> <http://purl.org/dc/terms/subject> "Plays" .

        <info:fedora/changeme:58> <http://purl.org/dc/terms/subject> "Plays1" .

        <info:fedora/changeme:58> <http://harper.bobst.nyu.edu/data/nyucore#citation>
        "B Shakes, SPC" .

        <info:fedora/changeme:58> <http://harper.bobst.nyu.edu/data/nyucore#citation>
        "B Shakes, SPC1" .

'
    http_version: 
  recorded_at: Tue, 02 Sep 2014 18:13:42 GMT
recorded_with: VCR 2.8.0
