---
http_interactions:
- request:
    method: get
    uri: http://fedoraAdmin:fedoraAdmin@127.0.0.1:8983/fedora-test/describe?xml=true
    body:
      encoding: US-ASCII
      string: ''
    headers:
      Accept:
      - ! '*/*; q=0.5, application/xml'
      Accept-Encoding:
      - gzip, deflate
      User-Agent:
      - Ruby
  response:
    status:
      code: 200
      message: OK
    headers:
      Set-Cookie:
      - JSESSIONID=6na4841w0gw37cwlh2tzbea9;Path=/fedora-test
      Expires:
      - Thu, 01 Jan 1970 00:00:00 GMT
      Content-Type:
      - text/xml;charset=UTF-8
      Transfer-Encoding:
      - chunked
    body:
      encoding: US-ASCII
      string: <?xml version="1.0" encoding="UTF-8"?><fedoraRepository xmlns="http://www.fedora.info/definitions/1/0/access/"
        xmlns:xsd="http://www.w3.org/2001/XMLSchema" xmlns:xsi="http://www.w3.org/2001/XMLSchema-instance"
        xsi:schemaLocation="http://www.fedora.info/definitions/1/0/access/ http://www.fedora.info/definitions/1/0/fedoraRepository.xsd"><repositoryName>Fedora
        Repository</repositoryName><repositoryBaseURL>http://localhost:8983/fedora-test</repositoryBaseURL><repositoryVersion>3.7.0</repositoryVersion><repositoryPID>    <PID-namespaceIdentifier>changeme</PID-namespaceIdentifier>    <PID-delimiter>:</PID-delimiter>    <PID-sample>changeme:100</PID-sample>    <retainPID>*</retainPID></repositoryPID><repositoryOAI-identifier>    <OAI-namespaceIdentifier>example.org</OAI-namespaceIdentifier>    <OAI-delimiter>:</OAI-delimiter>    <OAI-sample>oai:example.org:changeme:100</OAI-sample></repositoryOAI-identifier><sampleSearch-URL>http://localhost:8983/fedora-test/objects</sampleSearch-URL><sampleAccess-URL>http://localhost:8983/fedora-test/objects/demo:5</sampleAccess-URL><sampleOAI-URL>http://localhost:8983/fedora-test/oai?verb=Identify</sampleOAI-URL><adminEmail>bob@example.org</adminEmail><adminEmail>sally@example.org</adminEmail></fedoraRepository>
    http_version: 
  recorded_at: Wed, 06 Aug 2014 18:11:17 GMT
- request:
    method: get
    uri: http://fedoraAdmin:fedoraAdmin@127.0.0.1:8983/fedora-test/objects/testgisrecord:123/datastreams?format=xml
    body:
      encoding: US-ASCII
      string: ''
    headers:
      Accept:
      - ! '*/*; q=0.5, application/xml'
      Accept-Encoding:
      - gzip, deflate
      User-Agent:
      - Ruby
  response:
    status:
      code: 200
      message: OK
    headers:
      Set-Cookie:
      - JSESSIONID=1wdcqb03kbx67162fgymmno30s;Path=/fedora-test
      Expires:
      - Thu, 01 Jan 1970 00:00:00 GMT
      Content-Type:
      - text/xml
      Date:
      - Wed, 06 Aug 2014 18:11:17 GMT
      Content-Length:
      - '787'
    body:
      encoding: US-ASCII
      string: <?xml version="1.0" encoding="UTF-8"?><objectDatastreams  xmlns="http://www.fedora.info/definitions/1/0/access/"
        xmlns:xsd="http://www.w3.org/2001/XMLSchema"  xmlns:xsi="http://www.w3.org/2001/XMLSchema-instance"  xsi:schemaLocation="http://www.fedora.info/definitions/1/0/access/
        http://www.fedora-commons.org/definitions/1/0/listDatastreams.xsd" pid="testgisrecord:123"  baseURL="http://localhost:8983/fedora-test/"
        >    <datastream dsid="DC" label="Dublin Core Record for this object" mimeType="text/xml"
        />    <datastream dsid="RELS-EXT" label="Fedora Object-to-Object Relationship
        Metadata" mimeType="application/rdf+xml" />    <datastream dsid="rightsMetadata"
        label="" mimeType="text/xml" />    <datastream dsid="descMetadata" label=""
        mimeType="text/plain" /></objectDatastreams>
    http_version: 
  recorded_at: Wed, 06 Aug 2014 18:11:17 GMT
- request:
    method: get
    uri: http://fedoraAdmin:fedoraAdmin@127.0.0.1:8983/fedora-test/objects/testgisrecord:123?format=xml
    body:
      encoding: US-ASCII
      string: ''
    headers:
      Accept:
      - ! '*/*; q=0.5, application/xml'
      Accept-Encoding:
      - gzip, deflate
      User-Agent:
      - Ruby
  response:
    status:
      code: 200
      message: OK
    headers:
      Set-Cookie:
      - JSESSIONID=1b5jr2kzxc865190fsan38252l;Path=/fedora-test
      Expires:
      - Thu, 01 Jan 1970 00:00:00 GMT
      Content-Type:
      - text/xml
      Date:
      - Wed, 06 Aug 2014 18:11:17 GMT
      Content-Length:
      - '978'
    body:
      encoding: US-ASCII
      string: <?xml version="1.0" encoding="UTF-8"?><objectProfile  xmlns="http://www.fedora.info/definitions/1/0/access/"  xmlns:xsd="http://www.w3.org/2001/XMLSchema"
        xmlns:xsi="http://www.w3.org/2001/XMLSchema-instance" xsi:schemaLocation="http://www.fedora.info/definitions/1/0/access/
        http://www.fedora.info/definitions/1/0/objectProfile.xsd" pid="testgisrecord:123"
        ><objLabel></objLabel><objOwnerId>fedoraAdmin</objOwnerId><objModels><model>info:fedora/afmodel:Nyucore</model><model>info:fedora/fedora-system:FedoraObject-3.0</model></objModels><objCreateDate>2014-08-06T17:07:47.389Z</objCreateDate><objLastModDate>2014-08-06T17:56:34.562Z</objLastModDate><objDissIndexViewURL>http://localhost:8983/fedora-test/objects/testgisrecord%3A123/methods/fedora-system%3A3/viewMethodIndex</objDissIndexViewURL><objItemIndexViewURL>http://localhost:8983/fedora-test/objects/testgisrecord%3A123/methods/fedora-system%3A3/viewItemIndex</objItemIndexViewURL><objState>A</objState></objectProfile>
    http_version: 
  recorded_at: Wed, 06 Aug 2014 18:11:17 GMT
- request:
    method: get
    uri: http://fedoraAdmin:fedoraAdmin@127.0.0.1:8983/fedora-test/objects/testgisrecord:123/datastreams/RELS-EXT?format=xml
    body:
      encoding: US-ASCII
      string: ''
    headers:
      Accept:
      - ! '*/*; q=0.5, application/xml'
      Accept-Encoding:
      - gzip, deflate
      User-Agent:
      - Ruby
  response:
    status:
      code: 200
      message: OK
    headers:
      Set-Cookie:
      - JSESSIONID=11p9iw10q565x1n1yxdeoqa1il;Path=/fedora-test
      Expires:
      - Thu, 01 Jan 1970 00:00:00 GMT
      Content-Type:
      - text/xml
      Date:
      - Wed, 06 Aug 2014 18:11:17 GMT
      Content-Length:
      - '927'
    body:
      encoding: US-ASCII
      string: <?xml version="1.0" encoding="UTF-8"?><datastreamProfile  xmlns="http://www.fedora.info/definitions/1/0/management/"  xmlns:xsd="http://www.w3.org/2001/XMLSchema"
        xmlns:xsi="http://www.w3.org/2001/XMLSchema-instance" xsi:schemaLocation="http://www.fedora.info/definitions/1/0/management/
        http://www.fedora.info/definitions/1/0/datastreamProfile.xsd" pid="testgisrecord:123"
        dsID="RELS-EXT" ><dsLabel>Fedora Object-to-Object Relationship Metadata</dsLabel><dsVersionID>RELS-EXT.1</dsVersionID><dsCreateDate>2014-08-06T17:30:51.484Z</dsCreateDate><dsState>A</dsState><dsMIME>application/rdf+xml</dsMIME><dsFormatURI></dsFormatURI><dsControlGroup>X</dsControlGroup><dsSize>287</dsSize><dsVersionable>true</dsVersionable><dsInfoType></dsInfoType><dsLocation>testgisrecord:123+RELS-EXT+RELS-EXT.1</dsLocation><dsLocationType></dsLocationType><dsChecksumType>DISABLED</dsChecksumType><dsChecksum>none</dsChecksum></datastreamProfile>
    http_version: 
  recorded_at: Wed, 06 Aug 2014 18:11:17 GMT
- request:
    method: get
    uri: http://fedoraAdmin:fedoraAdmin@127.0.0.1:8983/fedora-test/objects/testgisrecord:123/datastreams/RELS-EXT/content
    body:
      encoding: US-ASCII
      string: ''
    headers:
      Accept:
      - ! '*/*; q=0.5, application/xml'
      Accept-Encoding:
      - gzip, deflate
      User-Agent:
      - Ruby
  response:
    status:
      code: 200
      message: OK
    headers:
      Set-Cookie:
      - JSESSIONID=ggy10rwfzsbzp9lyc8bdugrz;Path=/fedora-test
      Expires:
      - Thu, 01 Jan 1970 00:00:00 GMT
      Content-Disposition:
      - inline; filename="Fedora Object-to-Object Relationship Metadata.rdf"
      Content-Length:
      - '287'
      Content-Type:
      - application/rdf+xml
      Date:
      - Wed, 06 Aug 2014 18:11:17 GMT
    body:
      encoding: US-ASCII
      string: ! "\n<rdf:RDF xmlns:ns0=\"info:fedora/fedora-system:def/model#\" xmlns:rdf=\"http://www.w3.org/1999/02/22-rdf-syntax-ns#\">\n
        \ <rdf:Description rdf:about=\"info:fedora/testgisrecord:123\">\n    <ns0:hasModel
        rdf:resource=\"info:fedora/afmodel:Nyucore\"></ns0:hasModel>\n  </rdf:Description>\n</rdf:RDF>\n"
    http_version: 
  recorded_at: Wed, 06 Aug 2014 18:11:17 GMT
- request:
    method: get
    uri: http://fedoraAdmin:fedoraAdmin@127.0.0.1:8983/fedora-test/objects/testgisrecord:123/datastreams/rightsMetadata?format=xml
    body:
      encoding: US-ASCII
      string: ''
    headers:
      Accept:
      - ! '*/*; q=0.5, application/xml'
      Accept-Encoding:
      - gzip, deflate
      User-Agent:
      - Ruby
  response:
    status:
      code: 200
      message: OK
    headers:
      Set-Cookie:
      - JSESSIONID=1w7edn0mbhb9p2yegw1htrh7f;Path=/fedora-test
      Expires:
      - Thu, 01 Jan 1970 00:00:00 GMT
      Content-Type:
      - text/xml
      Date:
      - Wed, 06 Aug 2014 18:11:17 GMT
      Content-Length:
      - '906'
    body:
      encoding: US-ASCII
      string: <?xml version="1.0" encoding="UTF-8"?><datastreamProfile  xmlns="http://www.fedora.info/definitions/1/0/management/"  xmlns:xsd="http://www.w3.org/2001/XMLSchema"
        xmlns:xsi="http://www.w3.org/2001/XMLSchema-instance" xsi:schemaLocation="http://www.fedora.info/definitions/1/0/management/
        http://www.fedora.info/definitions/1/0/datastreamProfile.xsd" pid="testgisrecord:123"
        dsID="rightsMetadata" ><dsLabel></dsLabel><dsVersionID>rightsMetadata.4</dsVersionID><dsCreateDate>2014-08-06T17:56:34.562Z</dsCreateDate><dsState>A</dsState><dsMIME>text/xml</dsMIME><dsFormatURI></dsFormatURI><dsControlGroup>M</dsControlGroup><dsSize>556</dsSize><dsVersionable>true</dsVersionable><dsInfoType></dsInfoType><dsLocation>testgisrecord:123+rightsMetadata+rightsMetadata.4</dsLocation><dsLocationType>INTERNAL_ID</dsLocationType><dsChecksumType>DISABLED</dsChecksumType><dsChecksum>none</dsChecksum></datastreamProfile>
    http_version: 
  recorded_at: Wed, 06 Aug 2014 18:11:17 GMT
- request:
    method: get
    uri: http://fedoraAdmin:fedoraAdmin@127.0.0.1:8983/fedora-test/objects/testgisrecord:123/datastreams/descMetadata?format=xml
    body:
      encoding: US-ASCII
      string: ''
    headers:
      Accept:
      - ! '*/*; q=0.5, application/xml'
      Accept-Encoding:
      - gzip, deflate
      User-Agent:
      - Ruby
  response:
    status:
      code: 200
      message: OK
    headers:
      Set-Cookie:
      - JSESSIONID=1pbdqqu08cuinqrf0sfy5g8b5;Path=/fedora-test
      Expires:
      - Thu, 01 Jan 1970 00:00:00 GMT
      Content-Type:
      - text/xml
      Date:
      - Wed, 06 Aug 2014 18:11:17 GMT
      Content-Length:
      - '901'
    body:
      encoding: US-ASCII
      string: <?xml version="1.0" encoding="UTF-8"?><datastreamProfile  xmlns="http://www.fedora.info/definitions/1/0/management/"  xmlns:xsd="http://www.w3.org/2001/XMLSchema"
        xmlns:xsi="http://www.w3.org/2001/XMLSchema-instance" xsi:schemaLocation="http://www.fedora.info/definitions/1/0/management/
        http://www.fedora.info/definitions/1/0/datastreamProfile.xsd" pid="testgisrecord:123"
        dsID="descMetadata" ><dsLabel></dsLabel><dsVersionID>descMetadata.3</dsVersionID><dsCreateDate>2014-08-06T17:30:54.429Z</dsCreateDate><dsState>A</dsState><dsMIME>text/plain</dsMIME><dsFormatURI></dsFormatURI><dsControlGroup>M</dsControlGroup><dsSize>2604</dsSize><dsVersionable>true</dsVersionable><dsInfoType></dsInfoType><dsLocation>testgisrecord:123+descMetadata+descMetadata.3</dsLocation><dsLocationType>INTERNAL_ID</dsLocationType><dsChecksumType>DISABLED</dsChecksumType><dsChecksum>none</dsChecksum></datastreamProfile>
    http_version: 
  recorded_at: Wed, 06 Aug 2014 18:11:17 GMT
- request:
    method: get
    uri: http://fedoraAdmin:fedoraAdmin@127.0.0.1:8983/fedora-test/objects/testgisrecord:123/datastreams/DC?format=xml
    body:
      encoding: US-ASCII
      string: ''
    headers:
      Accept:
      - ! '*/*; q=0.5, application/xml'
      Accept-Encoding:
      - gzip, deflate
      User-Agent:
      - Ruby
  response:
    status:
      code: 200
      message: OK
    headers:
      Set-Cookie:
      - JSESSIONID=yrs3uvzicxwxt5odl1nbpik3;Path=/fedora-test
      Expires:
      - Thu, 01 Jan 1970 00:00:00 GMT
      Content-Type:
      - text/xml
      Date:
      - Wed, 06 Aug 2014 18:11:17 GMT
      Content-Length:
      - '926'
    body:
      encoding: US-ASCII
      string: <?xml version="1.0" encoding="UTF-8"?><datastreamProfile  xmlns="http://www.fedora.info/definitions/1/0/management/"  xmlns:xsd="http://www.w3.org/2001/XMLSchema"
        xmlns:xsi="http://www.w3.org/2001/XMLSchema-instance" xsi:schemaLocation="http://www.fedora.info/definitions/1/0/management/
        http://www.fedora.info/definitions/1/0/datastreamProfile.xsd" pid="testgisrecord:123"
        dsID="DC" ><dsLabel>Dublin Core Record for this object</dsLabel><dsVersionID>DC1.0</dsVersionID><dsCreateDate>2014-08-06T17:07:47.389Z</dsCreateDate><dsState>A</dsState><dsMIME>text/xml</dsMIME><dsFormatURI>http://www.openarchives.org/OAI/2.0/oai_dc/</dsFormatURI><dsControlGroup>X</dsControlGroup><dsSize>346</dsSize><dsVersionable>true</dsVersionable><dsInfoType></dsInfoType><dsLocation>testgisrecord:123+DC+DC1.0</dsLocation><dsLocationType></dsLocationType><dsChecksumType>DISABLED</dsChecksumType><dsChecksum>none</dsChecksum></datastreamProfile>
    http_version: 
  recorded_at: Wed, 06 Aug 2014 18:11:17 GMT
- request:
    method: get
    uri: http://fedoraAdmin:fedoraAdmin@127.0.0.1:8983/fedora-test/objects/testgisrecord:123/datastreams/DC/content
    body:
      encoding: US-ASCII
      string: ''
    headers:
      Accept:
      - ! '*/*; q=0.5, application/xml'
      Accept-Encoding:
      - gzip, deflate
      User-Agent:
      - Ruby
  response:
    status:
      code: 200
      message: OK
    headers:
      Set-Cookie:
      - JSESSIONID=7dmd5780lkibkvkivnm8pyqg;Path=/fedora-test
      Expires:
      - Thu, 01 Jan 1970 00:00:00 GMT
      Content-Disposition:
      - inline; filename="Dublin Core Record for this object.xml"
      Content-Length:
      - '346'
      Content-Type:
      - text/xml
      Date:
      - Wed, 06 Aug 2014 18:11:17 GMT
    body:
      encoding: US-ASCII
      string: ! "\n<oai_dc:dc xmlns:oai_dc=\"http://www.openarchives.org/OAI/2.0/oai_dc/\"
        xmlns:dc=\"http://purl.org/dc/elements/1.1/\" xmlns:xsi=\"http://www.w3.org/2001/XMLSchema-instance\"
        xsi:schemaLocation=\"http://www.openarchives.org/OAI/2.0/oai_dc/ http://www.openarchives.org/OAI/2.0/oai_dc.xsd\">\n
        \ <dc:identifier>testgisrecord:123</dc:identifier>\n</oai_dc:dc>\n"
    http_version: 
  recorded_at: Wed, 06 Aug 2014 18:11:17 GMT
- request:
    method: put
    uri: http://fedoraAdmin:fedoraAdmin@127.0.0.1:8983/fedora-test/objects/testgisrecord:123/datastreams/RELS-EXT?mimeType=application/rdf%2Bxml
    body:
      encoding: UTF-8
      string: ! "<?xml version=\"1.0\" encoding=\"UTF-8\"?>\n<rdf:RDF xmlns:rdf=\"http://www.w3.org/1999/02/22-rdf-syntax-ns#\"
        xmlns:ns0=\"info:fedora/fedora-system:def/model#\">\n  <rdf:Description rdf:about=\"info:fedora/testgisrecord:123\">\n
        \   <ns0:hasModel rdf:resource=\"info:fedora/afmodel:Nyucore\"/>\n  </rdf:Description>\n</rdf:RDF>\n"
    headers:
      Accept:
      - ! '*/*; q=0.5, application/xml'
      Accept-Encoding:
      - gzip, deflate
      Multipart:
      - 'true'
      Content-Type:
      - application/rdf+xml
      Content-Length:
      - '311'
      User-Agent:
      - Ruby
  response:
    status:
      code: 200
      message: OK
    headers:
      Set-Cookie:
      - JSESSIONID=12tbergp17gph1we6zrmkbuqct;Path=/fedora-test
      Expires:
      - Thu, 01 Jan 1970 00:00:00 GMT
      Content-Type:
      - text/xml
      Date:
      - Wed, 06 Aug 2014 18:11:18 GMT
      Content-Length:
      - '927'
    body:
      encoding: US-ASCII
      string: <?xml version="1.0" encoding="UTF-8"?><datastreamProfile  xmlns="http://www.fedora.info/definitions/1/0/management/"  xmlns:xsd="http://www.w3.org/2001/XMLSchema"
        xmlns:xsi="http://www.w3.org/2001/XMLSchema-instance" xsi:schemaLocation="http://www.fedora.info/definitions/1/0/management/
        http://www.fedora.info/definitions/1/0/datastreamProfile.xsd" pid="testgisrecord:123"
        dsID="RELS-EXT" ><dsLabel>Fedora Object-to-Object Relationship Metadata</dsLabel><dsVersionID>RELS-EXT.2</dsVersionID><dsCreateDate>2014-08-06T18:11:17.984Z</dsCreateDate><dsState>A</dsState><dsMIME>application/rdf+xml</dsMIME><dsFormatURI></dsFormatURI><dsControlGroup>X</dsControlGroup><dsSize>287</dsSize><dsVersionable>true</dsVersionable><dsInfoType></dsInfoType><dsLocation>testgisrecord:123+RELS-EXT+RELS-EXT.2</dsLocation><dsLocationType></dsLocationType><dsChecksumType>DISABLED</dsChecksumType><dsChecksum>none</dsChecksum></datastreamProfile>
    http_version: 
  recorded_at: Wed, 06 Aug 2014 18:11:18 GMT
- request:
    method: put
    uri: http://fedoraAdmin:fedoraAdmin@127.0.0.1:8983/fedora-test/objects/testgisrecord:123/datastreams/rightsMetadata?mimeType=text/xml
    body:
      encoding: US-ASCII
      string: ! "<rightsMetadata xmlns=\"http://hydra-collab.stanford.edu/schemas/rightsMetadata/v1\"
        version=\"0.1\">\n  <copyright>\n    <human type=\"title\"/>\n    <human type=\"description\"/>\n
        \   <machine type=\"uri\"/>\n  </copyright>\n  <access type=\"discover\">\n
        \   <human/>\n    <machine/>\n  </access>\n  <access type=\"read\">\n    <human/>\n
        \   <machine/>\n  </access>\n  <access type=\"edit\">\n    <human/>\n    <machine>\n
        \     <group>gis_cataloger</group>\n    </machine>\n  </access>\n  <embargo>\n
        \   <human/>\n    <machine/>\n  </embargo>\n</rightsMetadata>"
    headers:
      Accept:
      - ! '*/*; q=0.5, application/xml'
      Accept-Encoding:
      - gzip, deflate
      Multipart:
      - 'true'
      Content-Type:
      - text/xml
      Content-Length:
      - '523'
      User-Agent:
      - Ruby
  response:
    status:
      code: 200
      message: OK
    headers:
      Set-Cookie:
      - JSESSIONID=plqc07kkmpec1lib4lme11i6m;Path=/fedora-test
      Expires:
      - Thu, 01 Jan 1970 00:00:00 GMT
      Content-Type:
      - text/xml
      Date:
      - Wed, 06 Aug 2014 18:11:18 GMT
      Content-Length:
      - '906'
    body:
      encoding: US-ASCII
      string: <?xml version="1.0" encoding="UTF-8"?><datastreamProfile  xmlns="http://www.fedora.info/definitions/1/0/management/"  xmlns:xsd="http://www.w3.org/2001/XMLSchema"
        xmlns:xsi="http://www.w3.org/2001/XMLSchema-instance" xsi:schemaLocation="http://www.fedora.info/definitions/1/0/management/
        http://www.fedora.info/definitions/1/0/datastreamProfile.xsd" pid="testgisrecord:123"
        dsID="rightsMetadata" ><dsLabel></dsLabel><dsVersionID>rightsMetadata.5</dsVersionID><dsCreateDate>2014-08-06T18:11:18.095Z</dsCreateDate><dsState>A</dsState><dsMIME>text/xml</dsMIME><dsFormatURI></dsFormatURI><dsControlGroup>M</dsControlGroup><dsSize>523</dsSize><dsVersionable>true</dsVersionable><dsInfoType></dsInfoType><dsLocation>testgisrecord:123+rightsMetadata+rightsMetadata.5</dsLocation><dsLocationType>INTERNAL_ID</dsLocationType><dsChecksumType>DISABLED</dsChecksumType><dsChecksum>none</dsChecksum></datastreamProfile>
    http_version: 
  recorded_at: Wed, 06 Aug 2014 18:11:18 GMT
- request:
    method: put
    uri: http://fedoraAdmin:fedoraAdmin@127.0.0.1:8983/fedora-test/objects/testgisrecord:123/datastreams/descMetadata?mimeType=text/plain
    body:
      encoding: UTF-8
      string: ! '<info:fedora/testgisrecord:123> <http://purl.org/dc/terms/title>
        "Cymbeline" .

        <info:fedora/testgisrecord:123> <http://purl.org/dc/terms/creator> "The Man"
        .

        <info:fedora/testgisrecord:123> <http://purl.org/dc/terms/publisher> "NYU"
        .

        <info:fedora/testgisrecord:123> <http://harper.bobst.nyu.edu/data/nyucore#available>
        "Avail 1" .

        <info:fedora/testgisrecord:123> <http://harper.bobst.nyu.edu/data/nyucore#available>
        "Travail" .

        <info:fedora/testgisrecord:123> <http://purl.org/dc/terms/description> "Interesting
        topic" .

        <info:fedora/testgisrecord:123> <http://purl.org/dc/terms/description> "But
        poorly written" .

        <info:fedora/testgisrecord:123> <http://harper.bobst.nyu.edu/data/nyucore#edition>
        "Ed 1" .

        <info:fedora/testgisrecord:123> <http://harper.bobst.nyu.edu/data/nyucore#edition>
        "Edition 1" .

        <info:fedora/testgisrecord:123> <http://harper.bobst.nyu.edu/data/nyucore#series>
        "Series 1" .

        <info:fedora/testgisrecord:123> <http://harper.bobst.nyu.edu/data/nyucore#series>
        "Series I" .

        <info:fedora/testgisrecord:123> <http://harper.bobst.nyu.edu/data/nyucore#version>
        "V1" .

        <info:fedora/testgisrecord:123> <http://harper.bobst.nyu.edu/data/nyucore#version>
        "Latest Version" .

        <info:fedora/testgisrecord:123> <http://purl.org/dc/terms/date> "12/05/2014"
        .

        <info:fedora/testgisrecord:123> <http://purl.org/dc/terms/date> "04/01/1666"
        .

        <info:fedora/testgisrecord:123> <http://purl.org/dc/terms/format> "PDF" .

        <info:fedora/testgisrecord:123> <http://purl.org/dc/terms/format> "DNS" .

        <info:fedora/testgisrecord:123> <http://purl.org/dc/terms/language> "en" .

        <info:fedora/testgisrecord:123> <http://purl.org/dc/terms/language> "ger"
        .

        <info:fedora/testgisrecord:123> <http://purl.org/dc/terms/relation> "x is
        to y as y is to z" .

        <info:fedora/testgisrecord:123> <http://purl.org/dc/terms/relation> "one and
        a two and a" .

        <info:fedora/testgisrecord:123> <http://purl.org/dc/terms/rights> "remain
        silent" .

        <info:fedora/testgisrecord:123> <http://purl.org/dc/terms/rights> "hire an
        attorney" .

        <info:fedora/testgisrecord:123> <http://purl.org/dc/terms/subject> "Cryptozoology"
        .

        <info:fedora/testgisrecord:123> <http://purl.org/dc/terms/subject> "Vexillology"
        .

        <info:fedora/testgisrecord:123> <http://purl.org/dc/terms/type> "Geospatial
        Data" .

        <info:fedora/testgisrecord:123> <http://harper.bobst.nyu.edu/data/nyucore#citation>
        "Shouldn''t have jumped the turnstile" .

        <info:fedora/testgisrecord:123> <http://harper.bobst.nyu.edu/data/nyucore#citation>
        "Shouldn''t have ran a red light" .

        <info:fedora/testgisrecord:123> <http://purl.org/dc/terms/identifier> "rec123"
        .

'
    headers:
      Accept:
      - ! '*/*; q=0.5, application/xml'
      Accept-Encoding:
      - gzip, deflate
      Multipart:
      - 'true'
      Content-Type:
      - text/plain
      Content-Length:
      - '2578'
      User-Agent:
      - Ruby
  response:
    status:
      code: 200
      message: OK
    headers:
      Set-Cookie:
      - JSESSIONID=1ks0hqzj36b0zum32fzn6ev5s;Path=/fedora-test
      Expires:
      - Thu, 01 Jan 1970 00:00:00 GMT
      Content-Type:
      - text/xml
      Date:
      - Wed, 06 Aug 2014 18:11:18 GMT
      Content-Length:
      - '901'
    body:
      encoding: US-ASCII
      string: <?xml version="1.0" encoding="UTF-8"?><datastreamProfile  xmlns="http://www.fedora.info/definitions/1/0/management/"  xmlns:xsd="http://www.w3.org/2001/XMLSchema"
        xmlns:xsi="http://www.w3.org/2001/XMLSchema-instance" xsi:schemaLocation="http://www.fedora.info/definitions/1/0/management/
        http://www.fedora.info/definitions/1/0/datastreamProfile.xsd" pid="testgisrecord:123"
        dsID="descMetadata" ><dsLabel></dsLabel><dsVersionID>descMetadata.4</dsVersionID><dsCreateDate>2014-08-06T18:11:18.462Z</dsCreateDate><dsState>A</dsState><dsMIME>text/plain</dsMIME><dsFormatURI></dsFormatURI><dsControlGroup>M</dsControlGroup><dsSize>2578</dsSize><dsVersionable>true</dsVersionable><dsInfoType></dsInfoType><dsLocation>testgisrecord:123+descMetadata+descMetadata.4</dsLocation><dsLocationType>INTERNAL_ID</dsLocationType><dsChecksumType>DISABLED</dsChecksumType><dsChecksum>none</dsChecksum></datastreamProfile>
    http_version: 
  recorded_at: Wed, 06 Aug 2014 18:11:18 GMT
- request:
    method: get
    uri: http://fedoraAdmin:fedoraAdmin@127.0.0.1:8983/fedora-test/objects/testgisrecord:123/datastreams/RELS-EXT?format=xml
    body:
      encoding: US-ASCII
      string: ''
    headers:
      Accept:
      - ! '*/*; q=0.5, application/xml'
      Accept-Encoding:
      - gzip, deflate
      User-Agent:
      - Ruby
  response:
    status:
      code: 200
      message: OK
    headers:
      Set-Cookie:
      - JSESSIONID=v91hh88n1tz16ttt8m1of278;Path=/fedora-test
      Expires:
      - Thu, 01 Jan 1970 00:00:00 GMT
      Content-Type:
      - text/xml
      Date:
      - Wed, 06 Aug 2014 18:11:18 GMT
      Content-Length:
      - '927'
    body:
      encoding: US-ASCII
      string: <?xml version="1.0" encoding="UTF-8"?><datastreamProfile  xmlns="http://www.fedora.info/definitions/1/0/management/"  xmlns:xsd="http://www.w3.org/2001/XMLSchema"
        xmlns:xsi="http://www.w3.org/2001/XMLSchema-instance" xsi:schemaLocation="http://www.fedora.info/definitions/1/0/management/
        http://www.fedora.info/definitions/1/0/datastreamProfile.xsd" pid="testgisrecord:123"
        dsID="RELS-EXT" ><dsLabel>Fedora Object-to-Object Relationship Metadata</dsLabel><dsVersionID>RELS-EXT.2</dsVersionID><dsCreateDate>2014-08-06T18:11:17.984Z</dsCreateDate><dsState>A</dsState><dsMIME>application/rdf+xml</dsMIME><dsFormatURI></dsFormatURI><dsControlGroup>X</dsControlGroup><dsSize>287</dsSize><dsVersionable>true</dsVersionable><dsInfoType></dsInfoType><dsLocation>testgisrecord:123+RELS-EXT+RELS-EXT.2</dsLocation><dsLocationType></dsLocationType><dsChecksumType>DISABLED</dsChecksumType><dsChecksum>none</dsChecksum></datastreamProfile>
    http_version: 
  recorded_at: Wed, 06 Aug 2014 18:11:18 GMT
- request:
    method: get
    uri: http://fedoraAdmin:fedoraAdmin@127.0.0.1:8983/fedora-test/objects/testgisrecord:123/datastreams/rightsMetadata?format=xml
    body:
      encoding: US-ASCII
      string: ''
    headers:
      Accept:
      - ! '*/*; q=0.5, application/xml'
      Accept-Encoding:
      - gzip, deflate
      User-Agent:
      - Ruby
  response:
    status:
      code: 200
      message: OK
    headers:
      Set-Cookie:
      - JSESSIONID=9g501stzcoxehsg85537fr07;Path=/fedora-test
      Expires:
      - Thu, 01 Jan 1970 00:00:00 GMT
      Content-Type:
      - text/xml
      Date:
      - Wed, 06 Aug 2014 18:11:18 GMT
      Content-Length:
      - '906'
    body:
      encoding: US-ASCII
      string: <?xml version="1.0" encoding="UTF-8"?><datastreamProfile  xmlns="http://www.fedora.info/definitions/1/0/management/"  xmlns:xsd="http://www.w3.org/2001/XMLSchema"
        xmlns:xsi="http://www.w3.org/2001/XMLSchema-instance" xsi:schemaLocation="http://www.fedora.info/definitions/1/0/management/
        http://www.fedora.info/definitions/1/0/datastreamProfile.xsd" pid="testgisrecord:123"
        dsID="rightsMetadata" ><dsLabel></dsLabel><dsVersionID>rightsMetadata.5</dsVersionID><dsCreateDate>2014-08-06T18:11:18.095Z</dsCreateDate><dsState>A</dsState><dsMIME>text/xml</dsMIME><dsFormatURI></dsFormatURI><dsControlGroup>M</dsControlGroup><dsSize>523</dsSize><dsVersionable>true</dsVersionable><dsInfoType></dsInfoType><dsLocation>testgisrecord:123+rightsMetadata+rightsMetadata.5</dsLocation><dsLocationType>INTERNAL_ID</dsLocationType><dsChecksumType>DISABLED</dsChecksumType><dsChecksum>none</dsChecksum></datastreamProfile>
    http_version: 
  recorded_at: Wed, 06 Aug 2014 18:11:18 GMT
- request:
    method: get
    uri: http://fedoraAdmin:fedoraAdmin@127.0.0.1:8983/fedora-test/objects/testgisrecord:123/datastreams/descMetadata?format=xml
    body:
      encoding: US-ASCII
      string: ''
    headers:
      Accept:
      - ! '*/*; q=0.5, application/xml'
      Accept-Encoding:
      - gzip, deflate
      User-Agent:
      - Ruby
  response:
    status:
      code: 200
      message: OK
    headers:
      Set-Cookie:
      - JSESSIONID=1wwgmhgychhq4wn7jke992v5d;Path=/fedora-test
      Expires:
      - Thu, 01 Jan 1970 00:00:00 GMT
      Content-Type:
      - text/xml
      Date:
      - Wed, 06 Aug 2014 18:11:18 GMT
      Content-Length:
      - '901'
    body:
      encoding: US-ASCII
      string: <?xml version="1.0" encoding="UTF-8"?><datastreamProfile  xmlns="http://www.fedora.info/definitions/1/0/management/"  xmlns:xsd="http://www.w3.org/2001/XMLSchema"
        xmlns:xsi="http://www.w3.org/2001/XMLSchema-instance" xsi:schemaLocation="http://www.fedora.info/definitions/1/0/management/
        http://www.fedora.info/definitions/1/0/datastreamProfile.xsd" pid="testgisrecord:123"
        dsID="descMetadata" ><dsLabel></dsLabel><dsVersionID>descMetadata.4</dsVersionID><dsCreateDate>2014-08-06T18:11:18.462Z</dsCreateDate><dsState>A</dsState><dsMIME>text/plain</dsMIME><dsFormatURI></dsFormatURI><dsControlGroup>M</dsControlGroup><dsSize>2578</dsSize><dsVersionable>true</dsVersionable><dsInfoType></dsInfoType><dsLocation>testgisrecord:123+descMetadata+descMetadata.4</dsLocation><dsLocationType>INTERNAL_ID</dsLocationType><dsChecksumType>DISABLED</dsChecksumType><dsChecksum>none</dsChecksum></datastreamProfile>
    http_version: 
  recorded_at: Wed, 06 Aug 2014 18:11:18 GMT
- request:
    method: get
    uri: http://fedoraAdmin:fedoraAdmin@127.0.0.1:8983/fedora-test/objects/testgisrecord:123/datastreams/RELS-EXT/content
    body:
      encoding: US-ASCII
      string: ''
    headers:
      Accept:
      - ! '*/*; q=0.5, application/xml'
      Accept-Encoding:
      - gzip, deflate
      User-Agent:
      - Ruby
  response:
    status:
      code: 200
      message: OK
    headers:
      Set-Cookie:
      - JSESSIONID=zt4qgp83lunj1joxcxrfr3sii;Path=/fedora-test
      Expires:
      - Thu, 01 Jan 1970 00:00:00 GMT
      Content-Disposition:
      - inline; filename="Fedora Object-to-Object Relationship Metadata.rdf"
      Content-Length:
      - '287'
      Content-Type:
      - application/rdf+xml
      Date:
      - Wed, 06 Aug 2014 18:11:18 GMT
    body:
      encoding: US-ASCII
      string: ! "\n<rdf:RDF xmlns:ns0=\"info:fedora/fedora-system:def/model#\" xmlns:rdf=\"http://www.w3.org/1999/02/22-rdf-syntax-ns#\">\n
        \ <rdf:Description rdf:about=\"info:fedora/testgisrecord:123\">\n    <ns0:hasModel
        rdf:resource=\"info:fedora/afmodel:Nyucore\"></ns0:hasModel>\n  </rdf:Description>\n</rdf:RDF>\n"
    http_version: 
  recorded_at: Wed, 06 Aug 2014 18:11:18 GMT
- request:
    method: put
    uri: http://fedoraAdmin:fedoraAdmin@127.0.0.1:8983/fedora-test/objects/testgisrecord:123/datastreams/rightsMetadata?mimeType=text/xml
    body:
      encoding: US-ASCII
      string: ! "<rightsMetadata xmlns=\"http://hydra-collab.stanford.edu/schemas/rightsMetadata/v1\"
        version=\"0.1\">\n  <copyright>\n    <human type=\"title\"/>\n    <human type=\"description\"/>\n
        \   <machine type=\"uri\"/>\n  </copyright>\n  <access type=\"discover\">\n
        \   <human/>\n    <machine/>\n  </access>\n  <access type=\"read\">\n    <human/>\n
        \   <machine/>\n  </access>\n  <access type=\"edit\">\n    <human/>\n    <machine>\n
        \     <group>gis_cataloger</group>\n      <group>admin_group</group>\n    </machine>\n
        \ </access>\n  <embargo>\n    <human/>\n    <machine/>\n  </embargo>\n</rightsMetadata>"
    headers:
      Accept:
      - ! '*/*; q=0.5, application/xml'
      Accept-Encoding:
      - gzip, deflate
      Multipart:
      - 'true'
      Content-Type:
      - text/xml
      Content-Length:
      - '556'
      User-Agent:
      - Ruby
  response:
    status:
      code: 200
      message: OK
    headers:
      Set-Cookie:
      - JSESSIONID=4s9qqy41wf16xsjab0nw36tv;Path=/fedora-test
      Expires:
      - Thu, 01 Jan 1970 00:00:00 GMT
      Content-Type:
      - text/xml
      Date:
      - Wed, 06 Aug 2014 18:11:18 GMT
      Content-Length:
      - '906'
    body:
      encoding: US-ASCII
      string: <?xml version="1.0" encoding="UTF-8"?><datastreamProfile  xmlns="http://www.fedora.info/definitions/1/0/management/"  xmlns:xsd="http://www.w3.org/2001/XMLSchema"
        xmlns:xsi="http://www.w3.org/2001/XMLSchema-instance" xsi:schemaLocation="http://www.fedora.info/definitions/1/0/management/
        http://www.fedora.info/definitions/1/0/datastreamProfile.xsd" pid="testgisrecord:123"
        dsID="rightsMetadata" ><dsLabel></dsLabel><dsVersionID>rightsMetadata.6</dsVersionID><dsCreateDate>2014-08-06T18:11:18.653Z</dsCreateDate><dsState>A</dsState><dsMIME>text/xml</dsMIME><dsFormatURI></dsFormatURI><dsControlGroup>M</dsControlGroup><dsSize>556</dsSize><dsVersionable>true</dsVersionable><dsInfoType></dsInfoType><dsLocation>testgisrecord:123+rightsMetadata+rightsMetadata.6</dsLocation><dsLocationType>INTERNAL_ID</dsLocationType><dsChecksumType>DISABLED</dsChecksumType><dsChecksum>none</dsChecksum></datastreamProfile>
    http_version: 
  recorded_at: Wed, 06 Aug 2014 18:11:18 GMT
- request:
    method: put
    uri: http://fedoraAdmin:fedoraAdmin@127.0.0.1:8983/fedora-test/objects/testgisrecord:123/datastreams/descMetadata?mimeType=text/plain
    body:
      encoding: UTF-8
      string: ! '<info:fedora/testgisrecord:123> <http://purl.org/dc/terms/title>
        "Cymbeline" .

        <info:fedora/testgisrecord:123> <http://purl.org/dc/terms/creator> "The Man"
        .

        <info:fedora/testgisrecord:123> <http://purl.org/dc/terms/publisher> "NYU"
        .

        <info:fedora/testgisrecord:123> <http://harper.bobst.nyu.edu/data/nyucore#available>
        "Avail 1" .

        <info:fedora/testgisrecord:123> <http://harper.bobst.nyu.edu/data/nyucore#available>
        "Travail" .

        <info:fedora/testgisrecord:123> <http://purl.org/dc/terms/description> "Interesting
        topic" .

        <info:fedora/testgisrecord:123> <http://purl.org/dc/terms/description> "But
        poorly written" .

        <info:fedora/testgisrecord:123> <http://harper.bobst.nyu.edu/data/nyucore#edition>
        "Ed 1" .

        <info:fedora/testgisrecord:123> <http://harper.bobst.nyu.edu/data/nyucore#edition>
        "Edition 1" .

        <info:fedora/testgisrecord:123> <http://harper.bobst.nyu.edu/data/nyucore#series>
        "Series 1" .

        <info:fedora/testgisrecord:123> <http://harper.bobst.nyu.edu/data/nyucore#series>
        "Series I" .

        <info:fedora/testgisrecord:123> <http://harper.bobst.nyu.edu/data/nyucore#version>
        "V1" .

        <info:fedora/testgisrecord:123> <http://harper.bobst.nyu.edu/data/nyucore#version>
        "Latest Version" .

        <info:fedora/testgisrecord:123> <http://purl.org/dc/terms/date> "12/05/2014"
        .

        <info:fedora/testgisrecord:123> <http://purl.org/dc/terms/date> "04/01/1666"
        .

        <info:fedora/testgisrecord:123> <http://purl.org/dc/terms/format> "PDF" .

        <info:fedora/testgisrecord:123> <http://purl.org/dc/terms/format> "DNS" .

        <info:fedora/testgisrecord:123> <http://purl.org/dc/terms/language> "en" .

        <info:fedora/testgisrecord:123> <http://purl.org/dc/terms/language> "ger"
        .

        <info:fedora/testgisrecord:123> <http://purl.org/dc/terms/relation> "x is
        to y as y is to z" .

        <info:fedora/testgisrecord:123> <http://purl.org/dc/terms/relation> "one and
        a two and a" .

        <info:fedora/testgisrecord:123> <http://purl.org/dc/terms/rights> "remain
        silent" .

        <info:fedora/testgisrecord:123> <http://purl.org/dc/terms/rights> "hire an
        attorney" .

        <info:fedora/testgisrecord:123> <http://purl.org/dc/terms/subject> "Cryptozoology"
        .

        <info:fedora/testgisrecord:123> <http://purl.org/dc/terms/subject> "Vexillology"
        .

        <info:fedora/testgisrecord:123> <http://purl.org/dc/terms/type> "Geospatial
        Data" .

        <info:fedora/testgisrecord:123> <http://harper.bobst.nyu.edu/data/nyucore#citation>
        "Shouldn''t have jumped the turnstile" .

        <info:fedora/testgisrecord:123> <http://harper.bobst.nyu.edu/data/nyucore#citation>
        "Shouldn''t have ran a red light" .

        <info:fedora/testgisrecord:123> <http://purl.org/dc/terms/identifier> "rec123"
        .

'
    headers:
      Accept:
      - ! '*/*; q=0.5, application/xml'
      Accept-Encoding:
      - gzip, deflate
      Multipart:
      - 'true'
      Content-Type:
      - text/plain
      Content-Length:
      - '2578'
      User-Agent:
      - Ruby
  response:
    status:
      code: 200
      message: OK
    headers:
      Set-Cookie:
      - JSESSIONID=4iv058seut2f9qrwh6dvmuf8;Path=/fedora-test
      Expires:
      - Thu, 01 Jan 1970 00:00:00 GMT
      Content-Type:
      - text/xml
      Date:
      - Wed, 06 Aug 2014 18:11:19 GMT
      Content-Length:
      - '901'
    body:
      encoding: US-ASCII
      string: <?xml version="1.0" encoding="UTF-8"?><datastreamProfile  xmlns="http://www.fedora.info/definitions/1/0/management/"  xmlns:xsd="http://www.w3.org/2001/XMLSchema"
        xmlns:xsi="http://www.w3.org/2001/XMLSchema-instance" xsi:schemaLocation="http://www.fedora.info/definitions/1/0/management/
        http://www.fedora.info/definitions/1/0/datastreamProfile.xsd" pid="testgisrecord:123"
        dsID="descMetadata" ><dsLabel></dsLabel><dsVersionID>descMetadata.5</dsVersionID><dsCreateDate>2014-08-06T18:11:19.090Z</dsCreateDate><dsState>A</dsState><dsMIME>text/plain</dsMIME><dsFormatURI></dsFormatURI><dsControlGroup>M</dsControlGroup><dsSize>2578</dsSize><dsVersionable>true</dsVersionable><dsInfoType></dsInfoType><dsLocation>testgisrecord:123+descMetadata+descMetadata.5</dsLocation><dsLocationType>INTERNAL_ID</dsLocationType><dsChecksumType>DISABLED</dsChecksumType><dsChecksum>none</dsChecksum></datastreamProfile>
    http_version: 
  recorded_at: Wed, 06 Aug 2014 18:11:19 GMT
- request:
    method: get
    uri: http://fedoraAdmin:fedoraAdmin@127.0.0.1:8983/fedora-test/objects/testgisrecord:123/datastreams/rightsMetadata?format=xml
    body:
      encoding: US-ASCII
      string: ''
    headers:
      Accept:
      - ! '*/*; q=0.5, application/xml'
      Accept-Encoding:
      - gzip, deflate
      User-Agent:
      - Ruby
  response:
    status:
      code: 200
      message: OK
    headers:
      Set-Cookie:
      - JSESSIONID=afcdwmq85qu1u4ij0hiwg94o;Path=/fedora-test
      Expires:
      - Thu, 01 Jan 1970 00:00:00 GMT
      Content-Type:
      - text/xml
      Date:
      - Wed, 06 Aug 2014 18:11:19 GMT
      Content-Length:
      - '906'
    body:
      encoding: US-ASCII
      string: <?xml version="1.0" encoding="UTF-8"?><datastreamProfile  xmlns="http://www.fedora.info/definitions/1/0/management/"  xmlns:xsd="http://www.w3.org/2001/XMLSchema"
        xmlns:xsi="http://www.w3.org/2001/XMLSchema-instance" xsi:schemaLocation="http://www.fedora.info/definitions/1/0/management/
        http://www.fedora.info/definitions/1/0/datastreamProfile.xsd" pid="testgisrecord:123"
        dsID="rightsMetadata" ><dsLabel></dsLabel><dsVersionID>rightsMetadata.6</dsVersionID><dsCreateDate>2014-08-06T18:11:18.653Z</dsCreateDate><dsState>A</dsState><dsMIME>text/xml</dsMIME><dsFormatURI></dsFormatURI><dsControlGroup>M</dsControlGroup><dsSize>556</dsSize><dsVersionable>true</dsVersionable><dsInfoType></dsInfoType><dsLocation>testgisrecord:123+rightsMetadata+rightsMetadata.6</dsLocation><dsLocationType>INTERNAL_ID</dsLocationType><dsChecksumType>DISABLED</dsChecksumType><dsChecksum>none</dsChecksum></datastreamProfile>
    http_version: 
  recorded_at: Wed, 06 Aug 2014 18:11:19 GMT
- request:
    method: get
    uri: http://fedoraAdmin:fedoraAdmin@127.0.0.1:8983/fedora-test/objects/testgisrecord:123/datastreams/descMetadata?format=xml
    body:
      encoding: US-ASCII
      string: ''
    headers:
      Accept:
      - ! '*/*; q=0.5, application/xml'
      Accept-Encoding:
      - gzip, deflate
      User-Agent:
      - Ruby
  response:
    status:
      code: 200
      message: OK
    headers:
      Set-Cookie:
      - JSESSIONID=a2un9f4l7ruxl9oe5zp53pzc;Path=/fedora-test
      Expires:
      - Thu, 01 Jan 1970 00:00:00 GMT
      Content-Type:
      - text/xml
      Date:
      - Wed, 06 Aug 2014 18:11:19 GMT
      Content-Length:
      - '901'
    body:
      encoding: US-ASCII
      string: <?xml version="1.0" encoding="UTF-8"?><datastreamProfile  xmlns="http://www.fedora.info/definitions/1/0/management/"  xmlns:xsd="http://www.w3.org/2001/XMLSchema"
        xmlns:xsi="http://www.w3.org/2001/XMLSchema-instance" xsi:schemaLocation="http://www.fedora.info/definitions/1/0/management/
        http://www.fedora.info/definitions/1/0/datastreamProfile.xsd" pid="testgisrecord:123"
        dsID="descMetadata" ><dsLabel></dsLabel><dsVersionID>descMetadata.5</dsVersionID><dsCreateDate>2014-08-06T18:11:19.090Z</dsCreateDate><dsState>A</dsState><dsMIME>text/plain</dsMIME><dsFormatURI></dsFormatURI><dsControlGroup>M</dsControlGroup><dsSize>2578</dsSize><dsVersionable>true</dsVersionable><dsInfoType></dsInfoType><dsLocation>testgisrecord:123+descMetadata+descMetadata.5</dsLocation><dsLocationType>INTERNAL_ID</dsLocationType><dsChecksumType>DISABLED</dsChecksumType><dsChecksum>none</dsChecksum></datastreamProfile>
    http_version: 
  recorded_at: Wed, 06 Aug 2014 18:11:19 GMT
- request:
    method: post
    uri: http://127.0.0.1:8983/solr/test/update?wt=ruby
    body:
      encoding: US-ASCII
      string: <?xml version="1.0" encoding="UTF-8"?><add><doc><field name="system_create_dtsi">2014-08-06T17:07:47Z</field><field
        name="system_modified_dtsi">2014-08-06T17:56:34Z</field><field name="object_state_ssi">A</field><field
        name="active_fedora_model_ssi">Nyucore</field><field name="id">testgisrecord:123</field><field
        name="object_profile_ssm">{"datastreams":{"RELS-EXT":{"dsLabel":"Fedora Object-to-Object
        Relationship Metadata","dsVersionID":"RELS-EXT.2","dsCreateDate":"2014-08-06T18:11:17Z","dsState":"A","dsMIME":"application/rdf+xml","dsFormatURI":null,"dsControlGroup":"X","dsSize":287,"dsVersionable":true,"dsInfoType":null,"dsLocation":"testgisrecord:123+RELS-EXT+RELS-EXT.2","dsLocationType":null,"dsChecksumType":"DISABLED","dsChecksum":"none"},"rightsMetadata":{"dsLabel":null,"dsVersionID":"rightsMetadata.6","dsCreateDate":"2014-08-06T18:11:18Z","dsState":"A","dsMIME":"text/xml","dsFormatURI":null,"dsControlGroup":"M","dsSize":556,"dsVersionable":true,"dsInfoType":null,"dsLocation":"testgisrecord:123+rightsMetadata+rightsMetadata.6","dsLocationType":"INTERNAL_ID","dsChecksumType":"DISABLED","dsChecksum":"none"},"descMetadata":{"dsLabel":null,"dsVersionID":"descMetadata.5","dsCreateDate":"2014-08-06T18:11:19Z","dsState":"A","dsMIME":"text/plain","dsFormatURI":null,"dsControlGroup":"M","dsSize":2578,"dsVersionable":true,"dsInfoType":null,"dsLocation":"testgisrecord:123+descMetadata+descMetadata.5","dsLocationType":"INTERNAL_ID","dsChecksumType":"DISABLED","dsChecksum":"none"},"DC":{"dsLabel":"Dublin
        Core Record for this object","dsVersionID":"DC1.0","dsCreateDate":"2014-08-06T17:07:47Z","dsState":"A","dsMIME":"text/xml","dsFormatURI":"http://www.openarchives.org/OAI/2.0/oai_dc/","dsControlGroup":"X","dsSize":346,"dsVersionable":true,"dsInfoType":null,"dsLocation":"testgisrecord:123+DC+DC1.0","dsLocationType":null,"dsChecksumType":"DISABLED","dsChecksum":"none"}},"objLabel":null,"objOwnerId":"fedoraAdmin","objModels":["info:fedora/afmodel:Nyucore","info:fedora/fedora-system:FedoraObject-3.0"],"objCreateDate":"2014-08-06T17:07:47Z","objLastModDate":"2014-08-06T17:56:34Z","objDissIndexViewURL":"http://localhost:8983/fedora-test/objects/testgisrecord%3A123/methods/fedora-system%3A3/viewMethodIndex","objItemIndexViewURL":"http://localhost:8983/fedora-test/objects/testgisrecord%3A123/methods/fedora-system%3A3/viewItemIndex","objState":"A"}</field><field
        name="edit_access_group_ssim">gis_cataloger</field><field name="edit_access_group_ssim">admin_group</field><field
        name="desc_metadata__title_tesim">Cymbeline</field><field name="desc_metadata__creator_tesim">The
        Man</field><field name="desc_metadata__creator_sim">The Man</field><field
        name="desc_metadata__publisher_tesim">NYU</field><field name="desc_metadata__available_tesim">Avail
        1</field><field name="desc_metadata__available_tesim">Travail</field><field
        name="desc_metadata__description_tesim">Interesting topic</field><field name="desc_metadata__description_tesim">But
        poorly written</field><field name="desc_metadata__edition_tesim">Ed 1</field><field
        name="desc_metadata__edition_tesim">Edition 1</field><field name="desc_metadata__series_tesim">Series
        1</field><field name="desc_metadata__series_tesim">Series I</field><field
        name="desc_metadata__version_tesim">V1</field><field name="desc_metadata__version_tesim">Latest
        Version</field><field name="desc_metadata__date_tesim">12/05/2014</field><field
        name="desc_metadata__date_tesim">04/01/1666</field><field name="desc_metadata__format_tesim">PDF</field><field
        name="desc_metadata__format_tesim">DNS</field><field name="desc_metadata__language_tesim">en</field><field
        name="desc_metadata__language_tesim">ger</field><field name="desc_metadata__language_sim">en</field><field
        name="desc_metadata__language_sim">ger</field><field name="desc_metadata__relation_tesim">x
        is to y as y is to z</field><field name="desc_metadata__relation_tesim">one
        and a two and a</field><field name="desc_metadata__rights_tesim">remain silent</field><field
        name="desc_metadata__rights_tesim">hire an attorney</field><field name="desc_metadata__subject_tesim">Cryptozoology</field><field
        name="desc_metadata__subject_tesim">Vexillology</field><field name="desc_metadata__subject_sim">Cryptozoology</field><field
        name="desc_metadata__subject_sim">Vexillology</field><field name="desc_metadata__type_tesim">Geospatial
        Data</field><field name="desc_metadata__type_sim">Geospatial Data</field><field
        name="desc_metadata__citation_tesim">Shouldn't have jumped the turnstile</field><field
        name="desc_metadata__citation_tesim">Shouldn't have ran a red light</field><field
        name="desc_metadata__identifier_tesim">rec123</field><field name="has_model_ssim">info:fedora/afmodel:Nyucore</field></doc></add>
    headers:
      Content-Type:
      - text/xml
  response:
    status:
      code: 200
      message: OK
    headers:
      Content-Type:
      - text/plain;charset=UTF-8
      Transfer-Encoding:
      - chunked
    body:
      encoding: US-ASCII
      string: ! '{''responseHeader''=>{''status''=>0,''QTime''=>4}}

'
    http_version: 
  recorded_at: Wed, 06 Aug 2014 18:11:19 GMT
- request:
    method: post
    uri: http://127.0.0.1:8983/solr/test/update?wt=ruby
    body:
      encoding: US-ASCII
      string: <?xml version="1.0" encoding="UTF-8"?><commit/>
    headers:
      Content-Type:
      - text/xml
  response:
    status:
      code: 200
      message: OK
    headers:
      Content-Type:
      - text/plain;charset=UTF-8
      Transfer-Encoding:
      - chunked
    body:
      encoding: US-ASCII
      string: ! '{''responseHeader''=>{''status''=>0,''QTime''=>1120}}

'
    http_version: 
  recorded_at: Wed, 06 Aug 2014 18:11:20 GMT
- request:
    method: post
    uri: http://127.0.0.1:8983/solr/test/update?wt=ruby
    body:
      encoding: US-ASCII
      string: <?xml version="1.0" encoding="UTF-8"?><add><doc><field name="system_create_dtsi">2014-08-06T17:07:47Z</field><field
        name="system_modified_dtsi">2014-08-06T17:56:34Z</field><field name="object_state_ssi">A</field><field
        name="active_fedora_model_ssi">Nyucore</field><field name="id">testgisrecord:123</field><field
        name="object_profile_ssm">{"datastreams":{"RELS-EXT":{"dsLabel":"Fedora Object-to-Object
        Relationship Metadata","dsVersionID":"RELS-EXT.2","dsCreateDate":"2014-08-06T18:11:17Z","dsState":"A","dsMIME":"application/rdf+xml","dsFormatURI":null,"dsControlGroup":"X","dsSize":287,"dsVersionable":true,"dsInfoType":null,"dsLocation":"testgisrecord:123+RELS-EXT+RELS-EXT.2","dsLocationType":null,"dsChecksumType":"DISABLED","dsChecksum":"none"},"rightsMetadata":{"dsLabel":null,"dsVersionID":"rightsMetadata.6","dsCreateDate":"2014-08-06T18:11:18Z","dsState":"A","dsMIME":"text/xml","dsFormatURI":null,"dsControlGroup":"M","dsSize":556,"dsVersionable":true,"dsInfoType":null,"dsLocation":"testgisrecord:123+rightsMetadata+rightsMetadata.6","dsLocationType":"INTERNAL_ID","dsChecksumType":"DISABLED","dsChecksum":"none"},"descMetadata":{"dsLabel":null,"dsVersionID":"descMetadata.5","dsCreateDate":"2014-08-06T18:11:19Z","dsState":"A","dsMIME":"text/plain","dsFormatURI":null,"dsControlGroup":"M","dsSize":2578,"dsVersionable":true,"dsInfoType":null,"dsLocation":"testgisrecord:123+descMetadata+descMetadata.5","dsLocationType":"INTERNAL_ID","dsChecksumType":"DISABLED","dsChecksum":"none"},"DC":{"dsLabel":"Dublin
        Core Record for this object","dsVersionID":"DC1.0","dsCreateDate":"2014-08-06T17:07:47Z","dsState":"A","dsMIME":"text/xml","dsFormatURI":"http://www.openarchives.org/OAI/2.0/oai_dc/","dsControlGroup":"X","dsSize":346,"dsVersionable":true,"dsInfoType":null,"dsLocation":"testgisrecord:123+DC+DC1.0","dsLocationType":null,"dsChecksumType":"DISABLED","dsChecksum":"none"}},"objLabel":null,"objOwnerId":"fedoraAdmin","objModels":["info:fedora/afmodel:Nyucore","info:fedora/fedora-system:FedoraObject-3.0"],"objCreateDate":"2014-08-06T17:07:47Z","objLastModDate":"2014-08-06T17:56:34Z","objDissIndexViewURL":"http://localhost:8983/fedora-test/objects/testgisrecord%3A123/methods/fedora-system%3A3/viewMethodIndex","objItemIndexViewURL":"http://localhost:8983/fedora-test/objects/testgisrecord%3A123/methods/fedora-system%3A3/viewItemIndex","objState":"A"}</field><field
        name="edit_access_group_ssim">gis_cataloger</field><field name="edit_access_group_ssim">admin_group</field><field
        name="desc_metadata__title_tesim">Cymbeline</field><field name="desc_metadata__creator_tesim">The
        Man</field><field name="desc_metadata__creator_sim">The Man</field><field
        name="desc_metadata__publisher_tesim">NYU</field><field name="desc_metadata__available_tesim">Avail
        1</field><field name="desc_metadata__available_tesim">Travail</field><field
        name="desc_metadata__description_tesim">Interesting topic</field><field name="desc_metadata__description_tesim">But
        poorly written</field><field name="desc_metadata__edition_tesim">Ed 1</field><field
        name="desc_metadata__edition_tesim">Edition 1</field><field name="desc_metadata__series_tesim">Series
        1</field><field name="desc_metadata__series_tesim">Series I</field><field
        name="desc_metadata__version_tesim">V1</field><field name="desc_metadata__version_tesim">Latest
        Version</field><field name="desc_metadata__date_tesim">12/05/2014</field><field
        name="desc_metadata__date_tesim">04/01/1666</field><field name="desc_metadata__format_tesim">PDF</field><field
        name="desc_metadata__format_tesim">DNS</field><field name="desc_metadata__language_tesim">en</field><field
        name="desc_metadata__language_tesim">ger</field><field name="desc_metadata__language_sim">en</field><field
        name="desc_metadata__language_sim">ger</field><field name="desc_metadata__relation_tesim">x
        is to y as y is to z</field><field name="desc_metadata__relation_tesim">one
        and a two and a</field><field name="desc_metadata__rights_tesim">remain silent</field><field
        name="desc_metadata__rights_tesim">hire an attorney</field><field name="desc_metadata__subject_tesim">Cryptozoology</field><field
        name="desc_metadata__subject_tesim">Vexillology</field><field name="desc_metadata__subject_sim">Cryptozoology</field><field
        name="desc_metadata__subject_sim">Vexillology</field><field name="desc_metadata__type_tesim">Geospatial
        Data</field><field name="desc_metadata__type_sim">Geospatial Data</field><field
        name="desc_metadata__citation_tesim">Shouldn't have jumped the turnstile</field><field
        name="desc_metadata__citation_tesim">Shouldn't have ran a red light</field><field
        name="desc_metadata__identifier_tesim">rec123</field><field name="has_model_ssim">info:fedora/afmodel:Nyucore</field></doc></add>
    headers:
      Content-Type:
      - text/xml
  response:
    status:
      code: 200
      message: OK
    headers:
      Content-Type:
      - text/plain;charset=UTF-8
      Transfer-Encoding:
      - chunked
    body:
      encoding: US-ASCII
      string: ! '{''responseHeader''=>{''status''=>0,''QTime''=>4}}

'
    http_version: 
  recorded_at: Wed, 06 Aug 2014 18:11:20 GMT
- request:
    method: post
    uri: http://127.0.0.1:8983/solr/test/update?wt=ruby
    body:
      encoding: US-ASCII
      string: <?xml version="1.0" encoding="UTF-8"?><commit/>
    headers:
      Content-Type:
      - text/xml
  response:
    status:
      code: 200
      message: OK
    headers:
      Content-Type:
      - text/plain;charset=UTF-8
      Transfer-Encoding:
      - chunked
    body:
      encoding: US-ASCII
      string: ! '{''responseHeader''=>{''status''=>0,''QTime''=>7}}

'
    http_version: 
  recorded_at: Wed, 06 Aug 2014 18:11:20 GMT
- request:
    method: get
    uri: http://127.0.0.1:8983/solr/test/select?id=testgisrecord:123&qt=permissions&wt=ruby
    body:
      encoding: US-ASCII
      string: ''
    headers: {}
  response:
    status:
      code: 200
      message: OK
    headers:
      Last-Modified:
      - Wed, 06 Aug 2014 18:11:20 GMT
      Etag:
      - ! '"MzFlODAwMDAwMDAwMDAwMFNvbHI="'
      Content-Type:
      - text/plain;charset=UTF-8
      Transfer-Encoding:
      - chunked
    body:
      encoding: US-ASCII
      string: ! "{'responseHeader'=>{'status'=>0,'QTime'=>1,'params'=>{'facet'=>'off','fl'=>'\n
        \       id,\n        access_ssim,\n        discover_access_group_ssim,discover_access_person_ssim,\n
        \       read_access_group_ssim,read_access_person_ssim,\n        edit_access_group_ssim,edit_access_person_ssim,\n
        \       depositor_ti,\n        embargo_release_date_dtsi\n        inheritable_access_ssim,\n
        \       inheritable_discover_access_group_ssim,inheritable_discover_access_person_ssim,\n
        \       inheritable_read_access_group_ssim,inheritable_read_access_person_ssim,\n
        \       inheritable_edit_access_group_ssim,inheritable_edit_access_person_ssim,\n
        \       inheritable_embargo_release_date_dtsi\n      ','echoParams'=>'all','q'=>'{!raw
        f=id v=$id}','rows'=>'1','id'=>'testgisrecord:123','qt'=>'permissions','wt'=>'ruby'}},'response'=>{'numFound'=>1,'start'=>0,'docs'=>[{'id'=>'testgisrecord:123','edit_access_group_ssim'=>['gis_cataloger','admin_group']}]}}\n"
    http_version: 
  recorded_at: Wed, 06 Aug 2014 18:11:23 GMT
- request:
    method: get
    uri: http://fedoraAdmin:fedoraAdmin@127.0.0.1:8983/fedora-test/objects/testgisrecord:123?format=xml
    body:
      encoding: US-ASCII
      string: ''
    headers:
      Accept:
      - ! '*/*; q=0.5, application/xml'
      Accept-Encoding:
      - gzip, deflate
      User-Agent:
      - Ruby
  response:
    status:
      code: 200
      message: OK
    headers:
      Set-Cookie:
      - JSESSIONID=h2e36n6qie89grrbfv1c1s3y;Path=/fedora-test
      Expires:
      - Thu, 01 Jan 1970 00:00:00 GMT
      Content-Type:
      - text/xml
      Date:
      - Wed, 06 Aug 2014 18:11:23 GMT
      Content-Length:
      - '978'
    body:
      encoding: US-ASCII
      string: <?xml version="1.0" encoding="UTF-8"?><objectProfile  xmlns="http://www.fedora.info/definitions/1/0/access/"  xmlns:xsd="http://www.w3.org/2001/XMLSchema"
        xmlns:xsi="http://www.w3.org/2001/XMLSchema-instance" xsi:schemaLocation="http://www.fedora.info/definitions/1/0/access/
        http://www.fedora.info/definitions/1/0/objectProfile.xsd" pid="testgisrecord:123"
        ><objLabel></objLabel><objOwnerId>fedoraAdmin</objOwnerId><objModels><model>info:fedora/afmodel:Nyucore</model><model>info:fedora/fedora-system:FedoraObject-3.0</model></objModels><objCreateDate>2014-08-06T17:07:47.389Z</objCreateDate><objLastModDate>2014-08-06T18:11:19.090Z</objLastModDate><objDissIndexViewURL>http://localhost:8983/fedora-test/objects/testgisrecord%3A123/methods/fedora-system%3A3/viewMethodIndex</objDissIndexViewURL><objItemIndexViewURL>http://localhost:8983/fedora-test/objects/testgisrecord%3A123/methods/fedora-system%3A3/viewItemIndex</objItemIndexViewURL><objState>A</objState></objectProfile>
    http_version: 
  recorded_at: Wed, 06 Aug 2014 18:11:23 GMT
- request:
    method: get
    uri: http://fedoraAdmin:fedoraAdmin@127.0.0.1:8983/fedora-test/objects/testgisrecord:123/datastreams?format=xml
    body:
      encoding: US-ASCII
      string: ''
    headers:
      Accept:
      - ! '*/*; q=0.5, application/xml'
      Accept-Encoding:
      - gzip, deflate
      User-Agent:
      - Ruby
  response:
    status:
      code: 200
      message: OK
    headers:
      Set-Cookie:
      - JSESSIONID=quynjbudj6td1rpo74i7omgmm;Path=/fedora-test
      Expires:
      - Thu, 01 Jan 1970 00:00:00 GMT
      Content-Type:
      - text/xml
      Date:
      - Wed, 06 Aug 2014 18:11:23 GMT
      Content-Length:
      - '787'
    body:
      encoding: US-ASCII
      string: <?xml version="1.0" encoding="UTF-8"?><objectDatastreams  xmlns="http://www.fedora.info/definitions/1/0/access/"
        xmlns:xsd="http://www.w3.org/2001/XMLSchema"  xmlns:xsi="http://www.w3.org/2001/XMLSchema-instance"  xsi:schemaLocation="http://www.fedora.info/definitions/1/0/access/
        http://www.fedora-commons.org/definitions/1/0/listDatastreams.xsd" pid="testgisrecord:123"  baseURL="http://localhost:8983/fedora-test/"
        >    <datastream dsid="DC" label="Dublin Core Record for this object" mimeType="text/xml"
        />    <datastream dsid="RELS-EXT" label="Fedora Object-to-Object Relationship
        Metadata" mimeType="application/rdf+xml" />    <datastream dsid="rightsMetadata"
        label="" mimeType="text/xml" />    <datastream dsid="descMetadata" label=""
        mimeType="text/plain" /></objectDatastreams>
    http_version: 
  recorded_at: Wed, 06 Aug 2014 18:11:23 GMT
- request:
    method: get
    uri: http://fedoraAdmin:fedoraAdmin@127.0.0.1:8983/fedora-test/objects/testgisrecord:123/datastreams/RELS-EXT?format=xml
    body:
      encoding: US-ASCII
      string: ''
    headers:
      Accept:
      - ! '*/*; q=0.5, application/xml'
      Accept-Encoding:
      - gzip, deflate
      User-Agent:
      - Ruby
  response:
    status:
      code: 200
      message: OK
    headers:
      Set-Cookie:
      - JSESSIONID=fel5xgma5a6fj40io1w3otb9;Path=/fedora-test
      Expires:
      - Thu, 01 Jan 1970 00:00:00 GMT
      Content-Type:
      - text/xml
      Date:
      - Wed, 06 Aug 2014 18:11:23 GMT
      Content-Length:
      - '927'
    body:
      encoding: US-ASCII
      string: <?xml version="1.0" encoding="UTF-8"?><datastreamProfile  xmlns="http://www.fedora.info/definitions/1/0/management/"  xmlns:xsd="http://www.w3.org/2001/XMLSchema"
        xmlns:xsi="http://www.w3.org/2001/XMLSchema-instance" xsi:schemaLocation="http://www.fedora.info/definitions/1/0/management/
        http://www.fedora.info/definitions/1/0/datastreamProfile.xsd" pid="testgisrecord:123"
        dsID="RELS-EXT" ><dsLabel>Fedora Object-to-Object Relationship Metadata</dsLabel><dsVersionID>RELS-EXT.2</dsVersionID><dsCreateDate>2014-08-06T18:11:17.984Z</dsCreateDate><dsState>A</dsState><dsMIME>application/rdf+xml</dsMIME><dsFormatURI></dsFormatURI><dsControlGroup>X</dsControlGroup><dsSize>287</dsSize><dsVersionable>true</dsVersionable><dsInfoType></dsInfoType><dsLocation>testgisrecord:123+RELS-EXT+RELS-EXT.2</dsLocation><dsLocationType></dsLocationType><dsChecksumType>DISABLED</dsChecksumType><dsChecksum>none</dsChecksum></datastreamProfile>
    http_version: 
  recorded_at: Wed, 06 Aug 2014 18:11:23 GMT
- request:
    method: get
    uri: http://fedoraAdmin:fedoraAdmin@127.0.0.1:8983/fedora-test/objects/testgisrecord:123/datastreams/RELS-EXT/content
    body:
      encoding: US-ASCII
      string: ''
    headers:
      Accept:
      - ! '*/*; q=0.5, application/xml'
      Accept-Encoding:
      - gzip, deflate
      User-Agent:
      - Ruby
  response:
    status:
      code: 200
      message: OK
    headers:
      Set-Cookie:
      - JSESSIONID=8jzafwl0kf8b19jga5aj6y3b;Path=/fedora-test
      Expires:
      - Thu, 01 Jan 1970 00:00:00 GMT
      Content-Disposition:
      - inline; filename="Fedora Object-to-Object Relationship Metadata.rdf"
      Content-Length:
      - '287'
      Content-Type:
      - application/rdf+xml
      Date:
      - Wed, 06 Aug 2014 18:11:23 GMT
    body:
      encoding: US-ASCII
      string: ! "\n<rdf:RDF xmlns:ns0=\"info:fedora/fedora-system:def/model#\" xmlns:rdf=\"http://www.w3.org/1999/02/22-rdf-syntax-ns#\">\n
        \ <rdf:Description rdf:about=\"info:fedora/testgisrecord:123\">\n    <ns0:hasModel
        rdf:resource=\"info:fedora/afmodel:Nyucore\"></ns0:hasModel>\n  </rdf:Description>\n</rdf:RDF>\n"
    http_version: 
  recorded_at: Wed, 06 Aug 2014 18:11:23 GMT
- request:
    method: get
    uri: http://fedoraAdmin:fedoraAdmin@127.0.0.1:8983/fedora-test/objects/testgisrecord:123/datastreams/descMetadata?format=xml
    body:
      encoding: US-ASCII
      string: ''
    headers:
      Accept:
      - ! '*/*; q=0.5, application/xml'
      Accept-Encoding:
      - gzip, deflate
      User-Agent:
      - Ruby
  response:
    status:
      code: 200
      message: OK
    headers:
      Set-Cookie:
      - JSESSIONID=1cwd1tzuuquxx11rft53qz0eol;Path=/fedora-test
      Expires:
      - Thu, 01 Jan 1970 00:00:00 GMT
      Content-Type:
      - text/xml
      Date:
      - Wed, 06 Aug 2014 18:11:24 GMT
      Content-Length:
      - '901'
    body:
      encoding: US-ASCII
      string: <?xml version="1.0" encoding="UTF-8"?><datastreamProfile  xmlns="http://www.fedora.info/definitions/1/0/management/"  xmlns:xsd="http://www.w3.org/2001/XMLSchema"
        xmlns:xsi="http://www.w3.org/2001/XMLSchema-instance" xsi:schemaLocation="http://www.fedora.info/definitions/1/0/management/
        http://www.fedora.info/definitions/1/0/datastreamProfile.xsd" pid="testgisrecord:123"
        dsID="descMetadata" ><dsLabel></dsLabel><dsVersionID>descMetadata.5</dsVersionID><dsCreateDate>2014-08-06T18:11:19.090Z</dsCreateDate><dsState>A</dsState><dsMIME>text/plain</dsMIME><dsFormatURI></dsFormatURI><dsControlGroup>M</dsControlGroup><dsSize>2578</dsSize><dsVersionable>true</dsVersionable><dsInfoType></dsInfoType><dsLocation>testgisrecord:123+descMetadata+descMetadata.5</dsLocation><dsLocationType>INTERNAL_ID</dsLocationType><dsChecksumType>DISABLED</dsChecksumType><dsChecksum>none</dsChecksum></datastreamProfile>
    http_version: 
  recorded_at: Wed, 06 Aug 2014 18:11:24 GMT
- request:
    method: get
    uri: http://fedoraAdmin:fedoraAdmin@127.0.0.1:8983/fedora-test/objects/testgisrecord:123/datastreams/descMetadata/content
    body:
      encoding: US-ASCII
      string: ''
    headers:
      Accept:
      - ! '*/*; q=0.5, application/xml'
      Accept-Encoding:
      - gzip, deflate
      User-Agent:
      - Ruby
  response:
    status:
      code: 200
      message: OK
    headers:
      Set-Cookie:
      - JSESSIONID=1k8kshbxdydq1iyiv1dvnd33i;Path=/fedora-test
      Expires:
      - Thu, 01 Jan 1970 00:00:00 GMT
      Content-Disposition:
      - inline; filename="descMetadata.txt"
      Content-Length:
      - '2578'
      Content-Type:
      - text/plain
      Date:
      - Wed, 06 Aug 2014 18:11:24 GMT
    body:
      encoding: US-ASCII
      string: ! '<info:fedora/testgisrecord:123> <http://purl.org/dc/terms/title>
        "Cymbeline" .

        <info:fedora/testgisrecord:123> <http://purl.org/dc/terms/creator> "The Man"
        .

        <info:fedora/testgisrecord:123> <http://purl.org/dc/terms/publisher> "NYU"
        .

        <info:fedora/testgisrecord:123> <http://harper.bobst.nyu.edu/data/nyucore#available>
        "Avail 1" .

        <info:fedora/testgisrecord:123> <http://harper.bobst.nyu.edu/data/nyucore#available>
        "Travail" .

        <info:fedora/testgisrecord:123> <http://purl.org/dc/terms/description> "Interesting
        topic" .

        <info:fedora/testgisrecord:123> <http://purl.org/dc/terms/description> "But
        poorly written" .

        <info:fedora/testgisrecord:123> <http://harper.bobst.nyu.edu/data/nyucore#edition>
        "Ed 1" .

        <info:fedora/testgisrecord:123> <http://harper.bobst.nyu.edu/data/nyucore#edition>
        "Edition 1" .

        <info:fedora/testgisrecord:123> <http://harper.bobst.nyu.edu/data/nyucore#series>
        "Series 1" .

        <info:fedora/testgisrecord:123> <http://harper.bobst.nyu.edu/data/nyucore#series>
        "Series I" .

        <info:fedora/testgisrecord:123> <http://harper.bobst.nyu.edu/data/nyucore#version>
        "V1" .

        <info:fedora/testgisrecord:123> <http://harper.bobst.nyu.edu/data/nyucore#version>
        "Latest Version" .

        <info:fedora/testgisrecord:123> <http://purl.org/dc/terms/date> "12/05/2014"
        .

        <info:fedora/testgisrecord:123> <http://purl.org/dc/terms/date> "04/01/1666"
        .

        <info:fedora/testgisrecord:123> <http://purl.org/dc/terms/format> "PDF" .

        <info:fedora/testgisrecord:123> <http://purl.org/dc/terms/format> "DNS" .

        <info:fedora/testgisrecord:123> <http://purl.org/dc/terms/language> "en" .

        <info:fedora/testgisrecord:123> <http://purl.org/dc/terms/language> "ger"
        .

        <info:fedora/testgisrecord:123> <http://purl.org/dc/terms/relation> "x is
        to y as y is to z" .

        <info:fedora/testgisrecord:123> <http://purl.org/dc/terms/relation> "one and
        a two and a" .

        <info:fedora/testgisrecord:123> <http://purl.org/dc/terms/rights> "remain
        silent" .

        <info:fedora/testgisrecord:123> <http://purl.org/dc/terms/rights> "hire an
        attorney" .

        <info:fedora/testgisrecord:123> <http://purl.org/dc/terms/subject> "Cryptozoology"
        .

        <info:fedora/testgisrecord:123> <http://purl.org/dc/terms/subject> "Vexillology"
        .

        <info:fedora/testgisrecord:123> <http://purl.org/dc/terms/type> "Geospatial
        Data" .

        <info:fedora/testgisrecord:123> <http://harper.bobst.nyu.edu/data/nyucore#citation>
        "Shouldn''t have jumped the turnstile" .

        <info:fedora/testgisrecord:123> <http://harper.bobst.nyu.edu/data/nyucore#citation>
        "Shouldn''t have ran a red light" .

        <info:fedora/testgisrecord:123> <http://purl.org/dc/terms/identifier> "rec123"
        .

'
    http_version: 
  recorded_at: Wed, 06 Aug 2014 18:11:24 GMT
- request:
    method: get
    uri: http://127.0.0.1:8983/solr/test/select?id=testgisrecord:123&qt=permissions&wt=ruby
    body:
      encoding: US-ASCII
      string: ''
    headers: {}
  response:
    status:
      code: 200
      message: OK
    headers:
      Last-Modified:
      - Wed, 06 Aug 2014 18:11:20 GMT
      Etag:
      - ! '"MzFlODAwMDAwMDAwMDAwMFNvbHI="'
      Content-Type:
      - text/plain;charset=UTF-8
      Transfer-Encoding:
      - chunked
    body:
      encoding: US-ASCII
      string: ! "{'responseHeader'=>{'status'=>0,'QTime'=>0,'params'=>{'facet'=>'off','fl'=>'\n
        \       id,\n        access_ssim,\n        discover_access_group_ssim,discover_access_person_ssim,\n
        \       read_access_group_ssim,read_access_person_ssim,\n        edit_access_group_ssim,edit_access_person_ssim,\n
        \       depositor_ti,\n        embargo_release_date_dtsi\n        inheritable_access_ssim,\n
        \       inheritable_discover_access_group_ssim,inheritable_discover_access_person_ssim,\n
        \       inheritable_read_access_group_ssim,inheritable_read_access_person_ssim,\n
        \       inheritable_edit_access_group_ssim,inheritable_edit_access_person_ssim,\n
        \       inheritable_embargo_release_date_dtsi\n      ','echoParams'=>'all','q'=>'{!raw
        f=id v=$id}','rows'=>'1','id'=>'testgisrecord:123','qt'=>'permissions','wt'=>'ruby'}},'response'=>{'numFound'=>1,'start'=>0,'docs'=>[{'id'=>'testgisrecord:123','edit_access_group_ssim'=>['gis_cataloger','admin_group']}]}}\n"
    http_version: 
  recorded_at: Wed, 06 Aug 2014 18:11:24 GMT
- request:
    method: get
    uri: http://fedoraAdmin:fedoraAdmin@127.0.0.1:8983/fedora-test/objects/testgisrecord:123?format=xml
    body:
      encoding: US-ASCII
      string: ''
    headers:
      Accept:
      - ! '*/*; q=0.5, application/xml'
      Accept-Encoding:
      - gzip, deflate
      User-Agent:
      - Ruby
  response:
    status:
      code: 200
      message: OK
    headers:
      Set-Cookie:
      - JSESSIONID=1r02b09905xzpxfcd5wjq71n7;Path=/fedora-test
      Expires:
      - Thu, 01 Jan 1970 00:00:00 GMT
      Content-Type:
      - text/xml
      Date:
      - Wed, 06 Aug 2014 18:11:24 GMT
      Content-Length:
      - '978'
    body:
      encoding: US-ASCII
      string: <?xml version="1.0" encoding="UTF-8"?><objectProfile  xmlns="http://www.fedora.info/definitions/1/0/access/"  xmlns:xsd="http://www.w3.org/2001/XMLSchema"
        xmlns:xsi="http://www.w3.org/2001/XMLSchema-instance" xsi:schemaLocation="http://www.fedora.info/definitions/1/0/access/
        http://www.fedora.info/definitions/1/0/objectProfile.xsd" pid="testgisrecord:123"
        ><objLabel></objLabel><objOwnerId>fedoraAdmin</objOwnerId><objModels><model>info:fedora/afmodel:Nyucore</model><model>info:fedora/fedora-system:FedoraObject-3.0</model></objModels><objCreateDate>2014-08-06T17:07:47.389Z</objCreateDate><objLastModDate>2014-08-06T18:11:19.090Z</objLastModDate><objDissIndexViewURL>http://localhost:8983/fedora-test/objects/testgisrecord%3A123/methods/fedora-system%3A3/viewMethodIndex</objDissIndexViewURL><objItemIndexViewURL>http://localhost:8983/fedora-test/objects/testgisrecord%3A123/methods/fedora-system%3A3/viewItemIndex</objItemIndexViewURL><objState>A</objState></objectProfile>
    http_version: 
  recorded_at: Wed, 06 Aug 2014 18:11:24 GMT
- request:
    method: get
    uri: http://fedoraAdmin:fedoraAdmin@127.0.0.1:8983/fedora-test/objects/testgisrecord:123/datastreams?format=xml
    body:
      encoding: US-ASCII
      string: ''
    headers:
      Accept:
      - ! '*/*; q=0.5, application/xml'
      Accept-Encoding:
      - gzip, deflate
      User-Agent:
      - Ruby
  response:
    status:
      code: 200
      message: OK
    headers:
      Set-Cookie:
      - JSESSIONID=vpci40ybnjtxxpyb45a1pdg3;Path=/fedora-test
      Expires:
      - Thu, 01 Jan 1970 00:00:00 GMT
      Content-Type:
      - text/xml
      Date:
      - Wed, 06 Aug 2014 18:11:24 GMT
      Content-Length:
      - '787'
    body:
      encoding: US-ASCII
      string: <?xml version="1.0" encoding="UTF-8"?><objectDatastreams  xmlns="http://www.fedora.info/definitions/1/0/access/"
        xmlns:xsd="http://www.w3.org/2001/XMLSchema"  xmlns:xsi="http://www.w3.org/2001/XMLSchema-instance"  xsi:schemaLocation="http://www.fedora.info/definitions/1/0/access/
        http://www.fedora-commons.org/definitions/1/0/listDatastreams.xsd" pid="testgisrecord:123"  baseURL="http://localhost:8983/fedora-test/"
        >    <datastream dsid="DC" label="Dublin Core Record for this object" mimeType="text/xml"
        />    <datastream dsid="RELS-EXT" label="Fedora Object-to-Object Relationship
        Metadata" mimeType="application/rdf+xml" />    <datastream dsid="rightsMetadata"
        label="" mimeType="text/xml" />    <datastream dsid="descMetadata" label=""
        mimeType="text/plain" /></objectDatastreams>
    http_version: 
  recorded_at: Wed, 06 Aug 2014 18:11:24 GMT
- request:
    method: get
    uri: http://fedoraAdmin:fedoraAdmin@127.0.0.1:8983/fedora-test/objects/testgisrecord:123/datastreams/RELS-EXT?format=xml
    body:
      encoding: US-ASCII
      string: ''
    headers:
      Accept:
      - ! '*/*; q=0.5, application/xml'
      Accept-Encoding:
      - gzip, deflate
      User-Agent:
      - Ruby
  response:
    status:
      code: 200
      message: OK
    headers:
      Set-Cookie:
      - JSESSIONID=1ezy2h8p3m6lc2f909dlb1fgj;Path=/fedora-test
      Expires:
      - Thu, 01 Jan 1970 00:00:00 GMT
      Content-Type:
      - text/xml
      Date:
      - Wed, 06 Aug 2014 18:11:24 GMT
      Content-Length:
      - '927'
    body:
      encoding: US-ASCII
      string: <?xml version="1.0" encoding="UTF-8"?><datastreamProfile  xmlns="http://www.fedora.info/definitions/1/0/management/"  xmlns:xsd="http://www.w3.org/2001/XMLSchema"
        xmlns:xsi="http://www.w3.org/2001/XMLSchema-instance" xsi:schemaLocation="http://www.fedora.info/definitions/1/0/management/
        http://www.fedora.info/definitions/1/0/datastreamProfile.xsd" pid="testgisrecord:123"
        dsID="RELS-EXT" ><dsLabel>Fedora Object-to-Object Relationship Metadata</dsLabel><dsVersionID>RELS-EXT.2</dsVersionID><dsCreateDate>2014-08-06T18:11:17.984Z</dsCreateDate><dsState>A</dsState><dsMIME>application/rdf+xml</dsMIME><dsFormatURI></dsFormatURI><dsControlGroup>X</dsControlGroup><dsSize>287</dsSize><dsVersionable>true</dsVersionable><dsInfoType></dsInfoType><dsLocation>testgisrecord:123+RELS-EXT+RELS-EXT.2</dsLocation><dsLocationType></dsLocationType><dsChecksumType>DISABLED</dsChecksumType><dsChecksum>none</dsChecksum></datastreamProfile>
    http_version: 
  recorded_at: Wed, 06 Aug 2014 18:11:24 GMT
- request:
    method: get
    uri: http://fedoraAdmin:fedoraAdmin@127.0.0.1:8983/fedora-test/objects/testgisrecord:123/datastreams/RELS-EXT/content
    body:
      encoding: US-ASCII
      string: ''
    headers:
      Accept:
      - ! '*/*; q=0.5, application/xml'
      Accept-Encoding:
      - gzip, deflate
      User-Agent:
      - Ruby
  response:
    status:
      code: 200
      message: OK
    headers:
      Set-Cookie:
      - JSESSIONID=hbei088jzjp4n4yz0pn9uje5;Path=/fedora-test
      Expires:
      - Thu, 01 Jan 1970 00:00:00 GMT
      Content-Disposition:
      - inline; filename="Fedora Object-to-Object Relationship Metadata.rdf"
      Content-Length:
      - '287'
      Content-Type:
      - application/rdf+xml
      Date:
      - Wed, 06 Aug 2014 18:11:24 GMT
    body:
      encoding: US-ASCII
      string: ! "\n<rdf:RDF xmlns:ns0=\"info:fedora/fedora-system:def/model#\" xmlns:rdf=\"http://www.w3.org/1999/02/22-rdf-syntax-ns#\">\n
        \ <rdf:Description rdf:about=\"info:fedora/testgisrecord:123\">\n    <ns0:hasModel
        rdf:resource=\"info:fedora/afmodel:Nyucore\"></ns0:hasModel>\n  </rdf:Description>\n</rdf:RDF>\n"
    http_version: 
  recorded_at: Wed, 06 Aug 2014 18:11:24 GMT
- request:
    method: get
    uri: http://fedoraAdmin:fedoraAdmin@127.0.0.1:8983/fedora-test/objects/testgisrecord:123/datastreams/descMetadata?format=xml
    body:
      encoding: US-ASCII
      string: ''
    headers:
      Accept:
      - ! '*/*; q=0.5, application/xml'
      Accept-Encoding:
      - gzip, deflate
      User-Agent:
      - Ruby
  response:
    status:
      code: 200
      message: OK
    headers:
      Set-Cookie:
      - JSESSIONID=uhx8w2kfxboq1livn44d6wwmo;Path=/fedora-test
      Expires:
      - Thu, 01 Jan 1970 00:00:00 GMT
      Content-Type:
      - text/xml
      Date:
      - Wed, 06 Aug 2014 18:11:24 GMT
      Content-Length:
      - '901'
    body:
      encoding: US-ASCII
      string: <?xml version="1.0" encoding="UTF-8"?><datastreamProfile  xmlns="http://www.fedora.info/definitions/1/0/management/"  xmlns:xsd="http://www.w3.org/2001/XMLSchema"
        xmlns:xsi="http://www.w3.org/2001/XMLSchema-instance" xsi:schemaLocation="http://www.fedora.info/definitions/1/0/management/
        http://www.fedora.info/definitions/1/0/datastreamProfile.xsd" pid="testgisrecord:123"
        dsID="descMetadata" ><dsLabel></dsLabel><dsVersionID>descMetadata.5</dsVersionID><dsCreateDate>2014-08-06T18:11:19.090Z</dsCreateDate><dsState>A</dsState><dsMIME>text/plain</dsMIME><dsFormatURI></dsFormatURI><dsControlGroup>M</dsControlGroup><dsSize>2578</dsSize><dsVersionable>true</dsVersionable><dsInfoType></dsInfoType><dsLocation>testgisrecord:123+descMetadata+descMetadata.5</dsLocation><dsLocationType>INTERNAL_ID</dsLocationType><dsChecksumType>DISABLED</dsChecksumType><dsChecksum>none</dsChecksum></datastreamProfile>
    http_version: 
  recorded_at: Wed, 06 Aug 2014 18:11:24 GMT
- request:
    method: get
    uri: http://fedoraAdmin:fedoraAdmin@127.0.0.1:8983/fedora-test/objects/testgisrecord:123/datastreams/descMetadata/content
    body:
      encoding: US-ASCII
      string: ''
    headers:
      Accept:
      - ! '*/*; q=0.5, application/xml'
      Accept-Encoding:
      - gzip, deflate
      User-Agent:
      - Ruby
  response:
    status:
      code: 200
      message: OK
    headers:
      Set-Cookie:
      - JSESSIONID=c939m5cpfs7j1af2kwrfuv57d;Path=/fedora-test
      Expires:
      - Thu, 01 Jan 1970 00:00:00 GMT
      Content-Disposition:
      - inline; filename="descMetadata.txt"
      Content-Length:
      - '2578'
      Content-Type:
      - text/plain
      Date:
      - Wed, 06 Aug 2014 18:11:24 GMT
    body:
      encoding: US-ASCII
      string: ! '<info:fedora/testgisrecord:123> <http://purl.org/dc/terms/title>
        "Cymbeline" .

        <info:fedora/testgisrecord:123> <http://purl.org/dc/terms/creator> "The Man"
        .

        <info:fedora/testgisrecord:123> <http://purl.org/dc/terms/publisher> "NYU"
        .

        <info:fedora/testgisrecord:123> <http://harper.bobst.nyu.edu/data/nyucore#available>
        "Avail 1" .

        <info:fedora/testgisrecord:123> <http://harper.bobst.nyu.edu/data/nyucore#available>
        "Travail" .

        <info:fedora/testgisrecord:123> <http://purl.org/dc/terms/description> "Interesting
        topic" .

        <info:fedora/testgisrecord:123> <http://purl.org/dc/terms/description> "But
        poorly written" .

        <info:fedora/testgisrecord:123> <http://harper.bobst.nyu.edu/data/nyucore#edition>
        "Ed 1" .

        <info:fedora/testgisrecord:123> <http://harper.bobst.nyu.edu/data/nyucore#edition>
        "Edition 1" .

        <info:fedora/testgisrecord:123> <http://harper.bobst.nyu.edu/data/nyucore#series>
        "Series 1" .

        <info:fedora/testgisrecord:123> <http://harper.bobst.nyu.edu/data/nyucore#series>
        "Series I" .

        <info:fedora/testgisrecord:123> <http://harper.bobst.nyu.edu/data/nyucore#version>
        "V1" .

        <info:fedora/testgisrecord:123> <http://harper.bobst.nyu.edu/data/nyucore#version>
        "Latest Version" .

        <info:fedora/testgisrecord:123> <http://purl.org/dc/terms/date> "12/05/2014"
        .

        <info:fedora/testgisrecord:123> <http://purl.org/dc/terms/date> "04/01/1666"
        .

        <info:fedora/testgisrecord:123> <http://purl.org/dc/terms/format> "PDF" .

        <info:fedora/testgisrecord:123> <http://purl.org/dc/terms/format> "DNS" .

        <info:fedora/testgisrecord:123> <http://purl.org/dc/terms/language> "en" .

        <info:fedora/testgisrecord:123> <http://purl.org/dc/terms/language> "ger"
        .

        <info:fedora/testgisrecord:123> <http://purl.org/dc/terms/relation> "x is
        to y as y is to z" .

        <info:fedora/testgisrecord:123> <http://purl.org/dc/terms/relation> "one and
        a two and a" .

        <info:fedora/testgisrecord:123> <http://purl.org/dc/terms/rights> "remain
        silent" .

        <info:fedora/testgisrecord:123> <http://purl.org/dc/terms/rights> "hire an
        attorney" .

        <info:fedora/testgisrecord:123> <http://purl.org/dc/terms/subject> "Cryptozoology"
        .

        <info:fedora/testgisrecord:123> <http://purl.org/dc/terms/subject> "Vexillology"
        .

        <info:fedora/testgisrecord:123> <http://purl.org/dc/terms/type> "Geospatial
        Data" .

        <info:fedora/testgisrecord:123> <http://harper.bobst.nyu.edu/data/nyucore#citation>
        "Shouldn''t have jumped the turnstile" .

        <info:fedora/testgisrecord:123> <http://harper.bobst.nyu.edu/data/nyucore#citation>
        "Shouldn''t have ran a red light" .

        <info:fedora/testgisrecord:123> <http://purl.org/dc/terms/identifier> "rec123"
        .

'
    http_version: 
  recorded_at: Wed, 06 Aug 2014 18:11:24 GMT
- request:
    method: get
    uri: http://fedoraAdmin:fedoraAdmin@127.0.0.1:8983/fedora-test/objects/testgisrecord:123/datastreams/rightsMetadata?format=xml
    body:
      encoding: US-ASCII
      string: ''
    headers:
      Accept:
      - ! '*/*; q=0.5, application/xml'
      Accept-Encoding:
      - gzip, deflate
      User-Agent:
      - Ruby
  response:
    status:
      code: 200
      message: OK
    headers:
      Set-Cookie:
      - JSESSIONID=a5rixw08cqarfguacyd6mwtk;Path=/fedora-test
      Expires:
      - Thu, 01 Jan 1970 00:00:00 GMT
      Content-Type:
      - text/xml
      Date:
      - Wed, 06 Aug 2014 18:11:24 GMT
      Content-Length:
      - '906'
    body:
      encoding: US-ASCII
      string: <?xml version="1.0" encoding="UTF-8"?><datastreamProfile  xmlns="http://www.fedora.info/definitions/1/0/management/"  xmlns:xsd="http://www.w3.org/2001/XMLSchema"
        xmlns:xsi="http://www.w3.org/2001/XMLSchema-instance" xsi:schemaLocation="http://www.fedora.info/definitions/1/0/management/
        http://www.fedora.info/definitions/1/0/datastreamProfile.xsd" pid="testgisrecord:123"
        dsID="rightsMetadata" ><dsLabel></dsLabel><dsVersionID>rightsMetadata.6</dsVersionID><dsCreateDate>2014-08-06T18:11:18.653Z</dsCreateDate><dsState>A</dsState><dsMIME>text/xml</dsMIME><dsFormatURI></dsFormatURI><dsControlGroup>M</dsControlGroup><dsSize>556</dsSize><dsVersionable>true</dsVersionable><dsInfoType></dsInfoType><dsLocation>testgisrecord:123+rightsMetadata+rightsMetadata.6</dsLocation><dsLocationType>INTERNAL_ID</dsLocationType><dsChecksumType>DISABLED</dsChecksumType><dsChecksum>none</dsChecksum></datastreamProfile>
    http_version: 
  recorded_at: Wed, 06 Aug 2014 18:11:24 GMT
- request:
    method: get
    uri: http://fedoraAdmin:fedoraAdmin@127.0.0.1:8983/fedora-test/objects/testgisrecord:123/datastreams/DC?format=xml
    body:
      encoding: US-ASCII
      string: ''
    headers:
      Accept:
      - ! '*/*; q=0.5, application/xml'
      Accept-Encoding:
      - gzip, deflate
      User-Agent:
      - Ruby
  response:
    status:
      code: 200
      message: OK
    headers:
      Set-Cookie:
      - JSESSIONID=yrx4kojxs0xe10pw4zz7mfuvo;Path=/fedora-test
      Expires:
      - Thu, 01 Jan 1970 00:00:00 GMT
      Content-Type:
      - text/xml
      Date:
      - Wed, 06 Aug 2014 18:11:24 GMT
      Content-Length:
      - '926'
    body:
      encoding: US-ASCII
      string: <?xml version="1.0" encoding="UTF-8"?><datastreamProfile  xmlns="http://www.fedora.info/definitions/1/0/management/"  xmlns:xsd="http://www.w3.org/2001/XMLSchema"
        xmlns:xsi="http://www.w3.org/2001/XMLSchema-instance" xsi:schemaLocation="http://www.fedora.info/definitions/1/0/management/
        http://www.fedora.info/definitions/1/0/datastreamProfile.xsd" pid="testgisrecord:123"
        dsID="DC" ><dsLabel>Dublin Core Record for this object</dsLabel><dsVersionID>DC1.0</dsVersionID><dsCreateDate>2014-08-06T17:07:47.389Z</dsCreateDate><dsState>A</dsState><dsMIME>text/xml</dsMIME><dsFormatURI>http://www.openarchives.org/OAI/2.0/oai_dc/</dsFormatURI><dsControlGroup>X</dsControlGroup><dsSize>346</dsSize><dsVersionable>true</dsVersionable><dsInfoType></dsInfoType><dsLocation>testgisrecord:123+DC+DC1.0</dsLocation><dsLocationType></dsLocationType><dsChecksumType>DISABLED</dsChecksumType><dsChecksum>none</dsChecksum></datastreamProfile>
    http_version: 
  recorded_at: Wed, 06 Aug 2014 18:11:24 GMT
- request:
    method: get
    uri: http://fedoraAdmin:fedoraAdmin@127.0.0.1:8983/fedora-test/objects/testgisrecord:123/datastreams/DC/content
    body:
      encoding: US-ASCII
      string: ''
    headers:
      Accept:
      - ! '*/*; q=0.5, application/xml'
      Accept-Encoding:
      - gzip, deflate
      User-Agent:
      - Ruby
  response:
    status:
      code: 200
      message: OK
    headers:
      Set-Cookie:
      - JSESSIONID=55trf86li7y11hsid5clj637l;Path=/fedora-test
      Expires:
      - Thu, 01 Jan 1970 00:00:00 GMT
      Content-Disposition:
      - inline; filename="Dublin Core Record for this object.xml"
      Content-Length:
      - '346'
      Content-Type:
      - text/xml
      Date:
      - Wed, 06 Aug 2014 18:11:24 GMT
    body:
      encoding: US-ASCII
      string: ! "\n<oai_dc:dc xmlns:oai_dc=\"http://www.openarchives.org/OAI/2.0/oai_dc/\"
        xmlns:dc=\"http://purl.org/dc/elements/1.1/\" xmlns:xsi=\"http://www.w3.org/2001/XMLSchema-instance\"
        xsi:schemaLocation=\"http://www.openarchives.org/OAI/2.0/oai_dc/ http://www.openarchives.org/OAI/2.0/oai_dc.xsd\">\n
        \ <dc:identifier>testgisrecord:123</dc:identifier>\n</oai_dc:dc>\n"
    http_version: 
  recorded_at: Wed, 06 Aug 2014 18:11:24 GMT
- request:
    method: put
    uri: http://fedoraAdmin:fedoraAdmin@127.0.0.1:8983/fedora-test/objects/testgisrecord:123/datastreams/descMetadata?mimeType=text/plain
    body:
      encoding: UTF-8
      string: ! '<info:fedora/testgisrecord:123> <http://purl.org/dc/terms/title>
        "The Tale of Imogen" .

        <info:fedora/testgisrecord:123> <http://purl.org/dc/terms/creator> "The Man"
        .

        <info:fedora/testgisrecord:123> <http://purl.org/dc/terms/publisher> "NYU"
        .

        <info:fedora/testgisrecord:123> <http://purl.org/dc/terms/identifier> "rec123"
        .

        <info:fedora/testgisrecord:123> <http://purl.org/dc/terms/type> "Geospatial
        Data" .

        <info:fedora/testgisrecord:123> <http://harper.bobst.nyu.edu/data/nyucore#available>
        "Avail 1" .

        <info:fedora/testgisrecord:123> <http://harper.bobst.nyu.edu/data/nyucore#available>
        "Travail" .

        <info:fedora/testgisrecord:123> <http://harper.bobst.nyu.edu/data/nyucore#available>
        "" .

        <info:fedora/testgisrecord:123> <http://purl.org/dc/terms/description> "Interesting
        topic" .

        <info:fedora/testgisrecord:123> <http://purl.org/dc/terms/description> "But
        poorly written" .

        <info:fedora/testgisrecord:123> <http://purl.org/dc/terms/description> ""
        .

        <info:fedora/testgisrecord:123> <http://harper.bobst.nyu.edu/data/nyucore#edition>
        "Ed 1" .

        <info:fedora/testgisrecord:123> <http://harper.bobst.nyu.edu/data/nyucore#edition>
        "Edition 1" .

        <info:fedora/testgisrecord:123> <http://harper.bobst.nyu.edu/data/nyucore#edition>
        "" .

        <info:fedora/testgisrecord:123> <http://harper.bobst.nyu.edu/data/nyucore#series>
        "Series 1" .

        <info:fedora/testgisrecord:123> <http://harper.bobst.nyu.edu/data/nyucore#series>
        "Series I" .

        <info:fedora/testgisrecord:123> <http://harper.bobst.nyu.edu/data/nyucore#series>
        "" .

        <info:fedora/testgisrecord:123> <http://harper.bobst.nyu.edu/data/nyucore#version>
        "V1" .

        <info:fedora/testgisrecord:123> <http://harper.bobst.nyu.edu/data/nyucore#version>
        "Latest Version" .

        <info:fedora/testgisrecord:123> <http://harper.bobst.nyu.edu/data/nyucore#version>
        "" .

        <info:fedora/testgisrecord:123> <http://purl.org/dc/terms/date> "12/05/2014"
        .

        <info:fedora/testgisrecord:123> <http://purl.org/dc/terms/date> "04/01/1666"
        .

        <info:fedora/testgisrecord:123> <http://purl.org/dc/terms/date> "" .

        <info:fedora/testgisrecord:123> <http://purl.org/dc/terms/format> "PDF" .

        <info:fedora/testgisrecord:123> <http://purl.org/dc/terms/format> "DNS" .

        <info:fedora/testgisrecord:123> <http://purl.org/dc/terms/format> "" .

        <info:fedora/testgisrecord:123> <http://purl.org/dc/terms/language> "en" .

        <info:fedora/testgisrecord:123> <http://purl.org/dc/terms/language> "ger"
        .

        <info:fedora/testgisrecord:123> <http://purl.org/dc/terms/language> "" .

        <info:fedora/testgisrecord:123> <http://purl.org/dc/terms/relation> "x is
        to y as y is to z" .

        <info:fedora/testgisrecord:123> <http://purl.org/dc/terms/relation> "one and
        a two and a" .

        <info:fedora/testgisrecord:123> <http://purl.org/dc/terms/relation> "" .

        <info:fedora/testgisrecord:123> <http://purl.org/dc/terms/rights> "remain
        silent" .

        <info:fedora/testgisrecord:123> <http://purl.org/dc/terms/rights> "hire an
        attorney" .

        <info:fedora/testgisrecord:123> <http://purl.org/dc/terms/rights> "" .

        <info:fedora/testgisrecord:123> <http://purl.org/dc/terms/subject> "Cryptozoology"
        .

        <info:fedora/testgisrecord:123> <http://purl.org/dc/terms/subject> "Vexillology"
        .

        <info:fedora/testgisrecord:123> <http://purl.org/dc/terms/subject> "" .

        <info:fedora/testgisrecord:123> <http://harper.bobst.nyu.edu/data/nyucore#citation>
        "Shouldn''t have jumped the turnstile" .

        <info:fedora/testgisrecord:123> <http://harper.bobst.nyu.edu/data/nyucore#citation>
        "Shouldn''t have ran a red light" .

        <info:fedora/testgisrecord:123> <http://harper.bobst.nyu.edu/data/nyucore#citation>
        "" .

'
    headers:
      Accept:
      - ! '*/*; q=0.5, application/xml'
      Accept-Encoding:
      - gzip, deflate
      Multipart:
      - 'true'
      Content-Type:
      - text/plain
      Content-Length:
      - '3534'
      User-Agent:
      - Ruby
  response:
    status:
      code: 200
      message: OK
    headers:
      Set-Cookie:
      - JSESSIONID=myubkm65a83110i9zlo93i0d8;Path=/fedora-test
      Expires:
      - Thu, 01 Jan 1970 00:00:00 GMT
      Content-Type:
      - text/xml
      Date:
      - Wed, 06 Aug 2014 18:11:25 GMT
      Content-Length:
      - '901'
    body:
      encoding: US-ASCII
      string: <?xml version="1.0" encoding="UTF-8"?><datastreamProfile  xmlns="http://www.fedora.info/definitions/1/0/management/"  xmlns:xsd="http://www.w3.org/2001/XMLSchema"
        xmlns:xsi="http://www.w3.org/2001/XMLSchema-instance" xsi:schemaLocation="http://www.fedora.info/definitions/1/0/management/
        http://www.fedora.info/definitions/1/0/datastreamProfile.xsd" pid="testgisrecord:123"
        dsID="descMetadata" ><dsLabel></dsLabel><dsVersionID>descMetadata.6</dsVersionID><dsCreateDate>2014-08-06T18:11:25.380Z</dsCreateDate><dsState>A</dsState><dsMIME>text/plain</dsMIME><dsFormatURI></dsFormatURI><dsControlGroup>M</dsControlGroup><dsSize>3534</dsSize><dsVersionable>true</dsVersionable><dsInfoType></dsInfoType><dsLocation>testgisrecord:123+descMetadata+descMetadata.6</dsLocation><dsLocationType>INTERNAL_ID</dsLocationType><dsChecksumType>DISABLED</dsChecksumType><dsChecksum>none</dsChecksum></datastreamProfile>
    http_version: 
  recorded_at: Wed, 06 Aug 2014 18:11:25 GMT
- request:
    method: get
    uri: http://fedoraAdmin:fedoraAdmin@127.0.0.1:8983/fedora-test/objects/testgisrecord:123/datastreams/descMetadata?format=xml
    body:
      encoding: US-ASCII
      string: ''
    headers:
      Accept:
      - ! '*/*; q=0.5, application/xml'
      Accept-Encoding:
      - gzip, deflate
      User-Agent:
      - Ruby
  response:
    status:
      code: 200
      message: OK
    headers:
      Set-Cookie:
      - JSESSIONID=ahkiea2ycwvg1a8l1vnfb9aci;Path=/fedora-test
      Expires:
      - Thu, 01 Jan 1970 00:00:00 GMT
      Content-Type:
      - text/xml
      Date:
      - Wed, 06 Aug 2014 18:11:25 GMT
      Content-Length:
      - '901'
    body:
      encoding: US-ASCII
      string: <?xml version="1.0" encoding="UTF-8"?><datastreamProfile  xmlns="http://www.fedora.info/definitions/1/0/management/"  xmlns:xsd="http://www.w3.org/2001/XMLSchema"
        xmlns:xsi="http://www.w3.org/2001/XMLSchema-instance" xsi:schemaLocation="http://www.fedora.info/definitions/1/0/management/
        http://www.fedora.info/definitions/1/0/datastreamProfile.xsd" pid="testgisrecord:123"
        dsID="descMetadata" ><dsLabel></dsLabel><dsVersionID>descMetadata.6</dsVersionID><dsCreateDate>2014-08-06T18:11:25.380Z</dsCreateDate><dsState>A</dsState><dsMIME>text/plain</dsMIME><dsFormatURI></dsFormatURI><dsControlGroup>M</dsControlGroup><dsSize>3534</dsSize><dsVersionable>true</dsVersionable><dsInfoType></dsInfoType><dsLocation>testgisrecord:123+descMetadata+descMetadata.6</dsLocation><dsLocationType>INTERNAL_ID</dsLocationType><dsChecksumType>DISABLED</dsChecksumType><dsChecksum>none</dsChecksum></datastreamProfile>
    http_version: 
  recorded_at: Wed, 06 Aug 2014 18:11:25 GMT
- request:
    method: get
    uri: http://fedoraAdmin:fedoraAdmin@127.0.0.1:8983/fedora-test/objects/testgisrecord:123/datastreams/rightsMetadata/content
    body:
      encoding: US-ASCII
      string: ''
    headers:
      Accept:
      - ! '*/*; q=0.5, application/xml'
      Accept-Encoding:
      - gzip, deflate
      User-Agent:
      - Ruby
  response:
    status:
      code: 200
      message: OK
    headers:
      Set-Cookie:
      - JSESSIONID=f6n4zljs6gue9vqn4mhb3mk2;Path=/fedora-test
      Expires:
      - Thu, 01 Jan 1970 00:00:00 GMT
      Content-Disposition:
      - inline; filename="rightsMetadata.xml"
      Content-Length:
      - '556'
      Content-Type:
      - text/xml
      Date:
      - Wed, 06 Aug 2014 18:11:25 GMT
    body:
      encoding: US-ASCII
      string: ! "<rightsMetadata xmlns=\"http://hydra-collab.stanford.edu/schemas/rightsMetadata/v1\"
        version=\"0.1\">\n  <copyright>\n    <human type=\"title\"/>\n    <human type=\"description\"/>\n
        \   <machine type=\"uri\"/>\n  </copyright>\n  <access type=\"discover\">\n
        \   <human/>\n    <machine/>\n  </access>\n  <access type=\"read\">\n    <human/>\n
        \   <machine/>\n  </access>\n  <access type=\"edit\">\n    <human/>\n    <machine>\n
        \     <group>gis_cataloger</group>\n      <group>admin_group</group>\n    </machine>\n
        \ </access>\n  <embargo>\n    <human/>\n    <machine/>\n  </embargo>\n</rightsMetadata>"
    http_version: 
  recorded_at: Wed, 06 Aug 2014 18:11:25 GMT
- request:
    method: post
    uri: http://127.0.0.1:8983/solr/test/update?wt=ruby
    body:
      encoding: US-ASCII
      string: <?xml version="1.0" encoding="UTF-8"?><add><doc><field name="system_create_dtsi">2014-08-06T17:07:47Z</field><field
        name="system_modified_dtsi">2014-08-06T18:11:19Z</field><field name="object_state_ssi">A</field><field
        name="active_fedora_model_ssi">Nyucore</field><field name="id">testgisrecord:123</field><field
        name="object_profile_ssm">{"datastreams":{"DC":{"dsLabel":"Dublin Core Record
        for this object","dsVersionID":"DC1.0","dsCreateDate":"2014-08-06T17:07:47Z","dsState":"A","dsMIME":"text/xml","dsFormatURI":"http://www.openarchives.org/OAI/2.0/oai_dc/","dsControlGroup":"X","dsSize":346,"dsVersionable":true,"dsInfoType":null,"dsLocation":"testgisrecord:123+DC+DC1.0","dsLocationType":null,"dsChecksumType":"DISABLED","dsChecksum":"none"},"RELS-EXT":{"dsLabel":"Fedora
        Object-to-Object Relationship Metadata","dsVersionID":"RELS-EXT.2","dsCreateDate":"2014-08-06T18:11:17Z","dsState":"A","dsMIME":"application/rdf+xml","dsFormatURI":null,"dsControlGroup":"X","dsSize":287,"dsVersionable":true,"dsInfoType":null,"dsLocation":"testgisrecord:123+RELS-EXT+RELS-EXT.2","dsLocationType":null,"dsChecksumType":"DISABLED","dsChecksum":"none"},"rightsMetadata":{"dsLabel":null,"dsVersionID":"rightsMetadata.6","dsCreateDate":"2014-08-06T18:11:18Z","dsState":"A","dsMIME":"text/xml","dsFormatURI":null,"dsControlGroup":"M","dsSize":556,"dsVersionable":true,"dsInfoType":null,"dsLocation":"testgisrecord:123+rightsMetadata+rightsMetadata.6","dsLocationType":"INTERNAL_ID","dsChecksumType":"DISABLED","dsChecksum":"none"},"descMetadata":{"dsLabel":null,"dsVersionID":"descMetadata.6","dsCreateDate":"2014-08-06T18:11:25Z","dsState":"A","dsMIME":"text/plain","dsFormatURI":null,"dsControlGroup":"M","dsSize":3534,"dsVersionable":true,"dsInfoType":null,"dsLocation":"testgisrecord:123+descMetadata+descMetadata.6","dsLocationType":"INTERNAL_ID","dsChecksumType":"DISABLED","dsChecksum":"none"}},"objLabel":null,"objOwnerId":"fedoraAdmin","objModels":["info:fedora/afmodel:Nyucore","info:fedora/fedora-system:FedoraObject-3.0"],"objCreateDate":"2014-08-06T17:07:47Z","objLastModDate":"2014-08-06T18:11:19Z","objDissIndexViewURL":"http://localhost:8983/fedora-test/objects/testgisrecord%3A123/methods/fedora-system%3A3/viewMethodIndex","objItemIndexViewURL":"http://localhost:8983/fedora-test/objects/testgisrecord%3A123/methods/fedora-system%3A3/viewItemIndex","objState":"A"}</field><field
        name="edit_access_group_ssim">gis_cataloger</field><field name="edit_access_group_ssim">admin_group</field><field
        name="desc_metadata__title_tesim">The Tale of Imogen</field><field name="desc_metadata__creator_tesim">The
        Man</field><field name="desc_metadata__creator_sim">The Man</field><field
        name="desc_metadata__publisher_tesim">NYU</field><field name="desc_metadata__identifier_tesim">rec123</field><field
        name="desc_metadata__type_tesim">Geospatial Data</field><field name="desc_metadata__type_sim">Geospatial
        Data</field><field name="desc_metadata__available_tesim">Avail 1</field><field
        name="desc_metadata__available_tesim">Travail</field><field name="desc_metadata__description_tesim">Interesting
        topic</field><field name="desc_metadata__description_tesim">But poorly written</field><field
        name="desc_metadata__edition_tesim">Ed 1</field><field name="desc_metadata__edition_tesim">Edition
        1</field><field name="desc_metadata__series_tesim">Series 1</field><field
        name="desc_metadata__series_tesim">Series I</field><field name="desc_metadata__version_tesim">V1</field><field
        name="desc_metadata__version_tesim">Latest Version</field><field name="desc_metadata__date_tesim">12/05/2014</field><field
        name="desc_metadata__date_tesim">04/01/1666</field><field name="desc_metadata__format_tesim">PDF</field><field
        name="desc_metadata__format_tesim">DNS</field><field name="desc_metadata__language_tesim">en</field><field
        name="desc_metadata__language_tesim">ger</field><field name="desc_metadata__language_sim">en</field><field
        name="desc_metadata__language_sim">ger</field><field name="desc_metadata__relation_tesim">x
        is to y as y is to z</field><field name="desc_metadata__relation_tesim">one
        and a two and a</field><field name="desc_metadata__rights_tesim">remain silent</field><field
        name="desc_metadata__rights_tesim">hire an attorney</field><field name="desc_metadata__subject_tesim">Cryptozoology</field><field
        name="desc_metadata__subject_tesim">Vexillology</field><field name="desc_metadata__subject_sim">Cryptozoology</field><field
        name="desc_metadata__subject_sim">Vexillology</field><field name="desc_metadata__citation_tesim">Shouldn't
        have jumped the turnstile</field><field name="desc_metadata__citation_tesim">Shouldn't
        have ran a red light</field><field name="has_model_ssim">info:fedora/afmodel:Nyucore</field></doc></add>
    headers:
      Content-Type:
      - text/xml
  response:
    status:
      code: 200
      message: OK
    headers:
      Content-Type:
      - text/plain;charset=UTF-8
      Transfer-Encoding:
      - chunked
    body:
      encoding: US-ASCII
      string: ! '{''responseHeader''=>{''status''=>0,''QTime''=>3}}

'
    http_version: 
  recorded_at: Wed, 06 Aug 2014 18:11:25 GMT
- request:
    method: post
    uri: http://127.0.0.1:8983/solr/test/update?wt=ruby
    body:
      encoding: US-ASCII
      string: <?xml version="1.0" encoding="UTF-8"?><commit/>
    headers:
      Content-Type:
      - text/xml
  response:
    status:
      code: 200
      message: OK
    headers:
      Content-Type:
      - text/plain;charset=UTF-8
      Transfer-Encoding:
      - chunked
    body:
      encoding: US-ASCII
      string: ! '{''responseHeader''=>{''status''=>0,''QTime''=>27}}

'
    http_version: 
  recorded_at: Wed, 06 Aug 2014 18:11:25 GMT
- request:
    method: get
    uri: http://127.0.0.1:8983/solr/test/select?id=testgisrecord:123&qt=permissions&wt=ruby
    body:
      encoding: US-ASCII
      string: ''
    headers: {}
  response:
    status:
      code: 200
      message: OK
    headers:
      Last-Modified:
      - Wed, 06 Aug 2014 18:11:25 GMT
      Etag:
      - ! '"OWU4MDAwMDAwMDAwMDAwU29scg=="'
      Content-Type:
      - text/plain;charset=UTF-8
      Transfer-Encoding:
      - chunked
    body:
      encoding: US-ASCII
      string: ! "{'responseHeader'=>{'status'=>0,'QTime'=>0,'params'=>{'facet'=>'off','fl'=>'\n
        \       id,\n        access_ssim,\n        discover_access_group_ssim,discover_access_person_ssim,\n
        \       read_access_group_ssim,read_access_person_ssim,\n        edit_access_group_ssim,edit_access_person_ssim,\n
        \       depositor_ti,\n        embargo_release_date_dtsi\n        inheritable_access_ssim,\n
        \       inheritable_discover_access_group_ssim,inheritable_discover_access_person_ssim,\n
        \       inheritable_read_access_group_ssim,inheritable_read_access_person_ssim,\n
        \       inheritable_edit_access_group_ssim,inheritable_edit_access_person_ssim,\n
        \       inheritable_embargo_release_date_dtsi\n      ','echoParams'=>'all','q'=>'{!raw
        f=id v=$id}','rows'=>'1','id'=>'testgisrecord:123','qt'=>'permissions','wt'=>'ruby'}},'response'=>{'numFound'=>1,'start'=>0,'docs'=>[{'id'=>'testgisrecord:123','edit_access_group_ssim'=>['gis_cataloger','admin_group']}]}}\n"
    http_version: 
  recorded_at: Wed, 06 Aug 2014 18:11:25 GMT
- request:
    method: get
    uri: http://fedoraAdmin:fedoraAdmin@127.0.0.1:8983/fedora-test/objects/testgisrecord:123?format=xml
    body:
      encoding: US-ASCII
      string: ''
    headers:
      Accept:
      - ! '*/*; q=0.5, application/xml'
      Accept-Encoding:
      - gzip, deflate
      User-Agent:
      - Ruby
  response:
    status:
      code: 200
      message: OK
    headers:
      Set-Cookie:
      - JSESSIONID=16sdu5d2n2tj5rxkxh39ksrxl;Path=/fedora-test
      Expires:
      - Thu, 01 Jan 1970 00:00:00 GMT
      Content-Type:
      - text/xml
      Date:
      - Wed, 06 Aug 2014 18:11:25 GMT
      Content-Length:
      - '978'
    body:
      encoding: US-ASCII
      string: <?xml version="1.0" encoding="UTF-8"?><objectProfile  xmlns="http://www.fedora.info/definitions/1/0/access/"  xmlns:xsd="http://www.w3.org/2001/XMLSchema"
        xmlns:xsi="http://www.w3.org/2001/XMLSchema-instance" xsi:schemaLocation="http://www.fedora.info/definitions/1/0/access/
        http://www.fedora.info/definitions/1/0/objectProfile.xsd" pid="testgisrecord:123"
        ><objLabel></objLabel><objOwnerId>fedoraAdmin</objOwnerId><objModels><model>info:fedora/afmodel:Nyucore</model><model>info:fedora/fedora-system:FedoraObject-3.0</model></objModels><objCreateDate>2014-08-06T17:07:47.389Z</objCreateDate><objLastModDate>2014-08-06T18:11:25.380Z</objLastModDate><objDissIndexViewURL>http://localhost:8983/fedora-test/objects/testgisrecord%3A123/methods/fedora-system%3A3/viewMethodIndex</objDissIndexViewURL><objItemIndexViewURL>http://localhost:8983/fedora-test/objects/testgisrecord%3A123/methods/fedora-system%3A3/viewItemIndex</objItemIndexViewURL><objState>A</objState></objectProfile>
    http_version: 
  recorded_at: Wed, 06 Aug 2014 18:11:25 GMT
- request:
    method: get
    uri: http://fedoraAdmin:fedoraAdmin@127.0.0.1:8983/fedora-test/objects/testgisrecord:123/datastreams?format=xml
    body:
      encoding: US-ASCII
      string: ''
    headers:
      Accept:
      - ! '*/*; q=0.5, application/xml'
      Accept-Encoding:
      - gzip, deflate
      User-Agent:
      - Ruby
  response:
    status:
      code: 200
      message: OK
    headers:
      Set-Cookie:
      - JSESSIONID=cp7g1xfhjuvm359ju1wrylxm;Path=/fedora-test
      Expires:
      - Thu, 01 Jan 1970 00:00:00 GMT
      Content-Type:
      - text/xml
      Date:
      - Wed, 06 Aug 2014 18:11:25 GMT
      Content-Length:
      - '787'
    body:
      encoding: US-ASCII
      string: <?xml version="1.0" encoding="UTF-8"?><objectDatastreams  xmlns="http://www.fedora.info/definitions/1/0/access/"
        xmlns:xsd="http://www.w3.org/2001/XMLSchema"  xmlns:xsi="http://www.w3.org/2001/XMLSchema-instance"  xsi:schemaLocation="http://www.fedora.info/definitions/1/0/access/
        http://www.fedora-commons.org/definitions/1/0/listDatastreams.xsd" pid="testgisrecord:123"  baseURL="http://localhost:8983/fedora-test/"
        >    <datastream dsid="DC" label="Dublin Core Record for this object" mimeType="text/xml"
        />    <datastream dsid="RELS-EXT" label="Fedora Object-to-Object Relationship
        Metadata" mimeType="application/rdf+xml" />    <datastream dsid="rightsMetadata"
        label="" mimeType="text/xml" />    <datastream dsid="descMetadata" label=""
        mimeType="text/plain" /></objectDatastreams>
    http_version: 
  recorded_at: Wed, 06 Aug 2014 18:11:25 GMT
- request:
    method: get
    uri: http://fedoraAdmin:fedoraAdmin@127.0.0.1:8983/fedora-test/objects/testgisrecord:123/datastreams/RELS-EXT?format=xml
    body:
      encoding: US-ASCII
      string: ''
    headers:
      Accept:
      - ! '*/*; q=0.5, application/xml'
      Accept-Encoding:
      - gzip, deflate
      User-Agent:
      - Ruby
  response:
    status:
      code: 200
      message: OK
    headers:
      Set-Cookie:
      - JSESSIONID=18q9mmzqv8n1b1fe69txp7pj9g;Path=/fedora-test
      Expires:
      - Thu, 01 Jan 1970 00:00:00 GMT
      Content-Type:
      - text/xml
      Date:
      - Wed, 06 Aug 2014 18:11:25 GMT
      Content-Length:
      - '927'
    body:
      encoding: US-ASCII
      string: <?xml version="1.0" encoding="UTF-8"?><datastreamProfile  xmlns="http://www.fedora.info/definitions/1/0/management/"  xmlns:xsd="http://www.w3.org/2001/XMLSchema"
        xmlns:xsi="http://www.w3.org/2001/XMLSchema-instance" xsi:schemaLocation="http://www.fedora.info/definitions/1/0/management/
        http://www.fedora.info/definitions/1/0/datastreamProfile.xsd" pid="testgisrecord:123"
        dsID="RELS-EXT" ><dsLabel>Fedora Object-to-Object Relationship Metadata</dsLabel><dsVersionID>RELS-EXT.2</dsVersionID><dsCreateDate>2014-08-06T18:11:17.984Z</dsCreateDate><dsState>A</dsState><dsMIME>application/rdf+xml</dsMIME><dsFormatURI></dsFormatURI><dsControlGroup>X</dsControlGroup><dsSize>287</dsSize><dsVersionable>true</dsVersionable><dsInfoType></dsInfoType><dsLocation>testgisrecord:123+RELS-EXT+RELS-EXT.2</dsLocation><dsLocationType></dsLocationType><dsChecksumType>DISABLED</dsChecksumType><dsChecksum>none</dsChecksum></datastreamProfile>
    http_version: 
  recorded_at: Wed, 06 Aug 2014 18:11:25 GMT
- request:
    method: get
    uri: http://fedoraAdmin:fedoraAdmin@127.0.0.1:8983/fedora-test/objects/testgisrecord:123/datastreams/RELS-EXT/content
    body:
      encoding: US-ASCII
      string: ''
    headers:
      Accept:
      - ! '*/*; q=0.5, application/xml'
      Accept-Encoding:
      - gzip, deflate
      User-Agent:
      - Ruby
  response:
    status:
      code: 200
      message: OK
    headers:
      Set-Cookie:
      - JSESSIONID=xw65wnhenu2bn9cfqr38asn2;Path=/fedora-test
      Expires:
      - Thu, 01 Jan 1970 00:00:00 GMT
      Content-Disposition:
      - inline; filename="Fedora Object-to-Object Relationship Metadata.rdf"
      Content-Length:
      - '287'
      Content-Type:
      - application/rdf+xml
      Date:
      - Wed, 06 Aug 2014 18:11:25 GMT
    body:
      encoding: US-ASCII
      string: ! "\n<rdf:RDF xmlns:ns0=\"info:fedora/fedora-system:def/model#\" xmlns:rdf=\"http://www.w3.org/1999/02/22-rdf-syntax-ns#\">\n
        \ <rdf:Description rdf:about=\"info:fedora/testgisrecord:123\">\n    <ns0:hasModel
        rdf:resource=\"info:fedora/afmodel:Nyucore\"></ns0:hasModel>\n  </rdf:Description>\n</rdf:RDF>\n"
    http_version: 
  recorded_at: Wed, 06 Aug 2014 18:11:25 GMT
- request:
    method: get
    uri: http://fedoraAdmin:fedoraAdmin@127.0.0.1:8983/fedora-test/objects/testgisrecord:123/datastreams/descMetadata?format=xml
    body:
      encoding: US-ASCII
      string: ''
    headers:
      Accept:
      - ! '*/*; q=0.5, application/xml'
      Accept-Encoding:
      - gzip, deflate
      User-Agent:
      - Ruby
  response:
    status:
      code: 200
      message: OK
    headers:
      Set-Cookie:
      - JSESSIONID=1ka04y4mpgw1x16svh6kcutlid;Path=/fedora-test
      Expires:
      - Thu, 01 Jan 1970 00:00:00 GMT
      Content-Type:
      - text/xml
      Date:
      - Wed, 06 Aug 2014 18:11:25 GMT
      Content-Length:
      - '901'
    body:
      encoding: US-ASCII
      string: <?xml version="1.0" encoding="UTF-8"?><datastreamProfile  xmlns="http://www.fedora.info/definitions/1/0/management/"  xmlns:xsd="http://www.w3.org/2001/XMLSchema"
        xmlns:xsi="http://www.w3.org/2001/XMLSchema-instance" xsi:schemaLocation="http://www.fedora.info/definitions/1/0/management/
        http://www.fedora.info/definitions/1/0/datastreamProfile.xsd" pid="testgisrecord:123"
        dsID="descMetadata" ><dsLabel></dsLabel><dsVersionID>descMetadata.6</dsVersionID><dsCreateDate>2014-08-06T18:11:25.380Z</dsCreateDate><dsState>A</dsState><dsMIME>text/plain</dsMIME><dsFormatURI></dsFormatURI><dsControlGroup>M</dsControlGroup><dsSize>3534</dsSize><dsVersionable>true</dsVersionable><dsInfoType></dsInfoType><dsLocation>testgisrecord:123+descMetadata+descMetadata.6</dsLocation><dsLocationType>INTERNAL_ID</dsLocationType><dsChecksumType>DISABLED</dsChecksumType><dsChecksum>none</dsChecksum></datastreamProfile>
    http_version: 
  recorded_at: Wed, 06 Aug 2014 18:11:25 GMT
- request:
    method: get
    uri: http://fedoraAdmin:fedoraAdmin@127.0.0.1:8983/fedora-test/objects/testgisrecord:123/datastreams/descMetadata/content
    body:
      encoding: US-ASCII
      string: ''
    headers:
      Accept:
      - ! '*/*; q=0.5, application/xml'
      Accept-Encoding:
      - gzip, deflate
      User-Agent:
      - Ruby
  response:
    status:
      code: 200
      message: OK
    headers:
      Set-Cookie:
      - JSESSIONID=1s5ue22d8jmdc1koe2oz9h5n9z;Path=/fedora-test
      Expires:
      - Thu, 01 Jan 1970 00:00:00 GMT
      Content-Disposition:
      - inline; filename="descMetadata.txt"
      Content-Length:
      - '3534'
      Content-Type:
      - text/plain
      Date:
      - Wed, 06 Aug 2014 18:11:25 GMT
    body:
      encoding: US-ASCII
      string: ! '<info:fedora/testgisrecord:123> <http://purl.org/dc/terms/title>
        "The Tale of Imogen" .

        <info:fedora/testgisrecord:123> <http://purl.org/dc/terms/creator> "The Man"
        .

        <info:fedora/testgisrecord:123> <http://purl.org/dc/terms/publisher> "NYU"
        .

        <info:fedora/testgisrecord:123> <http://purl.org/dc/terms/identifier> "rec123"
        .

        <info:fedora/testgisrecord:123> <http://purl.org/dc/terms/type> "Geospatial
        Data" .

        <info:fedora/testgisrecord:123> <http://harper.bobst.nyu.edu/data/nyucore#available>
        "Avail 1" .

        <info:fedora/testgisrecord:123> <http://harper.bobst.nyu.edu/data/nyucore#available>
        "Travail" .

        <info:fedora/testgisrecord:123> <http://harper.bobst.nyu.edu/data/nyucore#available>
        "" .

        <info:fedora/testgisrecord:123> <http://purl.org/dc/terms/description> "Interesting
        topic" .

        <info:fedora/testgisrecord:123> <http://purl.org/dc/terms/description> "But
        poorly written" .

        <info:fedora/testgisrecord:123> <http://purl.org/dc/terms/description> ""
        .

        <info:fedora/testgisrecord:123> <http://harper.bobst.nyu.edu/data/nyucore#edition>
        "Ed 1" .

        <info:fedora/testgisrecord:123> <http://harper.bobst.nyu.edu/data/nyucore#edition>
        "Edition 1" .

        <info:fedora/testgisrecord:123> <http://harper.bobst.nyu.edu/data/nyucore#edition>
        "" .

        <info:fedora/testgisrecord:123> <http://harper.bobst.nyu.edu/data/nyucore#series>
        "Series 1" .

        <info:fedora/testgisrecord:123> <http://harper.bobst.nyu.edu/data/nyucore#series>
        "Series I" .

        <info:fedora/testgisrecord:123> <http://harper.bobst.nyu.edu/data/nyucore#series>
        "" .

        <info:fedora/testgisrecord:123> <http://harper.bobst.nyu.edu/data/nyucore#version>
        "V1" .

        <info:fedora/testgisrecord:123> <http://harper.bobst.nyu.edu/data/nyucore#version>
        "Latest Version" .

        <info:fedora/testgisrecord:123> <http://harper.bobst.nyu.edu/data/nyucore#version>
        "" .

        <info:fedora/testgisrecord:123> <http://purl.org/dc/terms/date> "12/05/2014"
        .

        <info:fedora/testgisrecord:123> <http://purl.org/dc/terms/date> "04/01/1666"
        .

        <info:fedora/testgisrecord:123> <http://purl.org/dc/terms/date> "" .

        <info:fedora/testgisrecord:123> <http://purl.org/dc/terms/format> "PDF" .

        <info:fedora/testgisrecord:123> <http://purl.org/dc/terms/format> "DNS" .

        <info:fedora/testgisrecord:123> <http://purl.org/dc/terms/format> "" .

        <info:fedora/testgisrecord:123> <http://purl.org/dc/terms/language> "en" .

        <info:fedora/testgisrecord:123> <http://purl.org/dc/terms/language> "ger"
        .

        <info:fedora/testgisrecord:123> <http://purl.org/dc/terms/language> "" .

        <info:fedora/testgisrecord:123> <http://purl.org/dc/terms/relation> "x is
        to y as y is to z" .

        <info:fedora/testgisrecord:123> <http://purl.org/dc/terms/relation> "one and
        a two and a" .

        <info:fedora/testgisrecord:123> <http://purl.org/dc/terms/relation> "" .

        <info:fedora/testgisrecord:123> <http://purl.org/dc/terms/rights> "remain
        silent" .

        <info:fedora/testgisrecord:123> <http://purl.org/dc/terms/rights> "hire an
        attorney" .

        <info:fedora/testgisrecord:123> <http://purl.org/dc/terms/rights> "" .

        <info:fedora/testgisrecord:123> <http://purl.org/dc/terms/subject> "Cryptozoology"
        .

        <info:fedora/testgisrecord:123> <http://purl.org/dc/terms/subject> "Vexillology"
        .

        <info:fedora/testgisrecord:123> <http://purl.org/dc/terms/subject> "" .

        <info:fedora/testgisrecord:123> <http://harper.bobst.nyu.edu/data/nyucore#citation>
        "Shouldn''t have jumped the turnstile" .

        <info:fedora/testgisrecord:123> <http://harper.bobst.nyu.edu/data/nyucore#citation>
        "Shouldn''t have ran a red light" .

        <info:fedora/testgisrecord:123> <http://harper.bobst.nyu.edu/data/nyucore#citation>
        "" .

'
    http_version: 
  recorded_at: Wed, 06 Aug 2014 18:11:25 GMT
- request:
    method: get
    uri: http://127.0.0.1:8983/solr/test/select?f.subject_topic_sim.facet.limit=21&facet.field=desc_metadata__language_sim&fq=-has_model_ssim:%22info:fedora/afmodel:FileAsset%22&qf=desc_metadata__title_tesim%20desc_metadata__author_tesim%20desc_metadata__publisher_tesim%0A%20%20%20%20%20%20%20%20%20%20%20%20%20%20%20%20desc_metadata__type_tesim%20desc_metadata__description_tesim%20desc_metadata__series_tesim%0A%20%20%20%20%20%20%20%20%20%20%20%20%20%20%20%20desc_metadata__creator_tesim%20desc_metadata__subject_tesim&qt=search&rows=10&sort=score%20desc,%20pub_date_dtsi%20desc,%20title_tesi%20asc&wt=ruby
    body:
      encoding: US-ASCII
      string: ''
    headers: {}
  response:
    status:
      code: 200
      message: OK
    headers:
      Last-Modified:
      - Wed, 06 Aug 2014 18:11:25 GMT
      Etag:
      - ! '"OWU4MDAwMDAwMDAwMDAwU29scg=="'
      Content-Type:
      - text/plain;charset=UTF-8
      Transfer-Encoding:
      - chunked
    body:
      encoding: US-ASCII
      string: ! "{'responseHeader'=>{'status'=>0,'QTime'=>25,'params'=>{'sort'=>'score
        desc, pub_date_dtsi desc, title_tesi asc','qf'=>'desc_metadata__title_tesim
        desc_metadata__author_tesim desc_metadata__publisher_tesim\n                desc_metadata__type_tesim
        desc_metadata__description_tesim desc_metadata__series_tesim\n                desc_metadata__creator_tesim
        desc_metadata__subject_tesim','facet.field'=>['object_type_sim','pub_date_sim','subject_topic_sim','language_sim','lc1_letter_sim','subject_geo_sim','subject_era_sim','desc_metadata__type_sim','desc_metadata__creator_sim','desc_metadata__subject_sim','desc_metadata__language_sim'],'qt'=>'search','wt'=>'ruby','fq'=>'-has_model_ssim:\"info:fedora/afmodel:FileAsset\"','f.subject_topic_sim.facet.limit'=>'21','rows'=>'10'}},'response'=>{'numFound'=>259,'start'=>0,'maxScore'=>1.0,'docs'=>[{'system_create_dtsi'=>'2014-05-21T19:53:54Z','system_modified_dtsi'=>'2014-05-21T19:53:54Z','object_state_ssi'=>'A','active_fedora_model_ssi'=>'Nyucore','id'=>'changeme:65','object_profile_ssm'=>['{\"datastreams\":{\"RELS-EXT\":{\"dsLabel\":\"Fedora
        Object-to-Object Relationship Metadata\",\"dsVersionID\":\"RELS-EXT.0\",\"dsCreateDate\":\"2014-05-21T19:53:54Z\",\"dsState\":\"A\",\"dsMIME\":\"application/rdf+xml\",\"dsFormatURI\":null,\"dsControlGroup\":\"X\",\"dsSize\":281,\"dsVersionable\":true,\"dsInfoType\":null,\"dsLocation\":\"changeme:65+RELS-EXT+RELS-EXT.0\",\"dsLocationType\":null,\"dsChecksumType\":\"DISABLED\",\"dsChecksum\":\"none\"},\"descMetadata\":{\"dsLabel\":null,\"dsVersionID\":\"descMetadata.0\",\"dsCreateDate\":\"2014-05-21T19:53:54Z\",\"dsState\":\"A\",\"dsMIME\":\"text/plain\",\"dsFormatURI\":null,\"dsControlGroup\":\"M\",\"dsSize\":1395,\"dsVersionable\":true,\"dsInfoType\":null,\"dsLocation\":\"changeme:65+descMetadata+descMetadata.0\",\"dsLocationType\":\"INTERNAL_ID\",\"dsChecksumType\":\"DISABLED\",\"dsChecksum\":\"none\"}},\"objLabel\":null,\"objOwnerId\":\"fedoraAdmin\",\"objModels\":[\"info:fedora/fedora-system:FedoraObject-3.0\"],\"objCreateDate\":\"2014-05-21T19:53:54Z\",\"objLastModDate\":\"2014-05-21T19:53:54Z\",\"objDissIndexViewURL\":\"http://localhost:8983/fedora-test/objects/changeme%3A65/methods/fedora-system%3A3/viewMethodIndex\",\"objItemIndexViewURL\":\"http://localhost:8983/fedora-test/objects/changeme%3A65/methods/fedora-system%3A3/viewItemIndex\",\"objState\":\"A\"}'],'desc_metadata__title_tesim'=>['Cymbeline'],'desc_metadata__creator_tesim'=>['new
        creator'],'desc_metadata__publisher_tesim'=>['new publisher'],'desc_metadata__available_tesim'=>['new
        available'],'desc_metadata__type_tesim'=>['new type'],'desc_metadata__description_tesim'=>['new
        description'],'desc_metadata__edition_tesim'=>['new edition'],'desc_metadata__series_tesim'=>['new
        series'],'desc_metadata__version_tesim'=>['new version'],'desc_metadata__date_tesim'=>['new
        date'],'desc_metadata__format_tesim'=>['new format'],'desc_metadata__language_tesim'=>['new
        language'],'desc_metadata__relation_tesim'=>['new relation'],'desc_metadata__rights_tesim'=>['new
        rights'],'desc_metadata__subject_tesim'=>['new subject'],'desc_metadata__citation_tesim'=>['new
        citation'],'desc_metadata__identifier_tesim'=>['new identifier'],'has_model_ssim'=>['info:fedora/afmodel:Nyucore'],'timestamp'=>'2014-05-21T19:53:54.903Z','score'=>1.0},{'system_create_dtsi'=>'2014-05-21T20:16:15Z','system_modified_dtsi'=>'2014-05-21T20:16:15Z','object_state_ssi'=>'A','active_fedora_model_ssi'=>'Nyucore','id'=>'changeme:69','object_profile_ssm'=>['{\"datastreams\":{\"RELS-EXT\":{\"dsLabel\":\"Fedora
        Object-to-Object Relationship Metadata\",\"dsVersionID\":\"RELS-EXT.0\",\"dsCreateDate\":\"2014-05-21T20:16:15Z\",\"dsState\":\"A\",\"dsMIME\":\"application/rdf+xml\",\"dsFormatURI\":null,\"dsControlGroup\":\"X\",\"dsSize\":281,\"dsVersionable\":true,\"dsInfoType\":null,\"dsLocation\":\"changeme:69+RELS-EXT+RELS-EXT.0\",\"dsLocationType\":null,\"dsChecksumType\":\"DISABLED\",\"dsChecksum\":\"none\"},\"descMetadata\":{\"dsLabel\":null,\"dsVersionID\":\"descMetadata.0\",\"dsCreateDate\":\"2014-05-21T20:16:15Z\",\"dsState\":\"A\",\"dsMIME\":\"text/plain\",\"dsFormatURI\":null,\"dsControlGroup\":\"M\",\"dsSize\":1359,\"dsVersionable\":true,\"dsInfoType\":null,\"dsLocation\":\"changeme:69+descMetadata+descMetadata.0\",\"dsLocationType\":\"INTERNAL_ID\",\"dsChecksumType\":\"DISABLED\",\"dsChecksum\":\"none\"}},\"objLabel\":null,\"objOwnerId\":\"fedoraAdmin\",\"objModels\":[\"info:fedora/fedora-system:FedoraObject-3.0\"],\"objCreateDate\":\"2014-05-21T20:16:15Z\",\"objLastModDate\":\"2014-05-21T20:16:15Z\",\"objDissIndexViewURL\":\"http://localhost:8983/fedora-test/objects/changeme%3A69/methods/fedora-system%3A3/viewMethodIndex\",\"objItemIndexViewURL\":\"http://localhost:8983/fedora-test/objects/changeme%3A69/methods/fedora-system%3A3/viewItemIndex\",\"objState\":\"A\"}'],'desc_metadata__title_tesim'=>['As
        You Like It'],'desc_metadata__type_tesim'=>['Text1'],'desc_metadata__available_tesim'=>['DSS.ShakeIt1'],'desc_metadata__description_tesim'=>['As
        You Like It1'],'desc_metadata__edition_tesim'=>['1st1'],'desc_metadata__series_tesim'=>['ESRI_10_STREETMAP1'],'desc_metadata__version_tesim'=>['2nd1'],'desc_metadata__date_tesim'=>['15941'],'desc_metadata__format_tesim'=>['Geospatial
        data1'],'desc_metadata__language_tesim'=>['English1'],'desc_metadata__relation_tesim'=>['Not
        sure what this is1'],'desc_metadata__rights_tesim'=>['All rights1'],'desc_metadata__subject_tesim'=>['Plays1'],'desc_metadata__citation_tesim'=>['B
        Shakes, SPC1'],'has_model_ssim'=>['info:fedora/afmodel:Nyucore'],'timestamp'=>'2014-05-21T20:16:15.967Z','score'=>1.0},{'system_create_dtsi'=>'2014-05-21T20:22:42Z','system_modified_dtsi'=>'2014-05-21T20:22:42Z','object_state_ssi'=>'A','active_fedora_model_ssi'=>'Nyucore','id'=>'changeme:70','object_profile_ssm'=>['{\"datastreams\":{\"RELS-EXT\":{\"dsLabel\":\"Fedora
        Object-to-Object Relationship Metadata\",\"dsVersionID\":\"RELS-EXT.0\",\"dsCreateDate\":\"2014-05-21T20:22:42Z\",\"dsState\":\"A\",\"dsMIME\":\"application/rdf+xml\",\"dsFormatURI\":null,\"dsControlGroup\":\"X\",\"dsSize\":281,\"dsVersionable\":true,\"dsInfoType\":null,\"dsLocation\":\"changeme:70+RELS-EXT+RELS-EXT.0\",\"dsLocationType\":null,\"dsChecksumType\":\"DISABLED\",\"dsChecksum\":\"none\"},\"descMetadata\":{\"dsLabel\":null,\"dsVersionID\":\"descMetadata.0\",\"dsCreateDate\":\"2014-05-21T20:22:42Z\",\"dsState\":\"A\",\"dsMIME\":\"text/plain\",\"dsFormatURI\":null,\"dsControlGroup\":\"M\",\"dsSize\":1359,\"dsVersionable\":true,\"dsInfoType\":null,\"dsLocation\":\"changeme:70+descMetadata+descMetadata.0\",\"dsLocationType\":\"INTERNAL_ID\",\"dsChecksumType\":\"DISABLED\",\"dsChecksum\":\"none\"}},\"objLabel\":null,\"objOwnerId\":\"fedoraAdmin\",\"objModels\":[\"info:fedora/fedora-system:FedoraObject-3.0\"],\"objCreateDate\":\"2014-05-21T20:22:42Z\",\"objLastModDate\":\"2014-05-21T20:22:42Z\",\"objDissIndexViewURL\":\"http://localhost:8983/fedora-test/objects/changeme%3A70/methods/fedora-system%3A3/viewMethodIndex\",\"objItemIndexViewURL\":\"http://localhost:8983/fedora-test/objects/changeme%3A70/methods/fedora-system%3A3/viewItemIndex\",\"objState\":\"A\"}'],'desc_metadata__title_tesim'=>['As
        You Like It'],'desc_metadata__type_tesim'=>['Text1'],'desc_metadata__available_tesim'=>['DSS.ShakeIt1'],'desc_metadata__description_tesim'=>['As
        You Like It1'],'desc_metadata__edition_tesim'=>['1st1'],'desc_metadata__series_tesim'=>['ESRI_10_STREETMAP1'],'desc_metadata__version_tesim'=>['2nd1'],'desc_metadata__date_tesim'=>['15941'],'desc_metadata__format_tesim'=>['Geospatial
        data1'],'desc_metadata__language_tesim'=>['English1'],'desc_metadata__relation_tesim'=>['Not
        sure what this is1'],'desc_metadata__rights_tesim'=>['All rights1'],'desc_metadata__subject_tesim'=>['Plays1'],'desc_metadata__citation_tesim'=>['B
        Shakes, SPC1'],'has_model_ssim'=>['info:fedora/afmodel:Nyucore'],'timestamp'=>'2014-05-21T20:22:43.03Z','score'=>1.0},{'system_create_dtsi'=>'2014-05-21T20:27:52Z','system_modified_dtsi'=>'2014-05-21T20:27:52Z','object_state_ssi'=>'A','active_fedora_model_ssi'=>'Nyucore','id'=>'changeme:71','object_profile_ssm'=>['{\"datastreams\":{\"RELS-EXT\":{\"dsLabel\":\"Fedora
        Object-to-Object Relationship Metadata\",\"dsVersionID\":\"RELS-EXT.0\",\"dsCreateDate\":\"2014-05-21T20:27:52Z\",\"dsState\":\"A\",\"dsMIME\":\"application/rdf+xml\",\"dsFormatURI\":null,\"dsControlGroup\":\"X\",\"dsSize\":281,\"dsVersionable\":true,\"dsInfoType\":null,\"dsLocation\":\"changeme:71+RELS-EXT+RELS-EXT.0\",\"dsLocationType\":null,\"dsChecksumType\":\"DISABLED\",\"dsChecksum\":\"none\"},\"descMetadata\":{\"dsLabel\":null,\"dsVersionID\":\"descMetadata.0\",\"dsCreateDate\":\"2014-05-21T20:27:52Z\",\"dsState\":\"A\",\"dsMIME\":\"text/plain\",\"dsFormatURI\":null,\"dsControlGroup\":\"M\",\"dsSize\":1359,\"dsVersionable\":true,\"dsInfoType\":null,\"dsLocation\":\"changeme:71+descMetadata+descMetadata.0\",\"dsLocationType\":\"INTERNAL_ID\",\"dsChecksumType\":\"DISABLED\",\"dsChecksum\":\"none\"}},\"objLabel\":null,\"objOwnerId\":\"fedoraAdmin\",\"objModels\":[\"info:fedora/fedora-system:FedoraObject-3.0\"],\"objCreateDate\":\"2014-05-21T20:27:52Z\",\"objLastModDate\":\"2014-05-21T20:27:52Z\",\"objDissIndexViewURL\":\"http://localhost:8983/fedora-test/objects/changeme%3A71/methods/fedora-system%3A3/viewMethodIndex\",\"objItemIndexViewURL\":\"http://localhost:8983/fedora-test/objects/changeme%3A71/methods/fedora-system%3A3/viewItemIndex\",\"objState\":\"A\"}'],'desc_metadata__title_tesim'=>['As
        You Like It'],'desc_metadata__type_tesim'=>['Text1'],'desc_metadata__available_tesim'=>['DSS.ShakeIt1'],'desc_metadata__description_tesim'=>['As
        You Like It1'],'desc_metadata__edition_tesim'=>['1st1'],'desc_metadata__series_tesim'=>['ESRI_10_STREETMAP1'],'desc_metadata__version_tesim'=>['2nd1'],'desc_metadata__date_tesim'=>['15941'],'desc_metadata__format_tesim'=>['Geospatial
        data1'],'desc_metadata__language_tesim'=>['English1'],'desc_metadata__relation_tesim'=>['Not
        sure what this is1'],'desc_metadata__rights_tesim'=>['All rights1'],'desc_metadata__subject_tesim'=>['Plays1'],'desc_metadata__citation_tesim'=>['B
        Shakes, SPC1'],'has_model_ssim'=>['info:fedora/afmodel:Nyucore'],'timestamp'=>'2014-05-21T20:27:52.835Z','score'=>1.0},{'system_create_dtsi'=>'2014-07-29T17:46:41Z','system_modified_dtsi'=>'2014-07-29T17:46:41Z','object_state_ssi'=>'A','active_fedora_model_ssi'=>'Nyucore','id'=>'changeme:81','object_profile_ssm'=>['{\"datastreams\":{\"RELS-EXT\":{\"dsLabel\":\"Fedora
        Object-to-Object Relationship Metadata\",\"dsVersionID\":\"RELS-EXT.0\",\"dsCreateDate\":\"2014-07-29T17:46:43Z\",\"dsState\":\"A\",\"dsMIME\":\"application/rdf+xml\",\"dsFormatURI\":null,\"dsControlGroup\":\"X\",\"dsSize\":281,\"dsVersionable\":true,\"dsInfoType\":null,\"dsLocation\":\"changeme:81+RELS-EXT+RELS-EXT.0\",\"dsLocationType\":null,\"dsChecksumType\":\"DISABLED\",\"dsChecksum\":\"none\"},\"descMetadata\":{\"dsLabel\":null,\"dsVersionID\":\"descMetadata.0\",\"dsCreateDate\":\"2014-07-29T17:46:45Z\",\"dsState\":\"A\",\"dsMIME\":\"text/plain\",\"dsFormatURI\":null,\"dsControlGroup\":\"M\",\"dsSize\":2430,\"dsVersionable\":true,\"dsInfoType\":null,\"dsLocation\":\"changeme:81+descMetadata+descMetadata.0\",\"dsLocationType\":\"INTERNAL_ID\",\"dsChecksumType\":\"DISABLED\",\"dsChecksum\":\"none\"}},\"objLabel\":null,\"objOwnerId\":\"fedoraAdmin\",\"objModels\":[\"info:fedora/fedora-system:FedoraObject-3.0\"],\"objCreateDate\":\"2014-07-29T17:46:41Z\",\"objLastModDate\":\"2014-07-29T17:46:41Z\",\"objDissIndexViewURL\":\"http://localhost:8983/fedora-test/objects/changeme%3A81/methods/fedora-system%3A3/viewMethodIndex\",\"objItemIndexViewURL\":\"http://localhost:8983/fedora-test/objects/changeme%3A81/methods/fedora-system%3A3/viewItemIndex\",\"objState\":\"A\"}'],'desc_metadata__title_tesim'=>['A
        Star Wars Guide to Fun in the Sun'],'desc_metadata__creator_tesim'=>['The
        Man'],'desc_metadata__publisher_tesim'=>['NYU'],'desc_metadata__available_tesim'=>['Avail
        1','Travail'],'desc_metadata__description_tesim'=>['Interesting topic','But
        poorly written'],'desc_metadata__edition_tesim'=>['Ed 1','Edition 1'],'desc_metadata__series_tesim'=>['Series
        1','Series I'],'desc_metadata__version_tesim'=>['V1','Latest Version'],'desc_metadata__date_tesim'=>['12/05/2014','04/01/1666'],'desc_metadata__format_tesim'=>['PDF','DNS'],'desc_metadata__language_tesim'=>['en','ger'],'desc_metadata__relation_tesim'=>['x
        is to y as y is to z','one and a two and a'],'desc_metadata__rights_tesim'=>['remain
        silent','hire an attorney'],'desc_metadata__subject_tesim'=>['Cryptozoology','Vexillology'],'desc_metadata__type_tesim'=>['Geospatial
        Data'],'desc_metadata__citation_tesim'=>['Shouldn\\'t have jumped the turnstile','Shouldn\\'t
        have ran a red light'],'desc_metadata__identifier_tesim'=>['rec123'],'has_model_ssim'=>['info:fedora/afmodel:Nyucore'],'collection_ssm'=>['Spatial
        Data Repository'],'timestamp'=>'2014-07-29T17:46:45.382Z','score'=>1.0},{'system_create_dtsi'=>'2014-07-29T17:47:07Z','system_modified_dtsi'=>'2014-07-29T17:47:07Z','object_state_ssi'=>'A','active_fedora_model_ssi'=>'Nyucore','id'=>'changeme:82','object_profile_ssm'=>['{\"datastreams\":{\"RELS-EXT\":{\"dsLabel\":\"Fedora
        Object-to-Object Relationship Metadata\",\"dsVersionID\":\"RELS-EXT.0\",\"dsCreateDate\":\"2014-07-29T17:47:07Z\",\"dsState\":\"A\",\"dsMIME\":\"application/rdf+xml\",\"dsFormatURI\":null,\"dsControlGroup\":\"X\",\"dsSize\":281,\"dsVersionable\":true,\"dsInfoType\":null,\"dsLocation\":\"changeme:82+RELS-EXT+RELS-EXT.0\",\"dsLocationType\":null,\"dsChecksumType\":\"DISABLED\",\"dsChecksum\":\"none\"},\"descMetadata\":{\"dsLabel\":null,\"dsVersionID\":\"descMetadata.0\",\"dsCreateDate\":\"2014-07-29T17:47:09Z\",\"dsState\":\"A\",\"dsMIME\":\"text/plain\",\"dsFormatURI\":null,\"dsControlGroup\":\"M\",\"dsSize\":2422,\"dsVersionable\":true,\"dsInfoType\":null,\"dsLocation\":\"changeme:82+descMetadata+descMetadata.0\",\"dsLocationType\":\"INTERNAL_ID\",\"dsChecksumType\":\"DISABLED\",\"dsChecksum\":\"none\"}},\"objLabel\":null,\"objOwnerId\":\"fedoraAdmin\",\"objModels\":[\"info:fedora/fedora-system:FedoraObject-3.0\"],\"objCreateDate\":\"2014-07-29T17:47:07Z\",\"objLastModDate\":\"2014-07-29T17:47:07Z\",\"objDissIndexViewURL\":\"http://localhost:8983/fedora-test/objects/changeme%3A82/methods/fedora-system%3A3/viewMethodIndex\",\"objItemIndexViewURL\":\"http://localhost:8983/fedora-test/objects/changeme%3A82/methods/fedora-system%3A3/viewItemIndex\",\"objState\":\"A\"}'],'desc_metadata__title_tesim'=>['A
        Star Wars Guide to Fun in the Sun'],'desc_metadata__creator_tesim'=>['The
        Man'],'desc_metadata__publisher_tesim'=>['NYU'],'desc_metadata__available_tesim'=>['Avail
        1','Travail'],'desc_metadata__description_tesim'=>['Interesting topic','But
        poorly written'],'desc_metadata__edition_tesim'=>['Ed 1','Edition 1'],'desc_metadata__series_tesim'=>['Series
        1','Series I'],'desc_metadata__version_tesim'=>['V1','Latest Version'],'desc_metadata__date_tesim'=>['12/05/2014','04/01/1666'],'desc_metadata__format_tesim'=>['PDF','DNS'],'desc_metadata__language_tesim'=>['en','ger'],'desc_metadata__relation_tesim'=>['x
        is to y as y is to z','one and a two and a'],'desc_metadata__rights_tesim'=>['remain
        silent','hire an attorney'],'desc_metadata__subject_tesim'=>['Cryptozoology','Vexillology'],'desc_metadata__type_tesim'=>['Dataset'],'desc_metadata__citation_tesim'=>['Shouldn\\'t
        have jumped the turnstile','Shouldn\\'t have ran a red light'],'desc_metadata__identifier_tesim'=>['rec123'],'has_model_ssim'=>['info:fedora/afmodel:Nyucore'],'timestamp'=>'2014-07-29T17:47:09.531Z','score'=>1.0},{'system_create_dtsi'=>'2014-06-04T16:18:25Z','system_modified_dtsi'=>'2014-06-04T16:18:26Z','object_state_ssi'=>'A','active_fedora_model_ssi'=>'Nyucore','id'=>'changeme:74','object_profile_ssm'=>['{\"datastreams\":{\"DC\":{\"dsLabel\":\"Dublin
        Core Record for this object\",\"dsVersionID\":\"DC1.0\",\"dsCreateDate\":\"2014-06-04T16:18:25Z\",\"dsState\":\"A\",\"dsMIME\":\"text/xml\",\"dsFormatURI\":\"http://www.openarchives.org/OAI/2.0/oai_dc/\",\"dsControlGroup\":\"X\",\"dsSize\":340,\"dsVersionable\":true,\"dsInfoType\":null,\"dsLocation\":\"changeme:74+DC+DC1.0\",\"dsLocationType\":null,\"dsChecksumType\":\"DISABLED\",\"dsChecksum\":\"none\"},\"RELS-EXT\":{\"dsLabel\":\"Fedora
        Object-to-Object Relationship Metadata\",\"dsVersionID\":\"RELS-EXT.0\",\"dsCreateDate\":\"2014-06-04T16:18:25Z\",\"dsState\":\"A\",\"dsMIME\":\"application/rdf+xml\",\"dsFormatURI\":null,\"dsControlGroup\":\"X\",\"dsSize\":281,\"dsVersionable\":true,\"dsInfoType\":null,\"dsLocation\":\"changeme:74+RELS-EXT+RELS-EXT.0\",\"dsLocationType\":null,\"dsChecksumType\":\"DISABLED\",\"dsChecksum\":\"none\"},\"descMetadata\":{\"dsLabel\":null,\"dsVersionID\":\"descMetadata.1\",\"dsCreateDate\":\"2014-06-04T16:18:27Z\",\"dsState\":\"A\",\"dsMIME\":\"text/plain\",\"dsFormatURI\":null,\"dsControlGroup\":\"M\",\"dsSize\":2279,\"dsVersionable\":true,\"dsInfoType\":null,\"dsLocation\":\"changeme:74+descMetadata+descMetadata.1\",\"dsLocationType\":\"INTERNAL_ID\",\"dsChecksumType\":\"DISABLED\",\"dsChecksum\":\"none\"}},\"objLabel\":null,\"objOwnerId\":\"fedoraAdmin\",\"objModels\":[\"info:fedora/afmodel:Nyucore\",\"info:fedora/fedora-system:FedoraObject-3.0\"],\"objCreateDate\":\"2014-06-04T16:18:25Z\",\"objLastModDate\":\"2014-06-04T16:18:26Z\",\"objDissIndexViewURL\":\"http://localhost:8983/fedora-test/objects/changeme%3A74/methods/fedora-system%3A3/viewMethodIndex\",\"objItemIndexViewURL\":\"http://localhost:8983/fedora-test/objects/changeme%3A74/methods/fedora-system%3A3/viewItemIndex\",\"objState\":\"A\"}'],'desc_metadata__title_tesim'=>['The
        Tale of Imogen'],'desc_metadata__creator_tesim'=>['new creator'],'desc_metadata__publisher_tesim'=>['new
        publisher'],'desc_metadata__identifier_tesim'=>['new identifier'],'desc_metadata__type_tesim'=>['new
        type'],'desc_metadata__available_tesim'=>['new available'],'desc_metadata__description_tesim'=>['new
        description'],'desc_metadata__edition_tesim'=>['new edition'],'desc_metadata__series_tesim'=>['new
        series'],'desc_metadata__version_tesim'=>['new version'],'desc_metadata__date_tesim'=>['new
        date'],'desc_metadata__format_tesim'=>['new format'],'desc_metadata__language_tesim'=>['new
        language'],'desc_metadata__relation_tesim'=>['new relation'],'desc_metadata__rights_tesim'=>['new
        rights'],'desc_metadata__subject_tesim'=>['new subject'],'desc_metadata__citation_tesim'=>['new
        citation'],'has_model_ssim'=>['info:fedora/afmodel:Nyucore'],'timestamp'=>'2014-06-04T16:18:27.585Z','score'=>1.0},{'system_create_dtsi'=>'2014-06-04T16:18:19Z','system_modified_dtsi'=>'2014-06-04T16:18:19Z','object_state_ssi'=>'A','active_fedora_model_ssi'=>'Nyucore','id'=>'changeme:72','object_profile_ssm'=>['{\"datastreams\":{\"RELS-EXT\":{\"dsLabel\":\"Fedora
        Object-to-Object Relationship Metadata\",\"dsVersionID\":\"RELS-EXT.0\",\"dsCreateDate\":\"2014-06-04T16:18:20Z\",\"dsState\":\"A\",\"dsMIME\":\"application/rdf+xml\",\"dsFormatURI\":null,\"dsControlGroup\":\"X\",\"dsSize\":281,\"dsVersionable\":true,\"dsInfoType\":null,\"dsLocation\":\"changeme:72+RELS-EXT+RELS-EXT.0\",\"dsLocationType\":null,\"dsChecksumType\":\"DISABLED\",\"dsChecksum\":\"none\"},\"descMetadata\":{\"dsLabel\":null,\"dsVersionID\":\"descMetadata.0\",\"dsCreateDate\":\"2014-06-04T16:18:21Z\",\"dsState\":\"A\",\"dsMIME\":\"text/plain\",\"dsFormatURI\":null,\"dsControlGroup\":\"M\",\"dsSize\":1465,\"dsVersionable\":true,\"dsInfoType\":null,\"dsLocation\":\"changeme:72+descMetadata+descMetadata.0\",\"dsLocationType\":\"INTERNAL_ID\",\"dsChecksumType\":\"DISABLED\",\"dsChecksum\":\"none\"}},\"objLabel\":null,\"objOwnerId\":\"fedoraAdmin\",\"objModels\":[\"info:fedora/fedora-system:FedoraObject-3.0\"],\"objCreateDate\":\"2014-06-04T16:18:19Z\",\"objLastModDate\":\"2014-06-04T16:18:19Z\",\"objDissIndexViewURL\":\"http://localhost:8983/fedora-test/objects/changeme%3A72/methods/fedora-system%3A3/viewMethodIndex\",\"objItemIndexViewURL\":\"http://localhost:8983/fedora-test/objects/changeme%3A72/methods/fedora-system%3A3/viewItemIndex\",\"objState\":\"A\"}'],'desc_metadata__title_tesim'=>['A
        Comedy of Errors'],'desc_metadata__creator_tesim'=>['Bill Shakespeare'],'desc_metadata__publisher_tesim'=>['Penguin
        Classics'],'desc_metadata__identifier_tesim'=>['Id 123'],'desc_metadata__type_tesim'=>['Text'],'desc_metadata__available_tesim'=>['DSS.ESRI_10_Streetmap\\\\DSS.airports_ABU'],'desc_metadata__description_tesim'=>['The
        Comedy of Errors is one of William Shakespeare\\'s blah blahs'],'desc_metadata__edition_tesim'=>['1st'],'desc_metadata__series_tesim'=>['ESRI_10_STREETMAP'],'desc_metadata__version_tesim'=>['2nd'],'desc_metadata__date_tesim'=>['1594'],'desc_metadata__format_tesim'=>['Geospatial
        data'],'desc_metadata__language_tesim'=>['English'],'desc_metadata__relation_tesim'=>['Not
        sure what this is'],'desc_metadata__rights_tesim'=>['All rights'],'desc_metadata__subject_tesim'=>['Plays'],'desc_metadata__citation_tesim'=>['B
        Shakes, SPC'],'has_model_ssim'=>['info:fedora/afmodel:Nyucore'],'timestamp'=>'2014-06-04T16:18:21.477Z','score'=>1.0},{'system_create_dtsi'=>'2014-06-04T16:20:39Z','system_modified_dtsi'=>'2014-06-04T16:20:39Z','object_state_ssi'=>'A','active_fedora_model_ssi'=>'Nyucore','id'=>'changeme:78','object_profile_ssm'=>['{\"datastreams\":{\"DC\":{\"dsLabel\":\"Dublin
        Core Record for this object\",\"dsVersionID\":\"DC1.0\",\"dsCreateDate\":\"2014-06-04T16:20:39Z\",\"dsState\":\"A\",\"dsMIME\":\"text/xml\",\"dsFormatURI\":\"http://www.openarchives.org/OAI/2.0/oai_dc/\",\"dsControlGroup\":\"X\",\"dsSize\":340,\"dsVersionable\":true,\"dsInfoType\":null,\"dsLocation\":\"changeme:78+DC+DC1.0\",\"dsLocationType\":null,\"dsChecksumType\":\"DISABLED\",\"dsChecksum\":\"none\"},\"RELS-EXT\":{\"dsLabel\":\"Fedora
        Object-to-Object Relationship Metadata\",\"dsVersionID\":\"RELS-EXT.0\",\"dsCreateDate\":\"2014-06-04T16:20:39Z\",\"dsState\":\"A\",\"dsMIME\":\"application/rdf+xml\",\"dsFormatURI\":null,\"dsControlGroup\":\"X\",\"dsSize\":281,\"dsVersionable\":true,\"dsInfoType\":null,\"dsLocation\":\"changeme:78+RELS-EXT+RELS-EXT.0\",\"dsLocationType\":null,\"dsChecksumType\":\"DISABLED\",\"dsChecksum\":\"none\"},\"descMetadata\":{\"dsLabel\":null,\"dsVersionID\":\"descMetadata.1\",\"dsCreateDate\":\"2014-06-04T16:20:40Z\",\"dsState\":\"A\",\"dsMIME\":\"text/plain\",\"dsFormatURI\":null,\"dsControlGroup\":\"M\",\"dsSize\":2279,\"dsVersionable\":true,\"dsInfoType\":null,\"dsLocation\":\"changeme:78+descMetadata+descMetadata.1\",\"dsLocationType\":\"INTERNAL_ID\",\"dsChecksumType\":\"DISABLED\",\"dsChecksum\":\"none\"}},\"objLabel\":null,\"objOwnerId\":\"fedoraAdmin\",\"objModels\":[\"info:fedora/afmodel:Nyucore\",\"info:fedora/fedora-system:FedoraObject-3.0\"],\"objCreateDate\":\"2014-06-04T16:20:39Z\",\"objLastModDate\":\"2014-06-04T16:20:39Z\",\"objDissIndexViewURL\":\"http://localhost:8983/fedora-test/objects/changeme%3A78/methods/fedora-system%3A3/viewMethodIndex\",\"objItemIndexViewURL\":\"http://localhost:8983/fedora-test/objects/changeme%3A78/methods/fedora-system%3A3/viewItemIndex\",\"objState\":\"A\"}'],'desc_metadata__title_tesim'=>['The
        Tale of Imogen'],'desc_metadata__creator_tesim'=>['new creator'],'desc_metadata__publisher_tesim'=>['new
        publisher'],'desc_metadata__identifier_tesim'=>['new identifier'],'desc_metadata__type_tesim'=>['new
        type'],'desc_metadata__available_tesim'=>['new available'],'desc_metadata__description_tesim'=>['new
        description'],'desc_metadata__edition_tesim'=>['new edition'],'desc_metadata__series_tesim'=>['new
        series'],'desc_metadata__version_tesim'=>['new version'],'desc_metadata__date_tesim'=>['new
        date'],'desc_metadata__format_tesim'=>['new format'],'desc_metadata__language_tesim'=>['new
        language'],'desc_metadata__relation_tesim'=>['new relation'],'desc_metadata__rights_tesim'=>['new
        rights'],'desc_metadata__subject_tesim'=>['new subject'],'desc_metadata__citation_tesim'=>['new
        citation'],'has_model_ssim'=>['info:fedora/afmodel:Nyucore'],'timestamp'=>'2014-06-04T16:20:40.864Z','score'=>1.0},{'system_create_dtsi'=>'2014-06-04T16:20:35Z','system_modified_dtsi'=>'2014-06-04T16:20:35Z','object_state_ssi'=>'A','active_fedora_model_ssi'=>'Nyucore','id'=>'changeme:76','object_profile_ssm'=>['{\"datastreams\":{\"RELS-EXT\":{\"dsLabel\":\"Fedora
        Object-to-Object Relationship Metadata\",\"dsVersionID\":\"RELS-EXT.0\",\"dsCreateDate\":\"2014-06-04T16:20:35Z\",\"dsState\":\"A\",\"dsMIME\":\"application/rdf+xml\",\"dsFormatURI\":null,\"dsControlGroup\":\"X\",\"dsSize\":281,\"dsVersionable\":true,\"dsInfoType\":null,\"dsLocation\":\"changeme:76+RELS-EXT+RELS-EXT.0\",\"dsLocationType\":null,\"dsChecksumType\":\"DISABLED\",\"dsChecksum\":\"none\"},\"descMetadata\":{\"dsLabel\":null,\"dsVersionID\":\"descMetadata.0\",\"dsCreateDate\":\"2014-06-04T16:20:36Z\",\"dsState\":\"A\",\"dsMIME\":\"text/plain\",\"dsFormatURI\":null,\"dsControlGroup\":\"M\",\"dsSize\":1465,\"dsVersionable\":true,\"dsInfoType\":null,\"dsLocation\":\"changeme:76+descMetadata+descMetadata.0\",\"dsLocationType\":\"INTERNAL_ID\",\"dsChecksumType\":\"DISABLED\",\"dsChecksum\":\"none\"}},\"objLabel\":null,\"objOwnerId\":\"fedoraAdmin\",\"objModels\":[\"info:fedora/fedora-system:FedoraObject-3.0\"],\"objCreateDate\":\"2014-06-04T16:20:35Z\",\"objLastModDate\":\"2014-06-04T16:20:35Z\",\"objDissIndexViewURL\":\"http://localhost:8983/fedora-test/objects/changeme%3A76/methods/fedora-system%3A3/viewMethodIndex\",\"objItemIndexViewURL\":\"http://localhost:8983/fedora-test/objects/changeme%3A76/methods/fedora-system%3A3/viewItemIndex\",\"objState\":\"A\"}'],'desc_metadata__title_tesim'=>['A
        Comedy of Errors'],'desc_metadata__creator_tesim'=>['Bill Shakespeare'],'desc_metadata__publisher_tesim'=>['Penguin
        Classics'],'desc_metadata__identifier_tesim'=>['Id 123'],'desc_metadata__type_tesim'=>['Text'],'desc_metadata__available_tesim'=>['DSS.ESRI_10_Streetmap\\\\DSS.airports_ABU'],'desc_metadata__description_tesim'=>['The
        Comedy of Errors is one of William Shakespeare\\'s blah blahs'],'desc_metadata__edition_tesim'=>['1st'],'desc_metadata__series_tesim'=>['ESRI_10_STREETMAP'],'desc_metadata__version_tesim'=>['2nd'],'desc_metadata__date_tesim'=>['1594'],'desc_metadata__format_tesim'=>['Geospatial
        data'],'desc_metadata__language_tesim'=>['English'],'desc_metadata__relation_tesim'=>['Not
        sure what this is'],'desc_metadata__rights_tesim'=>['All rights'],'desc_metadata__subject_tesim'=>['Plays'],'desc_metadata__citation_tesim'=>['B
        Shakes, SPC'],'has_model_ssim'=>['info:fedora/afmodel:Nyucore'],'timestamp'=>'2014-06-04T16:20:36.293Z','score'=>1.0}]},'facet_counts'=>{'facet_queries'=>{},'facet_fields'=>{'object_type_sim'=>[],'pub_date_sim'=>[],'subject_topic_sim'=>[],'language_sim'=>[],'lc1_letter_sim'=>[],'subject_geo_sim'=>[],'subject_era_sim'=>[],'desc_metadata__type_sim'=>['Geospatial
        Data',157,'Dataset',54,'Rosie Stuff',15,'new type',7,'Text',6,'Text1',3,'[\"new
        type\"]',2,'[]',2,'Working Paper',1],'desc_metadata__creator_sim'=>['The Man',65,'Hugh
        Plisher',17,'new creator',7,'Bill Shakespeare',6,'[\"new creator\"]',2,'[]',2,'Alter,
        Scampi',1],'desc_metadata__subject_sim'=>['Cryptozoology',65,'Vexillology',65,'Plays',19,'vexillology',17,'Plays1',13,'new
        subject',9,'imperfect competition',1],'desc_metadata__language_sim'=>['en',65,'ger',65,'English',37,'English1',13,'new
        language',9]},'facet_dates'=>{},'facet_ranges'=>{}}}\n"
    http_version: 
  recorded_at: Wed, 06 Aug 2014 18:11:26 GMT
- request:
    method: get
    uri: http://127.0.0.1:8983/solr/test/select?f.subject_topic_sim.facet.limit=21&facet.field=desc_metadata__language_sim&fq=-has_model_ssim:%22info:fedora/afmodel:FileAsset%22&q=The%20Tale%20of%20Imogen&qf=desc_metadata__title_tesim%20desc_metadata__author_tesim%20desc_metadata__publisher_tesim%0A%20%20%20%20%20%20%20%20%20%20%20%20%20%20%20%20desc_metadata__type_tesim%20desc_metadata__description_tesim%20desc_metadata__series_tesim%0A%20%20%20%20%20%20%20%20%20%20%20%20%20%20%20%20desc_metadata__creator_tesim%20desc_metadata__subject_tesim&qt=search&rows=10&sort=score%20desc,%20pub_date_dtsi%20desc,%20title_tesi%20asc&spellcheck.q=The%20Tale%20of%20Imogen&wt=ruby
    body:
      encoding: US-ASCII
      string: ''
    headers: {}
  response:
    status:
      code: 200
      message: OK
    headers:
      Last-Modified:
      - Wed, 06 Aug 2014 18:11:25 GMT
      Etag:
      - ! '"OWU4MDAwMDAwMDAwMDAwU29scg=="'
      Content-Type:
      - text/plain;charset=UTF-8
      Transfer-Encoding:
      - chunked
    body:
      encoding: US-ASCII
      string: ! "{'responseHeader'=>{'status'=>0,'QTime'=>71,'params'=>{'sort'=>'score
        desc, pub_date_dtsi desc, title_tesi asc','q'=>'The Tale of Imogen','spellcheck.q'=>'The
        Tale of Imogen','qf'=>'desc_metadata__title_tesim desc_metadata__author_tesim
        desc_metadata__publisher_tesim\n                desc_metadata__type_tesim
        desc_metadata__description_tesim desc_metadata__series_tesim\n                desc_metadata__creator_tesim
        desc_metadata__subject_tesim','facet.field'=>['object_type_sim','pub_date_sim','subject_topic_sim','language_sim','lc1_letter_sim','subject_geo_sim','subject_era_sim','desc_metadata__type_sim','desc_metadata__creator_sim','desc_metadata__subject_sim','desc_metadata__language_sim'],'qt'=>'search','wt'=>'ruby','fq'=>'-has_model_ssim:\"info:fedora/afmodel:FileAsset\"','f.subject_topic_sim.facet.limit'=>'21','rows'=>'10'}},'response'=>{'numFound'=>5,'start'=>0,'maxScore'=>0.13147938,'docs'=>[{'system_create_dtsi'=>'2014-08-06T17:07:47Z','system_modified_dtsi'=>'2014-08-06T18:11:19Z','object_state_ssi'=>'A','active_fedora_model_ssi'=>'Nyucore','id'=>'testgisrecord:123','object_profile_ssm'=>['{\"datastreams\":{\"DC\":{\"dsLabel\":\"Dublin
        Core Record for this object\",\"dsVersionID\":\"DC1.0\",\"dsCreateDate\":\"2014-08-06T17:07:47Z\",\"dsState\":\"A\",\"dsMIME\":\"text/xml\",\"dsFormatURI\":\"http://www.openarchives.org/OAI/2.0/oai_dc/\",\"dsControlGroup\":\"X\",\"dsSize\":346,\"dsVersionable\":true,\"dsInfoType\":null,\"dsLocation\":\"testgisrecord:123+DC+DC1.0\",\"dsLocationType\":null,\"dsChecksumType\":\"DISABLED\",\"dsChecksum\":\"none\"},\"RELS-EXT\":{\"dsLabel\":\"Fedora
        Object-to-Object Relationship Metadata\",\"dsVersionID\":\"RELS-EXT.2\",\"dsCreateDate\":\"2014-08-06T18:11:17Z\",\"dsState\":\"A\",\"dsMIME\":\"application/rdf+xml\",\"dsFormatURI\":null,\"dsControlGroup\":\"X\",\"dsSize\":287,\"dsVersionable\":true,\"dsInfoType\":null,\"dsLocation\":\"testgisrecord:123+RELS-EXT+RELS-EXT.2\",\"dsLocationType\":null,\"dsChecksumType\":\"DISABLED\",\"dsChecksum\":\"none\"},\"rightsMetadata\":{\"dsLabel\":null,\"dsVersionID\":\"rightsMetadata.6\",\"dsCreateDate\":\"2014-08-06T18:11:18Z\",\"dsState\":\"A\",\"dsMIME\":\"text/xml\",\"dsFormatURI\":null,\"dsControlGroup\":\"M\",\"dsSize\":556,\"dsVersionable\":true,\"dsInfoType\":null,\"dsLocation\":\"testgisrecord:123+rightsMetadata+rightsMetadata.6\",\"dsLocationType\":\"INTERNAL_ID\",\"dsChecksumType\":\"DISABLED\",\"dsChecksum\":\"none\"},\"descMetadata\":{\"dsLabel\":null,\"dsVersionID\":\"descMetadata.6\",\"dsCreateDate\":\"2014-08-06T18:11:25Z\",\"dsState\":\"A\",\"dsMIME\":\"text/plain\",\"dsFormatURI\":null,\"dsControlGroup\":\"M\",\"dsSize\":3534,\"dsVersionable\":true,\"dsInfoType\":null,\"dsLocation\":\"testgisrecord:123+descMetadata+descMetadata.6\",\"dsLocationType\":\"INTERNAL_ID\",\"dsChecksumType\":\"DISABLED\",\"dsChecksum\":\"none\"}},\"objLabel\":null,\"objOwnerId\":\"fedoraAdmin\",\"objModels\":[\"info:fedora/afmodel:Nyucore\",\"info:fedora/fedora-system:FedoraObject-3.0\"],\"objCreateDate\":\"2014-08-06T17:07:47Z\",\"objLastModDate\":\"2014-08-06T18:11:19Z\",\"objDissIndexViewURL\":\"http://localhost:8983/fedora-test/objects/testgisrecord%3A123/methods/fedora-system%3A3/viewMethodIndex\",\"objItemIndexViewURL\":\"http://localhost:8983/fedora-test/objects/testgisrecord%3A123/methods/fedora-system%3A3/viewItemIndex\",\"objState\":\"A\"}'],'edit_access_group_ssim'=>['gis_cataloger','admin_group'],'desc_metadata__title_tesim'=>['The
        Tale of Imogen'],'desc_metadata__creator_tesim'=>['The Man'],'desc_metadata__publisher_tesim'=>['NYU'],'desc_metadata__identifier_tesim'=>['rec123'],'desc_metadata__type_tesim'=>['Geospatial
        Data'],'desc_metadata__available_tesim'=>['Avail 1','Travail'],'desc_metadata__description_tesim'=>['Interesting
        topic','But poorly written'],'desc_metadata__edition_tesim'=>['Ed 1','Edition
        1'],'desc_metadata__series_tesim'=>['Series 1','Series I'],'desc_metadata__version_tesim'=>['V1','Latest
        Version'],'desc_metadata__date_tesim'=>['12/05/2014','04/01/1666'],'desc_metadata__format_tesim'=>['PDF','DNS'],'desc_metadata__language_tesim'=>['en','ger'],'desc_metadata__relation_tesim'=>['x
        is to y as y is to z','one and a two and a'],'desc_metadata__rights_tesim'=>['remain
        silent','hire an attorney'],'desc_metadata__subject_tesim'=>['Cryptozoology','Vexillology'],'desc_metadata__citation_tesim'=>['Shouldn\\'t
        have jumped the turnstile','Shouldn\\'t have ran a red light'],'has_model_ssim'=>['info:fedora/afmodel:Nyucore'],'timestamp'=>'2014-08-06T18:11:25.52Z','score'=>0.13147938},{'system_create_dtsi'=>'2014-06-04T16:18:25Z','system_modified_dtsi'=>'2014-06-04T16:18:26Z','object_state_ssi'=>'A','active_fedora_model_ssi'=>'Nyucore','id'=>'changeme:74','object_profile_ssm'=>['{\"datastreams\":{\"DC\":{\"dsLabel\":\"Dublin
        Core Record for this object\",\"dsVersionID\":\"DC1.0\",\"dsCreateDate\":\"2014-06-04T16:18:25Z\",\"dsState\":\"A\",\"dsMIME\":\"text/xml\",\"dsFormatURI\":\"http://www.openarchives.org/OAI/2.0/oai_dc/\",\"dsControlGroup\":\"X\",\"dsSize\":340,\"dsVersionable\":true,\"dsInfoType\":null,\"dsLocation\":\"changeme:74+DC+DC1.0\",\"dsLocationType\":null,\"dsChecksumType\":\"DISABLED\",\"dsChecksum\":\"none\"},\"RELS-EXT\":{\"dsLabel\":\"Fedora
        Object-to-Object Relationship Metadata\",\"dsVersionID\":\"RELS-EXT.0\",\"dsCreateDate\":\"2014-06-04T16:18:25Z\",\"dsState\":\"A\",\"dsMIME\":\"application/rdf+xml\",\"dsFormatURI\":null,\"dsControlGroup\":\"X\",\"dsSize\":281,\"dsVersionable\":true,\"dsInfoType\":null,\"dsLocation\":\"changeme:74+RELS-EXT+RELS-EXT.0\",\"dsLocationType\":null,\"dsChecksumType\":\"DISABLED\",\"dsChecksum\":\"none\"},\"descMetadata\":{\"dsLabel\":null,\"dsVersionID\":\"descMetadata.1\",\"dsCreateDate\":\"2014-06-04T16:18:27Z\",\"dsState\":\"A\",\"dsMIME\":\"text/plain\",\"dsFormatURI\":null,\"dsControlGroup\":\"M\",\"dsSize\":2279,\"dsVersionable\":true,\"dsInfoType\":null,\"dsLocation\":\"changeme:74+descMetadata+descMetadata.1\",\"dsLocationType\":\"INTERNAL_ID\",\"dsChecksumType\":\"DISABLED\",\"dsChecksum\":\"none\"}},\"objLabel\":null,\"objOwnerId\":\"fedoraAdmin\",\"objModels\":[\"info:fedora/afmodel:Nyucore\",\"info:fedora/fedora-system:FedoraObject-3.0\"],\"objCreateDate\":\"2014-06-04T16:18:25Z\",\"objLastModDate\":\"2014-06-04T16:18:26Z\",\"objDissIndexViewURL\":\"http://localhost:8983/fedora-test/objects/changeme%3A74/methods/fedora-system%3A3/viewMethodIndex\",\"objItemIndexViewURL\":\"http://localhost:8983/fedora-test/objects/changeme%3A74/methods/fedora-system%3A3/viewItemIndex\",\"objState\":\"A\"}'],'desc_metadata__title_tesim'=>['The
        Tale of Imogen'],'desc_metadata__creator_tesim'=>['new creator'],'desc_metadata__publisher_tesim'=>['new
        publisher'],'desc_metadata__identifier_tesim'=>['new identifier'],'desc_metadata__type_tesim'=>['new
        type'],'desc_metadata__available_tesim'=>['new available'],'desc_metadata__description_tesim'=>['new
        description'],'desc_metadata__edition_tesim'=>['new edition'],'desc_metadata__series_tesim'=>['new
        series'],'desc_metadata__version_tesim'=>['new version'],'desc_metadata__date_tesim'=>['new
        date'],'desc_metadata__format_tesim'=>['new format'],'desc_metadata__language_tesim'=>['new
        language'],'desc_metadata__relation_tesim'=>['new relation'],'desc_metadata__rights_tesim'=>['new
        rights'],'desc_metadata__subject_tesim'=>['new subject'],'desc_metadata__citation_tesim'=>['new
        citation'],'has_model_ssim'=>['info:fedora/afmodel:Nyucore'],'timestamp'=>'2014-06-04T16:18:27.585Z','score'=>0.12944564},{'system_create_dtsi'=>'2014-06-04T16:20:39Z','system_modified_dtsi'=>'2014-06-04T16:20:39Z','object_state_ssi'=>'A','active_fedora_model_ssi'=>'Nyucore','id'=>'changeme:78','object_profile_ssm'=>['{\"datastreams\":{\"DC\":{\"dsLabel\":\"Dublin
        Core Record for this object\",\"dsVersionID\":\"DC1.0\",\"dsCreateDate\":\"2014-06-04T16:20:39Z\",\"dsState\":\"A\",\"dsMIME\":\"text/xml\",\"dsFormatURI\":\"http://www.openarchives.org/OAI/2.0/oai_dc/\",\"dsControlGroup\":\"X\",\"dsSize\":340,\"dsVersionable\":true,\"dsInfoType\":null,\"dsLocation\":\"changeme:78+DC+DC1.0\",\"dsLocationType\":null,\"dsChecksumType\":\"DISABLED\",\"dsChecksum\":\"none\"},\"RELS-EXT\":{\"dsLabel\":\"Fedora
        Object-to-Object Relationship Metadata\",\"dsVersionID\":\"RELS-EXT.0\",\"dsCreateDate\":\"2014-06-04T16:20:39Z\",\"dsState\":\"A\",\"dsMIME\":\"application/rdf+xml\",\"dsFormatURI\":null,\"dsControlGroup\":\"X\",\"dsSize\":281,\"dsVersionable\":true,\"dsInfoType\":null,\"dsLocation\":\"changeme:78+RELS-EXT+RELS-EXT.0\",\"dsLocationType\":null,\"dsChecksumType\":\"DISABLED\",\"dsChecksum\":\"none\"},\"descMetadata\":{\"dsLabel\":null,\"dsVersionID\":\"descMetadata.1\",\"dsCreateDate\":\"2014-06-04T16:20:40Z\",\"dsState\":\"A\",\"dsMIME\":\"text/plain\",\"dsFormatURI\":null,\"dsControlGroup\":\"M\",\"dsSize\":2279,\"dsVersionable\":true,\"dsInfoType\":null,\"dsLocation\":\"changeme:78+descMetadata+descMetadata.1\",\"dsLocationType\":\"INTERNAL_ID\",\"dsChecksumType\":\"DISABLED\",\"dsChecksum\":\"none\"}},\"objLabel\":null,\"objOwnerId\":\"fedoraAdmin\",\"objModels\":[\"info:fedora/afmodel:Nyucore\",\"info:fedora/fedora-system:FedoraObject-3.0\"],\"objCreateDate\":\"2014-06-04T16:20:39Z\",\"objLastModDate\":\"2014-06-04T16:20:39Z\",\"objDissIndexViewURL\":\"http://localhost:8983/fedora-test/objects/changeme%3A78/methods/fedora-system%3A3/viewMethodIndex\",\"objItemIndexViewURL\":\"http://localhost:8983/fedora-test/objects/changeme%3A78/methods/fedora-system%3A3/viewItemIndex\",\"objState\":\"A\"}'],'desc_metadata__title_tesim'=>['The
        Tale of Imogen'],'desc_metadata__creator_tesim'=>['new creator'],'desc_metadata__publisher_tesim'=>['new
        publisher'],'desc_metadata__identifier_tesim'=>['new identifier'],'desc_metadata__type_tesim'=>['new
        type'],'desc_metadata__available_tesim'=>['new available'],'desc_metadata__description_tesim'=>['new
        description'],'desc_metadata__edition_tesim'=>['new edition'],'desc_metadata__series_tesim'=>['new
        series'],'desc_metadata__version_tesim'=>['new version'],'desc_metadata__date_tesim'=>['new
        date'],'desc_metadata__format_tesim'=>['new format'],'desc_metadata__language_tesim'=>['new
        language'],'desc_metadata__relation_tesim'=>['new relation'],'desc_metadata__rights_tesim'=>['new
        rights'],'desc_metadata__subject_tesim'=>['new subject'],'desc_metadata__citation_tesim'=>['new
        citation'],'has_model_ssim'=>['info:fedora/afmodel:Nyucore'],'timestamp'=>'2014-06-04T16:20:40.864Z','score'=>0.12944564},{'system_create_dtsi'=>'2014-07-29T19:37:12Z','system_modified_dtsi'=>'2014-07-29T19:37:13Z','object_state_ssi'=>'A','active_fedora_model_ssi'=>'Nyucore','id'=>'changeme:100','object_profile_ssm'=>['{\"datastreams\":{\"DC\":{\"dsLabel\":\"Dublin
        Core Record for this object\",\"dsVersionID\":\"DC1.0\",\"dsCreateDate\":\"2014-07-29T19:37:12Z\",\"dsState\":\"A\",\"dsMIME\":\"text/xml\",\"dsFormatURI\":\"http://www.openarchives.org/OAI/2.0/oai_dc/\",\"dsControlGroup\":\"X\",\"dsSize\":341,\"dsVersionable\":true,\"dsInfoType\":null,\"dsLocation\":\"changeme:100+DC+DC1.0\",\"dsLocationType\":null,\"dsChecksumType\":\"DISABLED\",\"dsChecksum\":\"none\"},\"RELS-EXT\":{\"dsLabel\":\"Fedora
        Object-to-Object Relationship Metadata\",\"dsVersionID\":\"RELS-EXT.0\",\"dsCreateDate\":\"2014-07-29T19:37:13Z\",\"dsState\":\"A\",\"dsMIME\":\"application/rdf+xml\",\"dsFormatURI\":null,\"dsControlGroup\":\"X\",\"dsSize\":282,\"dsVersionable\":true,\"dsInfoType\":null,\"dsLocation\":\"changeme:100+RELS-EXT+RELS-EXT.0\",\"dsLocationType\":null,\"dsChecksumType\":\"DISABLED\",\"dsChecksum\":\"none\"},\"descMetadata\":{\"dsLabel\":null,\"dsVersionID\":\"descMetadata.1\",\"dsCreateDate\":\"2014-07-29T19:37:14Z\",\"dsState\":\"A\",\"dsMIME\":\"text/plain\",\"dsFormatURI\":null,\"dsControlGroup\":\"M\",\"dsSize\":1439,\"dsVersionable\":true,\"dsInfoType\":null,\"dsLocation\":\"changeme:100+descMetadata+descMetadata.1\",\"dsLocationType\":\"INTERNAL_ID\",\"dsChecksumType\":\"DISABLED\",\"dsChecksum\":\"none\"}},\"objLabel\":null,\"objOwnerId\":\"fedoraAdmin\",\"objModels\":[\"info:fedora/afmodel:Nyucore\",\"info:fedora/fedora-system:FedoraObject-3.0\"],\"objCreateDate\":\"2014-07-29T19:37:12Z\",\"objLastModDate\":\"2014-07-29T19:37:13Z\",\"objDissIndexViewURL\":\"http://localhost:8983/fedora-test/objects/changeme%3A100/methods/fedora-system%3A3/viewMethodIndex\",\"objItemIndexViewURL\":\"http://localhost:8983/fedora-test/objects/changeme%3A100/methods/fedora-system%3A3/viewItemIndex\",\"objState\":\"A\"}'],'desc_metadata__title_tesim'=>['The
        Tale of Imogen'],'desc_metadata__creator_tesim'=>['[\"new creator\"]'],'desc_metadata__publisher_tesim'=>['[\"new
        publisher\"]'],'desc_metadata__identifier_tesim'=>['new identifier'],'desc_metadata__type_tesim'=>['[\"new
        type\"]'],'desc_metadata__available_tesim'=>['new available'],'desc_metadata__description_tesim'=>['new
        description'],'desc_metadata__edition_tesim'=>['new edition'],'desc_metadata__series_tesim'=>['new
        series'],'desc_metadata__version_tesim'=>['new version'],'desc_metadata__date_tesim'=>['new
        date'],'desc_metadata__format_tesim'=>['new format'],'desc_metadata__language_tesim'=>['new
        language'],'desc_metadata__relation_tesim'=>['new relation'],'desc_metadata__rights_tesim'=>['new
        rights'],'desc_metadata__subject_tesim'=>['new subject'],'desc_metadata__citation_tesim'=>['new
        citation'],'has_model_ssim'=>['info:fedora/afmodel:Nyucore'],'timestamp'=>'2014-07-29T19:37:14.428Z','score'=>0.12944564},{'system_create_dtsi'=>'2014-07-29T20:17:05Z','system_modified_dtsi'=>'2014-07-29T20:17:05Z','object_state_ssi'=>'A','active_fedora_model_ssi'=>'Nyucore','id'=>'changeme:104','object_profile_ssm'=>['{\"datastreams\":{\"DC\":{\"dsLabel\":\"Dublin
        Core Record for this object\",\"dsVersionID\":\"DC1.0\",\"dsCreateDate\":\"2014-07-29T20:17:05Z\",\"dsState\":\"A\",\"dsMIME\":\"text/xml\",\"dsFormatURI\":\"http://www.openarchives.org/OAI/2.0/oai_dc/\",\"dsControlGroup\":\"X\",\"dsSize\":341,\"dsVersionable\":true,\"dsInfoType\":null,\"dsLocation\":\"changeme:104+DC+DC1.0\",\"dsLocationType\":null,\"dsChecksumType\":\"DISABLED\",\"dsChecksum\":\"none\"},\"RELS-EXT\":{\"dsLabel\":\"Fedora
        Object-to-Object Relationship Metadata\",\"dsVersionID\":\"RELS-EXT.0\",\"dsCreateDate\":\"2014-07-29T20:17:05Z\",\"dsState\":\"A\",\"dsMIME\":\"application/rdf+xml\",\"dsFormatURI\":null,\"dsControlGroup\":\"X\",\"dsSize\":282,\"dsVersionable\":true,\"dsInfoType\":null,\"dsLocation\":\"changeme:104+RELS-EXT+RELS-EXT.0\",\"dsLocationType\":null,\"dsChecksumType\":\"DISABLED\",\"dsChecksum\":\"none\"},\"descMetadata\":{\"dsLabel\":null,\"dsVersionID\":\"descMetadata.1\",\"dsCreateDate\":\"2014-07-29T20:17:06Z\",\"dsState\":\"A\",\"dsMIME\":\"text/plain\",\"dsFormatURI\":null,\"dsControlGroup\":\"M\",\"dsSize\":1439,\"dsVersionable\":true,\"dsInfoType\":null,\"dsLocation\":\"changeme:104+descMetadata+descMetadata.1\",\"dsLocationType\":\"INTERNAL_ID\",\"dsChecksumType\":\"DISABLED\",\"dsChecksum\":\"none\"}},\"objLabel\":null,\"objOwnerId\":\"fedoraAdmin\",\"objModels\":[\"info:fedora/afmodel:Nyucore\",\"info:fedora/fedora-system:FedoraObject-3.0\"],\"objCreateDate\":\"2014-07-29T20:17:05Z\",\"objLastModDate\":\"2014-07-29T20:17:05Z\",\"objDissIndexViewURL\":\"http://localhost:8983/fedora-test/objects/changeme%3A104/methods/fedora-system%3A3/viewMethodIndex\",\"objItemIndexViewURL\":\"http://localhost:8983/fedora-test/objects/changeme%3A104/methods/fedora-system%3A3/viewItemIndex\",\"objState\":\"A\"}'],'desc_metadata__title_tesim'=>['The
        Tale of Imogen'],'desc_metadata__creator_tesim'=>['[\"new creator\"]'],'desc_metadata__publisher_tesim'=>['[\"new
        publisher\"]'],'desc_metadata__identifier_tesim'=>['new identifier'],'desc_metadata__type_tesim'=>['[\"new
        type\"]'],'desc_metadata__available_tesim'=>['new available'],'desc_metadata__description_tesim'=>['new
        description'],'desc_metadata__edition_tesim'=>['new edition'],'desc_metadata__series_tesim'=>['new
        series'],'desc_metadata__version_tesim'=>['new version'],'desc_metadata__date_tesim'=>['new
        date'],'desc_metadata__format_tesim'=>['new format'],'desc_metadata__language_tesim'=>['new
        language'],'desc_metadata__relation_tesim'=>['new relation'],'desc_metadata__rights_tesim'=>['new
        rights'],'desc_metadata__subject_tesim'=>['new subject'],'desc_metadata__citation_tesim'=>['new
        citation'],'has_model_ssim'=>['info:fedora/afmodel:Nyucore'],'timestamp'=>'2014-07-29T20:17:06.688Z','score'=>0.12944564}]},'facet_counts'=>{'facet_queries'=>{},'facet_fields'=>{'object_type_sim'=>[],'pub_date_sim'=>[],'subject_topic_sim'=>[],'language_sim'=>[],'lc1_letter_sim'=>[],'subject_geo_sim'=>[],'subject_era_sim'=>[],'desc_metadata__type_sim'=>['[\"new
        type\"]',2,'new type',2,'Geospatial Data',1],'desc_metadata__creator_sim'=>['[\"new
        creator\"]',2,'new creator',2,'The Man',1],'desc_metadata__subject_sim'=>['new
        subject',4,'Cryptozoology',1,'Vexillology',1],'desc_metadata__language_sim'=>['new
        language',4,'en',1,'ger',1]},'facet_dates'=>{},'facet_ranges'=>{}},'spellcheck'=>{'suggestions'=>['correctlySpelled',true]}}\n"
    http_version: 
  recorded_at: Wed, 06 Aug 2014 18:11:26 GMT
recorded_with: VCR 2.8.0
