---
http_interactions:
- request:
    method: post
    uri: http://fedoraAdmin:fedoraAdmin@127.0.0.1:8983/fedora-test/objects/nextPID?format=xml
    body:
      encoding: US-ASCII
      string: ''
    headers:
      Accept:
      - ! '*/*; q=0.5, application/xml'
      Accept-Encoding:
      - gzip, deflate
      User-Agent:
      - Ruby
  response:
    status:
      code: 200
      message: OK
    headers:
      Set-Cookie:
      - JSESSIONID=11rpxj35gx4ipulpajkoffngz;Path=/fedora-test
      Expires:
      - Thu, 01 Jan 1970 00:00:00 GMT
      Content-Type:
      - text/xml
      Date:
      - Mon, 11 Aug 2014 20:59:49 GMT
      Content-Length:
      - '375'
    body:
      encoding: US-ASCII
      string: ! '<?xml version="1.0" encoding="UTF-8"?>

        <pidList  xmlns="http://www.fedora.info/definitions/1/0/management/"  xmlns:xsd="http://www.w3.org/2001/XMLSchema"
        xmlns:xsi="http://www.w3.org/2001/XMLSchema-instance" xsi:schemaLocation="http://www.fedora.info/definitions/1/0/management/
        http://www.fedora.info/definitions/1/0/getNextPIDInfo.xsd">  <pid>changeme:221</pid>

        </pidList>

'
    http_version: 
  recorded_at: Mon, 11 Aug 2014 20:59:49 GMT
- request:
    method: get
    uri: http://fedoraAdmin:fedoraAdmin@127.0.0.1:8983/fedora-test/objects/changeme:221/datastreams?format=xml
    body:
      encoding: US-ASCII
      string: ''
    headers:
      Accept:
      - ! '*/*; q=0.5, application/xml'
      Accept-Encoding:
      - gzip, deflate
      User-Agent:
      - Ruby
  response:
    status:
      code: 404
      message: Not Found
    headers:
      Set-Cookie:
      - JSESSIONID=1pih0omm40dyu1j1e6a7s6t5vt;Path=/fedora-test
      Expires:
      - Thu, 01 Jan 1970 00:00:00 GMT
      Content-Type:
      - text/plain
      Date:
      - Mon, 11 Aug 2014 20:59:49 GMT
      Content-Length:
      - '51'
    body:
      encoding: US-ASCII
      string: ! 'Object not found in low-level storage: changeme:221'
    http_version: 
  recorded_at: Mon, 11 Aug 2014 20:59:49 GMT
- request:
    method: get
    uri: http://fedoraAdmin:fedoraAdmin@127.0.0.1:8983/fedora-test/objects/changeme:221?format=xml
    body:
      encoding: US-ASCII
      string: ''
    headers:
      Accept:
      - ! '*/*; q=0.5, application/xml'
      Accept-Encoding:
      - gzip, deflate
      User-Agent:
      - Ruby
  response:
    status:
      code: 404
      message: Not Found
    headers:
      Set-Cookie:
      - JSESSIONID=7oviuqqhwo4c1llusujtu87se;Path=/fedora-test
      Expires:
      - Thu, 01 Jan 1970 00:00:00 GMT
      Content-Type:
      - text/plain
      Date:
      - Mon, 11 Aug 2014 20:59:49 GMT
      Content-Length:
      - '51'
    body:
      encoding: US-ASCII
      string: ! 'Object not found in low-level storage: changeme:221'
    http_version: 
  recorded_at: Mon, 11 Aug 2014 20:59:49 GMT
- request:
    method: get
    uri: http://fedoraAdmin:fedoraAdmin@127.0.0.1:8983/fedora-test/objects/changeme:221/datastreams/RELS-EXT?format=xml
    body:
      encoding: US-ASCII
      string: ''
    headers:
      Accept:
      - ! '*/*; q=0.5, application/xml'
      Accept-Encoding:
      - gzip, deflate
      User-Agent:
      - Ruby
  response:
    status:
      code: 404
      message: Not Found
    headers:
      Set-Cookie:
      - JSESSIONID=1lyxvjfdyh7ky1o3lmdaq1bfgv;Path=/fedora-test
      Expires:
      - Thu, 01 Jan 1970 00:00:00 GMT
      Content-Type:
      - text/plain
      Date:
      - Mon, 11 Aug 2014 20:59:49 GMT
      Content-Length:
      - '51'
    body:
      encoding: US-ASCII
      string: ! 'Object not found in low-level storage: changeme:221'
    http_version: 
  recorded_at: Mon, 11 Aug 2014 20:59:49 GMT
- request:
    method: get
    uri: http://fedoraAdmin:fedoraAdmin@127.0.0.1:8983/fedora-test/objects/changeme:221/datastreams/rightsMetadata?format=xml
    body:
      encoding: US-ASCII
      string: ''
    headers:
      Accept:
      - ! '*/*; q=0.5, application/xml'
      Accept-Encoding:
      - gzip, deflate
      User-Agent:
      - Ruby
  response:
    status:
      code: 404
      message: Not Found
    headers:
      Set-Cookie:
      - JSESSIONID=i7oxhvs3dfey1xgxujiayalae;Path=/fedora-test
      Expires:
      - Thu, 01 Jan 1970 00:00:00 GMT
      Content-Type:
      - text/plain
      Date:
      - Mon, 11 Aug 2014 20:59:49 GMT
      Content-Length:
      - '51'
    body:
      encoding: US-ASCII
      string: ! 'Object not found in low-level storage: changeme:221'
    http_version: 
  recorded_at: Mon, 11 Aug 2014 20:59:49 GMT
- request:
    method: get
    uri: http://fedoraAdmin:fedoraAdmin@127.0.0.1:8983/fedora-test/objects/changeme:221/datastreams/descMetadata?format=xml
    body:
      encoding: US-ASCII
      string: ''
    headers:
      Accept:
      - ! '*/*; q=0.5, application/xml'
      Accept-Encoding:
      - gzip, deflate
      User-Agent:
      - Ruby
  response:
    status:
      code: 404
      message: Not Found
    headers:
      Set-Cookie:
      - JSESSIONID=19zyf7x15i8qyy3tz1vhi363;Path=/fedora-test
      Expires:
      - Thu, 01 Jan 1970 00:00:00 GMT
      Content-Type:
      - text/plain
      Date:
      - Mon, 11 Aug 2014 20:59:49 GMT
      Content-Length:
      - '51'
    body:
      encoding: US-ASCII
      string: ! 'Object not found in low-level storage: changeme:221'
    http_version: 
  recorded_at: Mon, 11 Aug 2014 20:59:49 GMT
- request:
    method: post
    uri: http://fedoraAdmin:fedoraAdmin@127.0.0.1:8983/fedora-test/objects/changeme:221
    body:
      encoding: US-ASCII
      string: ''
    headers:
      Accept:
      - ! '*/*; q=0.5, application/xml'
      Accept-Encoding:
      - gzip, deflate
      Content-Type:
      - text/xml
      User-Agent:
      - Ruby
  response:
    status:
      code: 201
      message: Created
    headers:
      Set-Cookie:
      - JSESSIONID=nutr9rnfgzshu87sm78ejuq;Path=/fedora-test
      Expires:
      - Thu, 01 Jan 1970 00:00:00 GMT
      Content-Type:
      - application/xml
      Date:
      - Mon, 11 Aug 2014 20:59:49 GMT
      Location:
      - http://127.0.0.1:8983/fedora-test/objects/changeme%3A221
      Content-Length:
      - '12'
    body:
      encoding: US-ASCII
      string: changeme:221
    http_version: 
  recorded_at: Mon, 11 Aug 2014 20:59:49 GMT
- request:
    method: get
    uri: http://fedoraAdmin:fedoraAdmin@127.0.0.1:8983/fedora-test/objects/changeme:221?format=xml
    body:
      encoding: US-ASCII
      string: ''
    headers:
      Accept:
      - ! '*/*; q=0.5, application/xml'
      Accept-Encoding:
      - gzip, deflate
      User-Agent:
      - Ruby
  response:
    status:
      code: 200
      message: OK
    headers:
      Set-Cookie:
      - JSESSIONID=1qo3711rwod1lcd5jrg60kwv;Path=/fedora-test
      Expires:
      - Thu, 01 Jan 1970 00:00:00 GMT
      Content-Type:
      - text/xml
      Date:
      - Mon, 11 Aug 2014 20:59:49 GMT
      Content-Length:
      - '921'
    body:
      encoding: US-ASCII
      string: <?xml version="1.0" encoding="UTF-8"?><objectProfile  xmlns="http://www.fedora.info/definitions/1/0/access/"  xmlns:xsd="http://www.w3.org/2001/XMLSchema"
        xmlns:xsi="http://www.w3.org/2001/XMLSchema-instance" xsi:schemaLocation="http://www.fedora.info/definitions/1/0/access/
        http://www.fedora.info/definitions/1/0/objectProfile.xsd" pid="changeme:221"
        ><objLabel></objLabel><objOwnerId>fedoraAdmin</objOwnerId><objModels><model>info:fedora/fedora-system:FedoraObject-3.0</model></objModels><objCreateDate>2014-08-11T20:59:49.712Z</objCreateDate><objLastModDate>2014-08-11T20:59:49.712Z</objLastModDate><objDissIndexViewURL>http://localhost:8983/fedora-test/objects/changeme%3A221/methods/fedora-system%3A3/viewMethodIndex</objDissIndexViewURL><objItemIndexViewURL>http://localhost:8983/fedora-test/objects/changeme%3A221/methods/fedora-system%3A3/viewItemIndex</objItemIndexViewURL><objState>A</objState></objectProfile>
    http_version: 
  recorded_at: Mon, 11 Aug 2014 20:59:49 GMT
- request:
    method: post
    uri: http://fedoraAdmin:fedoraAdmin@127.0.0.1:8983/fedora-test/objects/changeme:221/datastreams/RELS-EXT?controlGroup=X&dsLabel=Fedora%20Object-to-Object%20Relationship%20Metadata&dsState=A&mimeType=application/rdf%2Bxml&versionable=true
    body:
      encoding: UTF-8
      string: ! "<?xml version=\"1.0\" encoding=\"UTF-8\"?>\n<rdf:RDF xmlns:rdf=\"http://www.w3.org/1999/02/22-rdf-syntax-ns#\"
        xmlns:ns0=\"info:fedora/fedora-system:def/model#\">\n  <rdf:Description rdf:about=\"info:fedora/changeme:221\">\n
        \   <ns0:hasModel rdf:resource=\"info:fedora/afmodel:Nyucore\"/>\n  </rdf:Description>\n</rdf:RDF>\n"
    headers:
      Accept:
      - ! '*/*; q=0.5, application/xml'
      Accept-Encoding:
      - gzip, deflate
      Content-Type:
      - application/rdf+xml
      Multipart:
      - 'true'
      Content-Length:
      - '306'
      User-Agent:
      - Ruby
  response:
    status:
      code: 201
      message: Created
    headers:
      Set-Cookie:
      - JSESSIONID=x3zgs5oo93v58y3boqujthe4;Path=/fedora-test
      Expires:
      - Thu, 01 Jan 1970 00:00:00 GMT
      Content-Type:
      - text/xml
      Date:
      - Mon, 11 Aug 2014 20:59:49 GMT
      Location:
      - http://127.0.0.1:8983/fedora-test/objects/changeme%3A221/datastreams/RELS-EXT
      Content-Length:
      - '917'
    body:
      encoding: US-ASCII
      string: <?xml version="1.0" encoding="UTF-8"?><datastreamProfile  xmlns="http://www.fedora.info/definitions/1/0/management/"  xmlns:xsd="http://www.w3.org/2001/XMLSchema"
        xmlns:xsi="http://www.w3.org/2001/XMLSchema-instance" xsi:schemaLocation="http://www.fedora.info/definitions/1/0/management/
        http://www.fedora.info/definitions/1/0/datastreamProfile.xsd" pid="changeme:221"
        dsID="RELS-EXT" ><dsLabel>Fedora Object-to-Object Relationship Metadata</dsLabel><dsVersionID>RELS-EXT.0</dsVersionID><dsCreateDate>2014-08-11T20:59:49.855Z</dsCreateDate><dsState>A</dsState><dsMIME>application/rdf+xml</dsMIME><dsFormatURI></dsFormatURI><dsControlGroup>X</dsControlGroup><dsSize>282</dsSize><dsVersionable>true</dsVersionable><dsInfoType></dsInfoType><dsLocation>changeme:221+RELS-EXT+RELS-EXT.0</dsLocation><dsLocationType></dsLocationType><dsChecksumType>DISABLED</dsChecksumType><dsChecksum>none</dsChecksum></datastreamProfile>
    http_version: 
  recorded_at: Mon, 11 Aug 2014 20:59:49 GMT
- request:
    method: post
    uri: http://fedoraAdmin:fedoraAdmin@127.0.0.1:8983/fedora-test/objects/changeme:221/datastreams/descMetadata?controlGroup=M&dsState=A&mimeType=text/plain&versionable=true
    body:
      encoding: UTF-8
      string: ! '<info:fedora/changeme:221> <http://purl.org/dc/terms/title> "Cymbeline"
        .

        <info:fedora/changeme:221> <http://purl.org/dc/terms/creator> "Hugh Plisher"
        .

        <info:fedora/changeme:221> <http://harper.bobst.nyu.edu/data/nyucore#available>
        "http://library.nyu.edu" .

        <info:fedora/changeme:221> <http://purl.org/dc/terms/description> "Lorem ipsum
        dolor sit amet, consectetur adipiscing elit. Curabitur non posuere lectus.
        In facilisis, arcu nec tempor vulputate, justo elit aliquet sapien, in tincidunt
        lorem purus eu nulla." .

        <info:fedora/changeme:221> <http://harper.bobst.nyu.edu/data/nyucore#edition>
        "10C" .

        <info:fedora/changeme:221> <http://harper.bobst.nyu.edu/data/nyucore#series>
        "NYCDCP_DCPLION_10CAV" .

        <info:fedora/changeme:221> <http://harper.bobst.nyu.edu/data/nyucore#version>
        "DSS.NYCDCP_DCPLION_10cavDSS.BOLIVAR" .

        <info:fedora/changeme:221> <http://purl.org/dc/terms/date> "12/05/2014" .

        <info:fedora/changeme:221> <http://purl.org/dc/terms/date> "04/01/1666" .

        <info:fedora/changeme:221> <http://purl.org/dc/terms/type> "Rosie Stuff" .

        <info:fedora/changeme:221> <http://purl.org/dc/terms/language> "English" .

        <info:fedora/changeme:221> <http://purl.org/dc/terms/relation> "relation1"
        .

        <info:fedora/changeme:221> <http://purl.org/dc/terms/rights> "rights1" .

        <info:fedora/changeme:221> <http://purl.org/dc/terms/subject> "vexillology"
        .

        <info:fedora/changeme:221> <http://purl.org/dc/terms/publisher> "Rosie" .

        <info:fedora/changeme:221> <http://purl.org/dc/terms/format> "ZIP" .

        <info:fedora/changeme:221> <http://harper.bobst.nyu.edu/data/nyucore#citation>
        "Cite" .

        <info:fedora/changeme:221> <http://harper.bobst.nyu.edu/data/nyucore#citation>
        "Me" .

        <info:fedora/changeme:221> <http://purl.org/dc/terms/identifier> "NYCDCP_DCPLION_10CAV_1"
        .

'
    headers:
      Accept:
      - ! '*/*; q=0.5, application/xml'
      Accept-Encoding:
      - gzip, deflate
      Content-Type:
      - text/plain
      Multipart:
      - 'true'
      Content-Length:
      - '1761'
      User-Agent:
      - Ruby
  response:
    status:
      code: 201
      message: Created
    headers:
      Set-Cookie:
      - JSESSIONID=uvwwqmfqnkvo1h2sp4oforoos;Path=/fedora-test
      Expires:
      - Thu, 01 Jan 1970 00:00:00 GMT
      Content-Type:
      - text/xml
      Date:
      - Mon, 11 Aug 2014 20:59:50 GMT
      Location:
      - http://127.0.0.1:8983/fedora-test/objects/changeme%3A221/datastreams/descMetadata
      Content-Length:
      - '891'
    body:
      encoding: US-ASCII
      string: <?xml version="1.0" encoding="UTF-8"?><datastreamProfile  xmlns="http://www.fedora.info/definitions/1/0/management/"  xmlns:xsd="http://www.w3.org/2001/XMLSchema"
        xmlns:xsi="http://www.w3.org/2001/XMLSchema-instance" xsi:schemaLocation="http://www.fedora.info/definitions/1/0/management/
        http://www.fedora.info/definitions/1/0/datastreamProfile.xsd" pid="changeme:221"
        dsID="descMetadata" ><dsLabel></dsLabel><dsVersionID>descMetadata.0</dsVersionID><dsCreateDate>2014-08-11T20:59:50.211Z</dsCreateDate><dsState>A</dsState><dsMIME>text/plain</dsMIME><dsFormatURI></dsFormatURI><dsControlGroup>M</dsControlGroup><dsSize>1761</dsSize><dsVersionable>true</dsVersionable><dsInfoType></dsInfoType><dsLocation>changeme:221+descMetadata+descMetadata.0</dsLocation><dsLocationType>INTERNAL_ID</dsLocationType><dsChecksumType>DISABLED</dsChecksumType><dsChecksum>none</dsChecksum></datastreamProfile>
    http_version: 
  recorded_at: Mon, 11 Aug 2014 20:59:50 GMT
- request:
    method: get
    uri: http://fedoraAdmin:fedoraAdmin@127.0.0.1:8983/fedora-test/objects/changeme:221/datastreams/RELS-EXT?format=xml
    body:
      encoding: US-ASCII
      string: ''
    headers:
      Accept:
      - ! '*/*; q=0.5, application/xml'
      Accept-Encoding:
      - gzip, deflate
      User-Agent:
      - Ruby
  response:
    status:
      code: 200
      message: OK
    headers:
      Set-Cookie:
      - JSESSIONID=be52802j321315x1dzt1t0thp;Path=/fedora-test
      Expires:
      - Thu, 01 Jan 1970 00:00:00 GMT
      Content-Type:
      - text/xml
      Date:
      - Mon, 11 Aug 2014 20:59:50 GMT
      Content-Length:
      - '917'
    body:
      encoding: US-ASCII
      string: <?xml version="1.0" encoding="UTF-8"?><datastreamProfile  xmlns="http://www.fedora.info/definitions/1/0/management/"  xmlns:xsd="http://www.w3.org/2001/XMLSchema"
        xmlns:xsi="http://www.w3.org/2001/XMLSchema-instance" xsi:schemaLocation="http://www.fedora.info/definitions/1/0/management/
        http://www.fedora.info/definitions/1/0/datastreamProfile.xsd" pid="changeme:221"
        dsID="RELS-EXT" ><dsLabel>Fedora Object-to-Object Relationship Metadata</dsLabel><dsVersionID>RELS-EXT.0</dsVersionID><dsCreateDate>2014-08-11T20:59:49.855Z</dsCreateDate><dsState>A</dsState><dsMIME>application/rdf+xml</dsMIME><dsFormatURI></dsFormatURI><dsControlGroup>X</dsControlGroup><dsSize>282</dsSize><dsVersionable>true</dsVersionable><dsInfoType></dsInfoType><dsLocation>changeme:221+RELS-EXT+RELS-EXT.0</dsLocation><dsLocationType></dsLocationType><dsChecksumType>DISABLED</dsChecksumType><dsChecksum>none</dsChecksum></datastreamProfile>
    http_version: 
  recorded_at: Mon, 11 Aug 2014 20:59:50 GMT
- request:
    method: get
    uri: http://fedoraAdmin:fedoraAdmin@127.0.0.1:8983/fedora-test/objects/changeme:221/datastreams/descMetadata?format=xml
    body:
      encoding: US-ASCII
      string: ''
    headers:
      Accept:
      - ! '*/*; q=0.5, application/xml'
      Accept-Encoding:
      - gzip, deflate
      User-Agent:
      - Ruby
  response:
    status:
      code: 200
      message: OK
    headers:
      Set-Cookie:
      - JSESSIONID=pog435nwe4ma9ltvxdqaktqk;Path=/fedora-test
      Expires:
      - Thu, 01 Jan 1970 00:00:00 GMT
      Content-Type:
      - text/xml
      Date:
      - Mon, 11 Aug 2014 20:59:50 GMT
      Content-Length:
      - '891'
    body:
      encoding: US-ASCII
      string: <?xml version="1.0" encoding="UTF-8"?><datastreamProfile  xmlns="http://www.fedora.info/definitions/1/0/management/"  xmlns:xsd="http://www.w3.org/2001/XMLSchema"
        xmlns:xsi="http://www.w3.org/2001/XMLSchema-instance" xsi:schemaLocation="http://www.fedora.info/definitions/1/0/management/
        http://www.fedora.info/definitions/1/0/datastreamProfile.xsd" pid="changeme:221"
        dsID="descMetadata" ><dsLabel></dsLabel><dsVersionID>descMetadata.0</dsVersionID><dsCreateDate>2014-08-11T20:59:50.211Z</dsCreateDate><dsState>A</dsState><dsMIME>text/plain</dsMIME><dsFormatURI></dsFormatURI><dsControlGroup>M</dsControlGroup><dsSize>1761</dsSize><dsVersionable>true</dsVersionable><dsInfoType></dsInfoType><dsLocation>changeme:221+descMetadata+descMetadata.0</dsLocation><dsLocationType>INTERNAL_ID</dsLocationType><dsChecksumType>DISABLED</dsChecksumType><dsChecksum>none</dsChecksum></datastreamProfile>
    http_version: 
  recorded_at: Mon, 11 Aug 2014 20:59:50 GMT
- request:
    method: get
    uri: http://fedoraAdmin:fedoraAdmin@127.0.0.1:8983/fedora-test/objects/changeme:221/datastreams/RELS-EXT/content
    body:
      encoding: US-ASCII
      string: ''
    headers:
      Accept:
      - ! '*/*; q=0.5, application/xml'
      Accept-Encoding:
      - gzip, deflate
      User-Agent:
      - Ruby
  response:
    status:
      code: 200
      message: OK
    headers:
      Set-Cookie:
      - JSESSIONID=1uenzblnzh5on7jdekhgrdyqf;Path=/fedora-test
      Expires:
      - Thu, 01 Jan 1970 00:00:00 GMT
      Content-Disposition:
      - inline; filename="Fedora Object-to-Object Relationship Metadata.rdf"
      Content-Length:
      - '282'
      Content-Type:
      - application/rdf+xml
      Date:
      - Mon, 11 Aug 2014 20:59:50 GMT
    body:
      encoding: US-ASCII
      string: ! "\n<rdf:RDF xmlns:ns0=\"info:fedora/fedora-system:def/model#\" xmlns:rdf=\"http://www.w3.org/1999/02/22-rdf-syntax-ns#\">\n
        \ <rdf:Description rdf:about=\"info:fedora/changeme:221\">\n    <ns0:hasModel
        rdf:resource=\"info:fedora/afmodel:Nyucore\"></ns0:hasModel>\n  </rdf:Description>\n</rdf:RDF>\n"
    http_version: 
  recorded_at: Mon, 11 Aug 2014 20:59:50 GMT
- request:
    method: post
    uri: http://fedoraAdmin:fedoraAdmin@127.0.0.1:8983/fedora-test/objects/changeme:221/datastreams/rightsMetadata?controlGroup=M&dsState=A&mimeType=text/xml&versionable=true
    body:
      encoding: US-ASCII
      string: ! "<rightsMetadata xmlns=\"http://hydra-collab.stanford.edu/schemas/rightsMetadata/v1\"
        version=\"0.1\">\n  <copyright>\n    <human type=\"title\"/>\n    <human type=\"description\"/>\n
        \   <machine type=\"uri\"/>\n  </copyright>\n  <access type=\"discover\">\n
        \   <human/>\n    <machine/>\n  </access>\n  <access type=\"read\">\n    <human/>\n
        \   <machine/>\n  </access>\n  <access type=\"edit\">\n    <human/>\n    <machine>\n
        \     <group>admin_group</group>\n    </machine>\n  </access>\n  <embargo>\n
        \   <human/>\n    <machine/>\n  </embargo>\n</rightsMetadata>"
    headers:
      Accept:
      - ! '*/*; q=0.5, application/xml'
      Accept-Encoding:
      - gzip, deflate
      Content-Type:
      - text/xml
      Multipart:
      - 'true'
      Content-Length:
      - '521'
      User-Agent:
      - Ruby
  response:
    status:
      code: 201
      message: Created
    headers:
      Set-Cookie:
      - JSESSIONID=c10b08260e63t1mws87wmlm;Path=/fedora-test
      Expires:
      - Thu, 01 Jan 1970 00:00:00 GMT
      Content-Type:
      - text/xml
      Date:
      - Mon, 11 Aug 2014 20:59:50 GMT
      Location:
      - http://127.0.0.1:8983/fedora-test/objects/changeme%3A221/datastreams/rightsMetadata
      Content-Length:
      - '896'
    body:
      encoding: US-ASCII
      string: <?xml version="1.0" encoding="UTF-8"?><datastreamProfile  xmlns="http://www.fedora.info/definitions/1/0/management/"  xmlns:xsd="http://www.w3.org/2001/XMLSchema"
        xmlns:xsi="http://www.w3.org/2001/XMLSchema-instance" xsi:schemaLocation="http://www.fedora.info/definitions/1/0/management/
        http://www.fedora.info/definitions/1/0/datastreamProfile.xsd" pid="changeme:221"
        dsID="rightsMetadata" ><dsLabel></dsLabel><dsVersionID>rightsMetadata.0</dsVersionID><dsCreateDate>2014-08-11T20:59:50.352Z</dsCreateDate><dsState>A</dsState><dsMIME>text/xml</dsMIME><dsFormatURI></dsFormatURI><dsControlGroup>M</dsControlGroup><dsSize>521</dsSize><dsVersionable>true</dsVersionable><dsInfoType></dsInfoType><dsLocation>changeme:221+rightsMetadata+rightsMetadata.0</dsLocation><dsLocationType>INTERNAL_ID</dsLocationType><dsChecksumType>DISABLED</dsChecksumType><dsChecksum>none</dsChecksum></datastreamProfile>
    http_version: 
  recorded_at: Mon, 11 Aug 2014 20:59:50 GMT
- request:
    method: put
    uri: http://fedoraAdmin:fedoraAdmin@127.0.0.1:8983/fedora-test/objects/changeme:221/datastreams/descMetadata?mimeType=text/plain
    body:
      encoding: UTF-8
      string: ! '<info:fedora/changeme:221> <http://purl.org/dc/terms/title> "Cymbeline"
        .

        <info:fedora/changeme:221> <http://purl.org/dc/terms/creator> "Hugh Plisher"
        .

        <info:fedora/changeme:221> <http://harper.bobst.nyu.edu/data/nyucore#available>
        "http://library.nyu.edu" .

        <info:fedora/changeme:221> <http://purl.org/dc/terms/description> "Lorem ipsum
        dolor sit amet, consectetur adipiscing elit. Curabitur non posuere lectus.
        In facilisis, arcu nec tempor vulputate, justo elit aliquet sapien, in tincidunt
        lorem purus eu nulla." .

        <info:fedora/changeme:221> <http://harper.bobst.nyu.edu/data/nyucore#edition>
        "10C" .

        <info:fedora/changeme:221> <http://harper.bobst.nyu.edu/data/nyucore#series>
        "NYCDCP_DCPLION_10CAV" .

        <info:fedora/changeme:221> <http://harper.bobst.nyu.edu/data/nyucore#version>
        "DSS.NYCDCP_DCPLION_10cavDSS.BOLIVAR" .

        <info:fedora/changeme:221> <http://purl.org/dc/terms/date> "12/05/2014" .

        <info:fedora/changeme:221> <http://purl.org/dc/terms/date> "04/01/1666" .

        <info:fedora/changeme:221> <http://purl.org/dc/terms/type> "Rosie Stuff" .

        <info:fedora/changeme:221> <http://purl.org/dc/terms/language> "English" .

        <info:fedora/changeme:221> <http://purl.org/dc/terms/relation> "relation1"
        .

        <info:fedora/changeme:221> <http://purl.org/dc/terms/rights> "rights1" .

        <info:fedora/changeme:221> <http://purl.org/dc/terms/subject> "vexillology"
        .

        <info:fedora/changeme:221> <http://purl.org/dc/terms/publisher> "Rosie" .

        <info:fedora/changeme:221> <http://purl.org/dc/terms/format> "ZIP" .

        <info:fedora/changeme:221> <http://harper.bobst.nyu.edu/data/nyucore#citation>
        "Cite" .

        <info:fedora/changeme:221> <http://harper.bobst.nyu.edu/data/nyucore#citation>
        "Me" .

        <info:fedora/changeme:221> <http://purl.org/dc/terms/identifier> "NYCDCP_DCPLION_10CAV_1"
        .

'
    headers:
      Accept:
      - ! '*/*; q=0.5, application/xml'
      Accept-Encoding:
      - gzip, deflate
      Multipart:
      - 'true'
      Content-Type:
      - text/plain
      Content-Length:
      - '1761'
      User-Agent:
      - Ruby
  response:
    status:
      code: 200
      message: OK
    headers:
      Set-Cookie:
      - JSESSIONID=1bzyp4kf3qctf1qenqonja6prz;Path=/fedora-test
      Expires:
      - Thu, 01 Jan 1970 00:00:00 GMT
      Content-Type:
      - text/xml
      Date:
      - Mon, 11 Aug 2014 20:59:50 GMT
      Content-Length:
      - '891'
    body:
      encoding: US-ASCII
      string: <?xml version="1.0" encoding="UTF-8"?><datastreamProfile  xmlns="http://www.fedora.info/definitions/1/0/management/"  xmlns:xsd="http://www.w3.org/2001/XMLSchema"
        xmlns:xsi="http://www.w3.org/2001/XMLSchema-instance" xsi:schemaLocation="http://www.fedora.info/definitions/1/0/management/
        http://www.fedora.info/definitions/1/0/datastreamProfile.xsd" pid="changeme:221"
        dsID="descMetadata" ><dsLabel></dsLabel><dsVersionID>descMetadata.1</dsVersionID><dsCreateDate>2014-08-11T20:59:50.592Z</dsCreateDate><dsState>A</dsState><dsMIME>text/plain</dsMIME><dsFormatURI></dsFormatURI><dsControlGroup>M</dsControlGroup><dsSize>1761</dsSize><dsVersionable>true</dsVersionable><dsInfoType></dsInfoType><dsLocation>changeme:221+descMetadata+descMetadata.1</dsLocation><dsLocationType>INTERNAL_ID</dsLocationType><dsChecksumType>DISABLED</dsChecksumType><dsChecksum>none</dsChecksum></datastreamProfile>
    http_version: 
  recorded_at: Mon, 11 Aug 2014 20:59:50 GMT
- request:
    method: get
    uri: http://fedoraAdmin:fedoraAdmin@127.0.0.1:8983/fedora-test/objects/changeme:221/datastreams/rightsMetadata?format=xml
    body:
      encoding: US-ASCII
      string: ''
    headers:
      Accept:
      - ! '*/*; q=0.5, application/xml'
      Accept-Encoding:
      - gzip, deflate
      User-Agent:
      - Ruby
  response:
    status:
      code: 200
      message: OK
    headers:
      Set-Cookie:
      - JSESSIONID=1hdeheczxpnn4kmrt2y8j951t;Path=/fedora-test
      Expires:
      - Thu, 01 Jan 1970 00:00:00 GMT
      Content-Type:
      - text/xml
      Date:
      - Mon, 11 Aug 2014 20:59:50 GMT
      Content-Length:
      - '896'
    body:
      encoding: US-ASCII
      string: <?xml version="1.0" encoding="UTF-8"?><datastreamProfile  xmlns="http://www.fedora.info/definitions/1/0/management/"  xmlns:xsd="http://www.w3.org/2001/XMLSchema"
        xmlns:xsi="http://www.w3.org/2001/XMLSchema-instance" xsi:schemaLocation="http://www.fedora.info/definitions/1/0/management/
        http://www.fedora.info/definitions/1/0/datastreamProfile.xsd" pid="changeme:221"
        dsID="rightsMetadata" ><dsLabel></dsLabel><dsVersionID>rightsMetadata.0</dsVersionID><dsCreateDate>2014-08-11T20:59:50.352Z</dsCreateDate><dsState>A</dsState><dsMIME>text/xml</dsMIME><dsFormatURI></dsFormatURI><dsControlGroup>M</dsControlGroup><dsSize>521</dsSize><dsVersionable>true</dsVersionable><dsInfoType></dsInfoType><dsLocation>changeme:221+rightsMetadata+rightsMetadata.0</dsLocation><dsLocationType>INTERNAL_ID</dsLocationType><dsChecksumType>DISABLED</dsChecksumType><dsChecksum>none</dsChecksum></datastreamProfile>
    http_version: 
  recorded_at: Mon, 11 Aug 2014 20:59:50 GMT
- request:
    method: get
    uri: http://fedoraAdmin:fedoraAdmin@127.0.0.1:8983/fedora-test/objects/changeme:221/datastreams/descMetadata?format=xml
    body:
      encoding: US-ASCII
      string: ''
    headers:
      Accept:
      - ! '*/*; q=0.5, application/xml'
      Accept-Encoding:
      - gzip, deflate
      User-Agent:
      - Ruby
  response:
    status:
      code: 200
      message: OK
    headers:
      Set-Cookie:
      - JSESSIONID=1e7i6rhwyqzg01t1p9vg2cne6v;Path=/fedora-test
      Expires:
      - Thu, 01 Jan 1970 00:00:00 GMT
      Content-Type:
      - text/xml
      Date:
      - Mon, 11 Aug 2014 20:59:50 GMT
      Content-Length:
      - '891'
    body:
      encoding: US-ASCII
      string: <?xml version="1.0" encoding="UTF-8"?><datastreamProfile  xmlns="http://www.fedora.info/definitions/1/0/management/"  xmlns:xsd="http://www.w3.org/2001/XMLSchema"
        xmlns:xsi="http://www.w3.org/2001/XMLSchema-instance" xsi:schemaLocation="http://www.fedora.info/definitions/1/0/management/
        http://www.fedora.info/definitions/1/0/datastreamProfile.xsd" pid="changeme:221"
        dsID="descMetadata" ><dsLabel></dsLabel><dsVersionID>descMetadata.1</dsVersionID><dsCreateDate>2014-08-11T20:59:50.592Z</dsCreateDate><dsState>A</dsState><dsMIME>text/plain</dsMIME><dsFormatURI></dsFormatURI><dsControlGroup>M</dsControlGroup><dsSize>1761</dsSize><dsVersionable>true</dsVersionable><dsInfoType></dsInfoType><dsLocation>changeme:221+descMetadata+descMetadata.1</dsLocation><dsLocationType>INTERNAL_ID</dsLocationType><dsChecksumType>DISABLED</dsChecksumType><dsChecksum>none</dsChecksum></datastreamProfile>
    http_version: 
  recorded_at: Mon, 11 Aug 2014 20:59:50 GMT
- request:
    method: post
    uri: http://127.0.0.1:8983/solr/test/update?wt=ruby
    body:
      encoding: US-ASCII
      string: <?xml version="1.0" encoding="UTF-8"?><add><doc><field name="system_create_dtsi">2014-08-11T20:59:49Z</field><field
        name="system_modified_dtsi">2014-08-11T20:59:49Z</field><field name="object_state_ssi">A</field><field
        name="active_fedora_model_ssi">Nyucore</field><field name="id">changeme:221</field><field
        name="object_profile_ssm">{"datastreams":{"RELS-EXT":{"dsLabel":"Fedora Object-to-Object
        Relationship Metadata","dsVersionID":"RELS-EXT.0","dsCreateDate":"2014-08-11T20:59:49Z","dsState":"A","dsMIME":"application/rdf+xml","dsFormatURI":null,"dsControlGroup":"X","dsSize":282,"dsVersionable":true,"dsInfoType":null,"dsLocation":"changeme:221+RELS-EXT+RELS-EXT.0","dsLocationType":null,"dsChecksumType":"DISABLED","dsChecksum":"none"},"rightsMetadata":{"dsLabel":null,"dsVersionID":"rightsMetadata.0","dsCreateDate":"2014-08-11T20:59:50Z","dsState":"A","dsMIME":"text/xml","dsFormatURI":null,"dsControlGroup":"M","dsSize":521,"dsVersionable":true,"dsInfoType":null,"dsLocation":"changeme:221+rightsMetadata+rightsMetadata.0","dsLocationType":"INTERNAL_ID","dsChecksumType":"DISABLED","dsChecksum":"none"},"descMetadata":{"dsLabel":null,"dsVersionID":"descMetadata.1","dsCreateDate":"2014-08-11T20:59:50Z","dsState":"A","dsMIME":"text/plain","dsFormatURI":null,"dsControlGroup":"M","dsSize":1761,"dsVersionable":true,"dsInfoType":null,"dsLocation":"changeme:221+descMetadata+descMetadata.1","dsLocationType":"INTERNAL_ID","dsChecksumType":"DISABLED","dsChecksum":"none"}},"objLabel":null,"objOwnerId":"fedoraAdmin","objModels":["info:fedora/fedora-system:FedoraObject-3.0"],"objCreateDate":"2014-08-11T20:59:49Z","objLastModDate":"2014-08-11T20:59:49Z","objDissIndexViewURL":"http://localhost:8983/fedora-test/objects/changeme%3A221/methods/fedora-system%3A3/viewMethodIndex","objItemIndexViewURL":"http://localhost:8983/fedora-test/objects/changeme%3A221/methods/fedora-system%3A3/viewItemIndex","objState":"A"}</field><field
        name="edit_access_group_ssim">admin_group</field><field name="desc_metadata__title_tesim">Cymbeline</field><field
        name="desc_metadata__creator_tesim">Hugh Plisher</field><field name="desc_metadata__creator_sim">Hugh
        Plisher</field><field name="desc_metadata__available_tesim">http://library.nyu.edu</field><field
        name="desc_metadata__description_tesim">Lorem ipsum dolor sit amet, consectetur
        adipiscing elit. Curabitur non posuere lectus. In facilisis, arcu nec tempor
        vulputate, justo elit aliquet sapien, in tincidunt lorem purus eu nulla.</field><field
        name="desc_metadata__edition_tesim">10C</field><field name="desc_metadata__series_tesim">NYCDCP_DCPLION_10CAV</field><field
        name="desc_metadata__version_tesim">DSS.NYCDCP_DCPLION_10cavDSS.BOLIVAR</field><field
        name="desc_metadata__date_tesim">12/05/2014</field><field name="desc_metadata__date_tesim">04/01/1666</field><field
        name="desc_metadata__type_tesim">Rosie Stuff</field><field name="desc_metadata__type_sim">Rosie
        Stuff</field><field name="desc_metadata__language_tesim">English</field><field
        name="desc_metadata__language_sim">English</field><field name="desc_metadata__relation_tesim">relation1</field><field
        name="desc_metadata__rights_tesim">rights1</field><field name="desc_metadata__subject_tesim">vexillology</field><field
        name="desc_metadata__subject_sim">vexillology</field><field name="desc_metadata__publisher_tesim">Rosie</field><field
        name="desc_metadata__format_tesim">ZIP</field><field name="desc_metadata__citation_tesim">Cite</field><field
        name="desc_metadata__citation_tesim">Me</field><field name="desc_metadata__identifier_tesim">NYCDCP_DCPLION_10CAV_1</field><field
        name="has_model_ssim">info:fedora/afmodel:Nyucore</field></doc></add>
    headers:
      Content-Type:
      - text/xml
  response:
    status:
      code: 200
      message: OK
    headers:
      Content-Type:
      - text/plain;charset=UTF-8
      Transfer-Encoding:
      - chunked
    body:
      encoding: US-ASCII
      string: ! '{''responseHeader''=>{''status''=>0,''QTime''=>3}}

'
    http_version: 
  recorded_at: Mon, 11 Aug 2014 20:59:50 GMT
- request:
    method: post
    uri: http://127.0.0.1:8983/solr/test/update?wt=ruby
    body:
      encoding: US-ASCII
      string: <?xml version="1.0" encoding="UTF-8"?><commit/>
    headers:
      Content-Type:
      - text/xml
  response:
    status:
      code: 200
      message: OK
    headers:
      Content-Type:
      - text/plain;charset=UTF-8
      Transfer-Encoding:
      - chunked
    body:
      encoding: US-ASCII
      string: ! '{''responseHeader''=>{''status''=>0,''QTime''=>7}}

'
    http_version: 
  recorded_at: Mon, 11 Aug 2014 20:59:50 GMT
- request:
    method: post
    uri: http://127.0.0.1:8983/solr/test/update?wt=ruby
    body:
      encoding: US-ASCII
      string: <?xml version="1.0" encoding="UTF-8"?><add><doc><field name="system_create_dtsi">2014-08-11T20:59:49Z</field><field
        name="system_modified_dtsi">2014-08-11T20:59:49Z</field><field name="object_state_ssi">A</field><field
        name="active_fedora_model_ssi">Nyucore</field><field name="id">changeme:221</field><field
        name="object_profile_ssm">{"datastreams":{"RELS-EXT":{"dsLabel":"Fedora Object-to-Object
        Relationship Metadata","dsVersionID":"RELS-EXT.0","dsCreateDate":"2014-08-11T20:59:49Z","dsState":"A","dsMIME":"application/rdf+xml","dsFormatURI":null,"dsControlGroup":"X","dsSize":282,"dsVersionable":true,"dsInfoType":null,"dsLocation":"changeme:221+RELS-EXT+RELS-EXT.0","dsLocationType":null,"dsChecksumType":"DISABLED","dsChecksum":"none"},"rightsMetadata":{"dsLabel":null,"dsVersionID":"rightsMetadata.0","dsCreateDate":"2014-08-11T20:59:50Z","dsState":"A","dsMIME":"text/xml","dsFormatURI":null,"dsControlGroup":"M","dsSize":521,"dsVersionable":true,"dsInfoType":null,"dsLocation":"changeme:221+rightsMetadata+rightsMetadata.0","dsLocationType":"INTERNAL_ID","dsChecksumType":"DISABLED","dsChecksum":"none"},"descMetadata":{"dsLabel":null,"dsVersionID":"descMetadata.1","dsCreateDate":"2014-08-11T20:59:50Z","dsState":"A","dsMIME":"text/plain","dsFormatURI":null,"dsControlGroup":"M","dsSize":1761,"dsVersionable":true,"dsInfoType":null,"dsLocation":"changeme:221+descMetadata+descMetadata.1","dsLocationType":"INTERNAL_ID","dsChecksumType":"DISABLED","dsChecksum":"none"}},"objLabel":null,"objOwnerId":"fedoraAdmin","objModels":["info:fedora/fedora-system:FedoraObject-3.0"],"objCreateDate":"2014-08-11T20:59:49Z","objLastModDate":"2014-08-11T20:59:49Z","objDissIndexViewURL":"http://localhost:8983/fedora-test/objects/changeme%3A221/methods/fedora-system%3A3/viewMethodIndex","objItemIndexViewURL":"http://localhost:8983/fedora-test/objects/changeme%3A221/methods/fedora-system%3A3/viewItemIndex","objState":"A"}</field><field
        name="edit_access_group_ssim">admin_group</field><field name="desc_metadata__title_tesim">Cymbeline</field><field
        name="desc_metadata__creator_tesim">Hugh Plisher</field><field name="desc_metadata__creator_sim">Hugh
        Plisher</field><field name="desc_metadata__available_tesim">http://library.nyu.edu</field><field
        name="desc_metadata__description_tesim">Lorem ipsum dolor sit amet, consectetur
        adipiscing elit. Curabitur non posuere lectus. In facilisis, arcu nec tempor
        vulputate, justo elit aliquet sapien, in tincidunt lorem purus eu nulla.</field><field
        name="desc_metadata__edition_tesim">10C</field><field name="desc_metadata__series_tesim">NYCDCP_DCPLION_10CAV</field><field
        name="desc_metadata__version_tesim">DSS.NYCDCP_DCPLION_10cavDSS.BOLIVAR</field><field
        name="desc_metadata__date_tesim">12/05/2014</field><field name="desc_metadata__date_tesim">04/01/1666</field><field
        name="desc_metadata__type_tesim">Rosie Stuff</field><field name="desc_metadata__type_sim">Rosie
        Stuff</field><field name="desc_metadata__language_tesim">English</field><field
        name="desc_metadata__language_sim">English</field><field name="desc_metadata__relation_tesim">relation1</field><field
        name="desc_metadata__rights_tesim">rights1</field><field name="desc_metadata__subject_tesim">vexillology</field><field
        name="desc_metadata__subject_sim">vexillology</field><field name="desc_metadata__publisher_tesim">Rosie</field><field
        name="desc_metadata__format_tesim">ZIP</field><field name="desc_metadata__citation_tesim">Cite</field><field
        name="desc_metadata__citation_tesim">Me</field><field name="desc_metadata__identifier_tesim">NYCDCP_DCPLION_10CAV_1</field><field
        name="has_model_ssim">info:fedora/afmodel:Nyucore</field></doc></add>
    headers:
      Content-Type:
      - text/xml
  response:
    status:
      code: 200
      message: OK
    headers:
      Content-Type:
      - text/plain;charset=UTF-8
      Transfer-Encoding:
      - chunked
    body:
      encoding: US-ASCII
      string: ! '{''responseHeader''=>{''status''=>0,''QTime''=>2}}

'
    http_version: 
  recorded_at: Mon, 11 Aug 2014 20:59:50 GMT
- request:
    method: post
    uri: http://127.0.0.1:8983/solr/test/update?wt=ruby
    body:
      encoding: US-ASCII
      string: <?xml version="1.0" encoding="UTF-8"?><commit/>
    headers:
      Content-Type:
      - text/xml
  response:
    status:
      code: 200
      message: OK
    headers:
      Content-Type:
      - text/plain;charset=UTF-8
      Transfer-Encoding:
      - chunked
    body:
      encoding: US-ASCII
      string: ! '{''responseHeader''=>{''status''=>0,''QTime''=>19}}

'
    http_version: 
  recorded_at: Mon, 11 Aug 2014 20:59:50 GMT
- request:
    method: get
    uri: http://127.0.0.1:8983/solr/test/select?id=changeme:221&qt=permissions&wt=ruby
    body:
      encoding: US-ASCII
      string: ''
    headers: {}
  response:
    status:
      code: 200
      message: OK
    headers:
      Last-Modified:
      - Mon, 11 Aug 2014 20:59:50 GMT
      Etag:
      - ! '"MTUzODAwMDAwMDAwMDAwMFNvbHI="'
      Content-Type:
      - text/plain;charset=UTF-8
      Transfer-Encoding:
      - chunked
    body:
      encoding: US-ASCII
      string: ! "{'responseHeader'=>{'status'=>0,'QTime'=>1,'params'=>{'facet'=>'off','fl'=>'\n
        \       id,\n        access_ssim,\n        discover_access_group_ssim,discover_access_person_ssim,\n
        \       read_access_group_ssim,read_access_person_ssim,\n        edit_access_group_ssim,edit_access_person_ssim,\n
        \       depositor_ti,\n        embargo_release_date_dtsi\n        inheritable_access_ssim,\n
        \       inheritable_discover_access_group_ssim,inheritable_discover_access_person_ssim,\n
        \       inheritable_read_access_group_ssim,inheritable_read_access_person_ssim,\n
        \       inheritable_edit_access_group_ssim,inheritable_edit_access_person_ssim,\n
        \       inheritable_embargo_release_date_dtsi\n      ','echoParams'=>'all','q'=>'{!raw
        f=id v=$id}','rows'=>'1','id'=>'changeme:221','qt'=>'permissions','wt'=>'ruby'}},'response'=>{'numFound'=>1,'start'=>0,'docs'=>[{'id'=>'changeme:221','edit_access_group_ssim'=>['admin_group']}]}}\n"
    http_version: 
  recorded_at: Mon, 11 Aug 2014 20:59:50 GMT
- request:
    method: get
    uri: http://fedoraAdmin:fedoraAdmin@127.0.0.1:8983/fedora-test/objects/changeme:221?format=xml
    body:
      encoding: US-ASCII
      string: ''
    headers:
      Accept:
      - ! '*/*; q=0.5, application/xml'
      Accept-Encoding:
      - gzip, deflate
      User-Agent:
      - Ruby
  response:
    status:
      code: 200
      message: OK
    headers:
      Set-Cookie:
      - JSESSIONID=1nxpxjubdhfvyebbsstdoam32;Path=/fedora-test
      Expires:
      - Thu, 01 Jan 1970 00:00:00 GMT
      Content-Type:
      - text/xml
      Date:
      - Mon, 11 Aug 2014 20:59:50 GMT
      Content-Length:
      - '963'
    body:
      encoding: US-ASCII
      string: <?xml version="1.0" encoding="UTF-8"?><objectProfile  xmlns="http://www.fedora.info/definitions/1/0/access/"  xmlns:xsd="http://www.w3.org/2001/XMLSchema"
        xmlns:xsi="http://www.w3.org/2001/XMLSchema-instance" xsi:schemaLocation="http://www.fedora.info/definitions/1/0/access/
        http://www.fedora.info/definitions/1/0/objectProfile.xsd" pid="changeme:221"
        ><objLabel></objLabel><objOwnerId>fedoraAdmin</objOwnerId><objModels><model>info:fedora/afmodel:Nyucore</model><model>info:fedora/fedora-system:FedoraObject-3.0</model></objModels><objCreateDate>2014-08-11T20:59:49.712Z</objCreateDate><objLastModDate>2014-08-11T20:59:50.592Z</objLastModDate><objDissIndexViewURL>http://localhost:8983/fedora-test/objects/changeme%3A221/methods/fedora-system%3A3/viewMethodIndex</objDissIndexViewURL><objItemIndexViewURL>http://localhost:8983/fedora-test/objects/changeme%3A221/methods/fedora-system%3A3/viewItemIndex</objItemIndexViewURL><objState>A</objState></objectProfile>
    http_version: 
  recorded_at: Mon, 11 Aug 2014 20:59:50 GMT
- request:
    method: get
    uri: http://fedoraAdmin:fedoraAdmin@127.0.0.1:8983/fedora-test/objects/changeme:221/datastreams?format=xml
    body:
      encoding: US-ASCII
      string: ''
    headers:
      Accept:
      - ! '*/*; q=0.5, application/xml'
      Accept-Encoding:
      - gzip, deflate
      User-Agent:
      - Ruby
  response:
    status:
      code: 200
      message: OK
    headers:
      Set-Cookie:
      - JSESSIONID=1q9hivpt4yybq1o5kobn1hh3kw;Path=/fedora-test
      Expires:
      - Thu, 01 Jan 1970 00:00:00 GMT
      Content-Type:
      - text/xml
      Date:
      - Mon, 11 Aug 2014 20:59:50 GMT
      Content-Length:
      - '782'
    body:
      encoding: US-ASCII
      string: <?xml version="1.0" encoding="UTF-8"?><objectDatastreams  xmlns="http://www.fedora.info/definitions/1/0/access/"
        xmlns:xsd="http://www.w3.org/2001/XMLSchema"  xmlns:xsi="http://www.w3.org/2001/XMLSchema-instance"  xsi:schemaLocation="http://www.fedora.info/definitions/1/0/access/
        http://www.fedora-commons.org/definitions/1/0/listDatastreams.xsd" pid="changeme:221"  baseURL="http://localhost:8983/fedora-test/"
        >    <datastream dsid="DC" label="Dublin Core Record for this object" mimeType="text/xml"
        />    <datastream dsid="RELS-EXT" label="Fedora Object-to-Object Relationship
        Metadata" mimeType="application/rdf+xml" />    <datastream dsid="descMetadata"
        label="" mimeType="text/plain" />    <datastream dsid="rightsMetadata" label=""
        mimeType="text/xml" /></objectDatastreams>
    http_version: 
  recorded_at: Mon, 11 Aug 2014 20:59:50 GMT
- request:
    method: get
    uri: http://fedoraAdmin:fedoraAdmin@127.0.0.1:8983/fedora-test/objects/changeme:221/datastreams/RELS-EXT?format=xml
    body:
      encoding: US-ASCII
      string: ''
    headers:
      Accept:
      - ! '*/*; q=0.5, application/xml'
      Accept-Encoding:
      - gzip, deflate
      User-Agent:
      - Ruby
  response:
    status:
      code: 200
      message: OK
    headers:
      Set-Cookie:
      - JSESSIONID=cbej4qvbkgadn5rcl9ik3dsg;Path=/fedora-test
      Expires:
      - Thu, 01 Jan 1970 00:00:00 GMT
      Content-Type:
      - text/xml
      Date:
      - Mon, 11 Aug 2014 20:59:50 GMT
      Content-Length:
      - '917'
    body:
      encoding: US-ASCII
      string: <?xml version="1.0" encoding="UTF-8"?><datastreamProfile  xmlns="http://www.fedora.info/definitions/1/0/management/"  xmlns:xsd="http://www.w3.org/2001/XMLSchema"
        xmlns:xsi="http://www.w3.org/2001/XMLSchema-instance" xsi:schemaLocation="http://www.fedora.info/definitions/1/0/management/
        http://www.fedora.info/definitions/1/0/datastreamProfile.xsd" pid="changeme:221"
        dsID="RELS-EXT" ><dsLabel>Fedora Object-to-Object Relationship Metadata</dsLabel><dsVersionID>RELS-EXT.0</dsVersionID><dsCreateDate>2014-08-11T20:59:49.855Z</dsCreateDate><dsState>A</dsState><dsMIME>application/rdf+xml</dsMIME><dsFormatURI></dsFormatURI><dsControlGroup>X</dsControlGroup><dsSize>282</dsSize><dsVersionable>true</dsVersionable><dsInfoType></dsInfoType><dsLocation>changeme:221+RELS-EXT+RELS-EXT.0</dsLocation><dsLocationType></dsLocationType><dsChecksumType>DISABLED</dsChecksumType><dsChecksum>none</dsChecksum></datastreamProfile>
    http_version: 
  recorded_at: Mon, 11 Aug 2014 20:59:50 GMT
- request:
    method: get
    uri: http://fedoraAdmin:fedoraAdmin@127.0.0.1:8983/fedora-test/objects/changeme:221/datastreams/RELS-EXT/content
    body:
      encoding: US-ASCII
      string: ''
    headers:
      Accept:
      - ! '*/*; q=0.5, application/xml'
      Accept-Encoding:
      - gzip, deflate
      User-Agent:
      - Ruby
  response:
    status:
      code: 200
      message: OK
    headers:
      Set-Cookie:
      - JSESSIONID=j3j1emoz35en1xjzdniope7ae;Path=/fedora-test
      Expires:
      - Thu, 01 Jan 1970 00:00:00 GMT
      Content-Disposition:
      - inline; filename="Fedora Object-to-Object Relationship Metadata.rdf"
      Content-Length:
      - '282'
      Content-Type:
      - application/rdf+xml
      Date:
      - Mon, 11 Aug 2014 20:59:50 GMT
    body:
      encoding: US-ASCII
      string: ! "\n<rdf:RDF xmlns:ns0=\"info:fedora/fedora-system:def/model#\" xmlns:rdf=\"http://www.w3.org/1999/02/22-rdf-syntax-ns#\">\n
        \ <rdf:Description rdf:about=\"info:fedora/changeme:221\">\n    <ns0:hasModel
        rdf:resource=\"info:fedora/afmodel:Nyucore\"></ns0:hasModel>\n  </rdf:Description>\n</rdf:RDF>\n"
    http_version: 
  recorded_at: Mon, 11 Aug 2014 20:59:50 GMT
- request:
    method: get
    uri: http://fedoraAdmin:fedoraAdmin@127.0.0.1:8983/fedora-test/objects/changeme:221/datastreams/descMetadata?format=xml
    body:
      encoding: US-ASCII
      string: ''
    headers:
      Accept:
      - ! '*/*; q=0.5, application/xml'
      Accept-Encoding:
      - gzip, deflate
      User-Agent:
      - Ruby
  response:
    status:
      code: 200
      message: OK
    headers:
      Set-Cookie:
      - JSESSIONID=1wsq2mhhhm6261lg3nnb5fr97s;Path=/fedora-test
      Expires:
      - Thu, 01 Jan 1970 00:00:00 GMT
      Content-Type:
      - text/xml
      Date:
      - Mon, 11 Aug 2014 20:59:50 GMT
      Content-Length:
      - '891'
    body:
      encoding: US-ASCII
      string: <?xml version="1.0" encoding="UTF-8"?><datastreamProfile  xmlns="http://www.fedora.info/definitions/1/0/management/"  xmlns:xsd="http://www.w3.org/2001/XMLSchema"
        xmlns:xsi="http://www.w3.org/2001/XMLSchema-instance" xsi:schemaLocation="http://www.fedora.info/definitions/1/0/management/
        http://www.fedora.info/definitions/1/0/datastreamProfile.xsd" pid="changeme:221"
        dsID="descMetadata" ><dsLabel></dsLabel><dsVersionID>descMetadata.1</dsVersionID><dsCreateDate>2014-08-11T20:59:50.592Z</dsCreateDate><dsState>A</dsState><dsMIME>text/plain</dsMIME><dsFormatURI></dsFormatURI><dsControlGroup>M</dsControlGroup><dsSize>1761</dsSize><dsVersionable>true</dsVersionable><dsInfoType></dsInfoType><dsLocation>changeme:221+descMetadata+descMetadata.1</dsLocation><dsLocationType>INTERNAL_ID</dsLocationType><dsChecksumType>DISABLED</dsChecksumType><dsChecksum>none</dsChecksum></datastreamProfile>
    http_version: 
  recorded_at: Mon, 11 Aug 2014 20:59:50 GMT
- request:
    method: get
    uri: http://fedoraAdmin:fedoraAdmin@127.0.0.1:8983/fedora-test/objects/changeme:221/datastreams/descMetadata/content
    body:
      encoding: US-ASCII
      string: ''
    headers:
      Accept:
      - ! '*/*; q=0.5, application/xml'
      Accept-Encoding:
      - gzip, deflate
      User-Agent:
      - Ruby
  response:
    status:
      code: 200
      message: OK
    headers:
      Set-Cookie:
      - JSESSIONID=ssawgaa3371d18qlcw2r9mae7;Path=/fedora-test
      Expires:
      - Thu, 01 Jan 1970 00:00:00 GMT
      Content-Disposition:
      - inline; filename="descMetadata.txt"
      Content-Length:
      - '1761'
      Content-Type:
      - text/plain
      Date:
      - Mon, 11 Aug 2014 20:59:50 GMT
    body:
      encoding: US-ASCII
      string: ! '<info:fedora/changeme:221> <http://purl.org/dc/terms/title> "Cymbeline"
        .

        <info:fedora/changeme:221> <http://purl.org/dc/terms/creator> "Hugh Plisher"
        .

        <info:fedora/changeme:221> <http://harper.bobst.nyu.edu/data/nyucore#available>
        "http://library.nyu.edu" .

        <info:fedora/changeme:221> <http://purl.org/dc/terms/description> "Lorem ipsum
        dolor sit amet, consectetur adipiscing elit. Curabitur non posuere lectus.
        In facilisis, arcu nec tempor vulputate, justo elit aliquet sapien, in tincidunt
        lorem purus eu nulla." .

        <info:fedora/changeme:221> <http://harper.bobst.nyu.edu/data/nyucore#edition>
        "10C" .

        <info:fedora/changeme:221> <http://harper.bobst.nyu.edu/data/nyucore#series>
        "NYCDCP_DCPLION_10CAV" .

        <info:fedora/changeme:221> <http://harper.bobst.nyu.edu/data/nyucore#version>
        "DSS.NYCDCP_DCPLION_10cavDSS.BOLIVAR" .

        <info:fedora/changeme:221> <http://purl.org/dc/terms/date> "12/05/2014" .

        <info:fedora/changeme:221> <http://purl.org/dc/terms/date> "04/01/1666" .

        <info:fedora/changeme:221> <http://purl.org/dc/terms/type> "Rosie Stuff" .

        <info:fedora/changeme:221> <http://purl.org/dc/terms/language> "English" .

        <info:fedora/changeme:221> <http://purl.org/dc/terms/relation> "relation1"
        .

        <info:fedora/changeme:221> <http://purl.org/dc/terms/rights> "rights1" .

        <info:fedora/changeme:221> <http://purl.org/dc/terms/subject> "vexillology"
        .

        <info:fedora/changeme:221> <http://purl.org/dc/terms/publisher> "Rosie" .

        <info:fedora/changeme:221> <http://purl.org/dc/terms/format> "ZIP" .

        <info:fedora/changeme:221> <http://harper.bobst.nyu.edu/data/nyucore#citation>
        "Cite" .

        <info:fedora/changeme:221> <http://harper.bobst.nyu.edu/data/nyucore#citation>
        "Me" .

        <info:fedora/changeme:221> <http://purl.org/dc/terms/identifier> "NYCDCP_DCPLION_10CAV_1"
        .

'
    http_version: 
  recorded_at: Mon, 11 Aug 2014 20:59:50 GMT
- request:
    method: get
    uri: http://127.0.0.1:8983/solr/test/select?id=changeme:221&qt=permissions&wt=ruby
    body:
      encoding: US-ASCII
      string: ''
    headers: {}
  response:
    status:
      code: 200
      message: OK
    headers:
      Last-Modified:
      - Mon, 11 Aug 2014 20:59:50 GMT
      Etag:
      - ! '"MTUzODAwMDAwMDAwMDAwMFNvbHI="'
      Content-Type:
      - text/plain;charset=UTF-8
      Transfer-Encoding:
      - chunked
    body:
      encoding: US-ASCII
      string: ! "{'responseHeader'=>{'status'=>0,'QTime'=>0,'params'=>{'facet'=>'off','fl'=>'\n
        \       id,\n        access_ssim,\n        discover_access_group_ssim,discover_access_person_ssim,\n
        \       read_access_group_ssim,read_access_person_ssim,\n        edit_access_group_ssim,edit_access_person_ssim,\n
        \       depositor_ti,\n        embargo_release_date_dtsi\n        inheritable_access_ssim,\n
        \       inheritable_discover_access_group_ssim,inheritable_discover_access_person_ssim,\n
        \       inheritable_read_access_group_ssim,inheritable_read_access_person_ssim,\n
        \       inheritable_edit_access_group_ssim,inheritable_edit_access_person_ssim,\n
        \       inheritable_embargo_release_date_dtsi\n      ','echoParams'=>'all','q'=>'{!raw
        f=id v=$id}','rows'=>'1','id'=>'changeme:221','qt'=>'permissions','wt'=>'ruby'}},'response'=>{'numFound'=>1,'start'=>0,'docs'=>[{'id'=>'changeme:221','edit_access_group_ssim'=>['admin_group']}]}}\n"
    http_version: 
  recorded_at: Mon, 11 Aug 2014 20:59:51 GMT
- request:
    method: get
    uri: http://fedoraAdmin:fedoraAdmin@127.0.0.1:8983/fedora-test/objects/changeme:221?format=xml
    body:
      encoding: US-ASCII
      string: ''
    headers:
      Accept:
      - ! '*/*; q=0.5, application/xml'
      Accept-Encoding:
      - gzip, deflate
      User-Agent:
      - Ruby
  response:
    status:
      code: 200
      message: OK
    headers:
      Set-Cookie:
      - JSESSIONID=1ll9lx65e2cez3uxc89kl1091;Path=/fedora-test
      Expires:
      - Thu, 01 Jan 1970 00:00:00 GMT
      Content-Type:
      - text/xml
      Date:
      - Mon, 11 Aug 2014 20:59:51 GMT
      Content-Length:
      - '963'
    body:
      encoding: US-ASCII
      string: <?xml version="1.0" encoding="UTF-8"?><objectProfile  xmlns="http://www.fedora.info/definitions/1/0/access/"  xmlns:xsd="http://www.w3.org/2001/XMLSchema"
        xmlns:xsi="http://www.w3.org/2001/XMLSchema-instance" xsi:schemaLocation="http://www.fedora.info/definitions/1/0/access/
        http://www.fedora.info/definitions/1/0/objectProfile.xsd" pid="changeme:221"
        ><objLabel></objLabel><objOwnerId>fedoraAdmin</objOwnerId><objModels><model>info:fedora/afmodel:Nyucore</model><model>info:fedora/fedora-system:FedoraObject-3.0</model></objModels><objCreateDate>2014-08-11T20:59:49.712Z</objCreateDate><objLastModDate>2014-08-11T20:59:50.592Z</objLastModDate><objDissIndexViewURL>http://localhost:8983/fedora-test/objects/changeme%3A221/methods/fedora-system%3A3/viewMethodIndex</objDissIndexViewURL><objItemIndexViewURL>http://localhost:8983/fedora-test/objects/changeme%3A221/methods/fedora-system%3A3/viewItemIndex</objItemIndexViewURL><objState>A</objState></objectProfile>
    http_version: 
  recorded_at: Mon, 11 Aug 2014 20:59:51 GMT
- request:
    method: get
    uri: http://fedoraAdmin:fedoraAdmin@127.0.0.1:8983/fedora-test/objects/changeme:221/datastreams?format=xml
    body:
      encoding: US-ASCII
      string: ''
    headers:
      Accept:
      - ! '*/*; q=0.5, application/xml'
      Accept-Encoding:
      - gzip, deflate
      User-Agent:
      - Ruby
  response:
    status:
      code: 200
      message: OK
    headers:
      Set-Cookie:
      - JSESSIONID=8zd1q5ttpmvq7vlnrnpzu1e;Path=/fedora-test
      Expires:
      - Thu, 01 Jan 1970 00:00:00 GMT
      Content-Type:
      - text/xml
      Date:
      - Mon, 11 Aug 2014 20:59:51 GMT
      Content-Length:
      - '782'
    body:
      encoding: US-ASCII
      string: <?xml version="1.0" encoding="UTF-8"?><objectDatastreams  xmlns="http://www.fedora.info/definitions/1/0/access/"
        xmlns:xsd="http://www.w3.org/2001/XMLSchema"  xmlns:xsi="http://www.w3.org/2001/XMLSchema-instance"  xsi:schemaLocation="http://www.fedora.info/definitions/1/0/access/
        http://www.fedora-commons.org/definitions/1/0/listDatastreams.xsd" pid="changeme:221"  baseURL="http://localhost:8983/fedora-test/"
        >    <datastream dsid="DC" label="Dublin Core Record for this object" mimeType="text/xml"
        />    <datastream dsid="RELS-EXT" label="Fedora Object-to-Object Relationship
        Metadata" mimeType="application/rdf+xml" />    <datastream dsid="descMetadata"
        label="" mimeType="text/plain" />    <datastream dsid="rightsMetadata" label=""
        mimeType="text/xml" /></objectDatastreams>
    http_version: 
  recorded_at: Mon, 11 Aug 2014 20:59:51 GMT
- request:
    method: get
    uri: http://fedoraAdmin:fedoraAdmin@127.0.0.1:8983/fedora-test/objects/changeme:221/datastreams/RELS-EXT?format=xml
    body:
      encoding: US-ASCII
      string: ''
    headers:
      Accept:
      - ! '*/*; q=0.5, application/xml'
      Accept-Encoding:
      - gzip, deflate
      User-Agent:
      - Ruby
  response:
    status:
      code: 200
      message: OK
    headers:
      Set-Cookie:
      - JSESSIONID=fq23hy1l1zwx146joekbdo1h1;Path=/fedora-test
      Expires:
      - Thu, 01 Jan 1970 00:00:00 GMT
      Content-Type:
      - text/xml
      Date:
      - Mon, 11 Aug 2014 20:59:51 GMT
      Content-Length:
      - '917'
    body:
      encoding: US-ASCII
      string: <?xml version="1.0" encoding="UTF-8"?><datastreamProfile  xmlns="http://www.fedora.info/definitions/1/0/management/"  xmlns:xsd="http://www.w3.org/2001/XMLSchema"
        xmlns:xsi="http://www.w3.org/2001/XMLSchema-instance" xsi:schemaLocation="http://www.fedora.info/definitions/1/0/management/
        http://www.fedora.info/definitions/1/0/datastreamProfile.xsd" pid="changeme:221"
        dsID="RELS-EXT" ><dsLabel>Fedora Object-to-Object Relationship Metadata</dsLabel><dsVersionID>RELS-EXT.0</dsVersionID><dsCreateDate>2014-08-11T20:59:49.855Z</dsCreateDate><dsState>A</dsState><dsMIME>application/rdf+xml</dsMIME><dsFormatURI></dsFormatURI><dsControlGroup>X</dsControlGroup><dsSize>282</dsSize><dsVersionable>true</dsVersionable><dsInfoType></dsInfoType><dsLocation>changeme:221+RELS-EXT+RELS-EXT.0</dsLocation><dsLocationType></dsLocationType><dsChecksumType>DISABLED</dsChecksumType><dsChecksum>none</dsChecksum></datastreamProfile>
    http_version: 
  recorded_at: Mon, 11 Aug 2014 20:59:51 GMT
- request:
    method: get
    uri: http://fedoraAdmin:fedoraAdmin@127.0.0.1:8983/fedora-test/objects/changeme:221/datastreams/RELS-EXT/content
    body:
      encoding: US-ASCII
      string: ''
    headers:
      Accept:
      - ! '*/*; q=0.5, application/xml'
      Accept-Encoding:
      - gzip, deflate
      User-Agent:
      - Ruby
  response:
    status:
      code: 200
      message: OK
    headers:
      Set-Cookie:
      - JSESSIONID=jx5ty7uvrw2lgwapt7bpgmbx;Path=/fedora-test
      Expires:
      - Thu, 01 Jan 1970 00:00:00 GMT
      Content-Disposition:
      - inline; filename="Fedora Object-to-Object Relationship Metadata.rdf"
      Content-Length:
      - '282'
      Content-Type:
      - application/rdf+xml
      Date:
      - Mon, 11 Aug 2014 20:59:51 GMT
    body:
      encoding: US-ASCII
      string: ! "\n<rdf:RDF xmlns:ns0=\"info:fedora/fedora-system:def/model#\" xmlns:rdf=\"http://www.w3.org/1999/02/22-rdf-syntax-ns#\">\n
        \ <rdf:Description rdf:about=\"info:fedora/changeme:221\">\n    <ns0:hasModel
        rdf:resource=\"info:fedora/afmodel:Nyucore\"></ns0:hasModel>\n  </rdf:Description>\n</rdf:RDF>\n"
    http_version: 
  recorded_at: Mon, 11 Aug 2014 20:59:51 GMT
- request:
    method: get
    uri: http://fedoraAdmin:fedoraAdmin@127.0.0.1:8983/fedora-test/objects/changeme:221/datastreams/descMetadata?format=xml
    body:
      encoding: US-ASCII
      string: ''
    headers:
      Accept:
      - ! '*/*; q=0.5, application/xml'
      Accept-Encoding:
      - gzip, deflate
      User-Agent:
      - Ruby
  response:
    status:
      code: 200
      message: OK
    headers:
      Set-Cookie:
      - JSESSIONID=e4sgy734qv6lr1syb5nc66c2;Path=/fedora-test
      Expires:
      - Thu, 01 Jan 1970 00:00:00 GMT
      Content-Type:
      - text/xml
      Date:
      - Mon, 11 Aug 2014 20:59:51 GMT
      Content-Length:
      - '891'
    body:
      encoding: US-ASCII
      string: <?xml version="1.0" encoding="UTF-8"?><datastreamProfile  xmlns="http://www.fedora.info/definitions/1/0/management/"  xmlns:xsd="http://www.w3.org/2001/XMLSchema"
        xmlns:xsi="http://www.w3.org/2001/XMLSchema-instance" xsi:schemaLocation="http://www.fedora.info/definitions/1/0/management/
        http://www.fedora.info/definitions/1/0/datastreamProfile.xsd" pid="changeme:221"
        dsID="descMetadata" ><dsLabel></dsLabel><dsVersionID>descMetadata.1</dsVersionID><dsCreateDate>2014-08-11T20:59:50.592Z</dsCreateDate><dsState>A</dsState><dsMIME>text/plain</dsMIME><dsFormatURI></dsFormatURI><dsControlGroup>M</dsControlGroup><dsSize>1761</dsSize><dsVersionable>true</dsVersionable><dsInfoType></dsInfoType><dsLocation>changeme:221+descMetadata+descMetadata.1</dsLocation><dsLocationType>INTERNAL_ID</dsLocationType><dsChecksumType>DISABLED</dsChecksumType><dsChecksum>none</dsChecksum></datastreamProfile>
    http_version: 
  recorded_at: Mon, 11 Aug 2014 20:59:51 GMT
- request:
    method: get
    uri: http://fedoraAdmin:fedoraAdmin@127.0.0.1:8983/fedora-test/objects/changeme:221/datastreams/descMetadata/content
    body:
      encoding: US-ASCII
      string: ''
    headers:
      Accept:
      - ! '*/*; q=0.5, application/xml'
      Accept-Encoding:
      - gzip, deflate
      User-Agent:
      - Ruby
  response:
    status:
      code: 200
      message: OK
    headers:
      Set-Cookie:
      - JSESSIONID=1tjsm4hgqzgw013e2zhqwufkc7;Path=/fedora-test
      Expires:
      - Thu, 01 Jan 1970 00:00:00 GMT
      Content-Disposition:
      - inline; filename="descMetadata.txt"
      Content-Length:
      - '1761'
      Content-Type:
      - text/plain
      Date:
      - Mon, 11 Aug 2014 20:59:51 GMT
    body:
      encoding: US-ASCII
      string: ! '<info:fedora/changeme:221> <http://purl.org/dc/terms/title> "Cymbeline"
        .

        <info:fedora/changeme:221> <http://purl.org/dc/terms/creator> "Hugh Plisher"
        .

        <info:fedora/changeme:221> <http://harper.bobst.nyu.edu/data/nyucore#available>
        "http://library.nyu.edu" .

        <info:fedora/changeme:221> <http://purl.org/dc/terms/description> "Lorem ipsum
        dolor sit amet, consectetur adipiscing elit. Curabitur non posuere lectus.
        In facilisis, arcu nec tempor vulputate, justo elit aliquet sapien, in tincidunt
        lorem purus eu nulla." .

        <info:fedora/changeme:221> <http://harper.bobst.nyu.edu/data/nyucore#edition>
        "10C" .

        <info:fedora/changeme:221> <http://harper.bobst.nyu.edu/data/nyucore#series>
        "NYCDCP_DCPLION_10CAV" .

        <info:fedora/changeme:221> <http://harper.bobst.nyu.edu/data/nyucore#version>
        "DSS.NYCDCP_DCPLION_10cavDSS.BOLIVAR" .

        <info:fedora/changeme:221> <http://purl.org/dc/terms/date> "12/05/2014" .

        <info:fedora/changeme:221> <http://purl.org/dc/terms/date> "04/01/1666" .

        <info:fedora/changeme:221> <http://purl.org/dc/terms/type> "Rosie Stuff" .

        <info:fedora/changeme:221> <http://purl.org/dc/terms/language> "English" .

        <info:fedora/changeme:221> <http://purl.org/dc/terms/relation> "relation1"
        .

        <info:fedora/changeme:221> <http://purl.org/dc/terms/rights> "rights1" .

        <info:fedora/changeme:221> <http://purl.org/dc/terms/subject> "vexillology"
        .

        <info:fedora/changeme:221> <http://purl.org/dc/terms/publisher> "Rosie" .

        <info:fedora/changeme:221> <http://purl.org/dc/terms/format> "ZIP" .

        <info:fedora/changeme:221> <http://harper.bobst.nyu.edu/data/nyucore#citation>
        "Cite" .

        <info:fedora/changeme:221> <http://harper.bobst.nyu.edu/data/nyucore#citation>
        "Me" .

        <info:fedora/changeme:221> <http://purl.org/dc/terms/identifier> "NYCDCP_DCPLION_10CAV_1"
        .

'
    http_version: 
  recorded_at: Mon, 11 Aug 2014 20:59:51 GMT
- request:
    method: get
    uri: http://fedoraAdmin:fedoraAdmin@127.0.0.1:8983/fedora-test/objects/changeme:221/datastreams/rightsMetadata?format=xml
    body:
      encoding: US-ASCII
      string: ''
    headers:
      Accept:
      - ! '*/*; q=0.5, application/xml'
      Accept-Encoding:
      - gzip, deflate
      User-Agent:
      - Ruby
  response:
    status:
      code: 200
      message: OK
    headers:
      Set-Cookie:
      - JSESSIONID=6a559b9mu0qlyatibxpd8vab;Path=/fedora-test
      Expires:
      - Thu, 01 Jan 1970 00:00:00 GMT
      Content-Type:
      - text/xml
      Date:
      - Mon, 11 Aug 2014 20:59:51 GMT
      Content-Length:
      - '896'
    body:
      encoding: US-ASCII
      string: <?xml version="1.0" encoding="UTF-8"?><datastreamProfile  xmlns="http://www.fedora.info/definitions/1/0/management/"  xmlns:xsd="http://www.w3.org/2001/XMLSchema"
        xmlns:xsi="http://www.w3.org/2001/XMLSchema-instance" xsi:schemaLocation="http://www.fedora.info/definitions/1/0/management/
        http://www.fedora.info/definitions/1/0/datastreamProfile.xsd" pid="changeme:221"
        dsID="rightsMetadata" ><dsLabel></dsLabel><dsVersionID>rightsMetadata.0</dsVersionID><dsCreateDate>2014-08-11T20:59:50.352Z</dsCreateDate><dsState>A</dsState><dsMIME>text/xml</dsMIME><dsFormatURI></dsFormatURI><dsControlGroup>M</dsControlGroup><dsSize>521</dsSize><dsVersionable>true</dsVersionable><dsInfoType></dsInfoType><dsLocation>changeme:221+rightsMetadata+rightsMetadata.0</dsLocation><dsLocationType>INTERNAL_ID</dsLocationType><dsChecksumType>DISABLED</dsChecksumType><dsChecksum>none</dsChecksum></datastreamProfile>
    http_version: 
  recorded_at: Mon, 11 Aug 2014 20:59:51 GMT
- request:
    method: get
    uri: http://fedoraAdmin:fedoraAdmin@127.0.0.1:8983/fedora-test/objects/changeme:221/datastreams/DC?format=xml
    body:
      encoding: US-ASCII
      string: ''
    headers:
      Accept:
      - ! '*/*; q=0.5, application/xml'
      Accept-Encoding:
      - gzip, deflate
      User-Agent:
      - Ruby
  response:
    status:
      code: 200
      message: OK
    headers:
      Set-Cookie:
      - JSESSIONID=1bvdiw8sbexfa1ms9nmjal7an1;Path=/fedora-test
      Expires:
      - Thu, 01 Jan 1970 00:00:00 GMT
      Content-Type:
      - text/xml
      Date:
      - Mon, 11 Aug 2014 20:59:51 GMT
      Content-Length:
      - '916'
    body:
      encoding: US-ASCII
      string: <?xml version="1.0" encoding="UTF-8"?><datastreamProfile  xmlns="http://www.fedora.info/definitions/1/0/management/"  xmlns:xsd="http://www.w3.org/2001/XMLSchema"
        xmlns:xsi="http://www.w3.org/2001/XMLSchema-instance" xsi:schemaLocation="http://www.fedora.info/definitions/1/0/management/
        http://www.fedora.info/definitions/1/0/datastreamProfile.xsd" pid="changeme:221"
        dsID="DC" ><dsLabel>Dublin Core Record for this object</dsLabel><dsVersionID>DC1.0</dsVersionID><dsCreateDate>2014-08-11T20:59:49.712Z</dsCreateDate><dsState>A</dsState><dsMIME>text/xml</dsMIME><dsFormatURI>http://www.openarchives.org/OAI/2.0/oai_dc/</dsFormatURI><dsControlGroup>X</dsControlGroup><dsSize>341</dsSize><dsVersionable>true</dsVersionable><dsInfoType></dsInfoType><dsLocation>changeme:221+DC+DC1.0</dsLocation><dsLocationType></dsLocationType><dsChecksumType>DISABLED</dsChecksumType><dsChecksum>none</dsChecksum></datastreamProfile>
    http_version: 
  recorded_at: Mon, 11 Aug 2014 20:59:51 GMT
- request:
    method: get
    uri: http://fedoraAdmin:fedoraAdmin@127.0.0.1:8983/fedora-test/objects/changeme:221/datastreams/DC/content
    body:
      encoding: US-ASCII
      string: ''
    headers:
      Accept:
      - ! '*/*; q=0.5, application/xml'
      Accept-Encoding:
      - gzip, deflate
      User-Agent:
      - Ruby
  response:
    status:
      code: 200
      message: OK
    headers:
      Set-Cookie:
      - JSESSIONID=1ueadn2l0k7zoxom32b8xj1m8;Path=/fedora-test
      Expires:
      - Thu, 01 Jan 1970 00:00:00 GMT
      Content-Disposition:
      - inline; filename="Dublin Core Record for this object.xml"
      Content-Length:
      - '341'
      Content-Type:
      - text/xml
      Date:
      - Mon, 11 Aug 2014 20:59:51 GMT
    body:
      encoding: US-ASCII
      string: ! "\n<oai_dc:dc xmlns:oai_dc=\"http://www.openarchives.org/OAI/2.0/oai_dc/\"
        xmlns:dc=\"http://purl.org/dc/elements/1.1/\" xmlns:xsi=\"http://www.w3.org/2001/XMLSchema-instance\"
        xsi:schemaLocation=\"http://www.openarchives.org/OAI/2.0/oai_dc/ http://www.openarchives.org/OAI/2.0/oai_dc.xsd\">\n
        \ <dc:identifier>changeme:221</dc:identifier>\n</oai_dc:dc>\n"
    http_version: 
  recorded_at: Mon, 11 Aug 2014 20:59:51 GMT
- request:
    method: put
    uri: http://fedoraAdmin:fedoraAdmin@127.0.0.1:8983/fedora-test/objects/changeme:221/datastreams/descMetadata?mimeType=text/plain
    body:
      encoding: UTF-8
      string: ! '<info:fedora/changeme:221> <http://purl.org/dc/terms/title> "Cymbeline"
        .

        <info:fedora/changeme:221> <http://purl.org/dc/terms/creator> "Hugh Plisher"
        .

        <info:fedora/changeme:221> <http://purl.org/dc/terms/type> "Rosie Stuff" .

        <info:fedora/changeme:221> <http://purl.org/dc/terms/publisher> "Rosie" .

        <info:fedora/changeme:221> <http://purl.org/dc/terms/identifier> "NYCDCP_DCPLION_10CAV_1"
        .

        <info:fedora/changeme:221> <http://harper.bobst.nyu.edu/data/nyucore#available>
        "http://library.nyu.edu" .

        <info:fedora/changeme:221> <http://purl.org/dc/terms/description> "Lorem ipsum
        dolor sit amet, consectetur adipiscing elit. Curabitur non posuere lectus.
        In facilisis, arcu nec tempor vulputate, justo elit aliquet sapien, in tincidunt
        lorem purus eu nulla." .

        <info:fedora/changeme:221> <http://harper.bobst.nyu.edu/data/nyucore#edition>
        "10C" .

        <info:fedora/changeme:221> <http://harper.bobst.nyu.edu/data/nyucore#series>
        "NYCDCP_DCPLION_10CAV" .

        <info:fedora/changeme:221> <http://harper.bobst.nyu.edu/data/nyucore#version>
        "DSS.NYCDCP_DCPLION_10cavDSS.BOLIVAR" .

        <info:fedora/changeme:221> <http://purl.org/dc/terms/date> "12/05/2014" .

        <info:fedora/changeme:221> <http://purl.org/dc/terms/date> "04/01/1666" .

        <info:fedora/changeme:221> <http://purl.org/dc/terms/format> "ZIP" .

        <info:fedora/changeme:221> <http://purl.org/dc/terms/language> "English" .

        <info:fedora/changeme:221> <http://purl.org/dc/terms/relation> "relation1"
        .

        <info:fedora/changeme:221> <http://purl.org/dc/terms/rights> "rights1" .

        <info:fedora/changeme:221> <http://purl.org/dc/terms/subject> "vexillology"
        .

        <info:fedora/changeme:221> <http://harper.bobst.nyu.edu/data/nyucore#citation>
        "Cite" .

        <info:fedora/changeme:221> <http://harper.bobst.nyu.edu/data/nyucore#citation>
        "Me" .

'
    headers:
      Accept:
      - ! '*/*; q=0.5, application/xml'
      Accept-Encoding:
      - gzip, deflate
      Multipart:
      - 'true'
      Content-Type:
      - text/plain
      Content-Length:
      - '1761'
      User-Agent:
      - Ruby
  response:
    status:
      code: 200
      message: OK
    headers:
      Set-Cookie:
      - JSESSIONID=1c68on0vpqrgcgjwipq17w3mi;Path=/fedora-test
      Expires:
      - Thu, 01 Jan 1970 00:00:00 GMT
      Content-Type:
      - text/xml
      Date:
      - Mon, 11 Aug 2014 20:59:51 GMT
      Content-Length:
      - '891'
    body:
      encoding: US-ASCII
      string: <?xml version="1.0" encoding="UTF-8"?><datastreamProfile  xmlns="http://www.fedora.info/definitions/1/0/management/"  xmlns:xsd="http://www.w3.org/2001/XMLSchema"
        xmlns:xsi="http://www.w3.org/2001/XMLSchema-instance" xsi:schemaLocation="http://www.fedora.info/definitions/1/0/management/
        http://www.fedora.info/definitions/1/0/datastreamProfile.xsd" pid="changeme:221"
        dsID="descMetadata" ><dsLabel></dsLabel><dsVersionID>descMetadata.2</dsVersionID><dsCreateDate>2014-08-11T20:59:51.526Z</dsCreateDate><dsState>A</dsState><dsMIME>text/plain</dsMIME><dsFormatURI></dsFormatURI><dsControlGroup>M</dsControlGroup><dsSize>1761</dsSize><dsVersionable>true</dsVersionable><dsInfoType></dsInfoType><dsLocation>changeme:221+descMetadata+descMetadata.2</dsLocation><dsLocationType>INTERNAL_ID</dsLocationType><dsChecksumType>DISABLED</dsChecksumType><dsChecksum>none</dsChecksum></datastreamProfile>
    http_version: 
  recorded_at: Mon, 11 Aug 2014 20:59:51 GMT
- request:
    method: get
    uri: http://fedoraAdmin:fedoraAdmin@127.0.0.1:8983/fedora-test/objects/changeme:221/datastreams/descMetadata?format=xml
    body:
      encoding: US-ASCII
      string: ''
    headers:
      Accept:
      - ! '*/*; q=0.5, application/xml'
      Accept-Encoding:
      - gzip, deflate
      User-Agent:
      - Ruby
  response:
    status:
      code: 200
      message: OK
    headers:
      Set-Cookie:
      - JSESSIONID=ho44j0sxxa7chithj8uv24f3;Path=/fedora-test
      Expires:
      - Thu, 01 Jan 1970 00:00:00 GMT
      Content-Type:
      - text/xml
      Date:
      - Mon, 11 Aug 2014 20:59:51 GMT
      Content-Length:
      - '891'
    body:
      encoding: US-ASCII
      string: <?xml version="1.0" encoding="UTF-8"?><datastreamProfile  xmlns="http://www.fedora.info/definitions/1/0/management/"  xmlns:xsd="http://www.w3.org/2001/XMLSchema"
        xmlns:xsi="http://www.w3.org/2001/XMLSchema-instance" xsi:schemaLocation="http://www.fedora.info/definitions/1/0/management/
        http://www.fedora.info/definitions/1/0/datastreamProfile.xsd" pid="changeme:221"
        dsID="descMetadata" ><dsLabel></dsLabel><dsVersionID>descMetadata.2</dsVersionID><dsCreateDate>2014-08-11T20:59:51.526Z</dsCreateDate><dsState>A</dsState><dsMIME>text/plain</dsMIME><dsFormatURI></dsFormatURI><dsControlGroup>M</dsControlGroup><dsSize>1761</dsSize><dsVersionable>true</dsVersionable><dsInfoType></dsInfoType><dsLocation>changeme:221+descMetadata+descMetadata.2</dsLocation><dsLocationType>INTERNAL_ID</dsLocationType><dsChecksumType>DISABLED</dsChecksumType><dsChecksum>none</dsChecksum></datastreamProfile>
    http_version: 
  recorded_at: Mon, 11 Aug 2014 20:59:51 GMT
- request:
    method: get
    uri: http://fedoraAdmin:fedoraAdmin@127.0.0.1:8983/fedora-test/objects/changeme:221/datastreams/rightsMetadata/content
    body:
      encoding: US-ASCII
      string: ''
    headers:
      Accept:
      - ! '*/*; q=0.5, application/xml'
      Accept-Encoding:
      - gzip, deflate
      User-Agent:
      - Ruby
  response:
    status:
      code: 200
      message: OK
    headers:
      Set-Cookie:
      - JSESSIONID=x93kj5h4qelftxbqu42uptob;Path=/fedora-test
      Expires:
      - Thu, 01 Jan 1970 00:00:00 GMT
      Content-Disposition:
      - inline; filename="rightsMetadata.xml"
      Content-Length:
      - '521'
      Content-Type:
      - text/xml
      Date:
      - Mon, 11 Aug 2014 20:59:51 GMT
    body:
      encoding: US-ASCII
      string: ! "<rightsMetadata xmlns=\"http://hydra-collab.stanford.edu/schemas/rightsMetadata/v1\"
        version=\"0.1\">\n  <copyright>\n    <human type=\"title\"/>\n    <human type=\"description\"/>\n
        \   <machine type=\"uri\"/>\n  </copyright>\n  <access type=\"discover\">\n
        \   <human/>\n    <machine/>\n  </access>\n  <access type=\"read\">\n    <human/>\n
        \   <machine/>\n  </access>\n  <access type=\"edit\">\n    <human/>\n    <machine>\n
        \     <group>admin_group</group>\n    </machine>\n  </access>\n  <embargo>\n
        \   <human/>\n    <machine/>\n  </embargo>\n</rightsMetadata>"
    http_version: 
  recorded_at: Mon, 11 Aug 2014 20:59:51 GMT
- request:
    method: post
    uri: http://127.0.0.1:8983/solr/test/update?wt=ruby
    body:
      encoding: US-ASCII
      string: <?xml version="1.0" encoding="UTF-8"?><add><doc><field name="system_create_dtsi">2014-08-11T20:59:49Z</field><field
        name="system_modified_dtsi">2014-08-11T20:59:50Z</field><field name="object_state_ssi">A</field><field
        name="active_fedora_model_ssi">Nyucore</field><field name="id">changeme:221</field><field
        name="object_profile_ssm">{"datastreams":{"DC":{"dsLabel":"Dublin Core Record
        for this object","dsVersionID":"DC1.0","dsCreateDate":"2014-08-11T20:59:49Z","dsState":"A","dsMIME":"text/xml","dsFormatURI":"http://www.openarchives.org/OAI/2.0/oai_dc/","dsControlGroup":"X","dsSize":341,"dsVersionable":true,"dsInfoType":null,"dsLocation":"changeme:221+DC+DC1.0","dsLocationType":null,"dsChecksumType":"DISABLED","dsChecksum":"none"},"RELS-EXT":{"dsLabel":"Fedora
        Object-to-Object Relationship Metadata","dsVersionID":"RELS-EXT.0","dsCreateDate":"2014-08-11T20:59:49Z","dsState":"A","dsMIME":"application/rdf+xml","dsFormatURI":null,"dsControlGroup":"X","dsSize":282,"dsVersionable":true,"dsInfoType":null,"dsLocation":"changeme:221+RELS-EXT+RELS-EXT.0","dsLocationType":null,"dsChecksumType":"DISABLED","dsChecksum":"none"},"descMetadata":{"dsLabel":null,"dsVersionID":"descMetadata.2","dsCreateDate":"2014-08-11T20:59:51Z","dsState":"A","dsMIME":"text/plain","dsFormatURI":null,"dsControlGroup":"M","dsSize":1761,"dsVersionable":true,"dsInfoType":null,"dsLocation":"changeme:221+descMetadata+descMetadata.2","dsLocationType":"INTERNAL_ID","dsChecksumType":"DISABLED","dsChecksum":"none"},"rightsMetadata":{"dsLabel":null,"dsVersionID":"rightsMetadata.0","dsCreateDate":"2014-08-11T20:59:50Z","dsState":"A","dsMIME":"text/xml","dsFormatURI":null,"dsControlGroup":"M","dsSize":521,"dsVersionable":true,"dsInfoType":null,"dsLocation":"changeme:221+rightsMetadata+rightsMetadata.0","dsLocationType":"INTERNAL_ID","dsChecksumType":"DISABLED","dsChecksum":"none"}},"objLabel":null,"objOwnerId":"fedoraAdmin","objModels":["info:fedora/afmodel:Nyucore","info:fedora/fedora-system:FedoraObject-3.0"],"objCreateDate":"2014-08-11T20:59:49Z","objLastModDate":"2014-08-11T20:59:50Z","objDissIndexViewURL":"http://localhost:8983/fedora-test/objects/changeme%3A221/methods/fedora-system%3A3/viewMethodIndex","objItemIndexViewURL":"http://localhost:8983/fedora-test/objects/changeme%3A221/methods/fedora-system%3A3/viewItemIndex","objState":"A"}</field><field
        name="desc_metadata__title_tesim">Cymbeline</field><field name="desc_metadata__creator_tesim">Hugh
        Plisher</field><field name="desc_metadata__creator_sim">Hugh Plisher</field><field
        name="desc_metadata__type_tesim">Rosie Stuff</field><field name="desc_metadata__type_sim">Rosie
        Stuff</field><field name="desc_metadata__publisher_tesim">Rosie</field><field
        name="desc_metadata__identifier_tesim">NYCDCP_DCPLION_10CAV_1</field><field
        name="desc_metadata__available_tesim">http://library.nyu.edu</field><field
        name="desc_metadata__description_tesim">Lorem ipsum dolor sit amet, consectetur
        adipiscing elit. Curabitur non posuere lectus. In facilisis, arcu nec tempor
        vulputate, justo elit aliquet sapien, in tincidunt lorem purus eu nulla.</field><field
        name="desc_metadata__edition_tesim">10C</field><field name="desc_metadata__series_tesim">NYCDCP_DCPLION_10CAV</field><field
        name="desc_metadata__version_tesim">DSS.NYCDCP_DCPLION_10cavDSS.BOLIVAR</field><field
        name="desc_metadata__date_tesim">12/05/2014</field><field name="desc_metadata__date_tesim">04/01/1666</field><field
        name="desc_metadata__format_tesim">ZIP</field><field name="desc_metadata__language_tesim">English</field><field
        name="desc_metadata__language_sim">English</field><field name="desc_metadata__relation_tesim">relation1</field><field
        name="desc_metadata__rights_tesim">rights1</field><field name="desc_metadata__subject_tesim">vexillology</field><field
        name="desc_metadata__subject_sim">vexillology</field><field name="desc_metadata__citation_tesim">Cite</field><field
        name="desc_metadata__citation_tesim">Me</field><field name="edit_access_group_ssim">admin_group</field><field
        name="has_model_ssim">info:fedora/afmodel:Nyucore</field></doc></add>
    headers:
      Content-Type:
      - text/xml
  response:
    status:
      code: 200
      message: OK
    headers:
      Content-Type:
      - text/plain;charset=UTF-8
      Transfer-Encoding:
      - chunked
    body:
      encoding: US-ASCII
      string: ! '{''responseHeader''=>{''status''=>0,''QTime''=>2}}

'
    http_version: 
  recorded_at: Mon, 11 Aug 2014 20:59:51 GMT
- request:
    method: post
    uri: http://127.0.0.1:8983/solr/test/update?wt=ruby
    body:
      encoding: US-ASCII
      string: <?xml version="1.0" encoding="UTF-8"?><commit/>
    headers:
      Content-Type:
      - text/xml
  response:
    status:
      code: 200
      message: OK
    headers:
      Content-Type:
      - text/plain;charset=UTF-8
      Transfer-Encoding:
      - chunked
    body:
      encoding: US-ASCII
      string: ! '{''responseHeader''=>{''status''=>0,''QTime''=>6}}

'
    http_version: 
  recorded_at: Mon, 11 Aug 2014 20:59:51 GMT
- request:
    method: get
    uri: http://127.0.0.1:8983/solr/test/select?id=changeme:221&qt=permissions&wt=ruby
    body:
      encoding: US-ASCII
      string: ''
    headers: {}
  response:
    status:
      code: 200
      message: OK
    headers:
      Last-Modified:
      - Mon, 11 Aug 2014 20:59:51 GMT
      Etag:
      - ! '"MzUzODAwMDAwMDAwMDAwMFNvbHI="'
      Content-Type:
      - text/plain;charset=UTF-8
      Transfer-Encoding:
      - chunked
    body:
      encoding: US-ASCII
      string: ! "{'responseHeader'=>{'status'=>0,'QTime'=>1,'params'=>{'facet'=>'off','fl'=>'\n
        \       id,\n        access_ssim,\n        discover_access_group_ssim,discover_access_person_ssim,\n
        \       read_access_group_ssim,read_access_person_ssim,\n        edit_access_group_ssim,edit_access_person_ssim,\n
        \       depositor_ti,\n        embargo_release_date_dtsi\n        inheritable_access_ssim,\n
        \       inheritable_discover_access_group_ssim,inheritable_discover_access_person_ssim,\n
        \       inheritable_read_access_group_ssim,inheritable_read_access_person_ssim,\n
        \       inheritable_edit_access_group_ssim,inheritable_edit_access_person_ssim,\n
        \       inheritable_embargo_release_date_dtsi\n      ','echoParams'=>'all','q'=>'{!raw
        f=id v=$id}','rows'=>'1','id'=>'changeme:221','qt'=>'permissions','wt'=>'ruby'}},'response'=>{'numFound'=>1,'start'=>0,'docs'=>[{'id'=>'changeme:221','edit_access_group_ssim'=>['admin_group']}]}}\n"
    http_version: 
  recorded_at: Mon, 11 Aug 2014 20:59:51 GMT
- request:
    method: get
    uri: http://fedoraAdmin:fedoraAdmin@127.0.0.1:8983/fedora-test/objects/changeme:221?format=xml
    body:
      encoding: US-ASCII
      string: ''
    headers:
      Accept:
      - ! '*/*; q=0.5, application/xml'
      Accept-Encoding:
      - gzip, deflate
      User-Agent:
      - Ruby
  response:
    status:
      code: 200
      message: OK
    headers:
      Set-Cookie:
      - JSESSIONID=1so8nguyw0itjb2hsvqfkk2dc;Path=/fedora-test
      Expires:
      - Thu, 01 Jan 1970 00:00:00 GMT
      Content-Type:
      - text/xml
      Date:
      - Mon, 11 Aug 2014 20:59:51 GMT
      Content-Length:
      - '963'
    body:
      encoding: US-ASCII
      string: <?xml version="1.0" encoding="UTF-8"?><objectProfile  xmlns="http://www.fedora.info/definitions/1/0/access/"  xmlns:xsd="http://www.w3.org/2001/XMLSchema"
        xmlns:xsi="http://www.w3.org/2001/XMLSchema-instance" xsi:schemaLocation="http://www.fedora.info/definitions/1/0/access/
        http://www.fedora.info/definitions/1/0/objectProfile.xsd" pid="changeme:221"
        ><objLabel></objLabel><objOwnerId>fedoraAdmin</objOwnerId><objModels><model>info:fedora/afmodel:Nyucore</model><model>info:fedora/fedora-system:FedoraObject-3.0</model></objModels><objCreateDate>2014-08-11T20:59:49.712Z</objCreateDate><objLastModDate>2014-08-11T20:59:51.526Z</objLastModDate><objDissIndexViewURL>http://localhost:8983/fedora-test/objects/changeme%3A221/methods/fedora-system%3A3/viewMethodIndex</objDissIndexViewURL><objItemIndexViewURL>http://localhost:8983/fedora-test/objects/changeme%3A221/methods/fedora-system%3A3/viewItemIndex</objItemIndexViewURL><objState>A</objState></objectProfile>
    http_version: 
  recorded_at: Mon, 11 Aug 2014 20:59:51 GMT
- request:
    method: get
    uri: http://fedoraAdmin:fedoraAdmin@127.0.0.1:8983/fedora-test/objects/changeme:221/datastreams?format=xml
    body:
      encoding: US-ASCII
      string: ''
    headers:
      Accept:
      - ! '*/*; q=0.5, application/xml'
      Accept-Encoding:
      - gzip, deflate
      User-Agent:
      - Ruby
  response:
    status:
      code: 200
      message: OK
    headers:
      Set-Cookie:
      - JSESSIONID=84028ydih3eis5f662sbbztw;Path=/fedora-test
      Expires:
      - Thu, 01 Jan 1970 00:00:00 GMT
      Content-Type:
      - text/xml
      Date:
      - Mon, 11 Aug 2014 20:59:51 GMT
      Content-Length:
      - '782'
    body:
      encoding: US-ASCII
      string: <?xml version="1.0" encoding="UTF-8"?><objectDatastreams  xmlns="http://www.fedora.info/definitions/1/0/access/"
        xmlns:xsd="http://www.w3.org/2001/XMLSchema"  xmlns:xsi="http://www.w3.org/2001/XMLSchema-instance"  xsi:schemaLocation="http://www.fedora.info/definitions/1/0/access/
        http://www.fedora-commons.org/definitions/1/0/listDatastreams.xsd" pid="changeme:221"  baseURL="http://localhost:8983/fedora-test/"
        >    <datastream dsid="DC" label="Dublin Core Record for this object" mimeType="text/xml"
        />    <datastream dsid="RELS-EXT" label="Fedora Object-to-Object Relationship
        Metadata" mimeType="application/rdf+xml" />    <datastream dsid="descMetadata"
        label="" mimeType="text/plain" />    <datastream dsid="rightsMetadata" label=""
        mimeType="text/xml" /></objectDatastreams>
    http_version: 
  recorded_at: Mon, 11 Aug 2014 20:59:51 GMT
- request:
    method: get
    uri: http://fedoraAdmin:fedoraAdmin@127.0.0.1:8983/fedora-test/objects/changeme:221/datastreams/RELS-EXT?format=xml
    body:
      encoding: US-ASCII
      string: ''
    headers:
      Accept:
      - ! '*/*; q=0.5, application/xml'
      Accept-Encoding:
      - gzip, deflate
      User-Agent:
      - Ruby
  response:
    status:
      code: 200
      message: OK
    headers:
      Set-Cookie:
      - JSESSIONID=lj16bzlz8e6k15x245szcjlho;Path=/fedora-test
      Expires:
      - Thu, 01 Jan 1970 00:00:00 GMT
      Content-Type:
      - text/xml
      Date:
      - Mon, 11 Aug 2014 20:59:51 GMT
      Content-Length:
      - '917'
    body:
      encoding: US-ASCII
      string: <?xml version="1.0" encoding="UTF-8"?><datastreamProfile  xmlns="http://www.fedora.info/definitions/1/0/management/"  xmlns:xsd="http://www.w3.org/2001/XMLSchema"
        xmlns:xsi="http://www.w3.org/2001/XMLSchema-instance" xsi:schemaLocation="http://www.fedora.info/definitions/1/0/management/
        http://www.fedora.info/definitions/1/0/datastreamProfile.xsd" pid="changeme:221"
        dsID="RELS-EXT" ><dsLabel>Fedora Object-to-Object Relationship Metadata</dsLabel><dsVersionID>RELS-EXT.0</dsVersionID><dsCreateDate>2014-08-11T20:59:49.855Z</dsCreateDate><dsState>A</dsState><dsMIME>application/rdf+xml</dsMIME><dsFormatURI></dsFormatURI><dsControlGroup>X</dsControlGroup><dsSize>282</dsSize><dsVersionable>true</dsVersionable><dsInfoType></dsInfoType><dsLocation>changeme:221+RELS-EXT+RELS-EXT.0</dsLocation><dsLocationType></dsLocationType><dsChecksumType>DISABLED</dsChecksumType><dsChecksum>none</dsChecksum></datastreamProfile>
    http_version: 
  recorded_at: Mon, 11 Aug 2014 20:59:51 GMT
- request:
    method: get
    uri: http://fedoraAdmin:fedoraAdmin@127.0.0.1:8983/fedora-test/objects/changeme:221/datastreams/RELS-EXT/content
    body:
      encoding: US-ASCII
      string: ''
    headers:
      Accept:
      - ! '*/*; q=0.5, application/xml'
      Accept-Encoding:
      - gzip, deflate
      User-Agent:
      - Ruby
  response:
    status:
      code: 200
      message: OK
    headers:
      Set-Cookie:
      - JSESSIONID=ieheoady8gnt1gui2ckfqvgka;Path=/fedora-test
      Expires:
      - Thu, 01 Jan 1970 00:00:00 GMT
      Content-Disposition:
      - inline; filename="Fedora Object-to-Object Relationship Metadata.rdf"
      Content-Length:
      - '282'
      Content-Type:
      - application/rdf+xml
      Date:
      - Mon, 11 Aug 2014 20:59:51 GMT
    body:
      encoding: US-ASCII
      string: ! "\n<rdf:RDF xmlns:ns0=\"info:fedora/fedora-system:def/model#\" xmlns:rdf=\"http://www.w3.org/1999/02/22-rdf-syntax-ns#\">\n
        \ <rdf:Description rdf:about=\"info:fedora/changeme:221\">\n    <ns0:hasModel
        rdf:resource=\"info:fedora/afmodel:Nyucore\"></ns0:hasModel>\n  </rdf:Description>\n</rdf:RDF>\n"
    http_version: 
  recorded_at: Mon, 11 Aug 2014 20:59:51 GMT
- request:
    method: get
    uri: http://fedoraAdmin:fedoraAdmin@127.0.0.1:8983/fedora-test/objects/changeme:221/datastreams/descMetadata?format=xml
    body:
      encoding: US-ASCII
      string: ''
    headers:
      Accept:
      - ! '*/*; q=0.5, application/xml'
      Accept-Encoding:
      - gzip, deflate
      User-Agent:
      - Ruby
  response:
    status:
      code: 200
      message: OK
    headers:
      Set-Cookie:
      - JSESSIONID=19iqxjkgjscf416ajkzpk5w7q6;Path=/fedora-test
      Expires:
      - Thu, 01 Jan 1970 00:00:00 GMT
      Content-Type:
      - text/xml
      Date:
      - Mon, 11 Aug 2014 20:59:51 GMT
      Content-Length:
      - '891'
    body:
      encoding: US-ASCII
      string: <?xml version="1.0" encoding="UTF-8"?><datastreamProfile  xmlns="http://www.fedora.info/definitions/1/0/management/"  xmlns:xsd="http://www.w3.org/2001/XMLSchema"
        xmlns:xsi="http://www.w3.org/2001/XMLSchema-instance" xsi:schemaLocation="http://www.fedora.info/definitions/1/0/management/
        http://www.fedora.info/definitions/1/0/datastreamProfile.xsd" pid="changeme:221"
        dsID="descMetadata" ><dsLabel></dsLabel><dsVersionID>descMetadata.2</dsVersionID><dsCreateDate>2014-08-11T20:59:51.526Z</dsCreateDate><dsState>A</dsState><dsMIME>text/plain</dsMIME><dsFormatURI></dsFormatURI><dsControlGroup>M</dsControlGroup><dsSize>1761</dsSize><dsVersionable>true</dsVersionable><dsInfoType></dsInfoType><dsLocation>changeme:221+descMetadata+descMetadata.2</dsLocation><dsLocationType>INTERNAL_ID</dsLocationType><dsChecksumType>DISABLED</dsChecksumType><dsChecksum>none</dsChecksum></datastreamProfile>
    http_version: 
  recorded_at: Mon, 11 Aug 2014 20:59:51 GMT
- request:
    method: get
    uri: http://fedoraAdmin:fedoraAdmin@127.0.0.1:8983/fedora-test/objects/changeme:221/datastreams/descMetadata/content
    body:
      encoding: US-ASCII
      string: ''
    headers:
      Accept:
      - ! '*/*; q=0.5, application/xml'
      Accept-Encoding:
      - gzip, deflate
      User-Agent:
      - Ruby
  response:
    status:
      code: 200
      message: OK
    headers:
      Set-Cookie:
      - JSESSIONID=8mwdkpw8zex01n5z1t360mljy;Path=/fedora-test
      Expires:
      - Thu, 01 Jan 1970 00:00:00 GMT
      Content-Disposition:
      - inline; filename="descMetadata.txt"
      Content-Length:
      - '1761'
      Content-Type:
      - text/plain
      Date:
      - Mon, 11 Aug 2014 20:59:51 GMT
    body:
      encoding: US-ASCII
      string: ! '<info:fedora/changeme:221> <http://purl.org/dc/terms/title> "Cymbeline"
        .

        <info:fedora/changeme:221> <http://purl.org/dc/terms/creator> "Hugh Plisher"
        .

        <info:fedora/changeme:221> <http://purl.org/dc/terms/type> "Rosie Stuff" .

        <info:fedora/changeme:221> <http://purl.org/dc/terms/publisher> "Rosie" .

        <info:fedora/changeme:221> <http://purl.org/dc/terms/identifier> "NYCDCP_DCPLION_10CAV_1"
        .

        <info:fedora/changeme:221> <http://harper.bobst.nyu.edu/data/nyucore#available>
        "http://library.nyu.edu" .

        <info:fedora/changeme:221> <http://purl.org/dc/terms/description> "Lorem ipsum
        dolor sit amet, consectetur adipiscing elit. Curabitur non posuere lectus.
        In facilisis, arcu nec tempor vulputate, justo elit aliquet sapien, in tincidunt
        lorem purus eu nulla." .

        <info:fedora/changeme:221> <http://harper.bobst.nyu.edu/data/nyucore#edition>
        "10C" .

        <info:fedora/changeme:221> <http://harper.bobst.nyu.edu/data/nyucore#series>
        "NYCDCP_DCPLION_10CAV" .

        <info:fedora/changeme:221> <http://harper.bobst.nyu.edu/data/nyucore#version>
        "DSS.NYCDCP_DCPLION_10cavDSS.BOLIVAR" .

        <info:fedora/changeme:221> <http://purl.org/dc/terms/date> "12/05/2014" .

        <info:fedora/changeme:221> <http://purl.org/dc/terms/date> "04/01/1666" .

        <info:fedora/changeme:221> <http://purl.org/dc/terms/format> "ZIP" .

        <info:fedora/changeme:221> <http://purl.org/dc/terms/language> "English" .

        <info:fedora/changeme:221> <http://purl.org/dc/terms/relation> "relation1"
        .

        <info:fedora/changeme:221> <http://purl.org/dc/terms/rights> "rights1" .

        <info:fedora/changeme:221> <http://purl.org/dc/terms/subject> "vexillology"
        .

        <info:fedora/changeme:221> <http://harper.bobst.nyu.edu/data/nyucore#citation>
        "Cite" .

        <info:fedora/changeme:221> <http://harper.bobst.nyu.edu/data/nyucore#citation>
        "Me" .

'
    http_version: 
  recorded_at: Mon, 11 Aug 2014 20:59:51 GMT
- request:
    method: get
    uri: http://127.0.0.1:8983/solr/test/select?facet.field=collection_sim&fq=-has_model_ssim:%22info:fedora/afmodel:FileAsset%22&qf=desc_metadata__title_tesim%20desc_metadata__author_tesim%20desc_metadata__publisher_tesim%0A%20%20%20%20%20%20%20%20%20%20%20%20%20%20%20%20desc_metadata__type_tesim%20desc_metadata__description_tesim%20desc_metadata__series_tesim%0A%20%20%20%20%20%20%20%20%20%20%20%20%20%20%20%20desc_metadata__creator_tesim%20desc_metadata__subject_tesim&qt=search&rows=10&sort=score%20desc,%20pub_date_dtsi%20desc,%20title_tesi%20asc&wt=ruby
    body:
      encoding: US-ASCII
      string: ''
    headers: {}
  response:
    status:
      code: 200
      message: OK
    headers:
      Last-Modified:
      - Mon, 11 Aug 2014 20:59:51 GMT
      Etag:
      - ! '"MzUzODAwMDAwMDAwMDAwMFNvbHI="'
      Content-Type:
      - text/plain;charset=UTF-8
      Transfer-Encoding:
      - chunked
    body:
      encoding: US-ASCII
      string: ! "{'responseHeader'=>{'status'=>0,'QTime'=>4,'params'=>{'sort'=>'score
        desc, pub_date_dtsi desc, title_tesi asc','qf'=>'desc_metadata__title_tesim
        desc_metadata__author_tesim desc_metadata__publisher_tesim\n                desc_metadata__type_tesim
        desc_metadata__description_tesim desc_metadata__series_tesim\n                desc_metadata__creator_tesim
        desc_metadata__subject_tesim','facet.field'=>['desc_metadata__type_sim','desc_metadata__creator_sim','desc_metadata__subject_sim','desc_metadata__language_sim','collection_sim'],'qt'=>'search','wt'=>'ruby','fq'=>'-has_model_ssim:\"info:fedora/afmodel:FileAsset\"','rows'=>'10'}},'response'=>{'numFound'=>277,'start'=>0,'maxScore'=>1.0,'docs'=>[{'system_create_dtsi'=>'2014-05-21T19:53:54Z','system_modified_dtsi'=>'2014-05-21T19:53:54Z','object_state_ssi'=>'A','active_fedora_model_ssi'=>'Nyucore','id'=>'changeme:65','object_profile_ssm'=>['{\"datastreams\":{\"RELS-EXT\":{\"dsLabel\":\"Fedora
        Object-to-Object Relationship Metadata\",\"dsVersionID\":\"RELS-EXT.0\",\"dsCreateDate\":\"2014-05-21T19:53:54Z\",\"dsState\":\"A\",\"dsMIME\":\"application/rdf+xml\",\"dsFormatURI\":null,\"dsControlGroup\":\"X\",\"dsSize\":281,\"dsVersionable\":true,\"dsInfoType\":null,\"dsLocation\":\"changeme:65+RELS-EXT+RELS-EXT.0\",\"dsLocationType\":null,\"dsChecksumType\":\"DISABLED\",\"dsChecksum\":\"none\"},\"descMetadata\":{\"dsLabel\":null,\"dsVersionID\":\"descMetadata.0\",\"dsCreateDate\":\"2014-05-21T19:53:54Z\",\"dsState\":\"A\",\"dsMIME\":\"text/plain\",\"dsFormatURI\":null,\"dsControlGroup\":\"M\",\"dsSize\":1395,\"dsVersionable\":true,\"dsInfoType\":null,\"dsLocation\":\"changeme:65+descMetadata+descMetadata.0\",\"dsLocationType\":\"INTERNAL_ID\",\"dsChecksumType\":\"DISABLED\",\"dsChecksum\":\"none\"}},\"objLabel\":null,\"objOwnerId\":\"fedoraAdmin\",\"objModels\":[\"info:fedora/fedora-system:FedoraObject-3.0\"],\"objCreateDate\":\"2014-05-21T19:53:54Z\",\"objLastModDate\":\"2014-05-21T19:53:54Z\",\"objDissIndexViewURL\":\"http://localhost:8983/fedora-test/objects/changeme%3A65/methods/fedora-system%3A3/viewMethodIndex\",\"objItemIndexViewURL\":\"http://localhost:8983/fedora-test/objects/changeme%3A65/methods/fedora-system%3A3/viewItemIndex\",\"objState\":\"A\"}'],'desc_metadata__title_tesim'=>['Cymbeline'],'desc_metadata__creator_tesim'=>['new
        creator'],'desc_metadata__publisher_tesim'=>['new publisher'],'desc_metadata__available_tesim'=>['new
        available'],'desc_metadata__type_tesim'=>['new type'],'desc_metadata__description_tesim'=>['new
        description'],'desc_metadata__edition_tesim'=>['new edition'],'desc_metadata__series_tesim'=>['new
        series'],'desc_metadata__version_tesim'=>['new version'],'desc_metadata__date_tesim'=>['new
        date'],'desc_metadata__format_tesim'=>['new format'],'desc_metadata__language_tesim'=>['new
        language'],'desc_metadata__relation_tesim'=>['new relation'],'desc_metadata__rights_tesim'=>['new
        rights'],'desc_metadata__subject_tesim'=>['new subject'],'desc_metadata__citation_tesim'=>['new
        citation'],'desc_metadata__identifier_tesim'=>['new identifier'],'has_model_ssim'=>['info:fedora/afmodel:Nyucore'],'timestamp'=>'2014-05-21T19:53:54.903Z','score'=>1.0},{'system_create_dtsi'=>'2014-05-21T20:16:15Z','system_modified_dtsi'=>'2014-05-21T20:16:15Z','object_state_ssi'=>'A','active_fedora_model_ssi'=>'Nyucore','id'=>'changeme:69','object_profile_ssm'=>['{\"datastreams\":{\"RELS-EXT\":{\"dsLabel\":\"Fedora
        Object-to-Object Relationship Metadata\",\"dsVersionID\":\"RELS-EXT.0\",\"dsCreateDate\":\"2014-05-21T20:16:15Z\",\"dsState\":\"A\",\"dsMIME\":\"application/rdf+xml\",\"dsFormatURI\":null,\"dsControlGroup\":\"X\",\"dsSize\":281,\"dsVersionable\":true,\"dsInfoType\":null,\"dsLocation\":\"changeme:69+RELS-EXT+RELS-EXT.0\",\"dsLocationType\":null,\"dsChecksumType\":\"DISABLED\",\"dsChecksum\":\"none\"},\"descMetadata\":{\"dsLabel\":null,\"dsVersionID\":\"descMetadata.0\",\"dsCreateDate\":\"2014-05-21T20:16:15Z\",\"dsState\":\"A\",\"dsMIME\":\"text/plain\",\"dsFormatURI\":null,\"dsControlGroup\":\"M\",\"dsSize\":1359,\"dsVersionable\":true,\"dsInfoType\":null,\"dsLocation\":\"changeme:69+descMetadata+descMetadata.0\",\"dsLocationType\":\"INTERNAL_ID\",\"dsChecksumType\":\"DISABLED\",\"dsChecksum\":\"none\"}},\"objLabel\":null,\"objOwnerId\":\"fedoraAdmin\",\"objModels\":[\"info:fedora/fedora-system:FedoraObject-3.0\"],\"objCreateDate\":\"2014-05-21T20:16:15Z\",\"objLastModDate\":\"2014-05-21T20:16:15Z\",\"objDissIndexViewURL\":\"http://localhost:8983/fedora-test/objects/changeme%3A69/methods/fedora-system%3A3/viewMethodIndex\",\"objItemIndexViewURL\":\"http://localhost:8983/fedora-test/objects/changeme%3A69/methods/fedora-system%3A3/viewItemIndex\",\"objState\":\"A\"}'],'desc_metadata__title_tesim'=>['As
        You Like It'],'desc_metadata__type_tesim'=>['Text1'],'desc_metadata__available_tesim'=>['DSS.ShakeIt1'],'desc_metadata__description_tesim'=>['As
        You Like It1'],'desc_metadata__edition_tesim'=>['1st1'],'desc_metadata__series_tesim'=>['ESRI_10_STREETMAP1'],'desc_metadata__version_tesim'=>['2nd1'],'desc_metadata__date_tesim'=>['15941'],'desc_metadata__format_tesim'=>['Geospatial
        data1'],'desc_metadata__language_tesim'=>['English1'],'desc_metadata__relation_tesim'=>['Not
        sure what this is1'],'desc_metadata__rights_tesim'=>['All rights1'],'desc_metadata__subject_tesim'=>['Plays1'],'desc_metadata__citation_tesim'=>['B
        Shakes, SPC1'],'has_model_ssim'=>['info:fedora/afmodel:Nyucore'],'timestamp'=>'2014-05-21T20:16:15.967Z','score'=>1.0},{'system_create_dtsi'=>'2014-05-21T20:22:42Z','system_modified_dtsi'=>'2014-05-21T20:22:42Z','object_state_ssi'=>'A','active_fedora_model_ssi'=>'Nyucore','id'=>'changeme:70','object_profile_ssm'=>['{\"datastreams\":{\"RELS-EXT\":{\"dsLabel\":\"Fedora
        Object-to-Object Relationship Metadata\",\"dsVersionID\":\"RELS-EXT.0\",\"dsCreateDate\":\"2014-05-21T20:22:42Z\",\"dsState\":\"A\",\"dsMIME\":\"application/rdf+xml\",\"dsFormatURI\":null,\"dsControlGroup\":\"X\",\"dsSize\":281,\"dsVersionable\":true,\"dsInfoType\":null,\"dsLocation\":\"changeme:70+RELS-EXT+RELS-EXT.0\",\"dsLocationType\":null,\"dsChecksumType\":\"DISABLED\",\"dsChecksum\":\"none\"},\"descMetadata\":{\"dsLabel\":null,\"dsVersionID\":\"descMetadata.0\",\"dsCreateDate\":\"2014-05-21T20:22:42Z\",\"dsState\":\"A\",\"dsMIME\":\"text/plain\",\"dsFormatURI\":null,\"dsControlGroup\":\"M\",\"dsSize\":1359,\"dsVersionable\":true,\"dsInfoType\":null,\"dsLocation\":\"changeme:70+descMetadata+descMetadata.0\",\"dsLocationType\":\"INTERNAL_ID\",\"dsChecksumType\":\"DISABLED\",\"dsChecksum\":\"none\"}},\"objLabel\":null,\"objOwnerId\":\"fedoraAdmin\",\"objModels\":[\"info:fedora/fedora-system:FedoraObject-3.0\"],\"objCreateDate\":\"2014-05-21T20:22:42Z\",\"objLastModDate\":\"2014-05-21T20:22:42Z\",\"objDissIndexViewURL\":\"http://localhost:8983/fedora-test/objects/changeme%3A70/methods/fedora-system%3A3/viewMethodIndex\",\"objItemIndexViewURL\":\"http://localhost:8983/fedora-test/objects/changeme%3A70/methods/fedora-system%3A3/viewItemIndex\",\"objState\":\"A\"}'],'desc_metadata__title_tesim'=>['As
        You Like It'],'desc_metadata__type_tesim'=>['Text1'],'desc_metadata__available_tesim'=>['DSS.ShakeIt1'],'desc_metadata__description_tesim'=>['As
        You Like It1'],'desc_metadata__edition_tesim'=>['1st1'],'desc_metadata__series_tesim'=>['ESRI_10_STREETMAP1'],'desc_metadata__version_tesim'=>['2nd1'],'desc_metadata__date_tesim'=>['15941'],'desc_metadata__format_tesim'=>['Geospatial
        data1'],'desc_metadata__language_tesim'=>['English1'],'desc_metadata__relation_tesim'=>['Not
        sure what this is1'],'desc_metadata__rights_tesim'=>['All rights1'],'desc_metadata__subject_tesim'=>['Plays1'],'desc_metadata__citation_tesim'=>['B
        Shakes, SPC1'],'has_model_ssim'=>['info:fedora/afmodel:Nyucore'],'timestamp'=>'2014-05-21T20:22:43.03Z','score'=>1.0},{'system_create_dtsi'=>'2014-05-21T20:27:52Z','system_modified_dtsi'=>'2014-05-21T20:27:52Z','object_state_ssi'=>'A','active_fedora_model_ssi'=>'Nyucore','id'=>'changeme:71','object_profile_ssm'=>['{\"datastreams\":{\"RELS-EXT\":{\"dsLabel\":\"Fedora
        Object-to-Object Relationship Metadata\",\"dsVersionID\":\"RELS-EXT.0\",\"dsCreateDate\":\"2014-05-21T20:27:52Z\",\"dsState\":\"A\",\"dsMIME\":\"application/rdf+xml\",\"dsFormatURI\":null,\"dsControlGroup\":\"X\",\"dsSize\":281,\"dsVersionable\":true,\"dsInfoType\":null,\"dsLocation\":\"changeme:71+RELS-EXT+RELS-EXT.0\",\"dsLocationType\":null,\"dsChecksumType\":\"DISABLED\",\"dsChecksum\":\"none\"},\"descMetadata\":{\"dsLabel\":null,\"dsVersionID\":\"descMetadata.0\",\"dsCreateDate\":\"2014-05-21T20:27:52Z\",\"dsState\":\"A\",\"dsMIME\":\"text/plain\",\"dsFormatURI\":null,\"dsControlGroup\":\"M\",\"dsSize\":1359,\"dsVersionable\":true,\"dsInfoType\":null,\"dsLocation\":\"changeme:71+descMetadata+descMetadata.0\",\"dsLocationType\":\"INTERNAL_ID\",\"dsChecksumType\":\"DISABLED\",\"dsChecksum\":\"none\"}},\"objLabel\":null,\"objOwnerId\":\"fedoraAdmin\",\"objModels\":[\"info:fedora/fedora-system:FedoraObject-3.0\"],\"objCreateDate\":\"2014-05-21T20:27:52Z\",\"objLastModDate\":\"2014-05-21T20:27:52Z\",\"objDissIndexViewURL\":\"http://localhost:8983/fedora-test/objects/changeme%3A71/methods/fedora-system%3A3/viewMethodIndex\",\"objItemIndexViewURL\":\"http://localhost:8983/fedora-test/objects/changeme%3A71/methods/fedora-system%3A3/viewItemIndex\",\"objState\":\"A\"}'],'desc_metadata__title_tesim'=>['As
        You Like It'],'desc_metadata__type_tesim'=>['Text1'],'desc_metadata__available_tesim'=>['DSS.ShakeIt1'],'desc_metadata__description_tesim'=>['As
        You Like It1'],'desc_metadata__edition_tesim'=>['1st1'],'desc_metadata__series_tesim'=>['ESRI_10_STREETMAP1'],'desc_metadata__version_tesim'=>['2nd1'],'desc_metadata__date_tesim'=>['15941'],'desc_metadata__format_tesim'=>['Geospatial
        data1'],'desc_metadata__language_tesim'=>['English1'],'desc_metadata__relation_tesim'=>['Not
        sure what this is1'],'desc_metadata__rights_tesim'=>['All rights1'],'desc_metadata__subject_tesim'=>['Plays1'],'desc_metadata__citation_tesim'=>['B
        Shakes, SPC1'],'has_model_ssim'=>['info:fedora/afmodel:Nyucore'],'timestamp'=>'2014-05-21T20:27:52.835Z','score'=>1.0},{'system_create_dtsi'=>'2014-07-29T17:46:41Z','system_modified_dtsi'=>'2014-07-29T17:46:41Z','object_state_ssi'=>'A','active_fedora_model_ssi'=>'Nyucore','id'=>'changeme:81','object_profile_ssm'=>['{\"datastreams\":{\"RELS-EXT\":{\"dsLabel\":\"Fedora
        Object-to-Object Relationship Metadata\",\"dsVersionID\":\"RELS-EXT.0\",\"dsCreateDate\":\"2014-07-29T17:46:43Z\",\"dsState\":\"A\",\"dsMIME\":\"application/rdf+xml\",\"dsFormatURI\":null,\"dsControlGroup\":\"X\",\"dsSize\":281,\"dsVersionable\":true,\"dsInfoType\":null,\"dsLocation\":\"changeme:81+RELS-EXT+RELS-EXT.0\",\"dsLocationType\":null,\"dsChecksumType\":\"DISABLED\",\"dsChecksum\":\"none\"},\"descMetadata\":{\"dsLabel\":null,\"dsVersionID\":\"descMetadata.0\",\"dsCreateDate\":\"2014-07-29T17:46:45Z\",\"dsState\":\"A\",\"dsMIME\":\"text/plain\",\"dsFormatURI\":null,\"dsControlGroup\":\"M\",\"dsSize\":2430,\"dsVersionable\":true,\"dsInfoType\":null,\"dsLocation\":\"changeme:81+descMetadata+descMetadata.0\",\"dsLocationType\":\"INTERNAL_ID\",\"dsChecksumType\":\"DISABLED\",\"dsChecksum\":\"none\"}},\"objLabel\":null,\"objOwnerId\":\"fedoraAdmin\",\"objModels\":[\"info:fedora/fedora-system:FedoraObject-3.0\"],\"objCreateDate\":\"2014-07-29T17:46:41Z\",\"objLastModDate\":\"2014-07-29T17:46:41Z\",\"objDissIndexViewURL\":\"http://localhost:8983/fedora-test/objects/changeme%3A81/methods/fedora-system%3A3/viewMethodIndex\",\"objItemIndexViewURL\":\"http://localhost:8983/fedora-test/objects/changeme%3A81/methods/fedora-system%3A3/viewItemIndex\",\"objState\":\"A\"}'],'desc_metadata__title_tesim'=>['A
        Star Wars Guide to Fun in the Sun'],'desc_metadata__creator_tesim'=>['The
        Man'],'desc_metadata__publisher_tesim'=>['NYU'],'desc_metadata__available_tesim'=>['Avail
        1','Travail'],'desc_metadata__description_tesim'=>['Interesting topic','But
        poorly written'],'desc_metadata__edition_tesim'=>['Ed 1','Edition 1'],'desc_metadata__series_tesim'=>['Series
        1','Series I'],'desc_metadata__version_tesim'=>['V1','Latest Version'],'desc_metadata__date_tesim'=>['12/05/2014','04/01/1666'],'desc_metadata__format_tesim'=>['PDF','DNS'],'desc_metadata__language_tesim'=>['en','ger'],'desc_metadata__relation_tesim'=>['x
        is to y as y is to z','one and a two and a'],'desc_metadata__rights_tesim'=>['remain
        silent','hire an attorney'],'desc_metadata__subject_tesim'=>['Cryptozoology','Vexillology'],'desc_metadata__type_tesim'=>['Geospatial
        Data'],'desc_metadata__citation_tesim'=>['Shouldn\\'t have jumped the turnstile','Shouldn\\'t
        have ran a red light'],'desc_metadata__identifier_tesim'=>['rec123'],'has_model_ssim'=>['info:fedora/afmodel:Nyucore'],'collection_ssm'=>['Spatial
        Data Repository'],'timestamp'=>'2014-07-29T17:46:45.382Z','score'=>1.0},{'system_create_dtsi'=>'2014-07-29T17:47:07Z','system_modified_dtsi'=>'2014-07-29T17:47:07Z','object_state_ssi'=>'A','active_fedora_model_ssi'=>'Nyucore','id'=>'changeme:82','object_profile_ssm'=>['{\"datastreams\":{\"RELS-EXT\":{\"dsLabel\":\"Fedora
        Object-to-Object Relationship Metadata\",\"dsVersionID\":\"RELS-EXT.0\",\"dsCreateDate\":\"2014-07-29T17:47:07Z\",\"dsState\":\"A\",\"dsMIME\":\"application/rdf+xml\",\"dsFormatURI\":null,\"dsControlGroup\":\"X\",\"dsSize\":281,\"dsVersionable\":true,\"dsInfoType\":null,\"dsLocation\":\"changeme:82+RELS-EXT+RELS-EXT.0\",\"dsLocationType\":null,\"dsChecksumType\":\"DISABLED\",\"dsChecksum\":\"none\"},\"descMetadata\":{\"dsLabel\":null,\"dsVersionID\":\"descMetadata.0\",\"dsCreateDate\":\"2014-07-29T17:47:09Z\",\"dsState\":\"A\",\"dsMIME\":\"text/plain\",\"dsFormatURI\":null,\"dsControlGroup\":\"M\",\"dsSize\":2422,\"dsVersionable\":true,\"dsInfoType\":null,\"dsLocation\":\"changeme:82+descMetadata+descMetadata.0\",\"dsLocationType\":\"INTERNAL_ID\",\"dsChecksumType\":\"DISABLED\",\"dsChecksum\":\"none\"}},\"objLabel\":null,\"objOwnerId\":\"fedoraAdmin\",\"objModels\":[\"info:fedora/fedora-system:FedoraObject-3.0\"],\"objCreateDate\":\"2014-07-29T17:47:07Z\",\"objLastModDate\":\"2014-07-29T17:47:07Z\",\"objDissIndexViewURL\":\"http://localhost:8983/fedora-test/objects/changeme%3A82/methods/fedora-system%3A3/viewMethodIndex\",\"objItemIndexViewURL\":\"http://localhost:8983/fedora-test/objects/changeme%3A82/methods/fedora-system%3A3/viewItemIndex\",\"objState\":\"A\"}'],'desc_metadata__title_tesim'=>['A
        Star Wars Guide to Fun in the Sun'],'desc_metadata__creator_tesim'=>['The
        Man'],'desc_metadata__publisher_tesim'=>['NYU'],'desc_metadata__available_tesim'=>['Avail
        1','Travail'],'desc_metadata__description_tesim'=>['Interesting topic','But
        poorly written'],'desc_metadata__edition_tesim'=>['Ed 1','Edition 1'],'desc_metadata__series_tesim'=>['Series
        1','Series I'],'desc_metadata__version_tesim'=>['V1','Latest Version'],'desc_metadata__date_tesim'=>['12/05/2014','04/01/1666'],'desc_metadata__format_tesim'=>['PDF','DNS'],'desc_metadata__language_tesim'=>['en','ger'],'desc_metadata__relation_tesim'=>['x
        is to y as y is to z','one and a two and a'],'desc_metadata__rights_tesim'=>['remain
        silent','hire an attorney'],'desc_metadata__subject_tesim'=>['Cryptozoology','Vexillology'],'desc_metadata__type_tesim'=>['Dataset'],'desc_metadata__citation_tesim'=>['Shouldn\\'t
        have jumped the turnstile','Shouldn\\'t have ran a red light'],'desc_metadata__identifier_tesim'=>['rec123'],'has_model_ssim'=>['info:fedora/afmodel:Nyucore'],'timestamp'=>'2014-07-29T17:47:09.531Z','score'=>1.0},{'system_create_dtsi'=>'2014-06-04T16:18:25Z','system_modified_dtsi'=>'2014-06-04T16:18:26Z','object_state_ssi'=>'A','active_fedora_model_ssi'=>'Nyucore','id'=>'changeme:74','object_profile_ssm'=>['{\"datastreams\":{\"DC\":{\"dsLabel\":\"Dublin
        Core Record for this object\",\"dsVersionID\":\"DC1.0\",\"dsCreateDate\":\"2014-06-04T16:18:25Z\",\"dsState\":\"A\",\"dsMIME\":\"text/xml\",\"dsFormatURI\":\"http://www.openarchives.org/OAI/2.0/oai_dc/\",\"dsControlGroup\":\"X\",\"dsSize\":340,\"dsVersionable\":true,\"dsInfoType\":null,\"dsLocation\":\"changeme:74+DC+DC1.0\",\"dsLocationType\":null,\"dsChecksumType\":\"DISABLED\",\"dsChecksum\":\"none\"},\"RELS-EXT\":{\"dsLabel\":\"Fedora
        Object-to-Object Relationship Metadata\",\"dsVersionID\":\"RELS-EXT.0\",\"dsCreateDate\":\"2014-06-04T16:18:25Z\",\"dsState\":\"A\",\"dsMIME\":\"application/rdf+xml\",\"dsFormatURI\":null,\"dsControlGroup\":\"X\",\"dsSize\":281,\"dsVersionable\":true,\"dsInfoType\":null,\"dsLocation\":\"changeme:74+RELS-EXT+RELS-EXT.0\",\"dsLocationType\":null,\"dsChecksumType\":\"DISABLED\",\"dsChecksum\":\"none\"},\"descMetadata\":{\"dsLabel\":null,\"dsVersionID\":\"descMetadata.1\",\"dsCreateDate\":\"2014-06-04T16:18:27Z\",\"dsState\":\"A\",\"dsMIME\":\"text/plain\",\"dsFormatURI\":null,\"dsControlGroup\":\"M\",\"dsSize\":2279,\"dsVersionable\":true,\"dsInfoType\":null,\"dsLocation\":\"changeme:74+descMetadata+descMetadata.1\",\"dsLocationType\":\"INTERNAL_ID\",\"dsChecksumType\":\"DISABLED\",\"dsChecksum\":\"none\"}},\"objLabel\":null,\"objOwnerId\":\"fedoraAdmin\",\"objModels\":[\"info:fedora/afmodel:Nyucore\",\"info:fedora/fedora-system:FedoraObject-3.0\"],\"objCreateDate\":\"2014-06-04T16:18:25Z\",\"objLastModDate\":\"2014-06-04T16:18:26Z\",\"objDissIndexViewURL\":\"http://localhost:8983/fedora-test/objects/changeme%3A74/methods/fedora-system%3A3/viewMethodIndex\",\"objItemIndexViewURL\":\"http://localhost:8983/fedora-test/objects/changeme%3A74/methods/fedora-system%3A3/viewItemIndex\",\"objState\":\"A\"}'],'desc_metadata__title_tesim'=>['The
        Tale of Imogen'],'desc_metadata__creator_tesim'=>['new creator'],'desc_metadata__publisher_tesim'=>['new
        publisher'],'desc_metadata__identifier_tesim'=>['new identifier'],'desc_metadata__type_tesim'=>['new
        type'],'desc_metadata__available_tesim'=>['new available'],'desc_metadata__description_tesim'=>['new
        description'],'desc_metadata__edition_tesim'=>['new edition'],'desc_metadata__series_tesim'=>['new
        series'],'desc_metadata__version_tesim'=>['new version'],'desc_metadata__date_tesim'=>['new
        date'],'desc_metadata__format_tesim'=>['new format'],'desc_metadata__language_tesim'=>['new
        language'],'desc_metadata__relation_tesim'=>['new relation'],'desc_metadata__rights_tesim'=>['new
        rights'],'desc_metadata__subject_tesim'=>['new subject'],'desc_metadata__citation_tesim'=>['new
        citation'],'has_model_ssim'=>['info:fedora/afmodel:Nyucore'],'timestamp'=>'2014-06-04T16:18:27.585Z','score'=>1.0},{'system_create_dtsi'=>'2014-06-04T16:18:19Z','system_modified_dtsi'=>'2014-06-04T16:18:19Z','object_state_ssi'=>'A','active_fedora_model_ssi'=>'Nyucore','id'=>'changeme:72','object_profile_ssm'=>['{\"datastreams\":{\"RELS-EXT\":{\"dsLabel\":\"Fedora
        Object-to-Object Relationship Metadata\",\"dsVersionID\":\"RELS-EXT.0\",\"dsCreateDate\":\"2014-06-04T16:18:20Z\",\"dsState\":\"A\",\"dsMIME\":\"application/rdf+xml\",\"dsFormatURI\":null,\"dsControlGroup\":\"X\",\"dsSize\":281,\"dsVersionable\":true,\"dsInfoType\":null,\"dsLocation\":\"changeme:72+RELS-EXT+RELS-EXT.0\",\"dsLocationType\":null,\"dsChecksumType\":\"DISABLED\",\"dsChecksum\":\"none\"},\"descMetadata\":{\"dsLabel\":null,\"dsVersionID\":\"descMetadata.0\",\"dsCreateDate\":\"2014-06-04T16:18:21Z\",\"dsState\":\"A\",\"dsMIME\":\"text/plain\",\"dsFormatURI\":null,\"dsControlGroup\":\"M\",\"dsSize\":1465,\"dsVersionable\":true,\"dsInfoType\":null,\"dsLocation\":\"changeme:72+descMetadata+descMetadata.0\",\"dsLocationType\":\"INTERNAL_ID\",\"dsChecksumType\":\"DISABLED\",\"dsChecksum\":\"none\"}},\"objLabel\":null,\"objOwnerId\":\"fedoraAdmin\",\"objModels\":[\"info:fedora/fedora-system:FedoraObject-3.0\"],\"objCreateDate\":\"2014-06-04T16:18:19Z\",\"objLastModDate\":\"2014-06-04T16:18:19Z\",\"objDissIndexViewURL\":\"http://localhost:8983/fedora-test/objects/changeme%3A72/methods/fedora-system%3A3/viewMethodIndex\",\"objItemIndexViewURL\":\"http://localhost:8983/fedora-test/objects/changeme%3A72/methods/fedora-system%3A3/viewItemIndex\",\"objState\":\"A\"}'],'desc_metadata__title_tesim'=>['A
        Comedy of Errors'],'desc_metadata__creator_tesim'=>['Bill Shakespeare'],'desc_metadata__publisher_tesim'=>['Penguin
        Classics'],'desc_metadata__identifier_tesim'=>['Id 123'],'desc_metadata__type_tesim'=>['Text'],'desc_metadata__available_tesim'=>['DSS.ESRI_10_Streetmap\\\\DSS.airports_ABU'],'desc_metadata__description_tesim'=>['The
        Comedy of Errors is one of William Shakespeare\\'s blah blahs'],'desc_metadata__edition_tesim'=>['1st'],'desc_metadata__series_tesim'=>['ESRI_10_STREETMAP'],'desc_metadata__version_tesim'=>['2nd'],'desc_metadata__date_tesim'=>['1594'],'desc_metadata__format_tesim'=>['Geospatial
        data'],'desc_metadata__language_tesim'=>['English'],'desc_metadata__relation_tesim'=>['Not
        sure what this is'],'desc_metadata__rights_tesim'=>['All rights'],'desc_metadata__subject_tesim'=>['Plays'],'desc_metadata__citation_tesim'=>['B
        Shakes, SPC'],'has_model_ssim'=>['info:fedora/afmodel:Nyucore'],'timestamp'=>'2014-06-04T16:18:21.477Z','score'=>1.0},{'system_create_dtsi'=>'2014-06-04T16:20:39Z','system_modified_dtsi'=>'2014-06-04T16:20:39Z','object_state_ssi'=>'A','active_fedora_model_ssi'=>'Nyucore','id'=>'changeme:78','object_profile_ssm'=>['{\"datastreams\":{\"DC\":{\"dsLabel\":\"Dublin
        Core Record for this object\",\"dsVersionID\":\"DC1.0\",\"dsCreateDate\":\"2014-06-04T16:20:39Z\",\"dsState\":\"A\",\"dsMIME\":\"text/xml\",\"dsFormatURI\":\"http://www.openarchives.org/OAI/2.0/oai_dc/\",\"dsControlGroup\":\"X\",\"dsSize\":340,\"dsVersionable\":true,\"dsInfoType\":null,\"dsLocation\":\"changeme:78+DC+DC1.0\",\"dsLocationType\":null,\"dsChecksumType\":\"DISABLED\",\"dsChecksum\":\"none\"},\"RELS-EXT\":{\"dsLabel\":\"Fedora
        Object-to-Object Relationship Metadata\",\"dsVersionID\":\"RELS-EXT.0\",\"dsCreateDate\":\"2014-06-04T16:20:39Z\",\"dsState\":\"A\",\"dsMIME\":\"application/rdf+xml\",\"dsFormatURI\":null,\"dsControlGroup\":\"X\",\"dsSize\":281,\"dsVersionable\":true,\"dsInfoType\":null,\"dsLocation\":\"changeme:78+RELS-EXT+RELS-EXT.0\",\"dsLocationType\":null,\"dsChecksumType\":\"DISABLED\",\"dsChecksum\":\"none\"},\"descMetadata\":{\"dsLabel\":null,\"dsVersionID\":\"descMetadata.1\",\"dsCreateDate\":\"2014-06-04T16:20:40Z\",\"dsState\":\"A\",\"dsMIME\":\"text/plain\",\"dsFormatURI\":null,\"dsControlGroup\":\"M\",\"dsSize\":2279,\"dsVersionable\":true,\"dsInfoType\":null,\"dsLocation\":\"changeme:78+descMetadata+descMetadata.1\",\"dsLocationType\":\"INTERNAL_ID\",\"dsChecksumType\":\"DISABLED\",\"dsChecksum\":\"none\"}},\"objLabel\":null,\"objOwnerId\":\"fedoraAdmin\",\"objModels\":[\"info:fedora/afmodel:Nyucore\",\"info:fedora/fedora-system:FedoraObject-3.0\"],\"objCreateDate\":\"2014-06-04T16:20:39Z\",\"objLastModDate\":\"2014-06-04T16:20:39Z\",\"objDissIndexViewURL\":\"http://localhost:8983/fedora-test/objects/changeme%3A78/methods/fedora-system%3A3/viewMethodIndex\",\"objItemIndexViewURL\":\"http://localhost:8983/fedora-test/objects/changeme%3A78/methods/fedora-system%3A3/viewItemIndex\",\"objState\":\"A\"}'],'desc_metadata__title_tesim'=>['The
        Tale of Imogen'],'desc_metadata__creator_tesim'=>['new creator'],'desc_metadata__publisher_tesim'=>['new
        publisher'],'desc_metadata__identifier_tesim'=>['new identifier'],'desc_metadata__type_tesim'=>['new
        type'],'desc_metadata__available_tesim'=>['new available'],'desc_metadata__description_tesim'=>['new
        description'],'desc_metadata__edition_tesim'=>['new edition'],'desc_metadata__series_tesim'=>['new
        series'],'desc_metadata__version_tesim'=>['new version'],'desc_metadata__date_tesim'=>['new
        date'],'desc_metadata__format_tesim'=>['new format'],'desc_metadata__language_tesim'=>['new
        language'],'desc_metadata__relation_tesim'=>['new relation'],'desc_metadata__rights_tesim'=>['new
        rights'],'desc_metadata__subject_tesim'=>['new subject'],'desc_metadata__citation_tesim'=>['new
        citation'],'has_model_ssim'=>['info:fedora/afmodel:Nyucore'],'timestamp'=>'2014-06-04T16:20:40.864Z','score'=>1.0},{'system_create_dtsi'=>'2014-06-04T16:20:35Z','system_modified_dtsi'=>'2014-06-04T16:20:35Z','object_state_ssi'=>'A','active_fedora_model_ssi'=>'Nyucore','id'=>'changeme:76','object_profile_ssm'=>['{\"datastreams\":{\"RELS-EXT\":{\"dsLabel\":\"Fedora
        Object-to-Object Relationship Metadata\",\"dsVersionID\":\"RELS-EXT.0\",\"dsCreateDate\":\"2014-06-04T16:20:35Z\",\"dsState\":\"A\",\"dsMIME\":\"application/rdf+xml\",\"dsFormatURI\":null,\"dsControlGroup\":\"X\",\"dsSize\":281,\"dsVersionable\":true,\"dsInfoType\":null,\"dsLocation\":\"changeme:76+RELS-EXT+RELS-EXT.0\",\"dsLocationType\":null,\"dsChecksumType\":\"DISABLED\",\"dsChecksum\":\"none\"},\"descMetadata\":{\"dsLabel\":null,\"dsVersionID\":\"descMetadata.0\",\"dsCreateDate\":\"2014-06-04T16:20:36Z\",\"dsState\":\"A\",\"dsMIME\":\"text/plain\",\"dsFormatURI\":null,\"dsControlGroup\":\"M\",\"dsSize\":1465,\"dsVersionable\":true,\"dsInfoType\":null,\"dsLocation\":\"changeme:76+descMetadata+descMetadata.0\",\"dsLocationType\":\"INTERNAL_ID\",\"dsChecksumType\":\"DISABLED\",\"dsChecksum\":\"none\"}},\"objLabel\":null,\"objOwnerId\":\"fedoraAdmin\",\"objModels\":[\"info:fedora/fedora-system:FedoraObject-3.0\"],\"objCreateDate\":\"2014-06-04T16:20:35Z\",\"objLastModDate\":\"2014-06-04T16:20:35Z\",\"objDissIndexViewURL\":\"http://localhost:8983/fedora-test/objects/changeme%3A76/methods/fedora-system%3A3/viewMethodIndex\",\"objItemIndexViewURL\":\"http://localhost:8983/fedora-test/objects/changeme%3A76/methods/fedora-system%3A3/viewItemIndex\",\"objState\":\"A\"}'],'desc_metadata__title_tesim'=>['A
        Comedy of Errors'],'desc_metadata__creator_tesim'=>['Bill Shakespeare'],'desc_metadata__publisher_tesim'=>['Penguin
        Classics'],'desc_metadata__identifier_tesim'=>['Id 123'],'desc_metadata__type_tesim'=>['Text'],'desc_metadata__available_tesim'=>['DSS.ESRI_10_Streetmap\\\\DSS.airports_ABU'],'desc_metadata__description_tesim'=>['The
        Comedy of Errors is one of William Shakespeare\\'s blah blahs'],'desc_metadata__edition_tesim'=>['1st'],'desc_metadata__series_tesim'=>['ESRI_10_STREETMAP'],'desc_metadata__version_tesim'=>['2nd'],'desc_metadata__date_tesim'=>['1594'],'desc_metadata__format_tesim'=>['Geospatial
        data'],'desc_metadata__language_tesim'=>['English'],'desc_metadata__relation_tesim'=>['Not
        sure what this is'],'desc_metadata__rights_tesim'=>['All rights'],'desc_metadata__subject_tesim'=>['Plays'],'desc_metadata__citation_tesim'=>['B
        Shakes, SPC'],'has_model_ssim'=>['info:fedora/afmodel:Nyucore'],'timestamp'=>'2014-06-04T16:20:36.293Z','score'=>1.0}]},'facet_counts'=>{'facet_queries'=>{},'facet_fields'=>{'desc_metadata__type_sim'=>['Geospatial
        Data',155,'Dataset',54,'Rosie Stuff',30,'Text',7,'new type',7,'Text1',3,'[\"new
        type\"]',2,'[]',2],'desc_metadata__creator_sim'=>['The Man',64,'Hugh Plisher',32,'Bill
        Shakespeare',7,'new creator',7,'[\"new creator\"]',2,'[]',2],'desc_metadata__subject_sim'=>['Cryptozoology',64,'Vexillology',64,'vexillology',32,'Plays',25,'Plays1',16,'new
        subject',9],'desc_metadata__language_sim'=>['en',64,'ger',64,'English',57,'English1',16,'new
        language',9],'collection_sim'=>['Spatial Data Repository',150,'ESRI',120]},'facet_dates'=>{},'facet_ranges'=>{}}}\n"
    http_version: 
  recorded_at: Mon, 11 Aug 2014 20:59:51 GMT
- request:
    method: get
    uri: http://127.0.0.1:8983/solr/test/select?facet.field=collection_sim&fq=-has_model_ssim:%22info:fedora/afmodel:FileAsset%22&q=The%20Tale%20of%20Imogen&qf=desc_metadata__title_tesim%20desc_metadata__author_tesim%20desc_metadata__publisher_tesim%0A%20%20%20%20%20%20%20%20%20%20%20%20%20%20%20%20desc_metadata__type_tesim%20desc_metadata__description_tesim%20desc_metadata__series_tesim%0A%20%20%20%20%20%20%20%20%20%20%20%20%20%20%20%20desc_metadata__creator_tesim%20desc_metadata__subject_tesim&qt=search&rows=10&sort=score%20desc,%20pub_date_dtsi%20desc,%20title_tesi%20asc&spellcheck.q=The%20Tale%20of%20Imogen&wt=ruby
    body:
      encoding: US-ASCII
      string: ''
    headers: {}
  response:
    status:
      code: 200
      message: OK
    headers:
      Last-Modified:
      - Mon, 11 Aug 2014 20:59:51 GMT
      Etag:
      - ! '"MzUzODAwMDAwMDAwMDAwMFNvbHI="'
      Content-Type:
      - text/plain;charset=UTF-8
      Transfer-Encoding:
      - chunked
    body:
      encoding: US-ASCII
      string: ! "{'responseHeader'=>{'status'=>0,'QTime'=>5,'params'=>{'sort'=>'score
        desc, pub_date_dtsi desc, title_tesi asc','q'=>'The Tale of Imogen','spellcheck.q'=>'The
        Tale of Imogen','qf'=>'desc_metadata__title_tesim desc_metadata__author_tesim
        desc_metadata__publisher_tesim\n                desc_metadata__type_tesim
        desc_metadata__description_tesim desc_metadata__series_tesim\n                desc_metadata__creator_tesim
        desc_metadata__subject_tesim','facet.field'=>['desc_metadata__type_sim','desc_metadata__creator_sim','desc_metadata__subject_sim','desc_metadata__language_sim','collection_sim'],'qt'=>'search','wt'=>'ruby','fq'=>'-has_model_ssim:\"info:fedora/afmodel:FileAsset\"','rows'=>'10'}},'response'=>{'numFound'=>4,'start'=>0,'maxScore'=>0.13928752,'docs'=>[{'system_create_dtsi'=>'2014-06-04T16:18:25Z','system_modified_dtsi'=>'2014-06-04T16:18:26Z','object_state_ssi'=>'A','active_fedora_model_ssi'=>'Nyucore','id'=>'changeme:74','object_profile_ssm'=>['{\"datastreams\":{\"DC\":{\"dsLabel\":\"Dublin
        Core Record for this object\",\"dsVersionID\":\"DC1.0\",\"dsCreateDate\":\"2014-06-04T16:18:25Z\",\"dsState\":\"A\",\"dsMIME\":\"text/xml\",\"dsFormatURI\":\"http://www.openarchives.org/OAI/2.0/oai_dc/\",\"dsControlGroup\":\"X\",\"dsSize\":340,\"dsVersionable\":true,\"dsInfoType\":null,\"dsLocation\":\"changeme:74+DC+DC1.0\",\"dsLocationType\":null,\"dsChecksumType\":\"DISABLED\",\"dsChecksum\":\"none\"},\"RELS-EXT\":{\"dsLabel\":\"Fedora
        Object-to-Object Relationship Metadata\",\"dsVersionID\":\"RELS-EXT.0\",\"dsCreateDate\":\"2014-06-04T16:18:25Z\",\"dsState\":\"A\",\"dsMIME\":\"application/rdf+xml\",\"dsFormatURI\":null,\"dsControlGroup\":\"X\",\"dsSize\":281,\"dsVersionable\":true,\"dsInfoType\":null,\"dsLocation\":\"changeme:74+RELS-EXT+RELS-EXT.0\",\"dsLocationType\":null,\"dsChecksumType\":\"DISABLED\",\"dsChecksum\":\"none\"},\"descMetadata\":{\"dsLabel\":null,\"dsVersionID\":\"descMetadata.1\",\"dsCreateDate\":\"2014-06-04T16:18:27Z\",\"dsState\":\"A\",\"dsMIME\":\"text/plain\",\"dsFormatURI\":null,\"dsControlGroup\":\"M\",\"dsSize\":2279,\"dsVersionable\":true,\"dsInfoType\":null,\"dsLocation\":\"changeme:74+descMetadata+descMetadata.1\",\"dsLocationType\":\"INTERNAL_ID\",\"dsChecksumType\":\"DISABLED\",\"dsChecksum\":\"none\"}},\"objLabel\":null,\"objOwnerId\":\"fedoraAdmin\",\"objModels\":[\"info:fedora/afmodel:Nyucore\",\"info:fedora/fedora-system:FedoraObject-3.0\"],\"objCreateDate\":\"2014-06-04T16:18:25Z\",\"objLastModDate\":\"2014-06-04T16:18:26Z\",\"objDissIndexViewURL\":\"http://localhost:8983/fedora-test/objects/changeme%3A74/methods/fedora-system%3A3/viewMethodIndex\",\"objItemIndexViewURL\":\"http://localhost:8983/fedora-test/objects/changeme%3A74/methods/fedora-system%3A3/viewItemIndex\",\"objState\":\"A\"}'],'desc_metadata__title_tesim'=>['The
        Tale of Imogen'],'desc_metadata__creator_tesim'=>['new creator'],'desc_metadata__publisher_tesim'=>['new
        publisher'],'desc_metadata__identifier_tesim'=>['new identifier'],'desc_metadata__type_tesim'=>['new
        type'],'desc_metadata__available_tesim'=>['new available'],'desc_metadata__description_tesim'=>['new
        description'],'desc_metadata__edition_tesim'=>['new edition'],'desc_metadata__series_tesim'=>['new
        series'],'desc_metadata__version_tesim'=>['new version'],'desc_metadata__date_tesim'=>['new
        date'],'desc_metadata__format_tesim'=>['new format'],'desc_metadata__language_tesim'=>['new
        language'],'desc_metadata__relation_tesim'=>['new relation'],'desc_metadata__rights_tesim'=>['new
        rights'],'desc_metadata__subject_tesim'=>['new subject'],'desc_metadata__citation_tesim'=>['new
        citation'],'has_model_ssim'=>['info:fedora/afmodel:Nyucore'],'timestamp'=>'2014-06-04T16:18:27.585Z','score'=>0.13928752},{'system_create_dtsi'=>'2014-06-04T16:20:39Z','system_modified_dtsi'=>'2014-06-04T16:20:39Z','object_state_ssi'=>'A','active_fedora_model_ssi'=>'Nyucore','id'=>'changeme:78','object_profile_ssm'=>['{\"datastreams\":{\"DC\":{\"dsLabel\":\"Dublin
        Core Record for this object\",\"dsVersionID\":\"DC1.0\",\"dsCreateDate\":\"2014-06-04T16:20:39Z\",\"dsState\":\"A\",\"dsMIME\":\"text/xml\",\"dsFormatURI\":\"http://www.openarchives.org/OAI/2.0/oai_dc/\",\"dsControlGroup\":\"X\",\"dsSize\":340,\"dsVersionable\":true,\"dsInfoType\":null,\"dsLocation\":\"changeme:78+DC+DC1.0\",\"dsLocationType\":null,\"dsChecksumType\":\"DISABLED\",\"dsChecksum\":\"none\"},\"RELS-EXT\":{\"dsLabel\":\"Fedora
        Object-to-Object Relationship Metadata\",\"dsVersionID\":\"RELS-EXT.0\",\"dsCreateDate\":\"2014-06-04T16:20:39Z\",\"dsState\":\"A\",\"dsMIME\":\"application/rdf+xml\",\"dsFormatURI\":null,\"dsControlGroup\":\"X\",\"dsSize\":281,\"dsVersionable\":true,\"dsInfoType\":null,\"dsLocation\":\"changeme:78+RELS-EXT+RELS-EXT.0\",\"dsLocationType\":null,\"dsChecksumType\":\"DISABLED\",\"dsChecksum\":\"none\"},\"descMetadata\":{\"dsLabel\":null,\"dsVersionID\":\"descMetadata.1\",\"dsCreateDate\":\"2014-06-04T16:20:40Z\",\"dsState\":\"A\",\"dsMIME\":\"text/plain\",\"dsFormatURI\":null,\"dsControlGroup\":\"M\",\"dsSize\":2279,\"dsVersionable\":true,\"dsInfoType\":null,\"dsLocation\":\"changeme:78+descMetadata+descMetadata.1\",\"dsLocationType\":\"INTERNAL_ID\",\"dsChecksumType\":\"DISABLED\",\"dsChecksum\":\"none\"}},\"objLabel\":null,\"objOwnerId\":\"fedoraAdmin\",\"objModels\":[\"info:fedora/afmodel:Nyucore\",\"info:fedora/fedora-system:FedoraObject-3.0\"],\"objCreateDate\":\"2014-06-04T16:20:39Z\",\"objLastModDate\":\"2014-06-04T16:20:39Z\",\"objDissIndexViewURL\":\"http://localhost:8983/fedora-test/objects/changeme%3A78/methods/fedora-system%3A3/viewMethodIndex\",\"objItemIndexViewURL\":\"http://localhost:8983/fedora-test/objects/changeme%3A78/methods/fedora-system%3A3/viewItemIndex\",\"objState\":\"A\"}'],'desc_metadata__title_tesim'=>['The
        Tale of Imogen'],'desc_metadata__creator_tesim'=>['new creator'],'desc_metadata__publisher_tesim'=>['new
        publisher'],'desc_metadata__identifier_tesim'=>['new identifier'],'desc_metadata__type_tesim'=>['new
        type'],'desc_metadata__available_tesim'=>['new available'],'desc_metadata__description_tesim'=>['new
        description'],'desc_metadata__edition_tesim'=>['new edition'],'desc_metadata__series_tesim'=>['new
        series'],'desc_metadata__version_tesim'=>['new version'],'desc_metadata__date_tesim'=>['new
        date'],'desc_metadata__format_tesim'=>['new format'],'desc_metadata__language_tesim'=>['new
        language'],'desc_metadata__relation_tesim'=>['new relation'],'desc_metadata__rights_tesim'=>['new
        rights'],'desc_metadata__subject_tesim'=>['new subject'],'desc_metadata__citation_tesim'=>['new
        citation'],'has_model_ssim'=>['info:fedora/afmodel:Nyucore'],'timestamp'=>'2014-06-04T16:20:40.864Z','score'=>0.13928752},{'system_create_dtsi'=>'2014-07-29T19:37:12Z','system_modified_dtsi'=>'2014-07-29T19:37:13Z','object_state_ssi'=>'A','active_fedora_model_ssi'=>'Nyucore','id'=>'changeme:100','object_profile_ssm'=>['{\"datastreams\":{\"DC\":{\"dsLabel\":\"Dublin
        Core Record for this object\",\"dsVersionID\":\"DC1.0\",\"dsCreateDate\":\"2014-07-29T19:37:12Z\",\"dsState\":\"A\",\"dsMIME\":\"text/xml\",\"dsFormatURI\":\"http://www.openarchives.org/OAI/2.0/oai_dc/\",\"dsControlGroup\":\"X\",\"dsSize\":341,\"dsVersionable\":true,\"dsInfoType\":null,\"dsLocation\":\"changeme:100+DC+DC1.0\",\"dsLocationType\":null,\"dsChecksumType\":\"DISABLED\",\"dsChecksum\":\"none\"},\"RELS-EXT\":{\"dsLabel\":\"Fedora
        Object-to-Object Relationship Metadata\",\"dsVersionID\":\"RELS-EXT.0\",\"dsCreateDate\":\"2014-07-29T19:37:13Z\",\"dsState\":\"A\",\"dsMIME\":\"application/rdf+xml\",\"dsFormatURI\":null,\"dsControlGroup\":\"X\",\"dsSize\":282,\"dsVersionable\":true,\"dsInfoType\":null,\"dsLocation\":\"changeme:100+RELS-EXT+RELS-EXT.0\",\"dsLocationType\":null,\"dsChecksumType\":\"DISABLED\",\"dsChecksum\":\"none\"},\"descMetadata\":{\"dsLabel\":null,\"dsVersionID\":\"descMetadata.1\",\"dsCreateDate\":\"2014-07-29T19:37:14Z\",\"dsState\":\"A\",\"dsMIME\":\"text/plain\",\"dsFormatURI\":null,\"dsControlGroup\":\"M\",\"dsSize\":1439,\"dsVersionable\":true,\"dsInfoType\":null,\"dsLocation\":\"changeme:100+descMetadata+descMetadata.1\",\"dsLocationType\":\"INTERNAL_ID\",\"dsChecksumType\":\"DISABLED\",\"dsChecksum\":\"none\"}},\"objLabel\":null,\"objOwnerId\":\"fedoraAdmin\",\"objModels\":[\"info:fedora/afmodel:Nyucore\",\"info:fedora/fedora-system:FedoraObject-3.0\"],\"objCreateDate\":\"2014-07-29T19:37:12Z\",\"objLastModDate\":\"2014-07-29T19:37:13Z\",\"objDissIndexViewURL\":\"http://localhost:8983/fedora-test/objects/changeme%3A100/methods/fedora-system%3A3/viewMethodIndex\",\"objItemIndexViewURL\":\"http://localhost:8983/fedora-test/objects/changeme%3A100/methods/fedora-system%3A3/viewItemIndex\",\"objState\":\"A\"}'],'desc_metadata__title_tesim'=>['The
        Tale of Imogen'],'desc_metadata__creator_tesim'=>['[\"new creator\"]'],'desc_metadata__publisher_tesim'=>['[\"new
        publisher\"]'],'desc_metadata__identifier_tesim'=>['new identifier'],'desc_metadata__type_tesim'=>['[\"new
        type\"]'],'desc_metadata__available_tesim'=>['new available'],'desc_metadata__description_tesim'=>['new
        description'],'desc_metadata__edition_tesim'=>['new edition'],'desc_metadata__series_tesim'=>['new
        series'],'desc_metadata__version_tesim'=>['new version'],'desc_metadata__date_tesim'=>['new
        date'],'desc_metadata__format_tesim'=>['new format'],'desc_metadata__language_tesim'=>['new
        language'],'desc_metadata__relation_tesim'=>['new relation'],'desc_metadata__rights_tesim'=>['new
        rights'],'desc_metadata__subject_tesim'=>['new subject'],'desc_metadata__citation_tesim'=>['new
        citation'],'has_model_ssim'=>['info:fedora/afmodel:Nyucore'],'timestamp'=>'2014-07-29T19:37:14.428Z','score'=>0.13928752},{'system_create_dtsi'=>'2014-07-29T20:17:05Z','system_modified_dtsi'=>'2014-07-29T20:17:05Z','object_state_ssi'=>'A','active_fedora_model_ssi'=>'Nyucore','id'=>'changeme:104','object_profile_ssm'=>['{\"datastreams\":{\"DC\":{\"dsLabel\":\"Dublin
        Core Record for this object\",\"dsVersionID\":\"DC1.0\",\"dsCreateDate\":\"2014-07-29T20:17:05Z\",\"dsState\":\"A\",\"dsMIME\":\"text/xml\",\"dsFormatURI\":\"http://www.openarchives.org/OAI/2.0/oai_dc/\",\"dsControlGroup\":\"X\",\"dsSize\":341,\"dsVersionable\":true,\"dsInfoType\":null,\"dsLocation\":\"changeme:104+DC+DC1.0\",\"dsLocationType\":null,\"dsChecksumType\":\"DISABLED\",\"dsChecksum\":\"none\"},\"RELS-EXT\":{\"dsLabel\":\"Fedora
        Object-to-Object Relationship Metadata\",\"dsVersionID\":\"RELS-EXT.0\",\"dsCreateDate\":\"2014-07-29T20:17:05Z\",\"dsState\":\"A\",\"dsMIME\":\"application/rdf+xml\",\"dsFormatURI\":null,\"dsControlGroup\":\"X\",\"dsSize\":282,\"dsVersionable\":true,\"dsInfoType\":null,\"dsLocation\":\"changeme:104+RELS-EXT+RELS-EXT.0\",\"dsLocationType\":null,\"dsChecksumType\":\"DISABLED\",\"dsChecksum\":\"none\"},\"descMetadata\":{\"dsLabel\":null,\"dsVersionID\":\"descMetadata.1\",\"dsCreateDate\":\"2014-07-29T20:17:06Z\",\"dsState\":\"A\",\"dsMIME\":\"text/plain\",\"dsFormatURI\":null,\"dsControlGroup\":\"M\",\"dsSize\":1439,\"dsVersionable\":true,\"dsInfoType\":null,\"dsLocation\":\"changeme:104+descMetadata+descMetadata.1\",\"dsLocationType\":\"INTERNAL_ID\",\"dsChecksumType\":\"DISABLED\",\"dsChecksum\":\"none\"}},\"objLabel\":null,\"objOwnerId\":\"fedoraAdmin\",\"objModels\":[\"info:fedora/afmodel:Nyucore\",\"info:fedora/fedora-system:FedoraObject-3.0\"],\"objCreateDate\":\"2014-07-29T20:17:05Z\",\"objLastModDate\":\"2014-07-29T20:17:05Z\",\"objDissIndexViewURL\":\"http://localhost:8983/fedora-test/objects/changeme%3A104/methods/fedora-system%3A3/viewMethodIndex\",\"objItemIndexViewURL\":\"http://localhost:8983/fedora-test/objects/changeme%3A104/methods/fedora-system%3A3/viewItemIndex\",\"objState\":\"A\"}'],'desc_metadata__title_tesim'=>['The
        Tale of Imogen'],'desc_metadata__creator_tesim'=>['[\"new creator\"]'],'desc_metadata__publisher_tesim'=>['[\"new
        publisher\"]'],'desc_metadata__identifier_tesim'=>['new identifier'],'desc_metadata__type_tesim'=>['[\"new
        type\"]'],'desc_metadata__available_tesim'=>['new available'],'desc_metadata__description_tesim'=>['new
        description'],'desc_metadata__edition_tesim'=>['new edition'],'desc_metadata__series_tesim'=>['new
        series'],'desc_metadata__version_tesim'=>['new version'],'desc_metadata__date_tesim'=>['new
        date'],'desc_metadata__format_tesim'=>['new format'],'desc_metadata__language_tesim'=>['new
        language'],'desc_metadata__relation_tesim'=>['new relation'],'desc_metadata__rights_tesim'=>['new
        rights'],'desc_metadata__subject_tesim'=>['new subject'],'desc_metadata__citation_tesim'=>['new
        citation'],'has_model_ssim'=>['info:fedora/afmodel:Nyucore'],'timestamp'=>'2014-07-29T20:17:06.688Z','score'=>0.13928752}]},'facet_counts'=>{'facet_queries'=>{},'facet_fields'=>{'desc_metadata__type_sim'=>['[\"new
        type\"]',2,'new type',2],'desc_metadata__creator_sim'=>['[\"new creator\"]',2,'new
        creator',2],'desc_metadata__subject_sim'=>['new subject',4],'desc_metadata__language_sim'=>['new
        language',4],'collection_sim'=>[]},'facet_dates'=>{},'facet_ranges'=>{}},'spellcheck'=>{'suggestions'=>['correctlySpelled',true]}}\n"
    http_version: 
  recorded_at: Mon, 11 Aug 2014 20:59:52 GMT
recorded_with: VCR 2.8.0
