---
http_interactions:
- request:
    method: get
    uri: http://127.0.0.1:8983/solr/test/select?fl=id&q=_query_:%22%7B!raw%20f=has_model_ssim%7Dinfo:fedora/afmodel:Collection%22%20AND%20administrative_metadata__discoverable_tesim:N&qt=standard&rows=1000&sort=system_create_dtsi%20asc&start=0&wt=ruby
    body:
      encoding: US-ASCII
      string: ''
    headers: {}
  response:
    status:
      code: 200
      message: OK
    headers:
      Last-Modified:
      - Tue, 14 Jun 2016 23:51:48 GMT
      Etag:
      - '"MWE0OTAwMDAwMDAwMDAwMFNvbHI="'
      Content-Type:
      - text/plain;charset=UTF-8
      Transfer-Encoding:
      - chunked
    body:
      encoding: UTF-8
      string: |
        {'responseHeader'=>{'status'=>0,'QTime'=>0,'params'=>{'q'=>'_query_:"{!raw f=has_model_ssim}info:fedora/afmodel:Collection" AND administrative_metadata__discoverable_tesim:N','qt'=>'standard','fl'=>'id','start'=>'0','sort'=>'system_create_dtsi asc','rows'=>'1000','wt'=>'ruby'}},'response'=>{'numFound'=>1,'start'=>0,'docs'=>[{'id'=>'ichabodcollection:3e4a757b-45bb-4ebc-aa80-c250ee2c6103'}]}}
    http_version: 
  recorded_at: Tue, 14 Jun 2016 23:52:30 GMT
- request:
    method: get
    uri: http://fedoraAdmin:fedoraAdmin@127.0.0.1:8983/fedora-test/objects/ichabodcollection:3e4a757b-45bb-4ebc-aa80-c250ee2c6103?format=xml
    body:
      encoding: US-ASCII
      string: ''
    headers:
      Accept:
      - "*/*; q=0.5, application/xml"
      Accept-Encoding:
      - gzip, deflate
      User-Agent:
      - Ruby
  response:
    status:
      code: 200
      message: OK
    headers:
      Set-Cookie:
      - JSESSIONID=dkj6b0sm4s29aos48mhubhoa;Path=/fedora-test
      Expires:
      - Thu, 01 Jan 1970 00:00:00 GMT
      Content-Type:
      - text/xml
      Date:
      - Tue, 14 Jun 2016 23:52:30 GMT
      Content-Length:
      - '1092'
    body:
      encoding: UTF-8
      string: <?xml version="1.0" encoding="UTF-8"?><objectProfile  xmlns="http://www.fedora.info/definitions/1/0/access/"  xmlns:xsd="http://www.w3.org/2001/XMLSchema"
        xmlns:xsi="http://www.w3.org/2001/XMLSchema-instance" xsi:schemaLocation="http://www.fedora.info/definitions/1/0/access/
        http://www.fedora.info/definitions/1/0/objectProfile.xsd" pid="ichabodcollection:3e4a757b-45bb-4ebc-aa80-c250ee2c6103"
        ><objLabel></objLabel><objOwnerId>fedoraAdmin</objOwnerId><objModels><model>info:fedora/fedora-system:FedoraObject-3.0</model><model>info:fedora/afmodel:Collection</model></objModels><objCreateDate>2016-06-14T23:51:14.138Z</objCreateDate><objLastModDate>2016-06-14T23:51:45.056Z</objLastModDate><objDissIndexViewURL>http://localhost:8983/fedora-test/objects/ichabodcollection%3A3e4a757b-45bb-4ebc-aa80-c250ee2c6103/methods/fedora-system%3A3/viewMethodIndex</objDissIndexViewURL><objItemIndexViewURL>http://localhost:8983/fedora-test/objects/ichabodcollection%3A3e4a757b-45bb-4ebc-aa80-c250ee2c6103/methods/fedora-system%3A3/viewItemIndex</objItemIndexViewURL><objState>A</objState></objectProfile>
    http_version: 
  recorded_at: Tue, 14 Jun 2016 23:52:30 GMT
- request:
    method: get
    uri: http://fedoraAdmin:fedoraAdmin@127.0.0.1:8983/fedora-test/objects/ichabodcollection:3e4a757b-45bb-4ebc-aa80-c250ee2c6103/datastreams?format=xml&profiles=true
    body:
      encoding: US-ASCII
      string: ''
    headers:
      Accept:
      - "*/*; q=0.5, application/xml"
      Accept-Encoding:
      - gzip, deflate
      User-Agent:
      - Ruby
  response:
    status:
      code: 200
      message: OK
    headers:
      Set-Cookie:
      - JSESSIONID=13y2d3cn8ht6o165qai1r0lahr;Path=/fedora-test
      Expires:
      - Thu, 01 Jan 1970 00:00:00 GMT
      Content-Type:
      - text/xml
      Date:
      - Tue, 14 Jun 2016 23:52:30 GMT
      Content-Length:
      - '4604'
    body:
      encoding: UTF-8
      string: <?xml version="1.0" encoding="UTF-8"?><objectDatastreams xmlns="http://www.fedora.info/definitions/1/0/access/"
        xmlns:apim="http://www.fedora.info/definitions/1/0/management/" xmlns:xsd="http://www.w3.org/2001/XMLSchema"
        xmlns:xsi="http://www.w3.org/2001/XMLSchema-instance" xsi:schemaLocation="http://www.fedora.info/definitions/1/0/access/
        http://localhost:8983/fedora-test/schema/listDatastreams.xsd" pid="ichabodcollection:3e4a757b-45bb-4ebc-aa80-c250ee2c6103"  baseURL="http://localhost:8983/fedora-test/"
        ><datastreamProfile pid="ichabodcollection:3e4a757b-45bb-4ebc-aa80-c250ee2c6103"
        dsID="DC" ><apim:dsLabel>Dublin Core Record for this object</apim:dsLabel><apim:dsVersionID>DC1.0</apim:dsVersionID><apim:dsCreateDate>2016-06-14T23:51:14.138Z</apim:dsCreateDate><apim:dsState>A</apim:dsState><apim:dsMIME>text/xml</apim:dsMIME><apim:dsFormatURI>http://www.openarchives.org/OAI/2.0/oai_dc/</apim:dsFormatURI><apim:dsControlGroup>X</apim:dsControlGroup><apim:dsSize>383</apim:dsSize><apim:dsVersionable>true</apim:dsVersionable><apim:dsInfoType></apim:dsInfoType><apim:dsLocation>ichabodcollection:3e4a757b-45bb-4ebc-aa80-c250ee2c6103+DC+DC1.0</apim:dsLocation><apim:dsLocationType></apim:dsLocationType><apim:dsChecksumType>DISABLED</apim:dsChecksumType><apim:dsChecksum>none</apim:dsChecksum></datastreamProfile><datastreamProfile
        pid="ichabodcollection:3e4a757b-45bb-4ebc-aa80-c250ee2c6103" dsID="RELS-EXT"
        ><apim:dsLabel>Fedora Object-to-Object Relationship Metadata</apim:dsLabel><apim:dsVersionID>RELS-EXT.0</apim:dsVersionID><apim:dsCreateDate>2016-06-14T23:51:14.192Z</apim:dsCreateDate><apim:dsState>A</apim:dsState><apim:dsMIME>application/rdf+xml</apim:dsMIME><apim:dsFormatURI></apim:dsFormatURI><apim:dsControlGroup>X</apim:dsControlGroup><apim:dsSize>327</apim:dsSize><apim:dsVersionable>true</apim:dsVersionable><apim:dsInfoType></apim:dsInfoType><apim:dsLocation>ichabodcollection:3e4a757b-45bb-4ebc-aa80-c250ee2c6103+RELS-EXT+RELS-EXT.0</apim:dsLocation><apim:dsLocationType></apim:dsLocationType><apim:dsChecksumType>DISABLED</apim:dsChecksumType><apim:dsChecksum>none</apim:dsChecksum></datastreamProfile><datastreamProfile
        pid="ichabodcollection:3e4a757b-45bb-4ebc-aa80-c250ee2c6103" dsID="descriptive_metadata"
        ><apim:dsLabel></apim:dsLabel><apim:dsVersionID>descriptive_metadata.0</apim:dsVersionID><apim:dsCreateDate>2016-06-14T23:51:14.236Z</apim:dsCreateDate><apim:dsState>A</apim:dsState><apim:dsMIME>application/n-triples</apim:dsMIME><apim:dsFormatURI></apim:dsFormatURI><apim:dsControlGroup>M</apim:dsControlGroup><apim:dsSize>129</apim:dsSize><apim:dsVersionable>true</apim:dsVersionable><apim:dsInfoType></apim:dsInfoType><apim:dsLocation>ichabodcollection:3e4a757b-45bb-4ebc-aa80-c250ee2c6103+descriptive_metadata+descriptive_metadata.0</apim:dsLocation><apim:dsLocationType>INTERNAL_ID</apim:dsLocationType><apim:dsChecksumType>DISABLED</apim:dsChecksumType><apim:dsChecksum>none</apim:dsChecksum></datastreamProfile><datastreamProfile
        pid="ichabodcollection:3e4a757b-45bb-4ebc-aa80-c250ee2c6103" dsID="administrative_metadata"
        ><apim:dsLabel></apim:dsLabel><apim:dsVersionID>administrative_metadata.0</apim:dsVersionID><apim:dsCreateDate>2016-06-14T23:51:14.272Z</apim:dsCreateDate><apim:dsState>A</apim:dsState><apim:dsMIME>application/n-triples</apim:dsMIME><apim:dsFormatURI></apim:dsFormatURI><apim:dsControlGroup>M</apim:dsControlGroup><apim:dsSize>109</apim:dsSize><apim:dsVersionable>true</apim:dsVersionable><apim:dsInfoType></apim:dsInfoType><apim:dsLocation>ichabodcollection:3e4a757b-45bb-4ebc-aa80-c250ee2c6103+administrative_metadata+administrative_metadata.0</apim:dsLocation><apim:dsLocationType>INTERNAL_ID</apim:dsLocationType><apim:dsChecksumType>DISABLED</apim:dsChecksumType><apim:dsChecksum>none</apim:dsChecksum></datastreamProfile><datastreamProfile
        pid="ichabodcollection:3e4a757b-45bb-4ebc-aa80-c250ee2c6103" dsID="rightsMetadata"
        ><apim:dsLabel></apim:dsLabel><apim:dsVersionID>rightsMetadata.0</apim:dsVersionID><apim:dsCreateDate>2016-06-14T23:51:45.056Z</apim:dsCreateDate><apim:dsState>A</apim:dsState><apim:dsMIME>text/xml</apim:dsMIME><apim:dsFormatURI></apim:dsFormatURI><apim:dsControlGroup>M</apim:dsControlGroup><apim:dsSize>578</apim:dsSize><apim:dsVersionable>true</apim:dsVersionable><apim:dsInfoType></apim:dsInfoType><apim:dsLocation>ichabodcollection:3e4a757b-45bb-4ebc-aa80-c250ee2c6103+rightsMetadata+rightsMetadata.0</apim:dsLocation><apim:dsLocationType>INTERNAL_ID</apim:dsLocationType><apim:dsChecksumType>DISABLED</apim:dsChecksumType><apim:dsChecksum>none</apim:dsChecksum></datastreamProfile></objectDatastreams>
    http_version: 
  recorded_at: Tue, 14 Jun 2016 23:52:30 GMT
- request:
    method: get
    uri: http://fedoraAdmin:fedoraAdmin@127.0.0.1:8983/fedora-test/objects/ichabodcollection:3e4a757b-45bb-4ebc-aa80-c250ee2c6103/datastreams/RELS-EXT/content
    body:
      encoding: US-ASCII
      string: ''
    headers:
      Accept:
      - "*/*; q=0.5, application/xml"
      Accept-Encoding:
      - gzip, deflate
      User-Agent:
      - Ruby
  response:
    status:
      code: 200
      message: OK
    headers:
      Set-Cookie:
      - JSESSIONID=c3l8ekg268o72ak00mzb878l;Path=/fedora-test
      Expires:
      - Thu, 01 Jan 1970 00:00:00 GMT
      Content-Disposition:
      - inline; filename="Fedora Object-to-Object Relationship Metadata.rdf"
      Content-Length:
      - '327'
      Content-Type:
      - application/rdf+xml
      Date:
      - Tue, 14 Jun 2016 23:52:30 GMT
    body:
      encoding: UTF-8
      string: |2

        <rdf:RDF xmlns:ns0="info:fedora/fedora-system:def/model#" xmlns:rdf="http://www.w3.org/1999/02/22-rdf-syntax-ns#">
          <rdf:Description rdf:about="info:fedora/ichabodcollection:3e4a757b-45bb-4ebc-aa80-c250ee2c6103">
            <ns0:hasModel rdf:resource="info:fedora/afmodel:Collection"></ns0:hasModel>
          </rdf:Description>
        </rdf:RDF>
    http_version: 
  recorded_at: Tue, 14 Jun 2016 23:52:30 GMT
- request:
    method: get
    uri: http://127.0.0.1:8983/solr/test/select?id=ichabodcollection:3e4a757b-45bb-4ebc-aa80-c250ee2c6103&qt=permissions&wt=ruby
    body:
      encoding: US-ASCII
      string: ''
    headers: {}
  response:
    status:
      code: 200
      message: OK
    headers:
      Last-Modified:
      - Tue, 14 Jun 2016 23:51:48 GMT
      Etag:
      - '"MWE0OTAwMDAwMDAwMDAwMFNvbHI="'
      Content-Type:
      - text/plain;charset=UTF-8
      Transfer-Encoding:
      - chunked
    body:
      encoding: UTF-8
      string: |
        {'responseHeader'=>{'status'=>0,'QTime'=>0,'params'=>{'q'=>'{!raw f=id v=$id}','echoParams'=>'all','fl'=>'
                id,
                access_ssim,
                discover_access_group_ssim,discover_access_person_ssim,
                read_access_group_ssim,read_access_person_ssim,
                edit_access_group_ssim,edit_access_person_ssim,
                depositor_ti,
                embargo_release_date_dtsi
                inheritable_access_ssim,
                inheritable_discover_access_group_ssim,inheritable_discover_access_person_ssim,
                inheritable_read_access_group_ssim,inheritable_read_access_person_ssim,
                inheritable_edit_access_group_ssim,inheritable_edit_access_person_ssim,
                inheritable_embargo_release_date_dtsi
              ','rows'=>'1','facet'=>'off','qt'=>'permissions','id'=>'ichabodcollection:3e4a757b-45bb-4ebc-aa80-c250ee2c6103','wt'=>'ruby'}},'response'=>{'numFound'=>1,'start'=>0,'docs'=>[{'id'=>'ichabodcollection:3e4a757b-45bb-4ebc-aa80-c250ee2c6103','edit_access_group_ssim'=>['admin_group','io_cataloger']}]}}
    http_version: 
  recorded_at: Tue, 14 Jun 2016 23:52:30 GMT
- request:
    method: get
    uri: http://127.0.0.1:8983/solr/test/select?facet.field=is_part_of_ssim&fq=-is_part_of_ssim:info%5C:fedora/ichabodcollection%5C:3e4a757b-45bb-4ebc-aa80-c250ee2c6103&qf=desc_metadata__title_tesim%20desc_metadata__author_tesim%20desc_metadata__publisher_tesim%0A%20%20%20%20%20%20%20%20%20%20%20%20%20%20%20%20desc_metadata__type_tesim%20desc_metadata__description_tesim%20desc_metadata__series_tesim%0A%20%20%20%20%20%20%20%20%20%20%20%20%20%20%20%20desc_metadata__creator_tesim%20desc_metadata__subject_tesim%20desc_metadata__subject_spatial_tesim%20%0A%20%20%20%20%20%20%20%20%20%20%20%20%20%20%20%20desc_metadata__subject_temporal_tesim%20desc_metadata__isbn_tesim%20desc_metadata__genre_tesim&qt=search&rows=10&sort=score%20desc,%20pub_date_dtsi%20desc,%20title_tesi%20asc&wt=ruby
    body:
      encoding: US-ASCII
      string: ''
    headers: {}
  response:
    status:
      code: 200
      message: OK
    headers:
      Last-Modified:
      - Tue, 14 Jun 2016 23:51:48 GMT
      Etag:
      - '"MWE0OTAwMDAwMDAwMDAwMFNvbHI="'
      Content-Type:
      - text/plain;charset=UTF-8
      Transfer-Encoding:
      - chunked
    body:
      encoding: UTF-8
      string: "{'responseHeader'=>{'status'=>0,'QTime'=>0,'params'=>{'facet.field'=>['desc_metadata__type_sim','desc_metadata__creator_sim','desc_metadata__subject_sim','desc_metadata__language_sim','is_part_of_ssim'],'qt'=>'search','qf'=>'desc_metadata__title_tesim
        desc_metadata__author_tesim desc_metadata__publisher_tesim\n                desc_metadata__type_tesim
        desc_metadata__description_tesim desc_metadata__series_tesim\n                desc_metadata__creator_tesim
        desc_metadata__subject_tesim desc_metadata__subject_spatial_tesim \n                desc_metadata__subject_temporal_tesim
        desc_metadata__isbn_tesim desc_metadata__genre_tesim','fq'=>'-is_part_of_ssim:info\\\\:fedora/ichabodcollection\\\\:3e4a757b-45bb-4ebc-aa80-c250ee2c6103','sort'=>'score
        desc, pub_date_dtsi desc, title_tesi asc','rows'=>'10','wt'=>'ruby'}},'response'=>{'numFound'=>65,'start'=>0,'maxScore'=>1.0,'docs'=>[{'system_create_dtsi'=>'2016-06-14T23:51:18Z','system_modified_dtsi'=>'2016-06-14T23:51:19Z','object_state_ssi'=>'A','active_fedora_model_ssi'=>'Nyucore','id'=>'fda:hdl-handle-net-2451-33613','object_profile_ssm'=>['{\"datastreams\":{\"RELS-EXT\":{\"dsLabel\":\"Fedora
        Object-to-Object Relationship Metadata\",\"dsVersionID\":\"RELS-EXT.0\",\"dsCreateDate\":\"2016-06-14T23:51:19Z\",\"dsState\":\"A\",\"dsMIME\":\"application/rdf+xml\",\"dsFormatURI\":null,\"dsControlGroup\":\"X\",\"dsSize\":477,\"dsVersionable\":true,\"dsInfoType\":null,\"dsLocation\":\"fda:hdl-handle-net-2451-33613+RELS-EXT+RELS-EXT.0\",\"dsLocationType\":null,\"dsChecksumType\":\"DISABLED\",\"dsChecksum\":\"none\"},\"rightsMetadata\":{\"dsLabel\":null,\"dsVersionID\":\"rightsMetadata.0\",\"dsCreateDate\":\"2016-06-14T23:51:19Z\",\"dsState\":\"A\",\"dsMIME\":\"text/xml\",\"dsFormatURI\":null,\"dsControlGroup\":\"M\",\"dsSize\":579,\"dsVersionable\":true,\"dsInfoType\":null,\"dsLocation\":\"fda:hdl-handle-net-2451-33613+rightsMetadata+rightsMetadata.0\",\"dsLocationType\":\"INTERNAL_ID\",\"dsChecksumType\":\"DISABLED\",\"dsChecksum\":\"none\"},\"source_metadata\":{\"dsLabel\":null,\"dsVersionID\":\"source_metadata.0\",\"dsCreateDate\":\"2016-06-14T23:51:19Z\",\"dsState\":\"A\",\"dsMIME\":\"application/n-triples\",\"dsFormatURI\":null,\"dsControlGroup\":\"M\",\"dsSize\":4438,\"dsVersionable\":true,\"dsInfoType\":null,\"dsLocation\":\"fda:hdl-handle-net-2451-33613+source_metadata+source_metadata.0\",\"dsLocationType\":\"INTERNAL_ID\",\"dsChecksumType\":\"DISABLED\",\"dsChecksum\":\"none\"},\"native_metadata\":{\"dsLabel\":null,\"dsVersionID\":\"native_metadata.0\",\"dsCreateDate\":\"2016-06-14T23:51:19Z\",\"dsState\":\"A\",\"dsMIME\":\"application/n-triples\",\"dsFormatURI\":null,\"dsControlGroup\":\"M\",\"dsSize\":87,\"dsVersionable\":true,\"dsInfoType\":null,\"dsLocation\":\"fda:hdl-handle-net-2451-33613+native_metadata+native_metadata.0\",\"dsLocationType\":\"INTERNAL_ID\",\"dsChecksumType\":\"DISABLED\",\"dsChecksum\":\"none\"}},\"objLabel\":null,\"objOwnerId\":\"fedoraAdmin\",\"objModels\":[\"info:fedora/fedora-system:FedoraObject-3.0\"],\"objCreateDate\":\"2016-06-14T23:51:18Z\",\"objLastModDate\":\"2016-06-14T23:51:18Z\",\"objDissIndexViewURL\":\"http://localhost:8983/fedora-test/objects/fda%3Ahdl-handle-net-2451-33613/methods/fedora-system%3A3/viewMethodIndex\",\"objItemIndexViewURL\":\"http://localhost:8983/fedora-test/objects/fda%3Ahdl-handle-net-2451-33613/methods/fedora-system%3A3/viewItemIndex\",\"objState\":\"A\"}'],'edit_access_group_ssim'=>['admin_group','fda_cataloger'],'is_part_of_ssim'=>['info:fedora/ichabodcollection:6fe6391c-f2a3-4f9f-96a1-fff3a856958a'],'has_model_ssim'=>['info:fedora/afmodel:Nyucore'],'desc_metadata__title_tesim'=>['Building
        evidence around adolescent same-sex behavior and vulnerability to HIV: report
        prepared [by] The Humsafar Trust'],'desc_metadata__identifier_tesim'=>['http://hdl.handle.net/2451/33613','http://humsafar.org/ResDown/RESEARCH%20Building%20evidence%20around%20adolescent%20same-sex%20behavior%20and%20vulnerability%20to%20HIV%20-%202013.pdf'],'desc_metadata__creator_tesim'=>['Hamsafar
        Trust'],'desc_metadata__date_tesim'=>['2013'],'desc_metadata__description_tesim'=>['This
        report is one of the first in-depth analyses of same-sex behaviour among adolescents
        in India, providing the field research and background for future directions
        for research and interventions. Researchers found that MSM (Men who have Sex
        with Men) who start having sex early have different identities and behaviours
        compared with those who start later -- potentially indicating a greater sense
        of sexual desire, orientation, and identity. Furthermore, they are also subjected
        to \\'name calling\\' and other \\'discriminatory behaviour\\' in the\r\nsociety.
        They also found that younger MSM had low levels of awareness about HIV but
        had high risk behaviours compared with older MSM. Lack of adequate documentation
        of same-sex behaviour among adolescents often is a deterrent in designing
        appropriate targeted interventions for this\r\npopulation. Thus, there is
        an urgent need to pursue research and develop targeted interventions for same-sex
        desiring adolescents in India, with an aim to reduce HIV transmission in this
        population.'],'desc_metadata__publisher_tesim'=>['Mumbai:Humsafar Trust,2013'],'desc_metadata__rights_tesim'=>['NYU
        Libraries is providing access to these materials as a service to our scholarly
        community. We do not claim the copyright in these materials, nor can we give
        permission for their re-use. If you would like to request that we take down
        any of this material, please write to archive.help@nyu.edu with the following
        information: Provide the URL of the material that is the basis of your inquiry;
        Identify the material you have rights to; Provide your contact information,
        including name, address, telephone number, and e-mail address; Provide a statement
        of your good-faith belief that the material you identified is infringing of
        the material you have rights to.'],'desc_metadata__subject_tesim'=>['UNICEF','Sexually
        transmitted diseases','LGBT studies','Sexual orientation','AIDS','Public health','India','Mumbai','Demography','Health
        statistics','Sexual identity','Social conditions','Urban studies'],'desc_metadata__available_tesim'=>['http://hdl.handle.net/2451/33613'],'desc_metadata__citation_tesim'=>['http://humsafar.org/ResDown/RESEARCH%20Building%20evidence%20around%20adolescent%20same-sex%20behavior%20and%20vulnerability%20to%20HIV%20-%202013.pdf'],'desc_metadata__resource_set_tesim'=>['faculty_digital_archive_ngo'],'desc_metadata__type_tesim'=>['Report'],'timestamp'=>'2016-06-14T23:51:19.753Z','score'=>1.0},{'system_create_dtsi'=>'2016-06-14T23:51:18Z','system_modified_dtsi'=>'2016-06-14T23:51:18Z','object_state_ssi'=>'A','active_fedora_model_ssi'=>'Nyucore','id'=>'fda:hdl-handle-net-2451-33612','object_profile_ssm'=>['{\"datastreams\":{\"RELS-EXT\":{\"dsLabel\":\"Fedora
        Object-to-Object Relationship Metadata\",\"dsVersionID\":\"RELS-EXT.0\",\"dsCreateDate\":\"2016-06-14T23:51:18Z\",\"dsState\":\"A\",\"dsMIME\":\"application/rdf+xml\",\"dsFormatURI\":null,\"dsControlGroup\":\"X\",\"dsSize\":477,\"dsVersionable\":true,\"dsInfoType\":null,\"dsLocation\":\"fda:hdl-handle-net-2451-33612+RELS-EXT+RELS-EXT.0\",\"dsLocationType\":null,\"dsChecksumType\":\"DISABLED\",\"dsChecksum\":\"none\"},\"rightsMetadata\":{\"dsLabel\":null,\"dsVersionID\":\"rightsMetadata.0\",\"dsCreateDate\":\"2016-06-14T23:51:18Z\",\"dsState\":\"A\",\"dsMIME\":\"text/xml\",\"dsFormatURI\":null,\"dsControlGroup\":\"M\",\"dsSize\":579,\"dsVersionable\":true,\"dsInfoType\":null,\"dsLocation\":\"fda:hdl-handle-net-2451-33612+rightsMetadata+rightsMetadata.0\",\"dsLocationType\":\"INTERNAL_ID\",\"dsChecksumType\":\"DISABLED\",\"dsChecksum\":\"none\"},\"source_metadata\":{\"dsLabel\":null,\"dsVersionID\":\"source_metadata.0\",\"dsCreateDate\":\"2016-06-14T23:51:18Z\",\"dsState\":\"A\",\"dsMIME\":\"application/n-triples\",\"dsFormatURI\":null,\"dsControlGroup\":\"M\",\"dsSize\":2272,\"dsVersionable\":true,\"dsInfoType\":null,\"dsLocation\":\"fda:hdl-handle-net-2451-33612+source_metadata+source_metadata.0\",\"dsLocationType\":\"INTERNAL_ID\",\"dsChecksumType\":\"DISABLED\",\"dsChecksum\":\"none\"},\"native_metadata\":{\"dsLabel\":null,\"dsVersionID\":\"native_metadata.0\",\"dsCreateDate\":\"2016-06-14T23:51:18Z\",\"dsState\":\"A\",\"dsMIME\":\"application/n-triples\",\"dsFormatURI\":null,\"dsControlGroup\":\"M\",\"dsSize\":87,\"dsVersionable\":true,\"dsInfoType\":null,\"dsLocation\":\"fda:hdl-handle-net-2451-33612+native_metadata+native_metadata.0\",\"dsLocationType\":\"INTERNAL_ID\",\"dsChecksumType\":\"DISABLED\",\"dsChecksum\":\"none\"}},\"objLabel\":null,\"objOwnerId\":\"fedoraAdmin\",\"objModels\":[\"info:fedora/fedora-system:FedoraObject-3.0\"],\"objCreateDate\":\"2016-06-14T23:51:18Z\",\"objLastModDate\":\"2016-06-14T23:51:18Z\",\"objDissIndexViewURL\":\"http://localhost:8983/fedora-test/objects/fda%3Ahdl-handle-net-2451-33612/methods/fedora-system%3A3/viewMethodIndex\",\"objItemIndexViewURL\":\"http://localhost:8983/fedora-test/objects/fda%3Ahdl-handle-net-2451-33612/methods/fedora-system%3A3/viewItemIndex\",\"objState\":\"A\"}'],'edit_access_group_ssim'=>['admin_group','fda_cataloger'],'is_part_of_ssim'=>['info:fedora/ichabodcollection:6fe6391c-f2a3-4f9f-96a1-fff3a856958a'],'has_model_ssim'=>['info:fedora/afmodel:Nyucore'],'desc_metadata__title_tesim'=>['Hijras/transgender
        women in India: HIV, human rights and social exclusion'],'desc_metadata__identifier_tesim'=>['http://hdl.handle.net/2451/33612','http://www.undp.org/content/dam/india/docs/hijras_transgender_in_india_hiv_human_rights_and_social_exclusion.pdf'],'desc_metadata__creator_tesim'=>['Chakrapani,
        Venkatesan','United Nations Development Programme (UNDP), India'],'desc_metadata__date_tesim'=>['2010-12'],'desc_metadata__description_tesim'=>['The
        focus of this Transgender Issue Brief is to summarize the various issues faced
        by Hijras and transgender women.'],'desc_metadata__publisher_tesim'=>['[New
        Delhi]:United Nations Development Programme (UNDP), India,2010-12'],'desc_metadata__rights_tesim'=>['NYU
        Libraries is providing access to these materials as a service to our scholarly
        community.'],'desc_metadata__subject_tesim'=>['Social conditions','Social
        structure','Sexually transmitted diseases','AIDS','Gender discrimination'],'desc_metadata__available_tesim'=>['http://hdl.handle.net/2451/33612'],'desc_metadata__citation_tesim'=>['http://www.undp.org/content/dam/india/docs/hijras_transgender_in_india_hiv_human_rights_and_social_exclusion.pdf'],'desc_metadata__resource_set_tesim'=>['faculty_digital_archive_ngo'],'desc_metadata__type_tesim'=>['Report'],'timestamp'=>'2016-06-14T23:51:18.669Z','score'=>1.0},{'system_create_dtsi'=>'2016-06-14T23:51:17Z','system_modified_dtsi'=>'2016-06-14T23:51:17Z','object_state_ssi'=>'A','active_fedora_model_ssi'=>'Nyucore','id'=>'libguides:guides-nyu-edu-content-php-pid-38898','object_profile_ssm'=>['{\"datastreams\":{\"RELS-EXT\":{\"dsLabel\":\"Fedora
        Object-to-Object Relationship Metadata\",\"dsVersionID\":\"RELS-EXT.0\",\"dsCreateDate\":\"2016-06-14T23:51:17Z\",\"dsState\":\"A\",\"dsMIME\":\"application/rdf+xml\",\"dsFormatURI\":null,\"dsControlGroup\":\"X\",\"dsSize\":494,\"dsVersionable\":true,\"dsInfoType\":null,\"dsLocation\":\"libguides:guides-nyu-edu-content-php-pid-38898+RELS-EXT+RELS-EXT.0\",\"dsLocationType\":null,\"dsChecksumType\":\"DISABLED\",\"dsChecksum\":\"none\"},\"rightsMetadata\":{\"dsLabel\":null,\"dsVersionID\":\"rightsMetadata.0\",\"dsCreateDate\":\"2016-06-14T23:51:17Z\",\"dsState\":\"A\",\"dsMIME\":\"text/xml\",\"dsFormatURI\":null,\"dsControlGroup\":\"M\",\"dsSize\":585,\"dsVersionable\":true,\"dsInfoType\":null,\"dsLocation\":\"libguides:guides-nyu-edu-content-php-pid-38898+rightsMetadata+rightsMetadata.0\",\"dsLocationType\":\"INTERNAL_ID\",\"dsChecksumType\":\"DISABLED\",\"dsChecksum\":\"none\"},\"source_metadata\":{\"dsLabel\":null,\"dsVersionID\":\"source_metadata.0\",\"dsCreateDate\":\"2016-06-14T23:51:17Z\",\"dsState\":\"A\",\"dsMIME\":\"application/n-triples\",\"dsFormatURI\":null,\"dsControlGroup\":\"M\",\"dsSize\":1252,\"dsVersionable\":true,\"dsInfoType\":null,\"dsLocation\":\"libguides:guides-nyu-edu-content-php-pid-38898+source_metadata+source_metadata.0\",\"dsLocationType\":\"INTERNAL_ID\",\"dsChecksumType\":\"DISABLED\",\"dsChecksum\":\"none\"},\"native_metadata\":{}},\"objLabel\":null,\"objOwnerId\":\"fedoraAdmin\",\"objModels\":[\"info:fedora/fedora-system:FedoraObject-3.0\"],\"objCreateDate\":\"2016-06-14T23:51:17Z\",\"objLastModDate\":\"2016-06-14T23:51:17Z\",\"objDissIndexViewURL\":\"http://localhost:8983/fedora-test/objects/libguides%3Aguides-nyu-edu-content-php-pid-38898/methods/fedora-system%3A3/viewMethodIndex\",\"objItemIndexViewURL\":\"http://localhost:8983/fedora-test/objects/libguides%3Aguides-nyu-edu-content-php-pid-38898/methods/fedora-system%3A3/viewItemIndex\",\"objState\":\"A\"}'],'edit_access_group_ssim'=>['admin_group','libguides_cataloger'],'is_part_of_ssim'=>['info:fedora/ichabodcollection:9538a2df-bffd-4118-95db-6cf856a82eb6'],'has_model_ssim'=>['info:fedora/afmodel:Nyucore'],'desc_metadata__title_tesim'=>['Data
        Services'],'desc_metadata__identifier_tesim'=>['http://guides.nyu.edu/content.php?pid=38898'],'desc_metadata__creator_tesim'=>['Samantha
        Guss'],'desc_metadata__date_tesim'=>['2014-08-18 04:17:34 PM'],'desc_metadata__description_tesim'=>['Information
        on New York University\\'s Data Services.'],'desc_metadata__subject_tesim'=>['Library
        Spaces & Services','Social Sciences'],'desc_metadata__type_tesim'=>['Research
        Guide'],'desc_metadata__available_tesim'=>['http://guides.nyu.edu/dataservices'],'desc_metadata__resource_set_tesim'=>['lib_guides'],'timestamp'=>'2016-06-14T23:51:17.343Z','score'=>1.0},{'system_create_dtsi'=>'2016-06-14T23:51:15Z','system_modified_dtsi'=>'2016-06-14T23:51:15Z','object_state_ssi'=>'A','active_fedora_model_ssi'=>'Collection','id'=>'ichabodcollection:f51d8311-04aa-4c0c-8aa6-99bb26bd0c77','object_profile_ssm'=>['{\"datastreams\":{\"RELS-EXT\":{\"dsLabel\":\"Fedora
        Object-to-Object Relationship Metadata\",\"dsVersionID\":\"RELS-EXT.0\",\"dsCreateDate\":\"2016-06-14T23:51:15Z\",\"dsState\":\"A\",\"dsMIME\":\"application/rdf+xml\",\"dsFormatURI\":null,\"dsControlGroup\":\"X\",\"dsSize\":327,\"dsVersionable\":true,\"dsInfoType\":null,\"dsLocation\":\"ichabodcollection:f51d8311-04aa-4c0c-8aa6-99bb26bd0c77+RELS-EXT+RELS-EXT.0\",\"dsLocationType\":null,\"dsChecksumType\":\"DISABLED\",\"dsChecksum\":\"none\"},\"rightsMetadata\":{},\"descriptive_metadata\":{\"dsLabel\":null,\"dsVersionID\":\"descriptive_metadata.0\",\"dsCreateDate\":\"2016-06-14T23:51:15Z\",\"dsState\":\"A\",\"dsMIME\":\"application/n-triples\",\"dsFormatURI\":null,\"dsControlGroup\":\"M\",\"dsSize\":133,\"dsVersionable\":true,\"dsInfoType\":null,\"dsLocation\":\"ichabodcollection:f51d8311-04aa-4c0c-8aa6-99bb26bd0c77+descriptive_metadata+descriptive_metadata.0\",\"dsLocationType\":\"INTERNAL_ID\",\"dsChecksumType\":\"DISABLED\",\"dsChecksum\":\"none\"},\"administrative_metadata\":{\"dsLabel\":null,\"dsVersionID\":\"administrative_metadata.0\",\"dsCreateDate\":\"2016-06-14T23:51:15Z\",\"dsState\":\"A\",\"dsMIME\":\"application/n-triples\",\"dsFormatURI\":null,\"dsControlGroup\":\"M\",\"dsSize\":109,\"dsVersionable\":true,\"dsInfoType\":null,\"dsLocation\":\"ichabodcollection:f51d8311-04aa-4c0c-8aa6-99bb26bd0c77+administrative_metadata+administrative_metadata.0\",\"dsLocationType\":\"INTERNAL_ID\",\"dsChecksumType\":\"DISABLED\",\"dsChecksum\":\"none\"}},\"objLabel\":null,\"objOwnerId\":\"fedoraAdmin\",\"objModels\":[\"info:fedora/fedora-system:FedoraObject-3.0\"],\"objCreateDate\":\"2016-06-14T23:51:15Z\",\"objLastModDate\":\"2016-06-14T23:51:15Z\",\"objDissIndexViewURL\":\"http://localhost:8983/fedora-test/objects/ichabodcollection%3Af51d8311-04aa-4c0c-8aa6-99bb26bd0c77/methods/fedora-system%3A3/viewMethodIndex\",\"objItemIndexViewURL\":\"http://localhost:8983/fedora-test/objects/ichabodcollection%3Af51d8311-04aa-4c0c-8aa6-99bb26bd0c77/methods/fedora-system%3A3/viewItemIndex\",\"objState\":\"A\"}'],'desc_metadata__title_tesim'=>['The
        Real Rosie the Riveter'],'administrative_metadata__discoverable_tesim'=>['Y'],'has_model_ssim'=>['info:fedora/afmodel:Collection'],'timestamp'=>'2016-06-14T23:51:15.391Z','score'=>1.0},{'system_create_dtsi'=>'2016-06-14T23:51:13Z','system_modified_dtsi'=>'2016-06-14T23:51:13Z','object_state_ssi'=>'A','active_fedora_model_ssi'=>'Collection','id'=>'ichabodcollection:ddbaddb7-6ff1-4775-a490-fc2fad148a4f','object_profile_ssm'=>['{\"datastreams\":{\"RELS-EXT\":{\"dsLabel\":\"Fedora
        Object-to-Object Relationship Metadata\",\"dsVersionID\":\"RELS-EXT.0\",\"dsCreateDate\":\"2016-06-14T23:51:13Z\",\"dsState\":\"A\",\"dsMIME\":\"application/rdf+xml\",\"dsFormatURI\":null,\"dsControlGroup\":\"X\",\"dsSize\":327,\"dsVersionable\":true,\"dsInfoType\":null,\"dsLocation\":\"ichabodcollection:ddbaddb7-6ff1-4775-a490-fc2fad148a4f+RELS-EXT+RELS-EXT.0\",\"dsLocationType\":null,\"dsChecksumType\":\"DISABLED\",\"dsChecksum\":\"none\"},\"rightsMetadata\":{},\"descriptive_metadata\":{\"dsLabel\":null,\"dsVersionID\":\"descriptive_metadata.0\",\"dsCreateDate\":\"2016-06-14T23:51:13Z\",\"dsState\":\"A\",\"dsMIME\":\"application/n-triples\",\"dsFormatURI\":null,\"dsControlGroup\":\"M\",\"dsSize\":130,\"dsVersionable\":true,\"dsInfoType\":null,\"dsLocation\":\"ichabodcollection:ddbaddb7-6ff1-4775-a490-fc2fad148a4f+descriptive_metadata+descriptive_metadata.0\",\"dsLocationType\":\"INTERNAL_ID\",\"dsChecksumType\":\"DISABLED\",\"dsChecksum\":\"none\"},\"administrative_metadata\":{\"dsLabel\":null,\"dsVersionID\":\"administrative_metadata.0\",\"dsCreateDate\":\"2016-06-14T23:51:13Z\",\"dsState\":\"A\",\"dsMIME\":\"application/n-triples\",\"dsFormatURI\":null,\"dsControlGroup\":\"M\",\"dsSize\":109,\"dsVersionable\":true,\"dsInfoType\":null,\"dsLocation\":\"ichabodcollection:ddbaddb7-6ff1-4775-a490-fc2fad148a4f+administrative_metadata+administrative_metadata.0\",\"dsLocationType\":\"INTERNAL_ID\",\"dsChecksumType\":\"DISABLED\",\"dsChecksum\":\"none\"}},\"objLabel\":null,\"objOwnerId\":\"fedoraAdmin\",\"objModels\":[\"info:fedora/fedora-system:FedoraObject-3.0\"],\"objCreateDate\":\"2016-06-14T23:51:13Z\",\"objLastModDate\":\"2016-06-14T23:51:13Z\",\"objDissIndexViewURL\":\"http://localhost:8983/fedora-test/objects/ichabodcollection%3Addbaddb7-6ff1-4775-a490-fc2fad148a4f/methods/fedora-system%3A3/viewMethodIndex\",\"objItemIndexViewURL\":\"http://localhost:8983/fedora-test/objects/ichabodcollection%3Addbaddb7-6ff1-4775-a490-fc2fad148a4f/methods/fedora-system%3A3/viewItemIndex\",\"objState\":\"A\"}'],'desc_metadata__title_tesim'=>['Faculty
        Digital Archive'],'administrative_metadata__discoverable_tesim'=>['Y'],'has_model_ssim'=>['info:fedora/afmodel:Collection'],'timestamp'=>'2016-06-14T23:51:13.401Z','score'=>1.0},{'system_create_dtsi'=>'2016-06-14T23:51:17Z','system_modified_dtsi'=>'2016-06-14T23:51:17Z','object_state_ssi'=>'A','active_fedora_model_ssi'=>'Nyucore','id'=>'libguides:localhost','object_profile_ssm'=>['{\"datastreams\":{\"RELS-EXT\":{\"dsLabel\":\"Fedora
        Object-to-Object Relationship Metadata\",\"dsVersionID\":\"RELS-EXT.0\",\"dsCreateDate\":\"2016-06-14T23:51:17Z\",\"dsState\":\"A\",\"dsMIME\":\"application/rdf+xml\",\"dsFormatURI\":null,\"dsControlGroup\":\"X\",\"dsSize\":467,\"dsVersionable\":true,\"dsInfoType\":null,\"dsLocation\":\"libguides:localhost+RELS-EXT+RELS-EXT.0\",\"dsLocationType\":null,\"dsChecksumType\":\"DISABLED\",\"dsChecksum\":\"none\"},\"rightsMetadata\":{\"dsLabel\":null,\"dsVersionID\":\"rightsMetadata.0\",\"dsCreateDate\":\"2016-06-14T23:51:17Z\",\"dsState\":\"A\",\"dsMIME\":\"text/xml\",\"dsFormatURI\":null,\"dsControlGroup\":\"M\",\"dsSize\":585,\"dsVersionable\":true,\"dsInfoType\":null,\"dsLocation\":\"libguides:localhost+rightsMetadata+rightsMetadata.0\",\"dsLocationType\":\"INTERNAL_ID\",\"dsChecksumType\":\"DISABLED\",\"dsChecksum\":\"none\"},\"source_metadata\":{\"dsLabel\":null,\"dsVersionID\":\"source_metadata.0\",\"dsCreateDate\":\"2016-06-14T23:51:17Z\",\"dsState\":\"A\",\"dsMIME\":\"application/n-triples\",\"dsFormatURI\":null,\"dsControlGroup\":\"M\",\"dsSize\":692,\"dsVersionable\":true,\"dsInfoType\":null,\"dsLocation\":\"libguides:localhost+source_metadata+source_metadata.0\",\"dsLocationType\":\"INTERNAL_ID\",\"dsChecksumType\":\"DISABLED\",\"dsChecksum\":\"none\"},\"native_metadata\":{}},\"objLabel\":null,\"objOwnerId\":\"fedoraAdmin\",\"objModels\":[\"info:fedora/fedora-system:FedoraObject-3.0\"],\"objCreateDate\":\"2016-06-14T23:51:17Z\",\"objLastModDate\":\"2016-06-14T23:51:17Z\",\"objDissIndexViewURL\":\"http://localhost:8983/fedora-test/objects/libguides%3Alocalhost/methods/fedora-system%3A3/viewMethodIndex\",\"objItemIndexViewURL\":\"http://localhost:8983/fedora-test/objects/libguides%3Alocalhost/methods/fedora-system%3A3/viewItemIndex\",\"objState\":\"A\"}'],'edit_access_group_ssim'=>['admin_group','libguides_cataloger'],'is_part_of_ssim'=>['info:fedora/ichabodcollection:9538a2df-bffd-4118-95db-6cf856a82eb6'],'has_model_ssim'=>['info:fedora/afmodel:Nyucore'],'desc_metadata__title_tesim'=>['NAME'],'desc_metadata__identifier_tesim'=>['http://localhost'],'desc_metadata__creator_tesim'=>['NAME'],'desc_metadata__date_tesim'=>['2014-01-01
        00:00:00 AM'],'desc_metadata__description_tesim'=>['DESCRIPTION.'],'desc_metadata__type_tesim'=>['Research
        Guide'],'desc_metadata__available_tesim'=>['http://localhost'],'desc_metadata__resource_set_tesim'=>['lib_guides'],'timestamp'=>'2016-06-14T23:51:17.75Z','score'=>1.0},{'system_create_dtsi'=>'2016-06-14T23:51:13Z','system_modified_dtsi'=>'2016-06-14T23:51:17Z','object_state_ssi'=>'A','active_fedora_model_ssi'=>'Collection','id'=>'ichabodcollection:6fe6391c-f2a3-4f9f-96a1-fff3a856958a','object_profile_ssm'=>['{\"datastreams\":{\"DC\":{\"dsLabel\":\"Dublin
        Core Record for this object\",\"dsVersionID\":\"DC1.0\",\"dsCreateDate\":\"2016-06-14T23:51:13Z\",\"dsState\":\"A\",\"dsMIME\":\"text/xml\",\"dsFormatURI\":\"http://www.openarchives.org/OAI/2.0/oai_dc/\",\"dsControlGroup\":\"X\",\"dsSize\":383,\"dsVersionable\":true,\"dsInfoType\":null,\"dsLocation\":\"ichabodcollection:6fe6391c-f2a3-4f9f-96a1-fff3a856958a+DC+DC1.0\",\"dsLocationType\":null,\"dsChecksumType\":\"DISABLED\",\"dsChecksum\":\"none\"},\"RELS-EXT\":{\"dsLabel\":\"Fedora
        Object-to-Object Relationship Metadata\",\"dsVersionID\":\"RELS-EXT.0\",\"dsCreateDate\":\"2016-06-14T23:51:13Z\",\"dsState\":\"A\",\"dsMIME\":\"application/rdf+xml\",\"dsFormatURI\":null,\"dsControlGroup\":\"X\",\"dsSize\":327,\"dsVersionable\":true,\"dsInfoType\":null,\"dsLocation\":\"ichabodcollection:6fe6391c-f2a3-4f9f-96a1-fff3a856958a+RELS-EXT+RELS-EXT.0\",\"dsLocationType\":null,\"dsChecksumType\":\"DISABLED\",\"dsChecksum\":\"none\"},\"descriptive_metadata\":{\"dsLabel\":null,\"dsVersionID\":\"descriptive_metadata.0\",\"dsCreateDate\":\"2016-06-14T23:51:13Z\",\"dsState\":\"A\",\"dsMIME\":\"application/n-triples\",\"dsFormatURI\":null,\"dsControlGroup\":\"M\",\"dsSize\":140,\"dsVersionable\":true,\"dsInfoType\":null,\"dsLocation\":\"ichabodcollection:6fe6391c-f2a3-4f9f-96a1-fff3a856958a+descriptive_metadata+descriptive_metadata.0\",\"dsLocationType\":\"INTERNAL_ID\",\"dsChecksumType\":\"DISABLED\",\"dsChecksum\":\"none\"},\"administrative_metadata\":{\"dsLabel\":null,\"dsVersionID\":\"administrative_metadata.0\",\"dsCreateDate\":\"2016-06-14T23:51:13Z\",\"dsState\":\"A\",\"dsMIME\":\"application/n-triples\",\"dsFormatURI\":null,\"dsControlGroup\":\"M\",\"dsSize\":109,\"dsVersionable\":true,\"dsInfoType\":null,\"dsLocation\":\"ichabodcollection:6fe6391c-f2a3-4f9f-96a1-fff3a856958a+administrative_metadata+administrative_metadata.0\",\"dsLocationType\":\"INTERNAL_ID\",\"dsChecksumType\":\"DISABLED\",\"dsChecksum\":\"none\"},\"rightsMetadata\":{\"dsLabel\":null,\"dsVersionID\":\"rightsMetadata.0\",\"dsCreateDate\":\"2016-06-14T23:51:17Z\",\"dsState\":\"A\",\"dsMIME\":\"text/xml\",\"dsFormatURI\":null,\"dsControlGroup\":\"M\",\"dsSize\":579,\"dsVersionable\":true,\"dsInfoType\":null,\"dsLocation\":\"ichabodcollection:6fe6391c-f2a3-4f9f-96a1-fff3a856958a+rightsMetadata+rightsMetadata.0\",\"dsLocationType\":\"INTERNAL_ID\",\"dsChecksumType\":\"DISABLED\",\"dsChecksum\":\"none\"}},\"objLabel\":null,\"objOwnerId\":\"fedoraAdmin\",\"objModels\":[\"info:fedora/fedora-system:FedoraObject-3.0\",\"info:fedora/afmodel:Collection\"],\"objCreateDate\":\"2016-06-14T23:51:13Z\",\"objLastModDate\":\"2016-06-14T23:51:13Z\",\"objDissIndexViewURL\":\"http://localhost:8983/fedora-test/objects/ichabodcollection%3A6fe6391c-f2a3-4f9f-96a1-fff3a856958a/methods/fedora-system%3A3/viewMethodIndex\",\"objItemIndexViewURL\":\"http://localhost:8983/fedora-test/objects/ichabodcollection%3A6fe6391c-f2a3-4f9f-96a1-fff3a856958a/methods/fedora-system%3A3/viewItemIndex\",\"objState\":\"A\"}'],'desc_metadata__title_tesim'=>['South
        Asian NGO and other reports'],'administrative_metadata__discoverable_tesim'=>['Y'],'edit_access_group_ssim'=>['admin_group','fda_cataloger'],'has_model_ssim'=>['info:fedora/afmodel:Collection'],'timestamp'=>'2016-06-14T23:51:17.923Z','score'=>1.0},{'system_create_dtsi'=>'2016-06-14T23:51:14Z','system_modified_dtsi'=>'2016-06-14T23:51:16Z','object_state_ssi'=>'A','active_fedora_model_ssi'=>'Collection','id'=>'ichabodcollection:9538a2df-bffd-4118-95db-6cf856a82eb6','object_profile_ssm'=>['{\"datastreams\":{\"DC\":{\"dsLabel\":\"Dublin
        Core Record for this object\",\"dsVersionID\":\"DC1.0\",\"dsCreateDate\":\"2016-06-14T23:51:14Z\",\"dsState\":\"A\",\"dsMIME\":\"text/xml\",\"dsFormatURI\":\"http://www.openarchives.org/OAI/2.0/oai_dc/\",\"dsControlGroup\":\"X\",\"dsSize\":383,\"dsVersionable\":true,\"dsInfoType\":null,\"dsLocation\":\"ichabodcollection:9538a2df-bffd-4118-95db-6cf856a82eb6+DC+DC1.0\",\"dsLocationType\":null,\"dsChecksumType\":\"DISABLED\",\"dsChecksum\":\"none\"},\"RELS-EXT\":{\"dsLabel\":\"Fedora
        Object-to-Object Relationship Metadata\",\"dsVersionID\":\"RELS-EXT.0\",\"dsCreateDate\":\"2016-06-14T23:51:14Z\",\"dsState\":\"A\",\"dsMIME\":\"application/rdf+xml\",\"dsFormatURI\":null,\"dsControlGroup\":\"X\",\"dsSize\":327,\"dsVersionable\":true,\"dsInfoType\":null,\"dsLocation\":\"ichabodcollection:9538a2df-bffd-4118-95db-6cf856a82eb6+RELS-EXT+RELS-EXT.0\",\"dsLocationType\":null,\"dsChecksumType\":\"DISABLED\",\"dsChecksum\":\"none\"},\"descriptive_metadata\":{\"dsLabel\":null,\"dsVersionID\":\"descriptive_metadata.0\",\"dsCreateDate\":\"2016-06-14T23:51:14Z\",\"dsState\":\"A\",\"dsMIME\":\"application/n-triples\",\"dsFormatURI\":null,\"dsControlGroup\":\"M\",\"dsSize\":122,\"dsVersionable\":true,\"dsInfoType\":null,\"dsLocation\":\"ichabodcollection:9538a2df-bffd-4118-95db-6cf856a82eb6+descriptive_metadata+descriptive_metadata.0\",\"dsLocationType\":\"INTERNAL_ID\",\"dsChecksumType\":\"DISABLED\",\"dsChecksum\":\"none\"},\"administrative_metadata\":{\"dsLabel\":null,\"dsVersionID\":\"administrative_metadata.0\",\"dsCreateDate\":\"2016-06-14T23:51:14Z\",\"dsState\":\"A\",\"dsMIME\":\"application/n-triples\",\"dsFormatURI\":null,\"dsControlGroup\":\"M\",\"dsSize\":109,\"dsVersionable\":true,\"dsInfoType\":null,\"dsLocation\":\"ichabodcollection:9538a2df-bffd-4118-95db-6cf856a82eb6+administrative_metadata+administrative_metadata.0\",\"dsLocationType\":\"INTERNAL_ID\",\"dsChecksumType\":\"DISABLED\",\"dsChecksum\":\"none\"},\"rightsMetadata\":{\"dsLabel\":null,\"dsVersionID\":\"rightsMetadata.0\",\"dsCreateDate\":\"2016-06-14T23:51:16Z\",\"dsState\":\"A\",\"dsMIME\":\"text/xml\",\"dsFormatURI\":null,\"dsControlGroup\":\"M\",\"dsSize\":585,\"dsVersionable\":true,\"dsInfoType\":null,\"dsLocation\":\"ichabodcollection:9538a2df-bffd-4118-95db-6cf856a82eb6+rightsMetadata+rightsMetadata.0\",\"dsLocationType\":\"INTERNAL_ID\",\"dsChecksumType\":\"DISABLED\",\"dsChecksum\":\"none\"}},\"objLabel\":null,\"objOwnerId\":\"fedoraAdmin\",\"objModels\":[\"info:fedora/fedora-system:FedoraObject-3.0\",\"info:fedora/afmodel:Collection\"],\"objCreateDate\":\"2016-06-14T23:51:14Z\",\"objLastModDate\":\"2016-06-14T23:51:14Z\",\"objDissIndexViewURL\":\"http://localhost:8983/fedora-test/objects/ichabodcollection%3A9538a2df-bffd-4118-95db-6cf856a82eb6/methods/fedora-system%3A3/viewMethodIndex\",\"objItemIndexViewURL\":\"http://localhost:8983/fedora-test/objects/ichabodcollection%3A9538a2df-bffd-4118-95db-6cf856a82eb6/methods/fedora-system%3A3/viewItemIndex\",\"objState\":\"A\"}'],'desc_metadata__title_tesim'=>['Research
        Guides'],'administrative_metadata__discoverable_tesim'=>['Y'],'edit_access_group_ssim'=>['admin_group','libguides_cataloger'],'has_model_ssim'=>['info:fedora/afmodel:Collection'],'timestamp'=>'2016-06-14T23:51:16.808Z','score'=>1.0},{'system_create_dtsi'=>'2016-06-14T23:51:15Z','system_modified_dtsi'=>'2016-06-14T23:51:15Z','object_state_ssi'=>'A','active_fedora_model_ssi'=>'Collection','id'=>'ichabodcollection:496431a4-e59b-4073-9484-af72c08d8c1f','object_profile_ssm'=>['{\"datastreams\":{\"RELS-EXT\":{\"dsLabel\":\"Fedora
        Object-to-Object Relationship Metadata\",\"dsVersionID\":\"RELS-EXT.0\",\"dsCreateDate\":\"2016-06-14T23:51:15Z\",\"dsState\":\"A\",\"dsMIME\":\"application/rdf+xml\",\"dsFormatURI\":null,\"dsControlGroup\":\"X\",\"dsSize\":327,\"dsVersionable\":true,\"dsInfoType\":null,\"dsLocation\":\"ichabodcollection:496431a4-e59b-4073-9484-af72c08d8c1f+RELS-EXT+RELS-EXT.0\",\"dsLocationType\":null,\"dsChecksumType\":\"DISABLED\",\"dsChecksum\":\"none\"},\"rightsMetadata\":{},\"descriptive_metadata\":{\"dsLabel\":null,\"dsVersionID\":\"descriptive_metadata.0\",\"dsCreateDate\":\"2016-06-14T23:51:15Z\",\"dsState\":\"A\",\"dsMIME\":\"application/n-triples\",\"dsFormatURI\":null,\"dsControlGroup\":\"M\",\"dsSize\":136,\"dsVersionable\":true,\"dsInfoType\":null,\"dsLocation\":\"ichabodcollection:496431a4-e59b-4073-9484-af72c08d8c1f+descriptive_metadata+descriptive_metadata.0\",\"dsLocationType\":\"INTERNAL_ID\",\"dsChecksumType\":\"DISABLED\",\"dsChecksum\":\"none\"},\"administrative_metadata\":{\"dsLabel\":null,\"dsVersionID\":\"administrative_metadata.0\",\"dsCreateDate\":\"2016-06-14T23:51:15Z\",\"dsState\":\"A\",\"dsMIME\":\"application/n-triples\",\"dsFormatURI\":null,\"dsControlGroup\":\"M\",\"dsSize\":109,\"dsVersionable\":true,\"dsInfoType\":null,\"dsLocation\":\"ichabodcollection:496431a4-e59b-4073-9484-af72c08d8c1f+administrative_metadata+administrative_metadata.0\",\"dsLocationType\":\"INTERNAL_ID\",\"dsChecksumType\":\"DISABLED\",\"dsChecksum\":\"none\"}},\"objLabel\":null,\"objOwnerId\":\"fedoraAdmin\",\"objModels\":[\"info:fedora/fedora-system:FedoraObject-3.0\"],\"objCreateDate\":\"2016-06-14T23:51:15Z\",\"objLastModDate\":\"2016-06-14T23:51:15Z\",\"objDissIndexViewURL\":\"http://localhost:8983/fedora-test/objects/ichabodcollection%3A496431a4-e59b-4073-9484-af72c08d8c1f/methods/fedora-system%3A3/viewMethodIndex\",\"objItemIndexViewURL\":\"http://localhost:8983/fedora-test/objects/ichabodcollection%3A496431a4-e59b-4073-9484-af72c08d8c1f/methods/fedora-system%3A3/viewItemIndex\",\"objState\":\"A\"}'],'desc_metadata__title_tesim'=>['Voices
        of the Food Revolution'],'administrative_metadata__discoverable_tesim'=>['Y'],'has_model_ssim'=>['info:fedora/afmodel:Collection'],'timestamp'=>'2016-06-14T23:51:15.996Z','score'=>1.0},{'system_create_dtsi'=>'2016-06-14T23:51:16Z','system_modified_dtsi'=>'2016-06-14T23:51:16Z','object_state_ssi'=>'A','active_fedora_model_ssi'=>'Collection','id'=>'ichabodcollection:3201b8e5-c705-4406-9e79-d4a7c328ac86','object_profile_ssm'=>['{\"datastreams\":{\"RELS-EXT\":{\"dsLabel\":\"Fedora
        Object-to-Object Relationship Metadata\",\"dsVersionID\":\"RELS-EXT.0\",\"dsCreateDate\":\"2016-06-14T23:51:16Z\",\"dsState\":\"A\",\"dsMIME\":\"application/rdf+xml\",\"dsFormatURI\":null,\"dsControlGroup\":\"X\",\"dsSize\":327,\"dsVersionable\":true,\"dsInfoType\":null,\"dsLocation\":\"ichabodcollection:3201b8e5-c705-4406-9e79-d4a7c328ac86+RELS-EXT+RELS-EXT.0\",\"dsLocationType\":null,\"dsChecksumType\":\"DISABLED\",\"dsChecksum\":\"none\"},\"rightsMetadata\":{},\"descriptive_metadata\":{\"dsLabel\":null,\"dsVersionID\":\"descriptive_metadata.0\",\"dsCreateDate\":\"2016-06-14T23:51:16Z\",\"dsState\":\"A\",\"dsMIME\":\"application/n-triples\",\"dsFormatURI\":null,\"dsControlGroup\":\"M\",\"dsSize\":117,\"dsVersionable\":true,\"dsInfoType\":null,\"dsLocation\":\"ichabodcollection:3201b8e5-c705-4406-9e79-d4a7c328ac86+descriptive_metadata+descriptive_metadata.0\",\"dsLocationType\":\"INTERNAL_ID\",\"dsChecksumType\":\"DISABLED\",\"dsChecksum\":\"none\"},\"administrative_metadata\":{\"dsLabel\":null,\"dsVersionID\":\"administrative_metadata.0\",\"dsCreateDate\":\"2016-06-14T23:51:16Z\",\"dsState\":\"A\",\"dsMIME\":\"application/n-triples\",\"dsFormatURI\":null,\"dsControlGroup\":\"M\",\"dsSize\":109,\"dsVersionable\":true,\"dsInfoType\":null,\"dsLocation\":\"ichabodcollection:3201b8e5-c705-4406-9e79-d4a7c328ac86+administrative_metadata+administrative_metadata.0\",\"dsLocationType\":\"INTERNAL_ID\",\"dsChecksumType\":\"DISABLED\",\"dsChecksum\":\"none\"}},\"objLabel\":null,\"objOwnerId\":\"fedoraAdmin\",\"objModels\":[\"info:fedora/fedora-system:FedoraObject-3.0\"],\"objCreateDate\":\"2016-06-14T23:51:16Z\",\"objLastModDate\":\"2016-06-14T23:51:16Z\",\"objDissIndexViewURL\":\"http://localhost:8983/fedora-test/objects/ichabodcollection%3A3201b8e5-c705-4406-9e79-d4a7c328ac86/methods/fedora-system%3A3/viewMethodIndex\",\"objItemIndexViewURL\":\"http://localhost:8983/fedora-test/objects/ichabodcollection%3A3201b8e5-c705-4406-9e79-d4a7c328ac86/methods/fedora-system%3A3/viewItemIndex\",\"objState\":\"A\"}'],'desc_metadata__title_tesim'=>['Test
        Title'],'administrative_metadata__discoverable_tesim'=>['Y'],'has_model_ssim'=>['info:fedora/afmodel:Collection'],'timestamp'=>'2016-06-14T23:51:16.572Z','score'=>1.0}]},'facet_counts'=>{'facet_queries'=>{},'facet_fields'=>{'desc_metadata__type_sim'=>['Archival
        Object',10,'Book',10,'Geospatial Data',10,'Report',5,'Dataset',4,'Research
        Guide',2,'Document',1],'desc_metadata__creator_sim'=>['Horatio Winslow, May-Dec.
        1911  ',5,'Max Eastman, Dec. 1912-1917',5,'Piet Vlag, Jan.-Aug. 1912',5,'Thomas
        Seltzer, Jan.-Apr. 1911',5,'Avula, Jyothsna',1,'Bhatla, Nandita',1,'Chakraborty,
        Swati',1,'Chakrapani, Venkatesan',1,'Committee on Amendments to Criminal Law',1,'East
        View Geospatial (Firm)',1],'desc_metadata__subject_sim'=>['Periodicals',5,'Radicalism',5,'Socialism',5,'Sexually
        transmitted diseases',4,'Social conditions',3,'AIDS',2,'Boundaries',2,'Economics',2,'Gender
        discrimination',2,'Human rights',2],'desc_metadata__language_sim'=>['English',9,'Spanish;
        Castilian',6],'is_part_of_ssim'=>['info:fedora/ichabodcollection:53edb991-305f-44be-bf4a-685cafbfd5dd',10,'info:fedora/ichabodcollection:6a7914dc-51f8-4fa2-8956-7ed4bcc515b3',10,'info:fedora/ichabodcollection:c7311f04-d4dd-439c-a0d2-3f8a72cdb689',10,'info:fedora/ichabodcollection:22a90233-20a4-4cdd-9478-98ab10f14166',5,'info:fedora/ichabodcollection:27959040-e11e-4b9d-a97f-98d4e85e2447',5,'info:fedora/ichabodcollection:6fe6391c-f2a3-4f9f-96a1-fff3a856958a',5,'info:fedora/ichabodcollection:bb2616be-e6f3-4a01-b8ad-10d7a16696cb',5,'info:fedora/ichabodcollection:9538a2df-bffd-4118-95db-6cf856a82eb6',2]},'facet_dates'=>{},'facet_ranges'=>{}}}\n"
    http_version: 
  recorded_at: Tue, 14 Jun 2016 23:52:30 GMT
- request:
    method: get
    uri: http://fedoraAdmin:fedoraAdmin@127.0.0.1:8983/fedora-test/objects/ichabodcollection:53edb991-305f-44be-bf4a-685cafbfd5dd?format=xml
    body:
      encoding: US-ASCII
      string: ''
    headers:
      Accept:
      - "*/*; q=0.5, application/xml"
      Accept-Encoding:
      - gzip, deflate
      User-Agent:
      - Ruby
  response:
    status:
      code: 200
      message: OK
    headers:
      Set-Cookie:
      - JSESSIONID=3ovsv20ztzzax1jdm9vomnf8;Path=/fedora-test
      Expires:
      - Thu, 01 Jan 1970 00:00:00 GMT
      Content-Type:
      - text/xml
      Date:
      - Tue, 14 Jun 2016 23:52:30 GMT
      Content-Length:
      - '1092'
    body:
      encoding: UTF-8
      string: <?xml version="1.0" encoding="UTF-8"?><objectProfile  xmlns="http://www.fedora.info/definitions/1/0/access/"  xmlns:xsd="http://www.w3.org/2001/XMLSchema"
        xmlns:xsi="http://www.w3.org/2001/XMLSchema-instance" xsi:schemaLocation="http://www.fedora.info/definitions/1/0/access/
        http://www.fedora.info/definitions/1/0/objectProfile.xsd" pid="ichabodcollection:53edb991-305f-44be-bf4a-685cafbfd5dd"
        ><objLabel></objLabel><objOwnerId>fedoraAdmin</objOwnerId><objModels><model>info:fedora/fedora-system:FedoraObject-3.0</model><model>info:fedora/afmodel:Collection</model></objModels><objCreateDate>2016-06-14T23:51:12.935Z</objCreateDate><objLastModDate>2016-06-14T23:51:21.797Z</objLastModDate><objDissIndexViewURL>http://localhost:8983/fedora-test/objects/ichabodcollection%3A53edb991-305f-44be-bf4a-685cafbfd5dd/methods/fedora-system%3A3/viewMethodIndex</objDissIndexViewURL><objItemIndexViewURL>http://localhost:8983/fedora-test/objects/ichabodcollection%3A53edb991-305f-44be-bf4a-685cafbfd5dd/methods/fedora-system%3A3/viewItemIndex</objItemIndexViewURL><objState>A</objState></objectProfile>
    http_version: 
  recorded_at: Tue, 14 Jun 2016 23:52:30 GMT
- request:
    method: get
    uri: http://fedoraAdmin:fedoraAdmin@127.0.0.1:8983/fedora-test/objects/ichabodcollection:53edb991-305f-44be-bf4a-685cafbfd5dd?format=xml
    body:
      encoding: US-ASCII
      string: ''
    headers:
      Accept:
      - "*/*; q=0.5, application/xml"
      Accept-Encoding:
      - gzip, deflate
      User-Agent:
      - Ruby
  response:
    status:
      code: 200
      message: OK
    headers:
      Set-Cookie:
      - JSESSIONID=auset0bth3a41fqe24d8utff7;Path=/fedora-test
      Expires:
      - Thu, 01 Jan 1970 00:00:00 GMT
      Content-Type:
      - text/xml
      Date:
      - Tue, 14 Jun 2016 23:52:30 GMT
      Content-Length:
      - '1092'
    body:
      encoding: UTF-8
      string: <?xml version="1.0" encoding="UTF-8"?><objectProfile  xmlns="http://www.fedora.info/definitions/1/0/access/"  xmlns:xsd="http://www.w3.org/2001/XMLSchema"
        xmlns:xsi="http://www.w3.org/2001/XMLSchema-instance" xsi:schemaLocation="http://www.fedora.info/definitions/1/0/access/
        http://www.fedora.info/definitions/1/0/objectProfile.xsd" pid="ichabodcollection:53edb991-305f-44be-bf4a-685cafbfd5dd"
        ><objLabel></objLabel><objOwnerId>fedoraAdmin</objOwnerId><objModels><model>info:fedora/fedora-system:FedoraObject-3.0</model><model>info:fedora/afmodel:Collection</model></objModels><objCreateDate>2016-06-14T23:51:12.935Z</objCreateDate><objLastModDate>2016-06-14T23:51:21.797Z</objLastModDate><objDissIndexViewURL>http://localhost:8983/fedora-test/objects/ichabodcollection%3A53edb991-305f-44be-bf4a-685cafbfd5dd/methods/fedora-system%3A3/viewMethodIndex</objDissIndexViewURL><objItemIndexViewURL>http://localhost:8983/fedora-test/objects/ichabodcollection%3A53edb991-305f-44be-bf4a-685cafbfd5dd/methods/fedora-system%3A3/viewItemIndex</objItemIndexViewURL><objState>A</objState></objectProfile>
    http_version: 
  recorded_at: Tue, 14 Jun 2016 23:52:30 GMT
- request:
    method: get
    uri: http://fedoraAdmin:fedoraAdmin@127.0.0.1:8983/fedora-test/objects/ichabodcollection:53edb991-305f-44be-bf4a-685cafbfd5dd/datastreams?format=xml&profiles=true
    body:
      encoding: US-ASCII
      string: ''
    headers:
      Accept:
      - "*/*; q=0.5, application/xml"
      Accept-Encoding:
      - gzip, deflate
      User-Agent:
      - Ruby
  response:
    status:
      code: 200
      message: OK
    headers:
      Set-Cookie:
      - JSESSIONID=28fimhq5rkeq1340wa42jqfry;Path=/fedora-test
      Expires:
      - Thu, 01 Jan 1970 00:00:00 GMT
      Content-Type:
      - text/xml
      Date:
      - Tue, 14 Jun 2016 23:52:30 GMT
      Content-Length:
      - '4604'
    body:
      encoding: UTF-8
      string: <?xml version="1.0" encoding="UTF-8"?><objectDatastreams xmlns="http://www.fedora.info/definitions/1/0/access/"
        xmlns:apim="http://www.fedora.info/definitions/1/0/management/" xmlns:xsd="http://www.w3.org/2001/XMLSchema"
        xmlns:xsi="http://www.w3.org/2001/XMLSchema-instance" xsi:schemaLocation="http://www.fedora.info/definitions/1/0/access/
        http://localhost:8983/fedora-test/schema/listDatastreams.xsd" pid="ichabodcollection:53edb991-305f-44be-bf4a-685cafbfd5dd"  baseURL="http://localhost:8983/fedora-test/"
        ><datastreamProfile pid="ichabodcollection:53edb991-305f-44be-bf4a-685cafbfd5dd"
        dsID="DC" ><apim:dsLabel>Dublin Core Record for this object</apim:dsLabel><apim:dsVersionID>DC1.0</apim:dsVersionID><apim:dsCreateDate>2016-06-14T23:51:12.935Z</apim:dsCreateDate><apim:dsState>A</apim:dsState><apim:dsMIME>text/xml</apim:dsMIME><apim:dsFormatURI>http://www.openarchives.org/OAI/2.0/oai_dc/</apim:dsFormatURI><apim:dsControlGroup>X</apim:dsControlGroup><apim:dsSize>383</apim:dsSize><apim:dsVersionable>true</apim:dsVersionable><apim:dsInfoType></apim:dsInfoType><apim:dsLocation>ichabodcollection:53edb991-305f-44be-bf4a-685cafbfd5dd+DC+DC1.0</apim:dsLocation><apim:dsLocationType></apim:dsLocationType><apim:dsChecksumType>DISABLED</apim:dsChecksumType><apim:dsChecksum>none</apim:dsChecksum></datastreamProfile><datastreamProfile
        pid="ichabodcollection:53edb991-305f-44be-bf4a-685cafbfd5dd" dsID="RELS-EXT"
        ><apim:dsLabel>Fedora Object-to-Object Relationship Metadata</apim:dsLabel><apim:dsVersionID>RELS-EXT.0</apim:dsVersionID><apim:dsCreateDate>2016-06-14T23:51:12.999Z</apim:dsCreateDate><apim:dsState>A</apim:dsState><apim:dsMIME>application/rdf+xml</apim:dsMIME><apim:dsFormatURI></apim:dsFormatURI><apim:dsControlGroup>X</apim:dsControlGroup><apim:dsSize>327</apim:dsSize><apim:dsVersionable>true</apim:dsVersionable><apim:dsInfoType></apim:dsInfoType><apim:dsLocation>ichabodcollection:53edb991-305f-44be-bf4a-685cafbfd5dd+RELS-EXT+RELS-EXT.0</apim:dsLocation><apim:dsLocationType></apim:dsLocationType><apim:dsChecksumType>DISABLED</apim:dsChecksumType><apim:dsChecksum>none</apim:dsChecksum></datastreamProfile><datastreamProfile
        pid="ichabodcollection:53edb991-305f-44be-bf4a-685cafbfd5dd" dsID="descriptive_metadata"
        ><apim:dsLabel></apim:dsLabel><apim:dsVersionID>descriptive_metadata.0</apim:dsVersionID><apim:dsCreateDate>2016-06-14T23:51:13.076Z</apim:dsCreateDate><apim:dsState>A</apim:dsState><apim:dsMIME>application/n-triples</apim:dsMIME><apim:dsFormatURI></apim:dsFormatURI><apim:dsControlGroup>M</apim:dsControlGroup><apim:dsSize>150</apim:dsSize><apim:dsVersionable>true</apim:dsVersionable><apim:dsInfoType></apim:dsInfoType><apim:dsLocation>ichabodcollection:53edb991-305f-44be-bf4a-685cafbfd5dd+descriptive_metadata+descriptive_metadata.0</apim:dsLocation><apim:dsLocationType>INTERNAL_ID</apim:dsLocationType><apim:dsChecksumType>DISABLED</apim:dsChecksumType><apim:dsChecksum>none</apim:dsChecksum></datastreamProfile><datastreamProfile
        pid="ichabodcollection:53edb991-305f-44be-bf4a-685cafbfd5dd" dsID="administrative_metadata"
        ><apim:dsLabel></apim:dsLabel><apim:dsVersionID>administrative_metadata.0</apim:dsVersionID><apim:dsCreateDate>2016-06-14T23:51:13.111Z</apim:dsCreateDate><apim:dsState>A</apim:dsState><apim:dsMIME>application/n-triples</apim:dsMIME><apim:dsFormatURI></apim:dsFormatURI><apim:dsControlGroup>M</apim:dsControlGroup><apim:dsSize>109</apim:dsSize><apim:dsVersionable>true</apim:dsVersionable><apim:dsInfoType></apim:dsInfoType><apim:dsLocation>ichabodcollection:53edb991-305f-44be-bf4a-685cafbfd5dd+administrative_metadata+administrative_metadata.0</apim:dsLocation><apim:dsLocationType>INTERNAL_ID</apim:dsLocationType><apim:dsChecksumType>DISABLED</apim:dsChecksumType><apim:dsChecksum>none</apim:dsChecksum></datastreamProfile><datastreamProfile
        pid="ichabodcollection:53edb991-305f-44be-bf4a-685cafbfd5dd" dsID="rightsMetadata"
        ><apim:dsLabel></apim:dsLabel><apim:dsVersionID>rightsMetadata.0</apim:dsVersionID><apim:dsCreateDate>2016-06-14T23:51:21.797Z</apim:dsCreateDate><apim:dsState>A</apim:dsState><apim:dsMIME>text/xml</apim:dsMIME><apim:dsFormatURI></apim:dsFormatURI><apim:dsControlGroup>M</apim:dsControlGroup><apim:dsSize>575</apim:dsSize><apim:dsVersionable>true</apim:dsVersionable><apim:dsInfoType></apim:dsInfoType><apim:dsLocation>ichabodcollection:53edb991-305f-44be-bf4a-685cafbfd5dd+rightsMetadata+rightsMetadata.0</apim:dsLocation><apim:dsLocationType>INTERNAL_ID</apim:dsLocationType><apim:dsChecksumType>DISABLED</apim:dsChecksumType><apim:dsChecksum>none</apim:dsChecksum></datastreamProfile></objectDatastreams>
    http_version: 
  recorded_at: Tue, 14 Jun 2016 23:52:30 GMT
- request:
    method: get
    uri: http://fedoraAdmin:fedoraAdmin@127.0.0.1:8983/fedora-test/objects/ichabodcollection:53edb991-305f-44be-bf4a-685cafbfd5dd/datastreams/RELS-EXT/content
    body:
      encoding: US-ASCII
      string: ''
    headers:
      Accept:
      - "*/*; q=0.5, application/xml"
      Accept-Encoding:
      - gzip, deflate
      User-Agent:
      - Ruby
  response:
    status:
      code: 200
      message: OK
    headers:
      Set-Cookie:
      - JSESSIONID=p6jngm2w6toz1clqtc1fuhs3q;Path=/fedora-test
      Expires:
      - Thu, 01 Jan 1970 00:00:00 GMT
      Content-Disposition:
      - inline; filename="Fedora Object-to-Object Relationship Metadata.rdf"
      Content-Length:
      - '327'
      Content-Type:
      - application/rdf+xml
      Date:
      - Tue, 14 Jun 2016 23:52:30 GMT
    body:
      encoding: UTF-8
      string: |2

        <rdf:RDF xmlns:ns0="info:fedora/fedora-system:def/model#" xmlns:rdf="http://www.w3.org/1999/02/22-rdf-syntax-ns#">
          <rdf:Description rdf:about="info:fedora/ichabodcollection:53edb991-305f-44be-bf4a-685cafbfd5dd">
            <ns0:hasModel rdf:resource="info:fedora/afmodel:Collection"></ns0:hasModel>
          </rdf:Description>
        </rdf:RDF>
    http_version: 
  recorded_at: Tue, 14 Jun 2016 23:52:30 GMT
- request:
    method: get
    uri: http://fedoraAdmin:fedoraAdmin@127.0.0.1:8983/fedora-test/objects/ichabodcollection:53edb991-305f-44be-bf4a-685cafbfd5dd/datastreams/descriptive_metadata/content
    body:
      encoding: US-ASCII
      string: ''
    headers:
      Accept:
      - "*/*; q=0.5, application/xml"
      Accept-Encoding:
      - gzip, deflate
      User-Agent:
      - Ruby
  response:
    status:
      code: 200
      message: OK
    headers:
      Set-Cookie:
      - JSESSIONID=1d9kgmlxaivgowtmg25ldpg8o;Path=/fedora-test
      Expires:
      - Thu, 01 Jan 1970 00:00:00 GMT
      Content-Disposition:
      - inline; filename="descriptive_metadata.bin"
      Content-Length:
      - '150'
      Content-Type:
      - application/n-triples
      Date:
      - Tue, 14 Jun 2016 23:52:30 GMT
    body:
      encoding: UTF-8
      string: |
        <info:fedora/ichabodcollection:53edb991-305f-44be-bf4a-685cafbfd5dd> <http://purl.org/dc/terms/title> "Archive of Contemporary Composers' Websites" .
    http_version: 
  recorded_at: Tue, 14 Jun 2016 23:52:30 GMT
- request:
    method: get
    uri: http://fedoraAdmin:fedoraAdmin@127.0.0.1:8983/fedora-test/objects/ichabodcollection:6a7914dc-51f8-4fa2-8956-7ed4bcc515b3?format=xml
    body:
      encoding: US-ASCII
      string: ''
    headers:
      Accept:
      - "*/*; q=0.5, application/xml"
      Accept-Encoding:
      - gzip, deflate
      User-Agent:
      - Ruby
  response:
    status:
      code: 200
      message: OK
    headers:
      Set-Cookie:
      - JSESSIONID=13hpak9ich45gaccfpxql638q;Path=/fedora-test
      Expires:
      - Thu, 01 Jan 1970 00:00:00 GMT
      Content-Type:
      - text/xml
      Date:
      - Tue, 14 Jun 2016 23:52:30 GMT
      Content-Length:
      - '1092'
    body:
      encoding: UTF-8
      string: <?xml version="1.0" encoding="UTF-8"?><objectProfile  xmlns="http://www.fedora.info/definitions/1/0/access/"  xmlns:xsd="http://www.w3.org/2001/XMLSchema"
        xmlns:xsi="http://www.w3.org/2001/XMLSchema-instance" xsi:schemaLocation="http://www.fedora.info/definitions/1/0/access/
        http://www.fedora.info/definitions/1/0/objectProfile.xsd" pid="ichabodcollection:6a7914dc-51f8-4fa2-8956-7ed4bcc515b3"
        ><objLabel></objLabel><objOwnerId>fedoraAdmin</objOwnerId><objModels><model>info:fedora/fedora-system:FedoraObject-3.0</model><model>info:fedora/afmodel:Collection</model></objModels><objCreateDate>2016-06-14T23:51:15.531Z</objCreateDate><objLastModDate>2016-06-14T23:51:40.234Z</objLastModDate><objDissIndexViewURL>http://localhost:8983/fedora-test/objects/ichabodcollection%3A6a7914dc-51f8-4fa2-8956-7ed4bcc515b3/methods/fedora-system%3A3/viewMethodIndex</objDissIndexViewURL><objItemIndexViewURL>http://localhost:8983/fedora-test/objects/ichabodcollection%3A6a7914dc-51f8-4fa2-8956-7ed4bcc515b3/methods/fedora-system%3A3/viewItemIndex</objItemIndexViewURL><objState>A</objState></objectProfile>
    http_version: 
  recorded_at: Tue, 14 Jun 2016 23:52:30 GMT
- request:
    method: get
    uri: http://fedoraAdmin:fedoraAdmin@127.0.0.1:8983/fedora-test/objects/ichabodcollection:6a7914dc-51f8-4fa2-8956-7ed4bcc515b3?format=xml
    body:
      encoding: US-ASCII
      string: ''
    headers:
      Accept:
      - "*/*; q=0.5, application/xml"
      Accept-Encoding:
      - gzip, deflate
      User-Agent:
      - Ruby
  response:
    status:
      code: 200
      message: OK
    headers:
      Set-Cookie:
      - JSESSIONID=vtuios87z8dj113t28qfkhota;Path=/fedora-test
      Expires:
      - Thu, 01 Jan 1970 00:00:00 GMT
      Content-Type:
      - text/xml
      Date:
      - Tue, 14 Jun 2016 23:52:30 GMT
      Content-Length:
      - '1092'
    body:
      encoding: UTF-8
      string: <?xml version="1.0" encoding="UTF-8"?><objectProfile  xmlns="http://www.fedora.info/definitions/1/0/access/"  xmlns:xsd="http://www.w3.org/2001/XMLSchema"
        xmlns:xsi="http://www.w3.org/2001/XMLSchema-instance" xsi:schemaLocation="http://www.fedora.info/definitions/1/0/access/
        http://www.fedora.info/definitions/1/0/objectProfile.xsd" pid="ichabodcollection:6a7914dc-51f8-4fa2-8956-7ed4bcc515b3"
        ><objLabel></objLabel><objOwnerId>fedoraAdmin</objOwnerId><objModels><model>info:fedora/fedora-system:FedoraObject-3.0</model><model>info:fedora/afmodel:Collection</model></objModels><objCreateDate>2016-06-14T23:51:15.531Z</objCreateDate><objLastModDate>2016-06-14T23:51:40.234Z</objLastModDate><objDissIndexViewURL>http://localhost:8983/fedora-test/objects/ichabodcollection%3A6a7914dc-51f8-4fa2-8956-7ed4bcc515b3/methods/fedora-system%3A3/viewMethodIndex</objDissIndexViewURL><objItemIndexViewURL>http://localhost:8983/fedora-test/objects/ichabodcollection%3A6a7914dc-51f8-4fa2-8956-7ed4bcc515b3/methods/fedora-system%3A3/viewItemIndex</objItemIndexViewURL><objState>A</objState></objectProfile>
    http_version: 
  recorded_at: Tue, 14 Jun 2016 23:52:30 GMT
- request:
    method: get
    uri: http://fedoraAdmin:fedoraAdmin@127.0.0.1:8983/fedora-test/objects/ichabodcollection:6a7914dc-51f8-4fa2-8956-7ed4bcc515b3/datastreams?format=xml&profiles=true
    body:
      encoding: US-ASCII
      string: ''
    headers:
      Accept:
      - "*/*; q=0.5, application/xml"
      Accept-Encoding:
      - gzip, deflate
      User-Agent:
      - Ruby
  response:
    status:
      code: 200
      message: OK
    headers:
      Set-Cookie:
      - JSESSIONID=r063ehxq0y789rqls1n4aasy;Path=/fedora-test
      Expires:
      - Thu, 01 Jan 1970 00:00:00 GMT
      Content-Type:
      - text/xml
      Date:
      - Tue, 14 Jun 2016 23:52:30 GMT
      Content-Length:
      - '4604'
    body:
      encoding: UTF-8
      string: <?xml version="1.0" encoding="UTF-8"?><objectDatastreams xmlns="http://www.fedora.info/definitions/1/0/access/"
        xmlns:apim="http://www.fedora.info/definitions/1/0/management/" xmlns:xsd="http://www.w3.org/2001/XMLSchema"
        xmlns:xsi="http://www.w3.org/2001/XMLSchema-instance" xsi:schemaLocation="http://www.fedora.info/definitions/1/0/access/
        http://localhost:8983/fedora-test/schema/listDatastreams.xsd" pid="ichabodcollection:6a7914dc-51f8-4fa2-8956-7ed4bcc515b3"  baseURL="http://localhost:8983/fedora-test/"
        ><datastreamProfile pid="ichabodcollection:6a7914dc-51f8-4fa2-8956-7ed4bcc515b3"
        dsID="DC" ><apim:dsLabel>Dublin Core Record for this object</apim:dsLabel><apim:dsVersionID>DC1.0</apim:dsVersionID><apim:dsCreateDate>2016-06-14T23:51:15.531Z</apim:dsCreateDate><apim:dsState>A</apim:dsState><apim:dsMIME>text/xml</apim:dsMIME><apim:dsFormatURI>http://www.openarchives.org/OAI/2.0/oai_dc/</apim:dsFormatURI><apim:dsControlGroup>X</apim:dsControlGroup><apim:dsSize>383</apim:dsSize><apim:dsVersionable>true</apim:dsVersionable><apim:dsInfoType></apim:dsInfoType><apim:dsLocation>ichabodcollection:6a7914dc-51f8-4fa2-8956-7ed4bcc515b3+DC+DC1.0</apim:dsLocation><apim:dsLocationType></apim:dsLocationType><apim:dsChecksumType>DISABLED</apim:dsChecksumType><apim:dsChecksum>none</apim:dsChecksum></datastreamProfile><datastreamProfile
        pid="ichabodcollection:6a7914dc-51f8-4fa2-8956-7ed4bcc515b3" dsID="RELS-EXT"
        ><apim:dsLabel>Fedora Object-to-Object Relationship Metadata</apim:dsLabel><apim:dsVersionID>RELS-EXT.0</apim:dsVersionID><apim:dsCreateDate>2016-06-14T23:51:15.587Z</apim:dsCreateDate><apim:dsState>A</apim:dsState><apim:dsMIME>application/rdf+xml</apim:dsMIME><apim:dsFormatURI></apim:dsFormatURI><apim:dsControlGroup>X</apim:dsControlGroup><apim:dsSize>327</apim:dsSize><apim:dsVersionable>true</apim:dsVersionable><apim:dsInfoType></apim:dsInfoType><apim:dsLocation>ichabodcollection:6a7914dc-51f8-4fa2-8956-7ed4bcc515b3+RELS-EXT+RELS-EXT.0</apim:dsLocation><apim:dsLocationType></apim:dsLocationType><apim:dsChecksumType>DISABLED</apim:dsChecksumType><apim:dsChecksum>none</apim:dsChecksum></datastreamProfile><datastreamProfile
        pid="ichabodcollection:6a7914dc-51f8-4fa2-8956-7ed4bcc515b3" dsID="descriptive_metadata"
        ><apim:dsLabel></apim:dsLabel><apim:dsVersionID>descriptive_metadata.0</apim:dsVersionID><apim:dsCreateDate>2016-06-14T23:51:15.633Z</apim:dsCreateDate><apim:dsState>A</apim:dsState><apim:dsMIME>application/n-triples</apim:dsMIME><apim:dsFormatURI></apim:dsFormatURI><apim:dsControlGroup>M</apim:dsControlGroup><apim:dsSize>130</apim:dsSize><apim:dsVersionable>true</apim:dsVersionable><apim:dsInfoType></apim:dsInfoType><apim:dsLocation>ichabodcollection:6a7914dc-51f8-4fa2-8956-7ed4bcc515b3+descriptive_metadata+descriptive_metadata.0</apim:dsLocation><apim:dsLocationType>INTERNAL_ID</apim:dsLocationType><apim:dsChecksumType>DISABLED</apim:dsChecksumType><apim:dsChecksum>none</apim:dsChecksum></datastreamProfile><datastreamProfile
        pid="ichabodcollection:6a7914dc-51f8-4fa2-8956-7ed4bcc515b3" dsID="administrative_metadata"
        ><apim:dsLabel></apim:dsLabel><apim:dsVersionID>administrative_metadata.0</apim:dsVersionID><apim:dsCreateDate>2016-06-14T23:51:15.666Z</apim:dsCreateDate><apim:dsState>A</apim:dsState><apim:dsMIME>application/n-triples</apim:dsMIME><apim:dsFormatURI></apim:dsFormatURI><apim:dsControlGroup>M</apim:dsControlGroup><apim:dsSize>109</apim:dsSize><apim:dsVersionable>true</apim:dsVersionable><apim:dsInfoType></apim:dsInfoType><apim:dsLocation>ichabodcollection:6a7914dc-51f8-4fa2-8956-7ed4bcc515b3+administrative_metadata+administrative_metadata.0</apim:dsLocation><apim:dsLocationType>INTERNAL_ID</apim:dsLocationType><apim:dsChecksumType>DISABLED</apim:dsChecksumType><apim:dsChecksum>none</apim:dsChecksum></datastreamProfile><datastreamProfile
        pid="ichabodcollection:6a7914dc-51f8-4fa2-8956-7ed4bcc515b3" dsID="rightsMetadata"
        ><apim:dsLabel></apim:dsLabel><apim:dsVersionID>rightsMetadata.0</apim:dsVersionID><apim:dsCreateDate>2016-06-14T23:51:40.234Z</apim:dsCreateDate><apim:dsState>A</apim:dsState><apim:dsMIME>text/xml</apim:dsMIME><apim:dsFormatURI></apim:dsFormatURI><apim:dsControlGroup>M</apim:dsControlGroup><apim:dsSize>579</apim:dsSize><apim:dsVersionable>true</apim:dsVersionable><apim:dsInfoType></apim:dsInfoType><apim:dsLocation>ichabodcollection:6a7914dc-51f8-4fa2-8956-7ed4bcc515b3+rightsMetadata+rightsMetadata.0</apim:dsLocation><apim:dsLocationType>INTERNAL_ID</apim:dsLocationType><apim:dsChecksumType>DISABLED</apim:dsChecksumType><apim:dsChecksum>none</apim:dsChecksum></datastreamProfile></objectDatastreams>
    http_version: 
  recorded_at: Tue, 14 Jun 2016 23:52:30 GMT
- request:
    method: get
    uri: http://fedoraAdmin:fedoraAdmin@127.0.0.1:8983/fedora-test/objects/ichabodcollection:6a7914dc-51f8-4fa2-8956-7ed4bcc515b3/datastreams/RELS-EXT/content
    body:
      encoding: US-ASCII
      string: ''
    headers:
      Accept:
      - "*/*; q=0.5, application/xml"
      Accept-Encoding:
      - gzip, deflate
      User-Agent:
      - Ruby
  response:
    status:
      code: 200
      message: OK
    headers:
      Set-Cookie:
      - JSESSIONID=1c62zgsk4h49w1qxy7mor059f0;Path=/fedora-test
      Expires:
      - Thu, 01 Jan 1970 00:00:00 GMT
      Content-Disposition:
      - inline; filename="Fedora Object-to-Object Relationship Metadata.rdf"
      Content-Length:
      - '327'
      Content-Type:
      - application/rdf+xml
      Date:
      - Tue, 14 Jun 2016 23:52:30 GMT
    body:
      encoding: UTF-8
      string: |2

        <rdf:RDF xmlns:ns0="info:fedora/fedora-system:def/model#" xmlns:rdf="http://www.w3.org/1999/02/22-rdf-syntax-ns#">
          <rdf:Description rdf:about="info:fedora/ichabodcollection:6a7914dc-51f8-4fa2-8956-7ed4bcc515b3">
            <ns0:hasModel rdf:resource="info:fedora/afmodel:Collection"></ns0:hasModel>
          </rdf:Description>
        </rdf:RDF>
    http_version: 
  recorded_at: Tue, 14 Jun 2016 23:52:30 GMT
- request:
    method: get
    uri: http://fedoraAdmin:fedoraAdmin@127.0.0.1:8983/fedora-test/objects/ichabodcollection:6a7914dc-51f8-4fa2-8956-7ed4bcc515b3/datastreams/descriptive_metadata/content
    body:
      encoding: US-ASCII
      string: ''
    headers:
      Accept:
      - "*/*; q=0.5, application/xml"
      Accept-Encoding:
      - gzip, deflate
      User-Agent:
      - Ruby
  response:
    status:
      code: 200
      message: OK
    headers:
      Set-Cookie:
      - JSESSIONID=au5vegb55x6mpl7shltddcdv;Path=/fedora-test
      Expires:
      - Thu, 01 Jan 1970 00:00:00 GMT
      Content-Disposition:
      - inline; filename="descriptive_metadata.bin"
      Content-Length:
      - '130'
      Content-Type:
      - application/n-triples
      Date:
      - Tue, 14 Jun 2016 23:52:30 GMT
    body:
      encoding: UTF-8
      string: |
        <info:fedora/ichabodcollection:6a7914dc-51f8-4fa2-8956-7ed4bcc515b3> <http://purl.org/dc/terms/title> "Spatial Data Repository" .
    http_version: 
  recorded_at: Tue, 14 Jun 2016 23:52:30 GMT
- request:
    method: get
    uri: http://fedoraAdmin:fedoraAdmin@127.0.0.1:8983/fedora-test/objects/ichabodcollection:c7311f04-d4dd-439c-a0d2-3f8a72cdb689?format=xml
    body:
      encoding: US-ASCII
      string: ''
    headers:
      Accept:
      - "*/*; q=0.5, application/xml"
      Accept-Encoding:
      - gzip, deflate
      User-Agent:
      - Ruby
  response:
    status:
      code: 200
      message: OK
    headers:
      Set-Cookie:
      - JSESSIONID=udmlmh19n2tr1dvohzw8ofdzt;Path=/fedora-test
      Expires:
      - Thu, 01 Jan 1970 00:00:00 GMT
      Content-Type:
      - text/xml
      Date:
      - Tue, 14 Jun 2016 23:52:30 GMT
      Content-Length:
      - '1092'
    body:
      encoding: UTF-8
      string: <?xml version="1.0" encoding="UTF-8"?><objectProfile  xmlns="http://www.fedora.info/definitions/1/0/access/"  xmlns:xsd="http://www.w3.org/2001/XMLSchema"
        xmlns:xsi="http://www.w3.org/2001/XMLSchema-instance" xsi:schemaLocation="http://www.fedora.info/definitions/1/0/access/
        http://www.fedora.info/definitions/1/0/objectProfile.xsd" pid="ichabodcollection:c7311f04-d4dd-439c-a0d2-3f8a72cdb689"
        ><objLabel></objLabel><objOwnerId>fedoraAdmin</objOwnerId><objModels><model>info:fedora/fedora-system:FedoraObject-3.0</model><model>info:fedora/afmodel:Collection</model></objModels><objCreateDate>2016-06-14T23:51:16.124Z</objCreateDate><objLastModDate>2016-06-14T23:51:28.959Z</objLastModDate><objDissIndexViewURL>http://localhost:8983/fedora-test/objects/ichabodcollection%3Ac7311f04-d4dd-439c-a0d2-3f8a72cdb689/methods/fedora-system%3A3/viewMethodIndex</objDissIndexViewURL><objItemIndexViewURL>http://localhost:8983/fedora-test/objects/ichabodcollection%3Ac7311f04-d4dd-439c-a0d2-3f8a72cdb689/methods/fedora-system%3A3/viewItemIndex</objItemIndexViewURL><objState>A</objState></objectProfile>
    http_version: 
  recorded_at: Tue, 14 Jun 2016 23:52:30 GMT
- request:
    method: get
    uri: http://fedoraAdmin:fedoraAdmin@127.0.0.1:8983/fedora-test/objects/ichabodcollection:c7311f04-d4dd-439c-a0d2-3f8a72cdb689?format=xml
    body:
      encoding: US-ASCII
      string: ''
    headers:
      Accept:
      - "*/*; q=0.5, application/xml"
      Accept-Encoding:
      - gzip, deflate
      User-Agent:
      - Ruby
  response:
    status:
      code: 200
      message: OK
    headers:
      Set-Cookie:
      - JSESSIONID=fjtwu86mffk012k19zpx7h1xi;Path=/fedora-test
      Expires:
      - Thu, 01 Jan 1970 00:00:00 GMT
      Content-Type:
      - text/xml
      Date:
      - Tue, 14 Jun 2016 23:52:30 GMT
      Content-Length:
      - '1092'
    body:
      encoding: UTF-8
      string: <?xml version="1.0" encoding="UTF-8"?><objectProfile  xmlns="http://www.fedora.info/definitions/1/0/access/"  xmlns:xsd="http://www.w3.org/2001/XMLSchema"
        xmlns:xsi="http://www.w3.org/2001/XMLSchema-instance" xsi:schemaLocation="http://www.fedora.info/definitions/1/0/access/
        http://www.fedora.info/definitions/1/0/objectProfile.xsd" pid="ichabodcollection:c7311f04-d4dd-439c-a0d2-3f8a72cdb689"
        ><objLabel></objLabel><objOwnerId>fedoraAdmin</objOwnerId><objModels><model>info:fedora/fedora-system:FedoraObject-3.0</model><model>info:fedora/afmodel:Collection</model></objModels><objCreateDate>2016-06-14T23:51:16.124Z</objCreateDate><objLastModDate>2016-06-14T23:51:28.959Z</objLastModDate><objDissIndexViewURL>http://localhost:8983/fedora-test/objects/ichabodcollection%3Ac7311f04-d4dd-439c-a0d2-3f8a72cdb689/methods/fedora-system%3A3/viewMethodIndex</objDissIndexViewURL><objItemIndexViewURL>http://localhost:8983/fedora-test/objects/ichabodcollection%3Ac7311f04-d4dd-439c-a0d2-3f8a72cdb689/methods/fedora-system%3A3/viewItemIndex</objItemIndexViewURL><objState>A</objState></objectProfile>
    http_version: 
  recorded_at: Tue, 14 Jun 2016 23:52:30 GMT
- request:
    method: get
    uri: http://fedoraAdmin:fedoraAdmin@127.0.0.1:8983/fedora-test/objects/ichabodcollection:c7311f04-d4dd-439c-a0d2-3f8a72cdb689/datastreams?format=xml&profiles=true
    body:
      encoding: US-ASCII
      string: ''
    headers:
      Accept:
      - "*/*; q=0.5, application/xml"
      Accept-Encoding:
      - gzip, deflate
      User-Agent:
      - Ruby
  response:
    status:
      code: 200
      message: OK
    headers:
      Set-Cookie:
      - JSESSIONID=ww9fh8ahqw99ows5l085q5ls;Path=/fedora-test
      Expires:
      - Thu, 01 Jan 1970 00:00:00 GMT
      Content-Type:
      - text/xml
      Date:
      - Tue, 14 Jun 2016 23:52:30 GMT
      Content-Length:
      - '4604'
    body:
      encoding: UTF-8
      string: <?xml version="1.0" encoding="UTF-8"?><objectDatastreams xmlns="http://www.fedora.info/definitions/1/0/access/"
        xmlns:apim="http://www.fedora.info/definitions/1/0/management/" xmlns:xsd="http://www.w3.org/2001/XMLSchema"
        xmlns:xsi="http://www.w3.org/2001/XMLSchema-instance" xsi:schemaLocation="http://www.fedora.info/definitions/1/0/access/
        http://localhost:8983/fedora-test/schema/listDatastreams.xsd" pid="ichabodcollection:c7311f04-d4dd-439c-a0d2-3f8a72cdb689"  baseURL="http://localhost:8983/fedora-test/"
        ><datastreamProfile pid="ichabodcollection:c7311f04-d4dd-439c-a0d2-3f8a72cdb689"
        dsID="DC" ><apim:dsLabel>Dublin Core Record for this object</apim:dsLabel><apim:dsVersionID>DC1.0</apim:dsVersionID><apim:dsCreateDate>2016-06-14T23:51:16.124Z</apim:dsCreateDate><apim:dsState>A</apim:dsState><apim:dsMIME>text/xml</apim:dsMIME><apim:dsFormatURI>http://www.openarchives.org/OAI/2.0/oai_dc/</apim:dsFormatURI><apim:dsControlGroup>X</apim:dsControlGroup><apim:dsSize>383</apim:dsSize><apim:dsVersionable>true</apim:dsVersionable><apim:dsInfoType></apim:dsInfoType><apim:dsLocation>ichabodcollection:c7311f04-d4dd-439c-a0d2-3f8a72cdb689+DC+DC1.0</apim:dsLocation><apim:dsLocationType></apim:dsLocationType><apim:dsChecksumType>DISABLED</apim:dsChecksumType><apim:dsChecksum>none</apim:dsChecksum></datastreamProfile><datastreamProfile
        pid="ichabodcollection:c7311f04-d4dd-439c-a0d2-3f8a72cdb689" dsID="RELS-EXT"
        ><apim:dsLabel>Fedora Object-to-Object Relationship Metadata</apim:dsLabel><apim:dsVersionID>RELS-EXT.0</apim:dsVersionID><apim:dsCreateDate>2016-06-14T23:51:16.179Z</apim:dsCreateDate><apim:dsState>A</apim:dsState><apim:dsMIME>application/rdf+xml</apim:dsMIME><apim:dsFormatURI></apim:dsFormatURI><apim:dsControlGroup>X</apim:dsControlGroup><apim:dsSize>327</apim:dsSize><apim:dsVersionable>true</apim:dsVersionable><apim:dsInfoType></apim:dsInfoType><apim:dsLocation>ichabodcollection:c7311f04-d4dd-439c-a0d2-3f8a72cdb689+RELS-EXT+RELS-EXT.0</apim:dsLocation><apim:dsLocationType></apim:dsLocationType><apim:dsChecksumType>DISABLED</apim:dsChecksumType><apim:dsChecksum>none</apim:dsChecksum></datastreamProfile><datastreamProfile
        pid="ichabodcollection:c7311f04-d4dd-439c-a0d2-3f8a72cdb689" dsID="descriptive_metadata"
        ><apim:dsLabel></apim:dsLabel><apim:dsVersionID>descriptive_metadata.0</apim:dsVersionID><apim:dsCreateDate>2016-06-14T23:51:16.212Z</apim:dsCreateDate><apim:dsState>A</apim:dsState><apim:dsMIME>application/n-triples</apim:dsMIME><apim:dsFormatURI></apim:dsFormatURI><apim:dsControlGroup>M</apim:dsControlGroup><apim:dsSize>131</apim:dsSize><apim:dsVersionable>true</apim:dsVersionable><apim:dsInfoType></apim:dsInfoType><apim:dsLocation>ichabodcollection:c7311f04-d4dd-439c-a0d2-3f8a72cdb689+descriptive_metadata+descriptive_metadata.0</apim:dsLocation><apim:dsLocationType>INTERNAL_ID</apim:dsLocationType><apim:dsChecksumType>DISABLED</apim:dsChecksumType><apim:dsChecksum>none</apim:dsChecksum></datastreamProfile><datastreamProfile
        pid="ichabodcollection:c7311f04-d4dd-439c-a0d2-3f8a72cdb689" dsID="administrative_metadata"
        ><apim:dsLabel></apim:dsLabel><apim:dsVersionID>administrative_metadata.0</apim:dsVersionID><apim:dsCreateDate>2016-06-14T23:51:16.242Z</apim:dsCreateDate><apim:dsState>A</apim:dsState><apim:dsMIME>application/n-triples</apim:dsMIME><apim:dsFormatURI></apim:dsFormatURI><apim:dsControlGroup>M</apim:dsControlGroup><apim:dsSize>109</apim:dsSize><apim:dsVersionable>true</apim:dsVersionable><apim:dsInfoType></apim:dsInfoType><apim:dsLocation>ichabodcollection:c7311f04-d4dd-439c-a0d2-3f8a72cdb689+administrative_metadata+administrative_metadata.0</apim:dsLocation><apim:dsLocationType>INTERNAL_ID</apim:dsLocationType><apim:dsChecksumType>DISABLED</apim:dsChecksumType><apim:dsChecksum>none</apim:dsChecksum></datastreamProfile><datastreamProfile
        pid="ichabodcollection:c7311f04-d4dd-439c-a0d2-3f8a72cdb689" dsID="rightsMetadata"
        ><apim:dsLabel></apim:dsLabel><apim:dsVersionID>rightsMetadata.0</apim:dsVersionID><apim:dsCreateDate>2016-06-14T23:51:28.959Z</apim:dsCreateDate><apim:dsState>A</apim:dsState><apim:dsMIME>text/xml</apim:dsMIME><apim:dsFormatURI></apim:dsFormatURI><apim:dsControlGroup>M</apim:dsControlGroup><apim:dsSize>544</apim:dsSize><apim:dsVersionable>true</apim:dsVersionable><apim:dsInfoType></apim:dsInfoType><apim:dsLocation>ichabodcollection:c7311f04-d4dd-439c-a0d2-3f8a72cdb689+rightsMetadata+rightsMetadata.0</apim:dsLocation><apim:dsLocationType>INTERNAL_ID</apim:dsLocationType><apim:dsChecksumType>DISABLED</apim:dsChecksumType><apim:dsChecksum>none</apim:dsChecksum></datastreamProfile></objectDatastreams>
    http_version: 
  recorded_at: Tue, 14 Jun 2016 23:52:30 GMT
- request:
    method: get
    uri: http://fedoraAdmin:fedoraAdmin@127.0.0.1:8983/fedora-test/objects/ichabodcollection:c7311f04-d4dd-439c-a0d2-3f8a72cdb689/datastreams/RELS-EXT/content
    body:
      encoding: US-ASCII
      string: ''
    headers:
      Accept:
      - "*/*; q=0.5, application/xml"
      Accept-Encoding:
      - gzip, deflate
      User-Agent:
      - Ruby
  response:
    status:
      code: 200
      message: OK
    headers:
      Set-Cookie:
      - JSESSIONID=1juo2ns11yhsw14oivcufjhudn;Path=/fedora-test
      Expires:
      - Thu, 01 Jan 1970 00:00:00 GMT
      Content-Disposition:
      - inline; filename="Fedora Object-to-Object Relationship Metadata.rdf"
      Content-Length:
      - '327'
      Content-Type:
      - application/rdf+xml
      Date:
      - Tue, 14 Jun 2016 23:52:30 GMT
    body:
      encoding: UTF-8
      string: |2

        <rdf:RDF xmlns:ns0="info:fedora/fedora-system:def/model#" xmlns:rdf="http://www.w3.org/1999/02/22-rdf-syntax-ns#">
          <rdf:Description rdf:about="info:fedora/ichabodcollection:c7311f04-d4dd-439c-a0d2-3f8a72cdb689">
            <ns0:hasModel rdf:resource="info:fedora/afmodel:Collection"></ns0:hasModel>
          </rdf:Description>
        </rdf:RDF>
    http_version: 
  recorded_at: Tue, 14 Jun 2016 23:52:30 GMT
- request:
    method: get
    uri: http://fedoraAdmin:fedoraAdmin@127.0.0.1:8983/fedora-test/objects/ichabodcollection:c7311f04-d4dd-439c-a0d2-3f8a72cdb689/datastreams/descriptive_metadata/content
    body:
      encoding: US-ASCII
      string: ''
    headers:
      Accept:
      - "*/*; q=0.5, application/xml"
      Accept-Encoding:
      - gzip, deflate
      User-Agent:
      - Ruby
  response:
    status:
      code: 200
      message: OK
    headers:
      Set-Cookie:
      - JSESSIONID=10vtfgvdqmgwk14gf2zabvhbh0;Path=/fedora-test
      Expires:
      - Thu, 01 Jan 1970 00:00:00 GMT
      Content-Disposition:
      - inline; filename="descriptive_metadata.bin"
      Content-Length:
      - '131'
      Content-Type:
      - application/n-triples
      Date:
      - Tue, 14 Jun 2016 23:52:30 GMT
    body:
      encoding: UTF-8
      string: |
        <info:fedora/ichabodcollection:c7311f04-d4dd-439c-a0d2-3f8a72cdb689> <http://purl.org/dc/terms/title> "David Wojnarowicz Papers" .
    http_version: 
  recorded_at: Tue, 14 Jun 2016 23:52:30 GMT
- request:
    method: get
    uri: http://fedoraAdmin:fedoraAdmin@127.0.0.1:8983/fedora-test/objects/ichabodcollection:22a90233-20a4-4cdd-9478-98ab10f14166?format=xml
    body:
      encoding: US-ASCII
      string: ''
    headers:
      Accept:
      - "*/*; q=0.5, application/xml"
      Accept-Encoding:
      - gzip, deflate
      User-Agent:
      - Ruby
  response:
    status:
      code: 200
      message: OK
    headers:
      Set-Cookie:
      - JSESSIONID=462mnscjonks1kz6n9b5hvw2b;Path=/fedora-test
      Expires:
      - Thu, 01 Jan 1970 00:00:00 GMT
      Content-Type:
      - text/xml
      Date:
      - Tue, 14 Jun 2016 23:52:30 GMT
      Content-Length:
      - '1092'
    body:
      encoding: UTF-8
      string: <?xml version="1.0" encoding="UTF-8"?><objectProfile  xmlns="http://www.fedora.info/definitions/1/0/access/"  xmlns:xsd="http://www.w3.org/2001/XMLSchema"
        xmlns:xsi="http://www.w3.org/2001/XMLSchema-instance" xsi:schemaLocation="http://www.fedora.info/definitions/1/0/access/
        http://www.fedora.info/definitions/1/0/objectProfile.xsd" pid="ichabodcollection:22a90233-20a4-4cdd-9478-98ab10f14166"
        ><objLabel></objLabel><objOwnerId>fedoraAdmin</objOwnerId><objModels><model>info:fedora/fedora-system:FedoraObject-3.0</model><model>info:fedora/afmodel:Collection</model></objModels><objCreateDate>2016-06-14T23:51:14.964Z</objCreateDate><objLastModDate>2016-06-14T23:51:26.098Z</objLastModDate><objDissIndexViewURL>http://localhost:8983/fedora-test/objects/ichabodcollection%3A22a90233-20a4-4cdd-9478-98ab10f14166/methods/fedora-system%3A3/viewMethodIndex</objDissIndexViewURL><objItemIndexViewURL>http://localhost:8983/fedora-test/objects/ichabodcollection%3A22a90233-20a4-4cdd-9478-98ab10f14166/methods/fedora-system%3A3/viewItemIndex</objItemIndexViewURL><objState>A</objState></objectProfile>
    http_version: 
  recorded_at: Tue, 14 Jun 2016 23:52:30 GMT
- request:
    method: get
    uri: http://fedoraAdmin:fedoraAdmin@127.0.0.1:8983/fedora-test/objects/ichabodcollection:22a90233-20a4-4cdd-9478-98ab10f14166?format=xml
    body:
      encoding: US-ASCII
      string: ''
    headers:
      Accept:
      - "*/*; q=0.5, application/xml"
      Accept-Encoding:
      - gzip, deflate
      User-Agent:
      - Ruby
  response:
    status:
      code: 200
      message: OK
    headers:
      Set-Cookie:
      - JSESSIONID=1bpdvo5qa75eb9em1p15tnesl;Path=/fedora-test
      Expires:
      - Thu, 01 Jan 1970 00:00:00 GMT
      Content-Type:
      - text/xml
      Date:
      - Tue, 14 Jun 2016 23:52:30 GMT
      Content-Length:
      - '1092'
    body:
      encoding: UTF-8
      string: <?xml version="1.0" encoding="UTF-8"?><objectProfile  xmlns="http://www.fedora.info/definitions/1/0/access/"  xmlns:xsd="http://www.w3.org/2001/XMLSchema"
        xmlns:xsi="http://www.w3.org/2001/XMLSchema-instance" xsi:schemaLocation="http://www.fedora.info/definitions/1/0/access/
        http://www.fedora.info/definitions/1/0/objectProfile.xsd" pid="ichabodcollection:22a90233-20a4-4cdd-9478-98ab10f14166"
        ><objLabel></objLabel><objOwnerId>fedoraAdmin</objOwnerId><objModels><model>info:fedora/fedora-system:FedoraObject-3.0</model><model>info:fedora/afmodel:Collection</model></objModels><objCreateDate>2016-06-14T23:51:14.964Z</objCreateDate><objLastModDate>2016-06-14T23:51:26.098Z</objLastModDate><objDissIndexViewURL>http://localhost:8983/fedora-test/objects/ichabodcollection%3A22a90233-20a4-4cdd-9478-98ab10f14166/methods/fedora-system%3A3/viewMethodIndex</objDissIndexViewURL><objItemIndexViewURL>http://localhost:8983/fedora-test/objects/ichabodcollection%3A22a90233-20a4-4cdd-9478-98ab10f14166/methods/fedora-system%3A3/viewItemIndex</objItemIndexViewURL><objState>A</objState></objectProfile>
    http_version: 
  recorded_at: Tue, 14 Jun 2016 23:52:30 GMT
- request:
    method: get
    uri: http://fedoraAdmin:fedoraAdmin@127.0.0.1:8983/fedora-test/objects/ichabodcollection:22a90233-20a4-4cdd-9478-98ab10f14166/datastreams?format=xml&profiles=true
    body:
      encoding: US-ASCII
      string: ''
    headers:
      Accept:
      - "*/*; q=0.5, application/xml"
      Accept-Encoding:
      - gzip, deflate
      User-Agent:
      - Ruby
  response:
    status:
      code: 200
      message: OK
    headers:
      Set-Cookie:
      - JSESSIONID=1s8kj84i6aozl1r2dnkcbhr61n;Path=/fedora-test
      Expires:
      - Thu, 01 Jan 1970 00:00:00 GMT
      Content-Type:
      - text/xml
      Date:
      - Tue, 14 Jun 2016 23:52:30 GMT
      Content-Length:
      - '4604'
    body:
      encoding: UTF-8
      string: <?xml version="1.0" encoding="UTF-8"?><objectDatastreams xmlns="http://www.fedora.info/definitions/1/0/access/"
        xmlns:apim="http://www.fedora.info/definitions/1/0/management/" xmlns:xsd="http://www.w3.org/2001/XMLSchema"
        xmlns:xsi="http://www.w3.org/2001/XMLSchema-instance" xsi:schemaLocation="http://www.fedora.info/definitions/1/0/access/
        http://localhost:8983/fedora-test/schema/listDatastreams.xsd" pid="ichabodcollection:22a90233-20a4-4cdd-9478-98ab10f14166"  baseURL="http://localhost:8983/fedora-test/"
        ><datastreamProfile pid="ichabodcollection:22a90233-20a4-4cdd-9478-98ab10f14166"
        dsID="DC" ><apim:dsLabel>Dublin Core Record for this object</apim:dsLabel><apim:dsVersionID>DC1.0</apim:dsVersionID><apim:dsCreateDate>2016-06-14T23:51:14.964Z</apim:dsCreateDate><apim:dsState>A</apim:dsState><apim:dsMIME>text/xml</apim:dsMIME><apim:dsFormatURI>http://www.openarchives.org/OAI/2.0/oai_dc/</apim:dsFormatURI><apim:dsControlGroup>X</apim:dsControlGroup><apim:dsSize>383</apim:dsSize><apim:dsVersionable>true</apim:dsVersionable><apim:dsInfoType></apim:dsInfoType><apim:dsLocation>ichabodcollection:22a90233-20a4-4cdd-9478-98ab10f14166+DC+DC1.0</apim:dsLocation><apim:dsLocationType></apim:dsLocationType><apim:dsChecksumType>DISABLED</apim:dsChecksumType><apim:dsChecksum>none</apim:dsChecksum></datastreamProfile><datastreamProfile
        pid="ichabodcollection:22a90233-20a4-4cdd-9478-98ab10f14166" dsID="RELS-EXT"
        ><apim:dsLabel>Fedora Object-to-Object Relationship Metadata</apim:dsLabel><apim:dsVersionID>RELS-EXT.0</apim:dsVersionID><apim:dsCreateDate>2016-06-14T23:51:15.020Z</apim:dsCreateDate><apim:dsState>A</apim:dsState><apim:dsMIME>application/rdf+xml</apim:dsMIME><apim:dsFormatURI></apim:dsFormatURI><apim:dsControlGroup>X</apim:dsControlGroup><apim:dsSize>327</apim:dsSize><apim:dsVersionable>true</apim:dsVersionable><apim:dsInfoType></apim:dsInfoType><apim:dsLocation>ichabodcollection:22a90233-20a4-4cdd-9478-98ab10f14166+RELS-EXT+RELS-EXT.0</apim:dsLocation><apim:dsLocationType></apim:dsLocationType><apim:dsChecksumType>DISABLED</apim:dsChecksumType><apim:dsChecksum>none</apim:dsChecksum></datastreamProfile><datastreamProfile
        pid="ichabodcollection:22a90233-20a4-4cdd-9478-98ab10f14166" dsID="descriptive_metadata"
        ><apim:dsLabel></apim:dsLabel><apim:dsVersionID>descriptive_metadata.0</apim:dsVersionID><apim:dsCreateDate>2016-06-14T23:51:15.063Z</apim:dsCreateDate><apim:dsState>A</apim:dsState><apim:dsMIME>application/n-triples</apim:dsMIME><apim:dsFormatURI></apim:dsFormatURI><apim:dsControlGroup>M</apim:dsControlGroup><apim:dsSize>134</apim:dsSize><apim:dsVersionable>true</apim:dsVersionable><apim:dsInfoType></apim:dsInfoType><apim:dsLocation>ichabodcollection:22a90233-20a4-4cdd-9478-98ab10f14166+descriptive_metadata+descriptive_metadata.0</apim:dsLocation><apim:dsLocationType>INTERNAL_ID</apim:dsLocationType><apim:dsChecksumType>DISABLED</apim:dsChecksumType><apim:dsChecksum>none</apim:dsChecksum></datastreamProfile><datastreamProfile
        pid="ichabodcollection:22a90233-20a4-4cdd-9478-98ab10f14166" dsID="administrative_metadata"
        ><apim:dsLabel></apim:dsLabel><apim:dsVersionID>administrative_metadata.0</apim:dsVersionID><apim:dsCreateDate>2016-06-14T23:51:15.099Z</apim:dsCreateDate><apim:dsState>A</apim:dsState><apim:dsMIME>application/n-triples</apim:dsMIME><apim:dsFormatURI></apim:dsFormatURI><apim:dsControlGroup>M</apim:dsControlGroup><apim:dsSize>109</apim:dsSize><apim:dsVersionable>true</apim:dsVersionable><apim:dsInfoType></apim:dsInfoType><apim:dsLocation>ichabodcollection:22a90233-20a4-4cdd-9478-98ab10f14166+administrative_metadata+administrative_metadata.0</apim:dsLocation><apim:dsLocationType>INTERNAL_ID</apim:dsLocationType><apim:dsChecksumType>DISABLED</apim:dsChecksumType><apim:dsChecksum>none</apim:dsChecksum></datastreamProfile><datastreamProfile
        pid="ichabodcollection:22a90233-20a4-4cdd-9478-98ab10f14166" dsID="rightsMetadata"
        ><apim:dsLabel></apim:dsLabel><apim:dsVersionID>rightsMetadata.0</apim:dsVersionID><apim:dsCreateDate>2016-06-14T23:51:26.098Z</apim:dsCreateDate><apim:dsState>A</apim:dsState><apim:dsMIME>text/xml</apim:dsMIME><apim:dsFormatURI></apim:dsFormatURI><apim:dsControlGroup>M</apim:dsControlGroup><apim:dsSize>544</apim:dsSize><apim:dsVersionable>true</apim:dsVersionable><apim:dsInfoType></apim:dsInfoType><apim:dsLocation>ichabodcollection:22a90233-20a4-4cdd-9478-98ab10f14166+rightsMetadata+rightsMetadata.0</apim:dsLocation><apim:dsLocationType>INTERNAL_ID</apim:dsLocationType><apim:dsChecksumType>DISABLED</apim:dsChecksumType><apim:dsChecksum>none</apim:dsChecksum></datastreamProfile></objectDatastreams>
    http_version: 
  recorded_at: Tue, 14 Jun 2016 23:52:30 GMT
- request:
    method: get
    uri: http://fedoraAdmin:fedoraAdmin@127.0.0.1:8983/fedora-test/objects/ichabodcollection:22a90233-20a4-4cdd-9478-98ab10f14166/datastreams/RELS-EXT/content
    body:
      encoding: US-ASCII
      string: ''
    headers:
      Accept:
      - "*/*; q=0.5, application/xml"
      Accept-Encoding:
      - gzip, deflate
      User-Agent:
      - Ruby
  response:
    status:
      code: 200
      message: OK
    headers:
      Set-Cookie:
      - JSESSIONID=1e4nk4jefc69hmn4yvhwr9mts;Path=/fedora-test
      Expires:
      - Thu, 01 Jan 1970 00:00:00 GMT
      Content-Disposition:
      - inline; filename="Fedora Object-to-Object Relationship Metadata.rdf"
      Content-Length:
      - '327'
      Content-Type:
      - application/rdf+xml
      Date:
      - Tue, 14 Jun 2016 23:52:30 GMT
    body:
      encoding: UTF-8
      string: |2

        <rdf:RDF xmlns:ns0="info:fedora/fedora-system:def/model#" xmlns:rdf="http://www.w3.org/1999/02/22-rdf-syntax-ns#">
          <rdf:Description rdf:about="info:fedora/ichabodcollection:22a90233-20a4-4cdd-9478-98ab10f14166">
            <ns0:hasModel rdf:resource="info:fedora/afmodel:Collection"></ns0:hasModel>
          </rdf:Description>
        </rdf:RDF>
    http_version: 
  recorded_at: Tue, 14 Jun 2016 23:52:30 GMT
- request:
    method: get
    uri: http://fedoraAdmin:fedoraAdmin@127.0.0.1:8983/fedora-test/objects/ichabodcollection:22a90233-20a4-4cdd-9478-98ab10f14166/datastreams/descriptive_metadata/content
    body:
      encoding: US-ASCII
      string: ''
    headers:
      Accept:
      - "*/*; q=0.5, application/xml"
      Accept-Encoding:
      - gzip, deflate
      User-Agent:
      - Ruby
  response:
    status:
      code: 200
      message: OK
    headers:
      Set-Cookie:
      - JSESSIONID=12epit92jvb79pqy9z5bjd1m3;Path=/fedora-test
      Expires:
      - Thu, 01 Jan 1970 00:00:00 GMT
      Content-Disposition:
      - inline; filename="descriptive_metadata.bin"
      Content-Length:
      - '134'
      Content-Type:
      - application/n-triples
      Date:
      - Tue, 14 Jun 2016 23:52:31 GMT
    body:
      encoding: UTF-8
      string: |
        <info:fedora/ichabodcollection:22a90233-20a4-4cdd-9478-98ab10f14166> <http://purl.org/dc/terms/title> "NYU Press Open Access Books" .
    http_version: 
  recorded_at: Tue, 14 Jun 2016 23:52:31 GMT
- request:
    method: get
    uri: http://fedoraAdmin:fedoraAdmin@127.0.0.1:8983/fedora-test/objects/ichabodcollection:27959040-e11e-4b9d-a97f-98d4e85e2447?format=xml
    body:
      encoding: US-ASCII
      string: ''
    headers:
      Accept:
      - "*/*; q=0.5, application/xml"
      Accept-Encoding:
      - gzip, deflate
      User-Agent:
      - Ruby
  response:
    status:
      code: 200
      message: OK
    headers:
      Set-Cookie:
      - JSESSIONID=s41p3zxciu596uxwb5bdqpn;Path=/fedora-test
      Expires:
      - Thu, 01 Jan 1970 00:00:00 GMT
      Content-Type:
      - text/xml
      Date:
      - Tue, 14 Jun 2016 23:52:31 GMT
      Content-Length:
      - '1092'
    body:
      encoding: UTF-8
      string: <?xml version="1.0" encoding="UTF-8"?><objectProfile  xmlns="http://www.fedora.info/definitions/1/0/access/"  xmlns:xsd="http://www.w3.org/2001/XMLSchema"
        xmlns:xsi="http://www.w3.org/2001/XMLSchema-instance" xsi:schemaLocation="http://www.fedora.info/definitions/1/0/access/
        http://www.fedora.info/definitions/1/0/objectProfile.xsd" pid="ichabodcollection:27959040-e11e-4b9d-a97f-98d4e85e2447"
        ><objLabel></objLabel><objOwnerId>fedoraAdmin</objOwnerId><objModels><model>info:fedora/fedora-system:FedoraObject-3.0</model><model>info:fedora/afmodel:Collection</model></objModels><objCreateDate>2016-06-14T23:51:14.690Z</objCreateDate><objLastModDate>2016-06-14T23:51:33.958Z</objLastModDate><objDissIndexViewURL>http://localhost:8983/fedora-test/objects/ichabodcollection%3A27959040-e11e-4b9d-a97f-98d4e85e2447/methods/fedora-system%3A3/viewMethodIndex</objDissIndexViewURL><objItemIndexViewURL>http://localhost:8983/fedora-test/objects/ichabodcollection%3A27959040-e11e-4b9d-a97f-98d4e85e2447/methods/fedora-system%3A3/viewItemIndex</objItemIndexViewURL><objState>A</objState></objectProfile>
    http_version: 
  recorded_at: Tue, 14 Jun 2016 23:52:31 GMT
- request:
    method: get
    uri: http://fedoraAdmin:fedoraAdmin@127.0.0.1:8983/fedora-test/objects/ichabodcollection:27959040-e11e-4b9d-a97f-98d4e85e2447?format=xml
    body:
      encoding: US-ASCII
      string: ''
    headers:
      Accept:
      - "*/*; q=0.5, application/xml"
      Accept-Encoding:
      - gzip, deflate
      User-Agent:
      - Ruby
  response:
    status:
      code: 200
      message: OK
    headers:
      Set-Cookie:
      - JSESSIONID=gvqbrnk0cp5oagoa1hejamu5;Path=/fedora-test
      Expires:
      - Thu, 01 Jan 1970 00:00:00 GMT
      Content-Type:
      - text/xml
      Date:
      - Tue, 14 Jun 2016 23:52:31 GMT
      Content-Length:
      - '1092'
    body:
      encoding: UTF-8
      string: <?xml version="1.0" encoding="UTF-8"?><objectProfile  xmlns="http://www.fedora.info/definitions/1/0/access/"  xmlns:xsd="http://www.w3.org/2001/XMLSchema"
        xmlns:xsi="http://www.w3.org/2001/XMLSchema-instance" xsi:schemaLocation="http://www.fedora.info/definitions/1/0/access/
        http://www.fedora.info/definitions/1/0/objectProfile.xsd" pid="ichabodcollection:27959040-e11e-4b9d-a97f-98d4e85e2447"
        ><objLabel></objLabel><objOwnerId>fedoraAdmin</objOwnerId><objModels><model>info:fedora/fedora-system:FedoraObject-3.0</model><model>info:fedora/afmodel:Collection</model></objModels><objCreateDate>2016-06-14T23:51:14.690Z</objCreateDate><objLastModDate>2016-06-14T23:51:33.958Z</objLastModDate><objDissIndexViewURL>http://localhost:8983/fedora-test/objects/ichabodcollection%3A27959040-e11e-4b9d-a97f-98d4e85e2447/methods/fedora-system%3A3/viewMethodIndex</objDissIndexViewURL><objItemIndexViewURL>http://localhost:8983/fedora-test/objects/ichabodcollection%3A27959040-e11e-4b9d-a97f-98d4e85e2447/methods/fedora-system%3A3/viewItemIndex</objItemIndexViewURL><objState>A</objState></objectProfile>
    http_version: 
  recorded_at: Tue, 14 Jun 2016 23:52:31 GMT
- request:
    method: get
    uri: http://fedoraAdmin:fedoraAdmin@127.0.0.1:8983/fedora-test/objects/ichabodcollection:27959040-e11e-4b9d-a97f-98d4e85e2447/datastreams?format=xml&profiles=true
    body:
      encoding: US-ASCII
      string: ''
    headers:
      Accept:
      - "*/*; q=0.5, application/xml"
      Accept-Encoding:
      - gzip, deflate
      User-Agent:
      - Ruby
  response:
    status:
      code: 200
      message: OK
    headers:
      Set-Cookie:
      - JSESSIONID=19yduxaw71mm21bnmvd3cygycs;Path=/fedora-test
      Expires:
      - Thu, 01 Jan 1970 00:00:00 GMT
      Content-Type:
      - text/xml
      Date:
      - Tue, 14 Jun 2016 23:52:31 GMT
      Content-Length:
      - '4604'
    body:
      encoding: UTF-8
      string: <?xml version="1.0" encoding="UTF-8"?><objectDatastreams xmlns="http://www.fedora.info/definitions/1/0/access/"
        xmlns:apim="http://www.fedora.info/definitions/1/0/management/" xmlns:xsd="http://www.w3.org/2001/XMLSchema"
        xmlns:xsi="http://www.w3.org/2001/XMLSchema-instance" xsi:schemaLocation="http://www.fedora.info/definitions/1/0/access/
        http://localhost:8983/fedora-test/schema/listDatastreams.xsd" pid="ichabodcollection:27959040-e11e-4b9d-a97f-98d4e85e2447"  baseURL="http://localhost:8983/fedora-test/"
        ><datastreamProfile pid="ichabodcollection:27959040-e11e-4b9d-a97f-98d4e85e2447"
        dsID="DC" ><apim:dsLabel>Dublin Core Record for this object</apim:dsLabel><apim:dsVersionID>DC1.0</apim:dsVersionID><apim:dsCreateDate>2016-06-14T23:51:14.690Z</apim:dsCreateDate><apim:dsState>A</apim:dsState><apim:dsMIME>text/xml</apim:dsMIME><apim:dsFormatURI>http://www.openarchives.org/OAI/2.0/oai_dc/</apim:dsFormatURI><apim:dsControlGroup>X</apim:dsControlGroup><apim:dsSize>383</apim:dsSize><apim:dsVersionable>true</apim:dsVersionable><apim:dsInfoType></apim:dsInfoType><apim:dsLocation>ichabodcollection:27959040-e11e-4b9d-a97f-98d4e85e2447+DC+DC1.0</apim:dsLocation><apim:dsLocationType></apim:dsLocationType><apim:dsChecksumType>DISABLED</apim:dsChecksumType><apim:dsChecksum>none</apim:dsChecksum></datastreamProfile><datastreamProfile
        pid="ichabodcollection:27959040-e11e-4b9d-a97f-98d4e85e2447" dsID="RELS-EXT"
        ><apim:dsLabel>Fedora Object-to-Object Relationship Metadata</apim:dsLabel><apim:dsVersionID>RELS-EXT.0</apim:dsVersionID><apim:dsCreateDate>2016-06-14T23:51:14.739Z</apim:dsCreateDate><apim:dsState>A</apim:dsState><apim:dsMIME>application/rdf+xml</apim:dsMIME><apim:dsFormatURI></apim:dsFormatURI><apim:dsControlGroup>X</apim:dsControlGroup><apim:dsSize>327</apim:dsSize><apim:dsVersionable>true</apim:dsVersionable><apim:dsInfoType></apim:dsInfoType><apim:dsLocation>ichabodcollection:27959040-e11e-4b9d-a97f-98d4e85e2447+RELS-EXT+RELS-EXT.0</apim:dsLocation><apim:dsLocationType></apim:dsLocationType><apim:dsChecksumType>DISABLED</apim:dsChecksumType><apim:dsChecksum>none</apim:dsChecksum></datastreamProfile><datastreamProfile
        pid="ichabodcollection:27959040-e11e-4b9d-a97f-98d4e85e2447" dsID="descriptive_metadata"
        ><apim:dsLabel></apim:dsLabel><apim:dsVersionID>descriptive_metadata.0</apim:dsVersionID><apim:dsCreateDate>2016-06-14T23:51:14.782Z</apim:dsCreateDate><apim:dsState>A</apim:dsState><apim:dsMIME>application/n-triples</apim:dsMIME><apim:dsFormatURI></apim:dsFormatURI><apim:dsControlGroup>M</apim:dsControlGroup><apim:dsSize>117</apim:dsSize><apim:dsVersionable>true</apim:dsVersionable><apim:dsInfoType></apim:dsInfoType><apim:dsLocation>ichabodcollection:27959040-e11e-4b9d-a97f-98d4e85e2447+descriptive_metadata+descriptive_metadata.0</apim:dsLocation><apim:dsLocationType>INTERNAL_ID</apim:dsLocationType><apim:dsChecksumType>DISABLED</apim:dsChecksumType><apim:dsChecksum>none</apim:dsChecksum></datastreamProfile><datastreamProfile
        pid="ichabodcollection:27959040-e11e-4b9d-a97f-98d4e85e2447" dsID="administrative_metadata"
        ><apim:dsLabel></apim:dsLabel><apim:dsVersionID>administrative_metadata.0</apim:dsVersionID><apim:dsCreateDate>2016-06-14T23:51:14.822Z</apim:dsCreateDate><apim:dsState>A</apim:dsState><apim:dsMIME>application/n-triples</apim:dsMIME><apim:dsFormatURI></apim:dsFormatURI><apim:dsControlGroup>M</apim:dsControlGroup><apim:dsSize>109</apim:dsSize><apim:dsVersionable>true</apim:dsVersionable><apim:dsInfoType></apim:dsInfoType><apim:dsLocation>ichabodcollection:27959040-e11e-4b9d-a97f-98d4e85e2447+administrative_metadata+administrative_metadata.0</apim:dsLocation><apim:dsLocationType>INTERNAL_ID</apim:dsLocationType><apim:dsChecksumType>DISABLED</apim:dsChecksumType><apim:dsChecksum>none</apim:dsChecksum></datastreamProfile><datastreamProfile
        pid="ichabodcollection:27959040-e11e-4b9d-a97f-98d4e85e2447" dsID="rightsMetadata"
        ><apim:dsLabel></apim:dsLabel><apim:dsVersionID>rightsMetadata.0</apim:dsVersionID><apim:dsCreateDate>2016-06-14T23:51:33.958Z</apim:dsCreateDate><apim:dsState>A</apim:dsState><apim:dsMIME>text/xml</apim:dsMIME><apim:dsFormatURI></apim:dsFormatURI><apim:dsControlGroup>M</apim:dsControlGroup><apim:dsSize>544</apim:dsSize><apim:dsVersionable>true</apim:dsVersionable><apim:dsInfoType></apim:dsInfoType><apim:dsLocation>ichabodcollection:27959040-e11e-4b9d-a97f-98d4e85e2447+rightsMetadata+rightsMetadata.0</apim:dsLocation><apim:dsLocationType>INTERNAL_ID</apim:dsLocationType><apim:dsChecksumType>DISABLED</apim:dsChecksumType><apim:dsChecksum>none</apim:dsChecksum></datastreamProfile></objectDatastreams>
    http_version: 
  recorded_at: Tue, 14 Jun 2016 23:52:31 GMT
- request:
    method: get
    uri: http://fedoraAdmin:fedoraAdmin@127.0.0.1:8983/fedora-test/objects/ichabodcollection:27959040-e11e-4b9d-a97f-98d4e85e2447/datastreams/RELS-EXT/content
    body:
      encoding: US-ASCII
      string: ''
    headers:
      Accept:
      - "*/*; q=0.5, application/xml"
      Accept-Encoding:
      - gzip, deflate
      User-Agent:
      - Ruby
  response:
    status:
      code: 200
      message: OK
    headers:
      Set-Cookie:
      - JSESSIONID=17ja189og96m8d3ooy5pangsm;Path=/fedora-test
      Expires:
      - Thu, 01 Jan 1970 00:00:00 GMT
      Content-Disposition:
      - inline; filename="Fedora Object-to-Object Relationship Metadata.rdf"
      Content-Length:
      - '327'
      Content-Type:
      - application/rdf+xml
      Date:
      - Tue, 14 Jun 2016 23:52:31 GMT
    body:
      encoding: UTF-8
      string: |2

        <rdf:RDF xmlns:ns0="info:fedora/fedora-system:def/model#" xmlns:rdf="http://www.w3.org/1999/02/22-rdf-syntax-ns#">
          <rdf:Description rdf:about="info:fedora/ichabodcollection:27959040-e11e-4b9d-a97f-98d4e85e2447">
            <ns0:hasModel rdf:resource="info:fedora/afmodel:Collection"></ns0:hasModel>
          </rdf:Description>
        </rdf:RDF>
    http_version: 
  recorded_at: Tue, 14 Jun 2016 23:52:31 GMT
- request:
    method: get
    uri: http://fedoraAdmin:fedoraAdmin@127.0.0.1:8983/fedora-test/objects/ichabodcollection:27959040-e11e-4b9d-a97f-98d4e85e2447/datastreams/descriptive_metadata/content
    body:
      encoding: US-ASCII
      string: ''
    headers:
      Accept:
      - "*/*; q=0.5, application/xml"
      Accept-Encoding:
      - gzip, deflate
      User-Agent:
      - Ruby
  response:
    status:
      code: 200
      message: OK
    headers:
      Set-Cookie:
      - JSESSIONID=1q3ad6gly3ujx484vlyz09ci9;Path=/fedora-test
      Expires:
      - Thu, 01 Jan 1970 00:00:00 GMT
      Content-Disposition:
      - inline; filename="descriptive_metadata.bin"
      Content-Length:
      - '117'
      Content-Type:
      - application/n-triples
      Date:
      - Tue, 14 Jun 2016 23:52:31 GMT
    body:
      encoding: UTF-8
      string: |
        <info:fedora/ichabodcollection:27959040-e11e-4b9d-a97f-98d4e85e2447> <http://purl.org/dc/terms/title> "The Masses" .
    http_version: 
  recorded_at: Tue, 14 Jun 2016 23:52:31 GMT
- request:
    method: get
    uri: http://fedoraAdmin:fedoraAdmin@127.0.0.1:8983/fedora-test/objects/ichabodcollection:6fe6391c-f2a3-4f9f-96a1-fff3a856958a?format=xml
    body:
      encoding: US-ASCII
      string: ''
    headers:
      Accept:
      - "*/*; q=0.5, application/xml"
      Accept-Encoding:
      - gzip, deflate
      User-Agent:
      - Ruby
  response:
    status:
      code: 200
      message: OK
    headers:
      Set-Cookie:
      - JSESSIONID=xkevqj9bokoeem376zytljpg;Path=/fedora-test
      Expires:
      - Thu, 01 Jan 1970 00:00:00 GMT
      Content-Type:
      - text/xml
      Date:
      - Tue, 14 Jun 2016 23:52:31 GMT
      Content-Length:
      - '1092'
    body:
      encoding: UTF-8
      string: <?xml version="1.0" encoding="UTF-8"?><objectProfile  xmlns="http://www.fedora.info/definitions/1/0/access/"  xmlns:xsd="http://www.w3.org/2001/XMLSchema"
        xmlns:xsi="http://www.w3.org/2001/XMLSchema-instance" xsi:schemaLocation="http://www.fedora.info/definitions/1/0/access/
        http://www.fedora.info/definitions/1/0/objectProfile.xsd" pid="ichabodcollection:6fe6391c-f2a3-4f9f-96a1-fff3a856958a"
        ><objLabel></objLabel><objOwnerId>fedoraAdmin</objOwnerId><objModels><model>info:fedora/fedora-system:FedoraObject-3.0</model><model>info:fedora/afmodel:Collection</model></objModels><objCreateDate>2016-06-14T23:51:13.542Z</objCreateDate><objLastModDate>2016-06-14T23:51:17.910Z</objLastModDate><objDissIndexViewURL>http://localhost:8983/fedora-test/objects/ichabodcollection%3A6fe6391c-f2a3-4f9f-96a1-fff3a856958a/methods/fedora-system%3A3/viewMethodIndex</objDissIndexViewURL><objItemIndexViewURL>http://localhost:8983/fedora-test/objects/ichabodcollection%3A6fe6391c-f2a3-4f9f-96a1-fff3a856958a/methods/fedora-system%3A3/viewItemIndex</objItemIndexViewURL><objState>A</objState></objectProfile>
    http_version: 
  recorded_at: Tue, 14 Jun 2016 23:52:31 GMT
- request:
    method: get
    uri: http://fedoraAdmin:fedoraAdmin@127.0.0.1:8983/fedora-test/objects/ichabodcollection:6fe6391c-f2a3-4f9f-96a1-fff3a856958a?format=xml
    body:
      encoding: US-ASCII
      string: ''
    headers:
      Accept:
      - "*/*; q=0.5, application/xml"
      Accept-Encoding:
      - gzip, deflate
      User-Agent:
      - Ruby
  response:
    status:
      code: 200
      message: OK
    headers:
      Set-Cookie:
      - JSESSIONID=zty1ahyrv5etn1m696wvck0r;Path=/fedora-test
      Expires:
      - Thu, 01 Jan 1970 00:00:00 GMT
      Content-Type:
      - text/xml
      Date:
      - Tue, 14 Jun 2016 23:52:31 GMT
      Content-Length:
      - '1092'
    body:
      encoding: UTF-8
      string: <?xml version="1.0" encoding="UTF-8"?><objectProfile  xmlns="http://www.fedora.info/definitions/1/0/access/"  xmlns:xsd="http://www.w3.org/2001/XMLSchema"
        xmlns:xsi="http://www.w3.org/2001/XMLSchema-instance" xsi:schemaLocation="http://www.fedora.info/definitions/1/0/access/
        http://www.fedora.info/definitions/1/0/objectProfile.xsd" pid="ichabodcollection:6fe6391c-f2a3-4f9f-96a1-fff3a856958a"
        ><objLabel></objLabel><objOwnerId>fedoraAdmin</objOwnerId><objModels><model>info:fedora/fedora-system:FedoraObject-3.0</model><model>info:fedora/afmodel:Collection</model></objModels><objCreateDate>2016-06-14T23:51:13.542Z</objCreateDate><objLastModDate>2016-06-14T23:51:17.910Z</objLastModDate><objDissIndexViewURL>http://localhost:8983/fedora-test/objects/ichabodcollection%3A6fe6391c-f2a3-4f9f-96a1-fff3a856958a/methods/fedora-system%3A3/viewMethodIndex</objDissIndexViewURL><objItemIndexViewURL>http://localhost:8983/fedora-test/objects/ichabodcollection%3A6fe6391c-f2a3-4f9f-96a1-fff3a856958a/methods/fedora-system%3A3/viewItemIndex</objItemIndexViewURL><objState>A</objState></objectProfile>
    http_version: 
  recorded_at: Tue, 14 Jun 2016 23:52:31 GMT
- request:
    method: get
    uri: http://fedoraAdmin:fedoraAdmin@127.0.0.1:8983/fedora-test/objects/ichabodcollection:6fe6391c-f2a3-4f9f-96a1-fff3a856958a/datastreams?format=xml&profiles=true
    body:
      encoding: US-ASCII
      string: ''
    headers:
      Accept:
      - "*/*; q=0.5, application/xml"
      Accept-Encoding:
      - gzip, deflate
      User-Agent:
      - Ruby
  response:
    status:
      code: 200
      message: OK
    headers:
      Set-Cookie:
      - JSESSIONID=1tnjzw792l92z140lhscb5rti2;Path=/fedora-test
      Expires:
      - Thu, 01 Jan 1970 00:00:00 GMT
      Content-Type:
      - text/xml
      Date:
      - Tue, 14 Jun 2016 23:52:31 GMT
      Content-Length:
      - '4604'
    body:
      encoding: UTF-8
      string: <?xml version="1.0" encoding="UTF-8"?><objectDatastreams xmlns="http://www.fedora.info/definitions/1/0/access/"
        xmlns:apim="http://www.fedora.info/definitions/1/0/management/" xmlns:xsd="http://www.w3.org/2001/XMLSchema"
        xmlns:xsi="http://www.w3.org/2001/XMLSchema-instance" xsi:schemaLocation="http://www.fedora.info/definitions/1/0/access/
        http://localhost:8983/fedora-test/schema/listDatastreams.xsd" pid="ichabodcollection:6fe6391c-f2a3-4f9f-96a1-fff3a856958a"  baseURL="http://localhost:8983/fedora-test/"
        ><datastreamProfile pid="ichabodcollection:6fe6391c-f2a3-4f9f-96a1-fff3a856958a"
        dsID="DC" ><apim:dsLabel>Dublin Core Record for this object</apim:dsLabel><apim:dsVersionID>DC1.0</apim:dsVersionID><apim:dsCreateDate>2016-06-14T23:51:13.542Z</apim:dsCreateDate><apim:dsState>A</apim:dsState><apim:dsMIME>text/xml</apim:dsMIME><apim:dsFormatURI>http://www.openarchives.org/OAI/2.0/oai_dc/</apim:dsFormatURI><apim:dsControlGroup>X</apim:dsControlGroup><apim:dsSize>383</apim:dsSize><apim:dsVersionable>true</apim:dsVersionable><apim:dsInfoType></apim:dsInfoType><apim:dsLocation>ichabodcollection:6fe6391c-f2a3-4f9f-96a1-fff3a856958a+DC+DC1.0</apim:dsLocation><apim:dsLocationType></apim:dsLocationType><apim:dsChecksumType>DISABLED</apim:dsChecksumType><apim:dsChecksum>none</apim:dsChecksum></datastreamProfile><datastreamProfile
        pid="ichabodcollection:6fe6391c-f2a3-4f9f-96a1-fff3a856958a" dsID="RELS-EXT"
        ><apim:dsLabel>Fedora Object-to-Object Relationship Metadata</apim:dsLabel><apim:dsVersionID>RELS-EXT.0</apim:dsVersionID><apim:dsCreateDate>2016-06-14T23:51:13.589Z</apim:dsCreateDate><apim:dsState>A</apim:dsState><apim:dsMIME>application/rdf+xml</apim:dsMIME><apim:dsFormatURI></apim:dsFormatURI><apim:dsControlGroup>X</apim:dsControlGroup><apim:dsSize>327</apim:dsSize><apim:dsVersionable>true</apim:dsVersionable><apim:dsInfoType></apim:dsInfoType><apim:dsLocation>ichabodcollection:6fe6391c-f2a3-4f9f-96a1-fff3a856958a+RELS-EXT+RELS-EXT.0</apim:dsLocation><apim:dsLocationType></apim:dsLocationType><apim:dsChecksumType>DISABLED</apim:dsChecksumType><apim:dsChecksum>none</apim:dsChecksum></datastreamProfile><datastreamProfile
        pid="ichabodcollection:6fe6391c-f2a3-4f9f-96a1-fff3a856958a" dsID="descriptive_metadata"
        ><apim:dsLabel></apim:dsLabel><apim:dsVersionID>descriptive_metadata.0</apim:dsVersionID><apim:dsCreateDate>2016-06-14T23:51:13.626Z</apim:dsCreateDate><apim:dsState>A</apim:dsState><apim:dsMIME>application/n-triples</apim:dsMIME><apim:dsFormatURI></apim:dsFormatURI><apim:dsControlGroup>M</apim:dsControlGroup><apim:dsSize>140</apim:dsSize><apim:dsVersionable>true</apim:dsVersionable><apim:dsInfoType></apim:dsInfoType><apim:dsLocation>ichabodcollection:6fe6391c-f2a3-4f9f-96a1-fff3a856958a+descriptive_metadata+descriptive_metadata.0</apim:dsLocation><apim:dsLocationType>INTERNAL_ID</apim:dsLocationType><apim:dsChecksumType>DISABLED</apim:dsChecksumType><apim:dsChecksum>none</apim:dsChecksum></datastreamProfile><datastreamProfile
        pid="ichabodcollection:6fe6391c-f2a3-4f9f-96a1-fff3a856958a" dsID="administrative_metadata"
        ><apim:dsLabel></apim:dsLabel><apim:dsVersionID>administrative_metadata.0</apim:dsVersionID><apim:dsCreateDate>2016-06-14T23:51:13.658Z</apim:dsCreateDate><apim:dsState>A</apim:dsState><apim:dsMIME>application/n-triples</apim:dsMIME><apim:dsFormatURI></apim:dsFormatURI><apim:dsControlGroup>M</apim:dsControlGroup><apim:dsSize>109</apim:dsSize><apim:dsVersionable>true</apim:dsVersionable><apim:dsInfoType></apim:dsInfoType><apim:dsLocation>ichabodcollection:6fe6391c-f2a3-4f9f-96a1-fff3a856958a+administrative_metadata+administrative_metadata.0</apim:dsLocation><apim:dsLocationType>INTERNAL_ID</apim:dsLocationType><apim:dsChecksumType>DISABLED</apim:dsChecksumType><apim:dsChecksum>none</apim:dsChecksum></datastreamProfile><datastreamProfile
        pid="ichabodcollection:6fe6391c-f2a3-4f9f-96a1-fff3a856958a" dsID="rightsMetadata"
        ><apim:dsLabel></apim:dsLabel><apim:dsVersionID>rightsMetadata.0</apim:dsVersionID><apim:dsCreateDate>2016-06-14T23:51:17.910Z</apim:dsCreateDate><apim:dsState>A</apim:dsState><apim:dsMIME>text/xml</apim:dsMIME><apim:dsFormatURI></apim:dsFormatURI><apim:dsControlGroup>M</apim:dsControlGroup><apim:dsSize>579</apim:dsSize><apim:dsVersionable>true</apim:dsVersionable><apim:dsInfoType></apim:dsInfoType><apim:dsLocation>ichabodcollection:6fe6391c-f2a3-4f9f-96a1-fff3a856958a+rightsMetadata+rightsMetadata.0</apim:dsLocation><apim:dsLocationType>INTERNAL_ID</apim:dsLocationType><apim:dsChecksumType>DISABLED</apim:dsChecksumType><apim:dsChecksum>none</apim:dsChecksum></datastreamProfile></objectDatastreams>
    http_version: 
  recorded_at: Tue, 14 Jun 2016 23:52:31 GMT
- request:
    method: get
    uri: http://fedoraAdmin:fedoraAdmin@127.0.0.1:8983/fedora-test/objects/ichabodcollection:6fe6391c-f2a3-4f9f-96a1-fff3a856958a/datastreams/RELS-EXT/content
    body:
      encoding: US-ASCII
      string: ''
    headers:
      Accept:
      - "*/*; q=0.5, application/xml"
      Accept-Encoding:
      - gzip, deflate
      User-Agent:
      - Ruby
  response:
    status:
      code: 200
      message: OK
    headers:
      Set-Cookie:
      - JSESSIONID=1e8s2r4usy5bn1jjbuyo40t0ji;Path=/fedora-test
      Expires:
      - Thu, 01 Jan 1970 00:00:00 GMT
      Content-Disposition:
      - inline; filename="Fedora Object-to-Object Relationship Metadata.rdf"
      Content-Length:
      - '327'
      Content-Type:
      - application/rdf+xml
      Date:
      - Tue, 14 Jun 2016 23:52:31 GMT
    body:
      encoding: UTF-8
      string: |2

        <rdf:RDF xmlns:ns0="info:fedora/fedora-system:def/model#" xmlns:rdf="http://www.w3.org/1999/02/22-rdf-syntax-ns#">
          <rdf:Description rdf:about="info:fedora/ichabodcollection:6fe6391c-f2a3-4f9f-96a1-fff3a856958a">
            <ns0:hasModel rdf:resource="info:fedora/afmodel:Collection"></ns0:hasModel>
          </rdf:Description>
        </rdf:RDF>
    http_version: 
  recorded_at: Tue, 14 Jun 2016 23:52:31 GMT
- request:
    method: get
    uri: http://fedoraAdmin:fedoraAdmin@127.0.0.1:8983/fedora-test/objects/ichabodcollection:6fe6391c-f2a3-4f9f-96a1-fff3a856958a/datastreams/descriptive_metadata/content
    body:
      encoding: US-ASCII
      string: ''
    headers:
      Accept:
      - "*/*; q=0.5, application/xml"
      Accept-Encoding:
      - gzip, deflate
      User-Agent:
      - Ruby
  response:
    status:
      code: 200
      message: OK
    headers:
      Set-Cookie:
      - JSESSIONID=1m5uh5riid8z5ph0jjtsbvyns;Path=/fedora-test
      Expires:
      - Thu, 01 Jan 1970 00:00:00 GMT
      Content-Disposition:
      - inline; filename="descriptive_metadata.bin"
      Content-Length:
      - '140'
      Content-Type:
      - application/n-triples
      Date:
      - Tue, 14 Jun 2016 23:52:31 GMT
    body:
      encoding: UTF-8
      string: |
        <info:fedora/ichabodcollection:6fe6391c-f2a3-4f9f-96a1-fff3a856958a> <http://purl.org/dc/terms/title> "South Asian NGO and other reports" .
    http_version: 
  recorded_at: Tue, 14 Jun 2016 23:52:31 GMT
- request:
    method: get
    uri: http://fedoraAdmin:fedoraAdmin@127.0.0.1:8983/fedora-test/objects/ichabodcollection:bb2616be-e6f3-4a01-b8ad-10d7a16696cb?format=xml
    body:
      encoding: US-ASCII
      string: ''
    headers:
      Accept:
      - "*/*; q=0.5, application/xml"
      Accept-Encoding:
      - gzip, deflate
      User-Agent:
      - Ruby
  response:
    status:
      code: 200
      message: OK
    headers:
      Set-Cookie:
      - JSESSIONID=55f2fc1vsvl554vcemtgq9rv;Path=/fedora-test
      Expires:
      - Thu, 01 Jan 1970 00:00:00 GMT
      Content-Type:
      - text/xml
      Date:
      - Tue, 14 Jun 2016 23:52:31 GMT
      Content-Length:
      - '1092'
    body:
      encoding: UTF-8
      string: <?xml version="1.0" encoding="UTF-8"?><objectProfile  xmlns="http://www.fedora.info/definitions/1/0/access/"  xmlns:xsd="http://www.w3.org/2001/XMLSchema"
        xmlns:xsi="http://www.w3.org/2001/XMLSchema-instance" xsi:schemaLocation="http://www.fedora.info/definitions/1/0/access/
        http://www.fedora.info/definitions/1/0/objectProfile.xsd" pid="ichabodcollection:bb2616be-e6f3-4a01-b8ad-10d7a16696cb"
        ><objLabel></objLabel><objOwnerId>fedoraAdmin</objOwnerId><objModels><model>info:fedora/fedora-system:FedoraObject-3.0</model><model>info:fedora/afmodel:Collection</model></objModels><objCreateDate>2016-06-14T23:51:13.801Z</objCreateDate><objLastModDate>2016-06-14T23:51:37.265Z</objLastModDate><objDissIndexViewURL>http://localhost:8983/fedora-test/objects/ichabodcollection%3Abb2616be-e6f3-4a01-b8ad-10d7a16696cb/methods/fedora-system%3A3/viewMethodIndex</objDissIndexViewURL><objItemIndexViewURL>http://localhost:8983/fedora-test/objects/ichabodcollection%3Abb2616be-e6f3-4a01-b8ad-10d7a16696cb/methods/fedora-system%3A3/viewItemIndex</objItemIndexViewURL><objState>A</objState></objectProfile>
    http_version: 
  recorded_at: Tue, 14 Jun 2016 23:52:31 GMT
- request:
    method: get
    uri: http://fedoraAdmin:fedoraAdmin@127.0.0.1:8983/fedora-test/objects/ichabodcollection:bb2616be-e6f3-4a01-b8ad-10d7a16696cb?format=xml
    body:
      encoding: US-ASCII
      string: ''
    headers:
      Accept:
      - "*/*; q=0.5, application/xml"
      Accept-Encoding:
      - gzip, deflate
      User-Agent:
      - Ruby
  response:
    status:
      code: 200
      message: OK
    headers:
      Set-Cookie:
      - JSESSIONID=srrrpmb62dtv1d3pv6sosjmkm;Path=/fedora-test
      Expires:
      - Thu, 01 Jan 1970 00:00:00 GMT
      Content-Type:
      - text/xml
      Date:
      - Tue, 14 Jun 2016 23:52:31 GMT
      Content-Length:
      - '1092'
    body:
      encoding: UTF-8
      string: <?xml version="1.0" encoding="UTF-8"?><objectProfile  xmlns="http://www.fedora.info/definitions/1/0/access/"  xmlns:xsd="http://www.w3.org/2001/XMLSchema"
        xmlns:xsi="http://www.w3.org/2001/XMLSchema-instance" xsi:schemaLocation="http://www.fedora.info/definitions/1/0/access/
        http://www.fedora.info/definitions/1/0/objectProfile.xsd" pid="ichabodcollection:bb2616be-e6f3-4a01-b8ad-10d7a16696cb"
        ><objLabel></objLabel><objOwnerId>fedoraAdmin</objOwnerId><objModels><model>info:fedora/fedora-system:FedoraObject-3.0</model><model>info:fedora/afmodel:Collection</model></objModels><objCreateDate>2016-06-14T23:51:13.801Z</objCreateDate><objLastModDate>2016-06-14T23:51:37.265Z</objLastModDate><objDissIndexViewURL>http://localhost:8983/fedora-test/objects/ichabodcollection%3Abb2616be-e6f3-4a01-b8ad-10d7a16696cb/methods/fedora-system%3A3/viewMethodIndex</objDissIndexViewURL><objItemIndexViewURL>http://localhost:8983/fedora-test/objects/ichabodcollection%3Abb2616be-e6f3-4a01-b8ad-10d7a16696cb/methods/fedora-system%3A3/viewItemIndex</objItemIndexViewURL><objState>A</objState></objectProfile>
    http_version: 
  recorded_at: Tue, 14 Jun 2016 23:52:31 GMT
- request:
    method: get
    uri: http://fedoraAdmin:fedoraAdmin@127.0.0.1:8983/fedora-test/objects/ichabodcollection:bb2616be-e6f3-4a01-b8ad-10d7a16696cb/datastreams?format=xml&profiles=true
    body:
      encoding: US-ASCII
      string: ''
    headers:
      Accept:
      - "*/*; q=0.5, application/xml"
      Accept-Encoding:
      - gzip, deflate
      User-Agent:
      - Ruby
  response:
    status:
      code: 200
      message: OK
    headers:
      Set-Cookie:
      - JSESSIONID=uryeyn315h7hxctvj985ei6v;Path=/fedora-test
      Expires:
      - Thu, 01 Jan 1970 00:00:00 GMT
      Content-Type:
      - text/xml
      Date:
      - Tue, 14 Jun 2016 23:52:31 GMT
      Content-Length:
      - '4604'
    body:
      encoding: UTF-8
      string: <?xml version="1.0" encoding="UTF-8"?><objectDatastreams xmlns="http://www.fedora.info/definitions/1/0/access/"
        xmlns:apim="http://www.fedora.info/definitions/1/0/management/" xmlns:xsd="http://www.w3.org/2001/XMLSchema"
        xmlns:xsi="http://www.w3.org/2001/XMLSchema-instance" xsi:schemaLocation="http://www.fedora.info/definitions/1/0/access/
        http://localhost:8983/fedora-test/schema/listDatastreams.xsd" pid="ichabodcollection:bb2616be-e6f3-4a01-b8ad-10d7a16696cb"  baseURL="http://localhost:8983/fedora-test/"
        ><datastreamProfile pid="ichabodcollection:bb2616be-e6f3-4a01-b8ad-10d7a16696cb"
        dsID="DC" ><apim:dsLabel>Dublin Core Record for this object</apim:dsLabel><apim:dsVersionID>DC1.0</apim:dsVersionID><apim:dsCreateDate>2016-06-14T23:51:13.801Z</apim:dsCreateDate><apim:dsState>A</apim:dsState><apim:dsMIME>text/xml</apim:dsMIME><apim:dsFormatURI>http://www.openarchives.org/OAI/2.0/oai_dc/</apim:dsFormatURI><apim:dsControlGroup>X</apim:dsControlGroup><apim:dsSize>383</apim:dsSize><apim:dsVersionable>true</apim:dsVersionable><apim:dsInfoType></apim:dsInfoType><apim:dsLocation>ichabodcollection:bb2616be-e6f3-4a01-b8ad-10d7a16696cb+DC+DC1.0</apim:dsLocation><apim:dsLocationType></apim:dsLocationType><apim:dsChecksumType>DISABLED</apim:dsChecksumType><apim:dsChecksum>none</apim:dsChecksum></datastreamProfile><datastreamProfile
        pid="ichabodcollection:bb2616be-e6f3-4a01-b8ad-10d7a16696cb" dsID="RELS-EXT"
        ><apim:dsLabel>Fedora Object-to-Object Relationship Metadata</apim:dsLabel><apim:dsVersionID>RELS-EXT.0</apim:dsVersionID><apim:dsCreateDate>2016-06-14T23:51:13.915Z</apim:dsCreateDate><apim:dsState>A</apim:dsState><apim:dsMIME>application/rdf+xml</apim:dsMIME><apim:dsFormatURI></apim:dsFormatURI><apim:dsControlGroup>X</apim:dsControlGroup><apim:dsSize>327</apim:dsSize><apim:dsVersionable>true</apim:dsVersionable><apim:dsInfoType></apim:dsInfoType><apim:dsLocation>ichabodcollection:bb2616be-e6f3-4a01-b8ad-10d7a16696cb+RELS-EXT+RELS-EXT.0</apim:dsLocation><apim:dsLocationType></apim:dsLocationType><apim:dsChecksumType>DISABLED</apim:dsChecksumType><apim:dsChecksum>none</apim:dsChecksum></datastreamProfile><datastreamProfile
        pid="ichabodcollection:bb2616be-e6f3-4a01-b8ad-10d7a16696cb" dsID="descriptive_metadata"
        ><apim:dsLabel></apim:dsLabel><apim:dsVersionID>descriptive_metadata.0</apim:dsVersionID><apim:dsCreateDate>2016-06-14T23:51:13.946Z</apim:dsCreateDate><apim:dsState>A</apim:dsState><apim:dsMIME>application/n-triples</apim:dsMIME><apim:dsFormatURI></apim:dsFormatURI><apim:dsControlGroup>M</apim:dsControlGroup><apim:dsSize>120</apim:dsSize><apim:dsVersionable>true</apim:dsVersionable><apim:dsInfoType></apim:dsInfoType><apim:dsLocation>ichabodcollection:bb2616be-e6f3-4a01-b8ad-10d7a16696cb+descriptive_metadata+descriptive_metadata.0</apim:dsLocation><apim:dsLocationType>INTERNAL_ID</apim:dsLocationType><apim:dsChecksumType>DISABLED</apim:dsChecksumType><apim:dsChecksum>none</apim:dsChecksum></datastreamProfile><datastreamProfile
        pid="ichabodcollection:bb2616be-e6f3-4a01-b8ad-10d7a16696cb" dsID="administrative_metadata"
        ><apim:dsLabel></apim:dsLabel><apim:dsVersionID>administrative_metadata.0</apim:dsVersionID><apim:dsCreateDate>2016-06-14T23:51:13.989Z</apim:dsCreateDate><apim:dsState>A</apim:dsState><apim:dsMIME>application/n-triples</apim:dsMIME><apim:dsFormatURI></apim:dsFormatURI><apim:dsControlGroup>M</apim:dsControlGroup><apim:dsSize>109</apim:dsSize><apim:dsVersionable>true</apim:dsVersionable><apim:dsInfoType></apim:dsInfoType><apim:dsLocation>ichabodcollection:bb2616be-e6f3-4a01-b8ad-10d7a16696cb+administrative_metadata+administrative_metadata.0</apim:dsLocation><apim:dsLocationType>INTERNAL_ID</apim:dsLocationType><apim:dsChecksumType>DISABLED</apim:dsChecksumType><apim:dsChecksum>none</apim:dsChecksum></datastreamProfile><datastreamProfile
        pid="ichabodcollection:bb2616be-e6f3-4a01-b8ad-10d7a16696cb" dsID="rightsMetadata"
        ><apim:dsLabel></apim:dsLabel><apim:dsVersionID>rightsMetadata.0</apim:dsVersionID><apim:dsCreateDate>2016-06-14T23:51:37.265Z</apim:dsCreateDate><apim:dsState>A</apim:dsState><apim:dsMIME>text/xml</apim:dsMIME><apim:dsFormatURI></apim:dsFormatURI><apim:dsControlGroup>M</apim:dsControlGroup><apim:dsSize>579</apim:dsSize><apim:dsVersionable>true</apim:dsVersionable><apim:dsInfoType></apim:dsInfoType><apim:dsLocation>ichabodcollection:bb2616be-e6f3-4a01-b8ad-10d7a16696cb+rightsMetadata+rightsMetadata.0</apim:dsLocation><apim:dsLocationType>INTERNAL_ID</apim:dsLocationType><apim:dsChecksumType>DISABLED</apim:dsChecksumType><apim:dsChecksum>none</apim:dsChecksum></datastreamProfile></objectDatastreams>
    http_version: 
  recorded_at: Tue, 14 Jun 2016 23:52:31 GMT
- request:
    method: get
    uri: http://fedoraAdmin:fedoraAdmin@127.0.0.1:8983/fedora-test/objects/ichabodcollection:bb2616be-e6f3-4a01-b8ad-10d7a16696cb/datastreams/RELS-EXT/content
    body:
      encoding: US-ASCII
      string: ''
    headers:
      Accept:
      - "*/*; q=0.5, application/xml"
      Accept-Encoding:
      - gzip, deflate
      User-Agent:
      - Ruby
  response:
    status:
      code: 200
      message: OK
    headers:
      Set-Cookie:
      - JSESSIONID=1nhqt6vmnis6v1t94gk14d56wp;Path=/fedora-test
      Expires:
      - Thu, 01 Jan 1970 00:00:00 GMT
      Content-Disposition:
      - inline; filename="Fedora Object-to-Object Relationship Metadata.rdf"
      Content-Length:
      - '327'
      Content-Type:
      - application/rdf+xml
      Date:
      - Tue, 14 Jun 2016 23:52:31 GMT
    body:
      encoding: UTF-8
      string: |2

        <rdf:RDF xmlns:ns0="info:fedora/fedora-system:def/model#" xmlns:rdf="http://www.w3.org/1999/02/22-rdf-syntax-ns#">
          <rdf:Description rdf:about="info:fedora/ichabodcollection:bb2616be-e6f3-4a01-b8ad-10d7a16696cb">
            <ns0:hasModel rdf:resource="info:fedora/afmodel:Collection"></ns0:hasModel>
          </rdf:Description>
        </rdf:RDF>
    http_version: 
  recorded_at: Tue, 14 Jun 2016 23:52:31 GMT
- request:
    method: get
    uri: http://fedoraAdmin:fedoraAdmin@127.0.0.1:8983/fedora-test/objects/ichabodcollection:bb2616be-e6f3-4a01-b8ad-10d7a16696cb/datastreams/descriptive_metadata/content
    body:
      encoding: US-ASCII
      string: ''
    headers:
      Accept:
      - "*/*; q=0.5, application/xml"
      Accept-Encoding:
      - gzip, deflate
      User-Agent:
      - Ruby
  response:
    status:
      code: 200
      message: OK
    headers:
      Set-Cookie:
      - JSESSIONID=1k5tnxoj5v78m1m3kp1asn53y6;Path=/fedora-test
      Expires:
      - Thu, 01 Jan 1970 00:00:00 GMT
      Content-Disposition:
      - inline; filename="descriptive_metadata.bin"
      Content-Length:
      - '120'
      Content-Type:
      - application/n-triples
      Date:
      - Tue, 14 Jun 2016 23:52:31 GMT
    body:
      encoding: UTF-8
      string: |
        <info:fedora/ichabodcollection:bb2616be-e6f3-4a01-b8ad-10d7a16696cb> <http://purl.org/dc/terms/title> "Data Services" .
    http_version: 
  recorded_at: Tue, 14 Jun 2016 23:52:31 GMT
- request:
    method: get
    uri: http://fedoraAdmin:fedoraAdmin@127.0.0.1:8983/fedora-test/objects/ichabodcollection:9538a2df-bffd-4118-95db-6cf856a82eb6?format=xml
    body:
      encoding: US-ASCII
      string: ''
    headers:
      Accept:
      - "*/*; q=0.5, application/xml"
      Accept-Encoding:
      - gzip, deflate
      User-Agent:
      - Ruby
  response:
    status:
      code: 200
      message: OK
    headers:
      Set-Cookie:
      - JSESSIONID=1fj0bph534a7t1tec9nh7eg1o0;Path=/fedora-test
      Expires:
      - Thu, 01 Jan 1970 00:00:00 GMT
      Content-Type:
      - text/xml
      Date:
      - Tue, 14 Jun 2016 23:52:31 GMT
      Content-Length:
      - '1092'
    body:
      encoding: UTF-8
      string: <?xml version="1.0" encoding="UTF-8"?><objectProfile  xmlns="http://www.fedora.info/definitions/1/0/access/"  xmlns:xsd="http://www.w3.org/2001/XMLSchema"
        xmlns:xsi="http://www.w3.org/2001/XMLSchema-instance" xsi:schemaLocation="http://www.fedora.info/definitions/1/0/access/
        http://www.fedora.info/definitions/1/0/objectProfile.xsd" pid="ichabodcollection:9538a2df-bffd-4118-95db-6cf856a82eb6"
        ><objLabel></objLabel><objOwnerId>fedoraAdmin</objOwnerId><objModels><model>info:fedora/fedora-system:FedoraObject-3.0</model><model>info:fedora/afmodel:Collection</model></objModels><objCreateDate>2016-06-14T23:51:14.415Z</objCreateDate><objLastModDate>2016-06-14T23:51:16.794Z</objLastModDate><objDissIndexViewURL>http://localhost:8983/fedora-test/objects/ichabodcollection%3A9538a2df-bffd-4118-95db-6cf856a82eb6/methods/fedora-system%3A3/viewMethodIndex</objDissIndexViewURL><objItemIndexViewURL>http://localhost:8983/fedora-test/objects/ichabodcollection%3A9538a2df-bffd-4118-95db-6cf856a82eb6/methods/fedora-system%3A3/viewItemIndex</objItemIndexViewURL><objState>A</objState></objectProfile>
    http_version: 
  recorded_at: Tue, 14 Jun 2016 23:52:31 GMT
- request:
    method: get
    uri: http://fedoraAdmin:fedoraAdmin@127.0.0.1:8983/fedora-test/objects/ichabodcollection:9538a2df-bffd-4118-95db-6cf856a82eb6?format=xml
    body:
      encoding: US-ASCII
      string: ''
    headers:
      Accept:
      - "*/*; q=0.5, application/xml"
      Accept-Encoding:
      - gzip, deflate
      User-Agent:
      - Ruby
  response:
    status:
      code: 200
      message: OK
    headers:
      Set-Cookie:
      - JSESSIONID=1fbjd8vgwsoy714uijlbs952ta;Path=/fedora-test
      Expires:
      - Thu, 01 Jan 1970 00:00:00 GMT
      Content-Type:
      - text/xml
      Date:
      - Tue, 14 Jun 2016 23:52:31 GMT
      Content-Length:
      - '1092'
    body:
      encoding: UTF-8
      string: <?xml version="1.0" encoding="UTF-8"?><objectProfile  xmlns="http://www.fedora.info/definitions/1/0/access/"  xmlns:xsd="http://www.w3.org/2001/XMLSchema"
        xmlns:xsi="http://www.w3.org/2001/XMLSchema-instance" xsi:schemaLocation="http://www.fedora.info/definitions/1/0/access/
        http://www.fedora.info/definitions/1/0/objectProfile.xsd" pid="ichabodcollection:9538a2df-bffd-4118-95db-6cf856a82eb6"
        ><objLabel></objLabel><objOwnerId>fedoraAdmin</objOwnerId><objModels><model>info:fedora/fedora-system:FedoraObject-3.0</model><model>info:fedora/afmodel:Collection</model></objModels><objCreateDate>2016-06-14T23:51:14.415Z</objCreateDate><objLastModDate>2016-06-14T23:51:16.794Z</objLastModDate><objDissIndexViewURL>http://localhost:8983/fedora-test/objects/ichabodcollection%3A9538a2df-bffd-4118-95db-6cf856a82eb6/methods/fedora-system%3A3/viewMethodIndex</objDissIndexViewURL><objItemIndexViewURL>http://localhost:8983/fedora-test/objects/ichabodcollection%3A9538a2df-bffd-4118-95db-6cf856a82eb6/methods/fedora-system%3A3/viewItemIndex</objItemIndexViewURL><objState>A</objState></objectProfile>
    http_version: 
  recorded_at: Tue, 14 Jun 2016 23:52:31 GMT
- request:
    method: get
    uri: http://fedoraAdmin:fedoraAdmin@127.0.0.1:8983/fedora-test/objects/ichabodcollection:9538a2df-bffd-4118-95db-6cf856a82eb6/datastreams?format=xml&profiles=true
    body:
      encoding: US-ASCII
      string: ''
    headers:
      Accept:
      - "*/*; q=0.5, application/xml"
      Accept-Encoding:
      - gzip, deflate
      User-Agent:
      - Ruby
  response:
    status:
      code: 200
      message: OK
    headers:
      Set-Cookie:
      - JSESSIONID=1lpa7u0gyefb6d4o0wjjt0cn;Path=/fedora-test
      Expires:
      - Thu, 01 Jan 1970 00:00:00 GMT
      Content-Type:
      - text/xml
      Date:
      - Tue, 14 Jun 2016 23:52:31 GMT
      Content-Length:
      - '4604'
    body:
      encoding: UTF-8
      string: <?xml version="1.0" encoding="UTF-8"?><objectDatastreams xmlns="http://www.fedora.info/definitions/1/0/access/"
        xmlns:apim="http://www.fedora.info/definitions/1/0/management/" xmlns:xsd="http://www.w3.org/2001/XMLSchema"
        xmlns:xsi="http://www.w3.org/2001/XMLSchema-instance" xsi:schemaLocation="http://www.fedora.info/definitions/1/0/access/
        http://localhost:8983/fedora-test/schema/listDatastreams.xsd" pid="ichabodcollection:9538a2df-bffd-4118-95db-6cf856a82eb6"  baseURL="http://localhost:8983/fedora-test/"
        ><datastreamProfile pid="ichabodcollection:9538a2df-bffd-4118-95db-6cf856a82eb6"
        dsID="DC" ><apim:dsLabel>Dublin Core Record for this object</apim:dsLabel><apim:dsVersionID>DC1.0</apim:dsVersionID><apim:dsCreateDate>2016-06-14T23:51:14.415Z</apim:dsCreateDate><apim:dsState>A</apim:dsState><apim:dsMIME>text/xml</apim:dsMIME><apim:dsFormatURI>http://www.openarchives.org/OAI/2.0/oai_dc/</apim:dsFormatURI><apim:dsControlGroup>X</apim:dsControlGroup><apim:dsSize>383</apim:dsSize><apim:dsVersionable>true</apim:dsVersionable><apim:dsInfoType></apim:dsInfoType><apim:dsLocation>ichabodcollection:9538a2df-bffd-4118-95db-6cf856a82eb6+DC+DC1.0</apim:dsLocation><apim:dsLocationType></apim:dsLocationType><apim:dsChecksumType>DISABLED</apim:dsChecksumType><apim:dsChecksum>none</apim:dsChecksum></datastreamProfile><datastreamProfile
        pid="ichabodcollection:9538a2df-bffd-4118-95db-6cf856a82eb6" dsID="RELS-EXT"
        ><apim:dsLabel>Fedora Object-to-Object Relationship Metadata</apim:dsLabel><apim:dsVersionID>RELS-EXT.0</apim:dsVersionID><apim:dsCreateDate>2016-06-14T23:51:14.461Z</apim:dsCreateDate><apim:dsState>A</apim:dsState><apim:dsMIME>application/rdf+xml</apim:dsMIME><apim:dsFormatURI></apim:dsFormatURI><apim:dsControlGroup>X</apim:dsControlGroup><apim:dsSize>327</apim:dsSize><apim:dsVersionable>true</apim:dsVersionable><apim:dsInfoType></apim:dsInfoType><apim:dsLocation>ichabodcollection:9538a2df-bffd-4118-95db-6cf856a82eb6+RELS-EXT+RELS-EXT.0</apim:dsLocation><apim:dsLocationType></apim:dsLocationType><apim:dsChecksumType>DISABLED</apim:dsChecksumType><apim:dsChecksum>none</apim:dsChecksum></datastreamProfile><datastreamProfile
        pid="ichabodcollection:9538a2df-bffd-4118-95db-6cf856a82eb6" dsID="descriptive_metadata"
        ><apim:dsLabel></apim:dsLabel><apim:dsVersionID>descriptive_metadata.0</apim:dsVersionID><apim:dsCreateDate>2016-06-14T23:51:14.511Z</apim:dsCreateDate><apim:dsState>A</apim:dsState><apim:dsMIME>application/n-triples</apim:dsMIME><apim:dsFormatURI></apim:dsFormatURI><apim:dsControlGroup>M</apim:dsControlGroup><apim:dsSize>122</apim:dsSize><apim:dsVersionable>true</apim:dsVersionable><apim:dsInfoType></apim:dsInfoType><apim:dsLocation>ichabodcollection:9538a2df-bffd-4118-95db-6cf856a82eb6+descriptive_metadata+descriptive_metadata.0</apim:dsLocation><apim:dsLocationType>INTERNAL_ID</apim:dsLocationType><apim:dsChecksumType>DISABLED</apim:dsChecksumType><apim:dsChecksum>none</apim:dsChecksum></datastreamProfile><datastreamProfile
        pid="ichabodcollection:9538a2df-bffd-4118-95db-6cf856a82eb6" dsID="administrative_metadata"
        ><apim:dsLabel></apim:dsLabel><apim:dsVersionID>administrative_metadata.0</apim:dsVersionID><apim:dsCreateDate>2016-06-14T23:51:14.547Z</apim:dsCreateDate><apim:dsState>A</apim:dsState><apim:dsMIME>application/n-triples</apim:dsMIME><apim:dsFormatURI></apim:dsFormatURI><apim:dsControlGroup>M</apim:dsControlGroup><apim:dsSize>109</apim:dsSize><apim:dsVersionable>true</apim:dsVersionable><apim:dsInfoType></apim:dsInfoType><apim:dsLocation>ichabodcollection:9538a2df-bffd-4118-95db-6cf856a82eb6+administrative_metadata+administrative_metadata.0</apim:dsLocation><apim:dsLocationType>INTERNAL_ID</apim:dsLocationType><apim:dsChecksumType>DISABLED</apim:dsChecksumType><apim:dsChecksum>none</apim:dsChecksum></datastreamProfile><datastreamProfile
        pid="ichabodcollection:9538a2df-bffd-4118-95db-6cf856a82eb6" dsID="rightsMetadata"
        ><apim:dsLabel></apim:dsLabel><apim:dsVersionID>rightsMetadata.0</apim:dsVersionID><apim:dsCreateDate>2016-06-14T23:51:16.794Z</apim:dsCreateDate><apim:dsState>A</apim:dsState><apim:dsMIME>text/xml</apim:dsMIME><apim:dsFormatURI></apim:dsFormatURI><apim:dsControlGroup>M</apim:dsControlGroup><apim:dsSize>585</apim:dsSize><apim:dsVersionable>true</apim:dsVersionable><apim:dsInfoType></apim:dsInfoType><apim:dsLocation>ichabodcollection:9538a2df-bffd-4118-95db-6cf856a82eb6+rightsMetadata+rightsMetadata.0</apim:dsLocation><apim:dsLocationType>INTERNAL_ID</apim:dsLocationType><apim:dsChecksumType>DISABLED</apim:dsChecksumType><apim:dsChecksum>none</apim:dsChecksum></datastreamProfile></objectDatastreams>
    http_version: 
  recorded_at: Tue, 14 Jun 2016 23:52:31 GMT
- request:
    method: get
    uri: http://fedoraAdmin:fedoraAdmin@127.0.0.1:8983/fedora-test/objects/ichabodcollection:9538a2df-bffd-4118-95db-6cf856a82eb6/datastreams/RELS-EXT/content
    body:
      encoding: US-ASCII
      string: ''
    headers:
      Accept:
      - "*/*; q=0.5, application/xml"
      Accept-Encoding:
      - gzip, deflate
      User-Agent:
      - Ruby
  response:
    status:
      code: 200
      message: OK
    headers:
      Set-Cookie:
      - JSESSIONID=2md5hosfpqald614kc4j33wi;Path=/fedora-test
      Expires:
      - Thu, 01 Jan 1970 00:00:00 GMT
      Content-Disposition:
      - inline; filename="Fedora Object-to-Object Relationship Metadata.rdf"
      Content-Length:
      - '327'
      Content-Type:
      - application/rdf+xml
      Date:
      - Tue, 14 Jun 2016 23:52:31 GMT
    body:
      encoding: UTF-8
      string: |2

        <rdf:RDF xmlns:ns0="info:fedora/fedora-system:def/model#" xmlns:rdf="http://www.w3.org/1999/02/22-rdf-syntax-ns#">
          <rdf:Description rdf:about="info:fedora/ichabodcollection:9538a2df-bffd-4118-95db-6cf856a82eb6">
            <ns0:hasModel rdf:resource="info:fedora/afmodel:Collection"></ns0:hasModel>
          </rdf:Description>
        </rdf:RDF>
    http_version: 
  recorded_at: Tue, 14 Jun 2016 23:52:31 GMT
- request:
    method: get
    uri: http://fedoraAdmin:fedoraAdmin@127.0.0.1:8983/fedora-test/objects/ichabodcollection:9538a2df-bffd-4118-95db-6cf856a82eb6/datastreams/descriptive_metadata/content
    body:
      encoding: US-ASCII
      string: ''
    headers:
      Accept:
      - "*/*; q=0.5, application/xml"
      Accept-Encoding:
      - gzip, deflate
      User-Agent:
      - Ruby
  response:
    status:
      code: 200
      message: OK
    headers:
      Set-Cookie:
      - JSESSIONID=94677ohwbsyw6ci6vuibcos;Path=/fedora-test
      Expires:
      - Thu, 01 Jan 1970 00:00:00 GMT
      Content-Disposition:
      - inline; filename="descriptive_metadata.bin"
      Content-Length:
      - '122'
      Content-Type:
      - application/n-triples
      Date:
      - Tue, 14 Jun 2016 23:52:31 GMT
    body:
      encoding: UTF-8
      string: |
        <info:fedora/ichabodcollection:9538a2df-bffd-4118-95db-6cf856a82eb6> <http://purl.org/dc/terms/title> "Research Guides" .
    http_version: 
  recorded_at: Tue, 14 Jun 2016 23:52:31 GMT
- request:
    method: get
    uri: http://127.0.0.1:8983/solr/test/select?fl=id&q=_query_:%22%7B!raw%20f=has_model_ssim%7Dinfo:fedora/afmodel:Collection%22%20AND%20administrative_metadata__discoverable_tesim:N&qt=standard&rows=1000&sort=system_create_dtsi%20asc&start=0&wt=ruby
    body:
      encoding: US-ASCII
      string: ''
    headers: {}
  response:
    status:
      code: 200
      message: OK
    headers:
      Last-Modified:
      - Tue, 14 Jun 2016 23:51:48 GMT
      Etag:
      - '"MWE0OTAwMDAwMDAwMDAwMFNvbHI="'
      Content-Type:
      - text/plain;charset=UTF-8
      Transfer-Encoding:
      - chunked
    body:
      encoding: UTF-8
      string: |
        {'responseHeader'=>{'status'=>0,'QTime'=>0,'params'=>{'q'=>'_query_:"{!raw f=has_model_ssim}info:fedora/afmodel:Collection" AND administrative_metadata__discoverable_tesim:N','qt'=>'standard','fl'=>'id','start'=>'0','sort'=>'system_create_dtsi asc','rows'=>'1000','wt'=>'ruby'}},'response'=>{'numFound'=>1,'start'=>0,'docs'=>[{'id'=>'ichabodcollection:3e4a757b-45bb-4ebc-aa80-c250ee2c6103'}]}}
    http_version: 
  recorded_at: Tue, 14 Jun 2016 23:52:31 GMT
- request:
    method: get
    uri: http://fedoraAdmin:fedoraAdmin@127.0.0.1:8983/fedora-test/objects/ichabodcollection:3e4a757b-45bb-4ebc-aa80-c250ee2c6103?format=xml
    body:
      encoding: US-ASCII
      string: ''
    headers:
      Accept:
      - "*/*; q=0.5, application/xml"
      Accept-Encoding:
      - gzip, deflate
      User-Agent:
      - Ruby
  response:
    status:
      code: 200
      message: OK
    headers:
      Set-Cookie:
      - JSESSIONID=m0bbevn9a3t718y61ut4bm3zu;Path=/fedora-test
      Expires:
      - Thu, 01 Jan 1970 00:00:00 GMT
      Content-Type:
      - text/xml
      Date:
      - Tue, 14 Jun 2016 23:52:31 GMT
      Content-Length:
      - '1092'
    body:
      encoding: UTF-8
      string: <?xml version="1.0" encoding="UTF-8"?><objectProfile  xmlns="http://www.fedora.info/definitions/1/0/access/"  xmlns:xsd="http://www.w3.org/2001/XMLSchema"
        xmlns:xsi="http://www.w3.org/2001/XMLSchema-instance" xsi:schemaLocation="http://www.fedora.info/definitions/1/0/access/
        http://www.fedora.info/definitions/1/0/objectProfile.xsd" pid="ichabodcollection:3e4a757b-45bb-4ebc-aa80-c250ee2c6103"
        ><objLabel></objLabel><objOwnerId>fedoraAdmin</objOwnerId><objModels><model>info:fedora/fedora-system:FedoraObject-3.0</model><model>info:fedora/afmodel:Collection</model></objModels><objCreateDate>2016-06-14T23:51:14.138Z</objCreateDate><objLastModDate>2016-06-14T23:51:45.056Z</objLastModDate><objDissIndexViewURL>http://localhost:8983/fedora-test/objects/ichabodcollection%3A3e4a757b-45bb-4ebc-aa80-c250ee2c6103/methods/fedora-system%3A3/viewMethodIndex</objDissIndexViewURL><objItemIndexViewURL>http://localhost:8983/fedora-test/objects/ichabodcollection%3A3e4a757b-45bb-4ebc-aa80-c250ee2c6103/methods/fedora-system%3A3/viewItemIndex</objItemIndexViewURL><objState>A</objState></objectProfile>
    http_version: 
  recorded_at: Tue, 14 Jun 2016 23:52:31 GMT
- request:
    method: get
    uri: http://fedoraAdmin:fedoraAdmin@127.0.0.1:8983/fedora-test/objects/ichabodcollection:3e4a757b-45bb-4ebc-aa80-c250ee2c6103/datastreams?format=xml&profiles=true
    body:
      encoding: US-ASCII
      string: ''
    headers:
      Accept:
      - "*/*; q=0.5, application/xml"
      Accept-Encoding:
      - gzip, deflate
      User-Agent:
      - Ruby
  response:
    status:
      code: 200
      message: OK
    headers:
      Set-Cookie:
      - JSESSIONID=m80i1fjaicjk1rnwuaies50i9;Path=/fedora-test
      Expires:
      - Thu, 01 Jan 1970 00:00:00 GMT
      Content-Type:
      - text/xml
      Date:
      - Tue, 14 Jun 2016 23:52:31 GMT
      Content-Length:
      - '4604'
    body:
      encoding: UTF-8
      string: <?xml version="1.0" encoding="UTF-8"?><objectDatastreams xmlns="http://www.fedora.info/definitions/1/0/access/"
        xmlns:apim="http://www.fedora.info/definitions/1/0/management/" xmlns:xsd="http://www.w3.org/2001/XMLSchema"
        xmlns:xsi="http://www.w3.org/2001/XMLSchema-instance" xsi:schemaLocation="http://www.fedora.info/definitions/1/0/access/
        http://localhost:8983/fedora-test/schema/listDatastreams.xsd" pid="ichabodcollection:3e4a757b-45bb-4ebc-aa80-c250ee2c6103"  baseURL="http://localhost:8983/fedora-test/"
        ><datastreamProfile pid="ichabodcollection:3e4a757b-45bb-4ebc-aa80-c250ee2c6103"
        dsID="DC" ><apim:dsLabel>Dublin Core Record for this object</apim:dsLabel><apim:dsVersionID>DC1.0</apim:dsVersionID><apim:dsCreateDate>2016-06-14T23:51:14.138Z</apim:dsCreateDate><apim:dsState>A</apim:dsState><apim:dsMIME>text/xml</apim:dsMIME><apim:dsFormatURI>http://www.openarchives.org/OAI/2.0/oai_dc/</apim:dsFormatURI><apim:dsControlGroup>X</apim:dsControlGroup><apim:dsSize>383</apim:dsSize><apim:dsVersionable>true</apim:dsVersionable><apim:dsInfoType></apim:dsInfoType><apim:dsLocation>ichabodcollection:3e4a757b-45bb-4ebc-aa80-c250ee2c6103+DC+DC1.0</apim:dsLocation><apim:dsLocationType></apim:dsLocationType><apim:dsChecksumType>DISABLED</apim:dsChecksumType><apim:dsChecksum>none</apim:dsChecksum></datastreamProfile><datastreamProfile
        pid="ichabodcollection:3e4a757b-45bb-4ebc-aa80-c250ee2c6103" dsID="RELS-EXT"
        ><apim:dsLabel>Fedora Object-to-Object Relationship Metadata</apim:dsLabel><apim:dsVersionID>RELS-EXT.0</apim:dsVersionID><apim:dsCreateDate>2016-06-14T23:51:14.192Z</apim:dsCreateDate><apim:dsState>A</apim:dsState><apim:dsMIME>application/rdf+xml</apim:dsMIME><apim:dsFormatURI></apim:dsFormatURI><apim:dsControlGroup>X</apim:dsControlGroup><apim:dsSize>327</apim:dsSize><apim:dsVersionable>true</apim:dsVersionable><apim:dsInfoType></apim:dsInfoType><apim:dsLocation>ichabodcollection:3e4a757b-45bb-4ebc-aa80-c250ee2c6103+RELS-EXT+RELS-EXT.0</apim:dsLocation><apim:dsLocationType></apim:dsLocationType><apim:dsChecksumType>DISABLED</apim:dsChecksumType><apim:dsChecksum>none</apim:dsChecksum></datastreamProfile><datastreamProfile
        pid="ichabodcollection:3e4a757b-45bb-4ebc-aa80-c250ee2c6103" dsID="descriptive_metadata"
        ><apim:dsLabel></apim:dsLabel><apim:dsVersionID>descriptive_metadata.0</apim:dsVersionID><apim:dsCreateDate>2016-06-14T23:51:14.236Z</apim:dsCreateDate><apim:dsState>A</apim:dsState><apim:dsMIME>application/n-triples</apim:dsMIME><apim:dsFormatURI></apim:dsFormatURI><apim:dsControlGroup>M</apim:dsControlGroup><apim:dsSize>129</apim:dsSize><apim:dsVersionable>true</apim:dsVersionable><apim:dsInfoType></apim:dsInfoType><apim:dsLocation>ichabodcollection:3e4a757b-45bb-4ebc-aa80-c250ee2c6103+descriptive_metadata+descriptive_metadata.0</apim:dsLocation><apim:dsLocationType>INTERNAL_ID</apim:dsLocationType><apim:dsChecksumType>DISABLED</apim:dsChecksumType><apim:dsChecksum>none</apim:dsChecksum></datastreamProfile><datastreamProfile
        pid="ichabodcollection:3e4a757b-45bb-4ebc-aa80-c250ee2c6103" dsID="administrative_metadata"
        ><apim:dsLabel></apim:dsLabel><apim:dsVersionID>administrative_metadata.0</apim:dsVersionID><apim:dsCreateDate>2016-06-14T23:51:14.272Z</apim:dsCreateDate><apim:dsState>A</apim:dsState><apim:dsMIME>application/n-triples</apim:dsMIME><apim:dsFormatURI></apim:dsFormatURI><apim:dsControlGroup>M</apim:dsControlGroup><apim:dsSize>109</apim:dsSize><apim:dsVersionable>true</apim:dsVersionable><apim:dsInfoType></apim:dsInfoType><apim:dsLocation>ichabodcollection:3e4a757b-45bb-4ebc-aa80-c250ee2c6103+administrative_metadata+administrative_metadata.0</apim:dsLocation><apim:dsLocationType>INTERNAL_ID</apim:dsLocationType><apim:dsChecksumType>DISABLED</apim:dsChecksumType><apim:dsChecksum>none</apim:dsChecksum></datastreamProfile><datastreamProfile
        pid="ichabodcollection:3e4a757b-45bb-4ebc-aa80-c250ee2c6103" dsID="rightsMetadata"
        ><apim:dsLabel></apim:dsLabel><apim:dsVersionID>rightsMetadata.0</apim:dsVersionID><apim:dsCreateDate>2016-06-14T23:51:45.056Z</apim:dsCreateDate><apim:dsState>A</apim:dsState><apim:dsMIME>text/xml</apim:dsMIME><apim:dsFormatURI></apim:dsFormatURI><apim:dsControlGroup>M</apim:dsControlGroup><apim:dsSize>578</apim:dsSize><apim:dsVersionable>true</apim:dsVersionable><apim:dsInfoType></apim:dsInfoType><apim:dsLocation>ichabodcollection:3e4a757b-45bb-4ebc-aa80-c250ee2c6103+rightsMetadata+rightsMetadata.0</apim:dsLocation><apim:dsLocationType>INTERNAL_ID</apim:dsLocationType><apim:dsChecksumType>DISABLED</apim:dsChecksumType><apim:dsChecksum>none</apim:dsChecksum></datastreamProfile></objectDatastreams>
    http_version: 
  recorded_at: Tue, 14 Jun 2016 23:52:31 GMT
- request:
    method: get
    uri: http://fedoraAdmin:fedoraAdmin@127.0.0.1:8983/fedora-test/objects/ichabodcollection:3e4a757b-45bb-4ebc-aa80-c250ee2c6103/datastreams/RELS-EXT/content
    body:
      encoding: US-ASCII
      string: ''
    headers:
      Accept:
      - "*/*; q=0.5, application/xml"
      Accept-Encoding:
      - gzip, deflate
      User-Agent:
      - Ruby
  response:
    status:
      code: 200
      message: OK
    headers:
      Set-Cookie:
      - JSESSIONID=1q5b0xnzuy8s61w0djhojij6vg;Path=/fedora-test
      Expires:
      - Thu, 01 Jan 1970 00:00:00 GMT
      Content-Disposition:
      - inline; filename="Fedora Object-to-Object Relationship Metadata.rdf"
      Content-Length:
      - '327'
      Content-Type:
      - application/rdf+xml
      Date:
      - Tue, 14 Jun 2016 23:52:31 GMT
    body:
      encoding: UTF-8
      string: |2

        <rdf:RDF xmlns:ns0="info:fedora/fedora-system:def/model#" xmlns:rdf="http://www.w3.org/1999/02/22-rdf-syntax-ns#">
          <rdf:Description rdf:about="info:fedora/ichabodcollection:3e4a757b-45bb-4ebc-aa80-c250ee2c6103">
            <ns0:hasModel rdf:resource="info:fedora/afmodel:Collection"></ns0:hasModel>
          </rdf:Description>
        </rdf:RDF>
    http_version: 
  recorded_at: Tue, 14 Jun 2016 23:52:31 GMT
- request:
    method: get
    uri: http://127.0.0.1:8983/solr/test/select?id=ichabodcollection:3e4a757b-45bb-4ebc-aa80-c250ee2c6103&qt=permissions&wt=ruby
    body:
      encoding: US-ASCII
      string: ''
    headers: {}
  response:
    status:
      code: 200
      message: OK
    headers:
      Last-Modified:
      - Tue, 14 Jun 2016 23:51:48 GMT
      Etag:
      - '"MWE0OTAwMDAwMDAwMDAwMFNvbHI="'
      Content-Type:
      - text/plain;charset=UTF-8
      Transfer-Encoding:
      - chunked
    body:
      encoding: UTF-8
      string: |
        {'responseHeader'=>{'status'=>0,'QTime'=>0,'params'=>{'q'=>'{!raw f=id v=$id}','echoParams'=>'all','fl'=>'
                id,
                access_ssim,
                discover_access_group_ssim,discover_access_person_ssim,
                read_access_group_ssim,read_access_person_ssim,
                edit_access_group_ssim,edit_access_person_ssim,
                depositor_ti,
                embargo_release_date_dtsi
                inheritable_access_ssim,
                inheritable_discover_access_group_ssim,inheritable_discover_access_person_ssim,
                inheritable_read_access_group_ssim,inheritable_read_access_person_ssim,
                inheritable_edit_access_group_ssim,inheritable_edit_access_person_ssim,
                inheritable_embargo_release_date_dtsi
              ','rows'=>'1','facet'=>'off','qt'=>'permissions','id'=>'ichabodcollection:3e4a757b-45bb-4ebc-aa80-c250ee2c6103','wt'=>'ruby'}},'response'=>{'numFound'=>1,'start'=>0,'docs'=>[{'id'=>'ichabodcollection:3e4a757b-45bb-4ebc-aa80-c250ee2c6103','edit_access_group_ssim'=>['admin_group','io_cataloger']}]}}
    http_version: 
  recorded_at: Tue, 14 Jun 2016 23:52:31 GMT
- request:
    method: get
    uri: http://127.0.0.1:8983/solr/test/select?facet.field=is_part_of_ssim&fq=-is_part_of_ssim:info%5C:fedora/ichabodcollection%5C:3e4a757b-45bb-4ebc-aa80-c250ee2c6103&q=Glass%20Phial&qf=desc_metadata__title_tesim%20desc_metadata__author_tesim%20desc_metadata__publisher_tesim%0A%20%20%20%20%20%20%20%20%20%20%20%20%20%20%20%20desc_metadata__type_tesim%20desc_metadata__description_tesim%20desc_metadata__series_tesim%0A%20%20%20%20%20%20%20%20%20%20%20%20%20%20%20%20desc_metadata__creator_tesim%20desc_metadata__subject_tesim%20desc_metadata__subject_spatial_tesim%20%0A%20%20%20%20%20%20%20%20%20%20%20%20%20%20%20%20desc_metadata__subject_temporal_tesim%20desc_metadata__isbn_tesim%20desc_metadata__genre_tesim&qt=search&rows=10&sort=score%20desc,%20pub_date_dtsi%20desc,%20title_tesi%20asc&spellcheck.q=Glass%20Phial&wt=ruby
    body:
      encoding: US-ASCII
      string: ''
    headers: {}
  response:
    status:
      code: 200
      message: OK
    headers:
      Last-Modified:
      - Tue, 14 Jun 2016 23:51:48 GMT
      Etag:
      - '"MWE0OTAwMDAwMDAwMDAwMFNvbHI="'
      Content-Type:
      - text/plain;charset=UTF-8
      Transfer-Encoding:
      - chunked
    body:
      encoding: UTF-8
      string: "{'responseHeader'=>{'status'=>0,'QTime'=>1,'params'=>{'q'=>'Glass Phial','facet.field'=>['desc_metadata__type_sim','desc_metadata__creator_sim','desc_metadata__subject_sim','desc_metadata__language_sim','is_part_of_ssim'],'spellcheck.q'=>'Glass
        Phial','qt'=>'search','qf'=>'desc_metadata__title_tesim desc_metadata__author_tesim
        desc_metadata__publisher_tesim\n                desc_metadata__type_tesim
        desc_metadata__description_tesim desc_metadata__series_tesim\n                desc_metadata__creator_tesim
        desc_metadata__subject_tesim desc_metadata__subject_spatial_tesim \n                desc_metadata__subject_temporal_tesim
        desc_metadata__isbn_tesim desc_metadata__genre_tesim','fq'=>'-is_part_of_ssim:info\\\\:fedora/ichabodcollection\\\\:3e4a757b-45bb-4ebc-aa80-c250ee2c6103','sort'=>'score
        desc, pub_date_dtsi desc, title_tesi asc','rows'=>'10','wt'=>'ruby'}},'response'=>{'numFound'=>1,'start'=>0,'maxScore'=>0.1749282,'docs'=>[{'system_create_dtsi'=>'2016-06-14T23:51:31Z','system_modified_dtsi'=>'2016-06-14T23:51:31Z','object_state_ssi'=>'A','active_fedora_model_ssi'=>'Nyucore','id'=>'woj:wojref4082','object_profile_ssm'=>['{\"datastreams\":{\"RELS-EXT\":{\"dsLabel\":\"Fedora
        Object-to-Object Relationship Metadata\",\"dsVersionID\":\"RELS-EXT.0\",\"dsCreateDate\":\"2016-06-14T23:51:31Z\",\"dsState\":\"A\",\"dsMIME\":\"application/rdf+xml\",\"dsFormatURI\":null,\"dsControlGroup\":\"X\",\"dsSize\":462,\"dsVersionable\":true,\"dsInfoType\":null,\"dsLocation\":\"woj:wojref4082+RELS-EXT+RELS-EXT.0\",\"dsLocationType\":null,\"dsChecksumType\":\"DISABLED\",\"dsChecksum\":\"none\"},\"rightsMetadata\":{\"dsLabel\":null,\"dsVersionID\":\"rightsMetadata.0\",\"dsCreateDate\":\"2016-06-14T23:51:31Z\",\"dsState\":\"A\",\"dsMIME\":\"text/xml\",\"dsFormatURI\":null,\"dsControlGroup\":\"M\",\"dsSize\":544,\"dsVersionable\":true,\"dsInfoType\":null,\"dsLocation\":\"woj:wojref4082+rightsMetadata+rightsMetadata.0\",\"dsLocationType\":\"INTERNAL_ID\",\"dsChecksumType\":\"DISABLED\",\"dsChecksum\":\"none\"},\"source_metadata\":{\"dsLabel\":null,\"dsVersionID\":\"source_metadata.0\",\"dsCreateDate\":\"2016-06-14T23:51:31Z\",\"dsState\":\"A\",\"dsMIME\":\"application/n-triples\",\"dsFormatURI\":null,\"dsControlGroup\":\"M\",\"dsSize\":901,\"dsVersionable\":true,\"dsInfoType\":null,\"dsLocation\":\"woj:wojref4082+source_metadata+source_metadata.0\",\"dsLocationType\":\"INTERNAL_ID\",\"dsChecksumType\":\"DISABLED\",\"dsChecksum\":\"none\"},\"native_metadata\":{}},\"objLabel\":null,\"objOwnerId\":\"fedoraAdmin\",\"objModels\":[\"info:fedora/fedora-system:FedoraObject-3.0\"],\"objCreateDate\":\"2016-06-14T23:51:31Z\",\"objLastModDate\":\"2016-06-14T23:51:31Z\",\"objDissIndexViewURL\":\"http://localhost:8983/fedora-test/objects/woj%3Awojref4082/methods/fedora-system%3A3/viewMethodIndex\",\"objItemIndexViewURL\":\"http://localhost:8983/fedora-test/objects/woj%3Awojref4082/methods/fedora-system%3A3/viewItemIndex\",\"objState\":\"A\"}'],'edit_access_group_ssim'=>['admin_group'],'is_part_of_ssim'=>['info:fedora/ichabodcollection:c7311f04-d4dd-439c-a0d2-3f8a72cdb689'],'has_model_ssim'=>['info:fedora/afmodel:Nyucore'],'desc_metadata__title_tesim'=>['Glass
        Phial with Porcupine Quills'],'desc_metadata__identifier_tesim'=>['wojref4082'],'desc_metadata__relation_tesim'=>['David
        Wojnarowicz Papers: Series XIII: Objects and Artifacts: Subseries B: The \"Magic
        Box\"'],'desc_metadata__type_tesim'=>['Archival Object'],'desc_metadata__available_tesim'=>['http://dlib.nyu.edu/findingaids/html/fales/woj/dscref3091.html#ref4082'],'desc_metadata__data_provider_tesim'=>['NYU'],'desc_metadata__location_tesim'=>['Box:
        \n, Folder: 092.2.0589'],'desc_metadata__repo_tesim'=>['The Fales Library
        & Special Collections'],'desc_metadata__resource_set_tesim'=>['woj'],'timestamp'=>'2016-06-14T23:51:31.998Z','score'=>0.1749282}]},'facet_counts'=>{'facet_queries'=>{},'facet_fields'=>{'desc_metadata__type_sim'=>['Archival
        Object',1],'desc_metadata__creator_sim'=>[],'desc_metadata__subject_sim'=>[],'desc_metadata__language_sim'=>[],'is_part_of_ssim'=>['info:fedora/ichabodcollection:c7311f04-d4dd-439c-a0d2-3f8a72cdb689',1]},'facet_dates'=>{},'facet_ranges'=>{}},'spellcheck'=>{'suggestions'=>['correctlySpelled',true]}}\n"
    http_version: 
  recorded_at: Tue, 14 Jun 2016 23:52:31 GMT
- request:
    method: get
    uri: http://127.0.0.1:8983/solr/test/select?id=woj:wojref4082&qt=permissions&wt=ruby
    body:
      encoding: US-ASCII
      string: ''
    headers: {}
  response:
    status:
      code: 200
      message: OK
    headers:
      Last-Modified:
      - Tue, 14 Jun 2016 23:51:48 GMT
      Etag:
      - '"MWE0OTAwMDAwMDAwMDAwMFNvbHI="'
      Content-Type:
      - text/plain;charset=UTF-8
      Transfer-Encoding:
      - chunked
    body:
      encoding: UTF-8
      string: |
        {'responseHeader'=>{'status'=>0,'QTime'=>0,'params'=>{'q'=>'{!raw f=id v=$id}','echoParams'=>'all','fl'=>'
                id,
                access_ssim,
                discover_access_group_ssim,discover_access_person_ssim,
                read_access_group_ssim,read_access_person_ssim,
                edit_access_group_ssim,edit_access_person_ssim,
                depositor_ti,
                embargo_release_date_dtsi
                inheritable_access_ssim,
                inheritable_discover_access_group_ssim,inheritable_discover_access_person_ssim,
                inheritable_read_access_group_ssim,inheritable_read_access_person_ssim,
                inheritable_edit_access_group_ssim,inheritable_edit_access_person_ssim,
                inheritable_embargo_release_date_dtsi
              ','rows'=>'1','facet'=>'off','qt'=>'permissions','id'=>'woj:wojref4082','wt'=>'ruby'}},'response'=>{'numFound'=>1,'start'=>0,'docs'=>[{'id'=>'woj:wojref4082','edit_access_group_ssim'=>['admin_group']}]}}
    http_version: 
  recorded_at: Tue, 14 Jun 2016 23:52:31 GMT
- request:
    method: get
    uri: http://fedoraAdmin:fedoraAdmin@127.0.0.1:8983/fedora-test/objects/ichabodcollection:c7311f04-d4dd-439c-a0d2-3f8a72cdb689?format=xml
    body:
      encoding: US-ASCII
      string: ''
    headers:
      Accept:
      - "*/*; q=0.5, application/xml"
      Accept-Encoding:
      - gzip, deflate
      User-Agent:
      - Ruby
  response:
    status:
      code: 200
      message: OK
    headers:
      Set-Cookie:
      - JSESSIONID=95n9c1522bpib056shky0o62;Path=/fedora-test
      Expires:
      - Thu, 01 Jan 1970 00:00:00 GMT
      Content-Type:
      - text/xml
      Date:
      - Tue, 14 Jun 2016 23:52:31 GMT
      Content-Length:
      - '1092'
    body:
      encoding: UTF-8
      string: <?xml version="1.0" encoding="UTF-8"?><objectProfile  xmlns="http://www.fedora.info/definitions/1/0/access/"  xmlns:xsd="http://www.w3.org/2001/XMLSchema"
        xmlns:xsi="http://www.w3.org/2001/XMLSchema-instance" xsi:schemaLocation="http://www.fedora.info/definitions/1/0/access/
        http://www.fedora.info/definitions/1/0/objectProfile.xsd" pid="ichabodcollection:c7311f04-d4dd-439c-a0d2-3f8a72cdb689"
        ><objLabel></objLabel><objOwnerId>fedoraAdmin</objOwnerId><objModels><model>info:fedora/fedora-system:FedoraObject-3.0</model><model>info:fedora/afmodel:Collection</model></objModels><objCreateDate>2016-06-14T23:51:16.124Z</objCreateDate><objLastModDate>2016-06-14T23:51:28.959Z</objLastModDate><objDissIndexViewURL>http://localhost:8983/fedora-test/objects/ichabodcollection%3Ac7311f04-d4dd-439c-a0d2-3f8a72cdb689/methods/fedora-system%3A3/viewMethodIndex</objDissIndexViewURL><objItemIndexViewURL>http://localhost:8983/fedora-test/objects/ichabodcollection%3Ac7311f04-d4dd-439c-a0d2-3f8a72cdb689/methods/fedora-system%3A3/viewItemIndex</objItemIndexViewURL><objState>A</objState></objectProfile>
    http_version: 
  recorded_at: Tue, 14 Jun 2016 23:52:31 GMT
- request:
    method: get
    uri: http://fedoraAdmin:fedoraAdmin@127.0.0.1:8983/fedora-test/objects/ichabodcollection:c7311f04-d4dd-439c-a0d2-3f8a72cdb689?format=xml
    body:
      encoding: US-ASCII
      string: ''
    headers:
      Accept:
      - "*/*; q=0.5, application/xml"
      Accept-Encoding:
      - gzip, deflate
      User-Agent:
      - Ruby
  response:
    status:
      code: 200
      message: OK
    headers:
      Set-Cookie:
      - JSESSIONID=cndmjm6sw5dp13udjx3hdtvyw;Path=/fedora-test
      Expires:
      - Thu, 01 Jan 1970 00:00:00 GMT
      Content-Type:
      - text/xml
      Date:
      - Tue, 14 Jun 2016 23:52:31 GMT
      Content-Length:
      - '1092'
    body:
      encoding: UTF-8
      string: <?xml version="1.0" encoding="UTF-8"?><objectProfile  xmlns="http://www.fedora.info/definitions/1/0/access/"  xmlns:xsd="http://www.w3.org/2001/XMLSchema"
        xmlns:xsi="http://www.w3.org/2001/XMLSchema-instance" xsi:schemaLocation="http://www.fedora.info/definitions/1/0/access/
        http://www.fedora.info/definitions/1/0/objectProfile.xsd" pid="ichabodcollection:c7311f04-d4dd-439c-a0d2-3f8a72cdb689"
        ><objLabel></objLabel><objOwnerId>fedoraAdmin</objOwnerId><objModels><model>info:fedora/fedora-system:FedoraObject-3.0</model><model>info:fedora/afmodel:Collection</model></objModels><objCreateDate>2016-06-14T23:51:16.124Z</objCreateDate><objLastModDate>2016-06-14T23:51:28.959Z</objLastModDate><objDissIndexViewURL>http://localhost:8983/fedora-test/objects/ichabodcollection%3Ac7311f04-d4dd-439c-a0d2-3f8a72cdb689/methods/fedora-system%3A3/viewMethodIndex</objDissIndexViewURL><objItemIndexViewURL>http://localhost:8983/fedora-test/objects/ichabodcollection%3Ac7311f04-d4dd-439c-a0d2-3f8a72cdb689/methods/fedora-system%3A3/viewItemIndex</objItemIndexViewURL><objState>A</objState></objectProfile>
    http_version: 
  recorded_at: Tue, 14 Jun 2016 23:52:31 GMT
- request:
    method: get
    uri: http://fedoraAdmin:fedoraAdmin@127.0.0.1:8983/fedora-test/objects/ichabodcollection:c7311f04-d4dd-439c-a0d2-3f8a72cdb689/datastreams?format=xml&profiles=true
    body:
      encoding: US-ASCII
      string: ''
    headers:
      Accept:
      - "*/*; q=0.5, application/xml"
      Accept-Encoding:
      - gzip, deflate
      User-Agent:
      - Ruby
  response:
    status:
      code: 200
      message: OK
    headers:
      Set-Cookie:
      - JSESSIONID=1x81r4xwm9dy31vqch5lu2xizm;Path=/fedora-test
      Expires:
      - Thu, 01 Jan 1970 00:00:00 GMT
      Content-Type:
      - text/xml
      Date:
      - Tue, 14 Jun 2016 23:52:31 GMT
      Content-Length:
      - '4604'
    body:
      encoding: UTF-8
      string: <?xml version="1.0" encoding="UTF-8"?><objectDatastreams xmlns="http://www.fedora.info/definitions/1/0/access/"
        xmlns:apim="http://www.fedora.info/definitions/1/0/management/" xmlns:xsd="http://www.w3.org/2001/XMLSchema"
        xmlns:xsi="http://www.w3.org/2001/XMLSchema-instance" xsi:schemaLocation="http://www.fedora.info/definitions/1/0/access/
        http://localhost:8983/fedora-test/schema/listDatastreams.xsd" pid="ichabodcollection:c7311f04-d4dd-439c-a0d2-3f8a72cdb689"  baseURL="http://localhost:8983/fedora-test/"
        ><datastreamProfile pid="ichabodcollection:c7311f04-d4dd-439c-a0d2-3f8a72cdb689"
        dsID="DC" ><apim:dsLabel>Dublin Core Record for this object</apim:dsLabel><apim:dsVersionID>DC1.0</apim:dsVersionID><apim:dsCreateDate>2016-06-14T23:51:16.124Z</apim:dsCreateDate><apim:dsState>A</apim:dsState><apim:dsMIME>text/xml</apim:dsMIME><apim:dsFormatURI>http://www.openarchives.org/OAI/2.0/oai_dc/</apim:dsFormatURI><apim:dsControlGroup>X</apim:dsControlGroup><apim:dsSize>383</apim:dsSize><apim:dsVersionable>true</apim:dsVersionable><apim:dsInfoType></apim:dsInfoType><apim:dsLocation>ichabodcollection:c7311f04-d4dd-439c-a0d2-3f8a72cdb689+DC+DC1.0</apim:dsLocation><apim:dsLocationType></apim:dsLocationType><apim:dsChecksumType>DISABLED</apim:dsChecksumType><apim:dsChecksum>none</apim:dsChecksum></datastreamProfile><datastreamProfile
        pid="ichabodcollection:c7311f04-d4dd-439c-a0d2-3f8a72cdb689" dsID="RELS-EXT"
        ><apim:dsLabel>Fedora Object-to-Object Relationship Metadata</apim:dsLabel><apim:dsVersionID>RELS-EXT.0</apim:dsVersionID><apim:dsCreateDate>2016-06-14T23:51:16.179Z</apim:dsCreateDate><apim:dsState>A</apim:dsState><apim:dsMIME>application/rdf+xml</apim:dsMIME><apim:dsFormatURI></apim:dsFormatURI><apim:dsControlGroup>X</apim:dsControlGroup><apim:dsSize>327</apim:dsSize><apim:dsVersionable>true</apim:dsVersionable><apim:dsInfoType></apim:dsInfoType><apim:dsLocation>ichabodcollection:c7311f04-d4dd-439c-a0d2-3f8a72cdb689+RELS-EXT+RELS-EXT.0</apim:dsLocation><apim:dsLocationType></apim:dsLocationType><apim:dsChecksumType>DISABLED</apim:dsChecksumType><apim:dsChecksum>none</apim:dsChecksum></datastreamProfile><datastreamProfile
        pid="ichabodcollection:c7311f04-d4dd-439c-a0d2-3f8a72cdb689" dsID="descriptive_metadata"
        ><apim:dsLabel></apim:dsLabel><apim:dsVersionID>descriptive_metadata.0</apim:dsVersionID><apim:dsCreateDate>2016-06-14T23:51:16.212Z</apim:dsCreateDate><apim:dsState>A</apim:dsState><apim:dsMIME>application/n-triples</apim:dsMIME><apim:dsFormatURI></apim:dsFormatURI><apim:dsControlGroup>M</apim:dsControlGroup><apim:dsSize>131</apim:dsSize><apim:dsVersionable>true</apim:dsVersionable><apim:dsInfoType></apim:dsInfoType><apim:dsLocation>ichabodcollection:c7311f04-d4dd-439c-a0d2-3f8a72cdb689+descriptive_metadata+descriptive_metadata.0</apim:dsLocation><apim:dsLocationType>INTERNAL_ID</apim:dsLocationType><apim:dsChecksumType>DISABLED</apim:dsChecksumType><apim:dsChecksum>none</apim:dsChecksum></datastreamProfile><datastreamProfile
        pid="ichabodcollection:c7311f04-d4dd-439c-a0d2-3f8a72cdb689" dsID="administrative_metadata"
        ><apim:dsLabel></apim:dsLabel><apim:dsVersionID>administrative_metadata.0</apim:dsVersionID><apim:dsCreateDate>2016-06-14T23:51:16.242Z</apim:dsCreateDate><apim:dsState>A</apim:dsState><apim:dsMIME>application/n-triples</apim:dsMIME><apim:dsFormatURI></apim:dsFormatURI><apim:dsControlGroup>M</apim:dsControlGroup><apim:dsSize>109</apim:dsSize><apim:dsVersionable>true</apim:dsVersionable><apim:dsInfoType></apim:dsInfoType><apim:dsLocation>ichabodcollection:c7311f04-d4dd-439c-a0d2-3f8a72cdb689+administrative_metadata+administrative_metadata.0</apim:dsLocation><apim:dsLocationType>INTERNAL_ID</apim:dsLocationType><apim:dsChecksumType>DISABLED</apim:dsChecksumType><apim:dsChecksum>none</apim:dsChecksum></datastreamProfile><datastreamProfile
        pid="ichabodcollection:c7311f04-d4dd-439c-a0d2-3f8a72cdb689" dsID="rightsMetadata"
        ><apim:dsLabel></apim:dsLabel><apim:dsVersionID>rightsMetadata.0</apim:dsVersionID><apim:dsCreateDate>2016-06-14T23:51:28.959Z</apim:dsCreateDate><apim:dsState>A</apim:dsState><apim:dsMIME>text/xml</apim:dsMIME><apim:dsFormatURI></apim:dsFormatURI><apim:dsControlGroup>M</apim:dsControlGroup><apim:dsSize>544</apim:dsSize><apim:dsVersionable>true</apim:dsVersionable><apim:dsInfoType></apim:dsInfoType><apim:dsLocation>ichabodcollection:c7311f04-d4dd-439c-a0d2-3f8a72cdb689+rightsMetadata+rightsMetadata.0</apim:dsLocation><apim:dsLocationType>INTERNAL_ID</apim:dsLocationType><apim:dsChecksumType>DISABLED</apim:dsChecksumType><apim:dsChecksum>none</apim:dsChecksum></datastreamProfile></objectDatastreams>
    http_version: 
  recorded_at: Tue, 14 Jun 2016 23:52:31 GMT
- request:
    method: get
    uri: http://fedoraAdmin:fedoraAdmin@127.0.0.1:8983/fedora-test/objects/ichabodcollection:c7311f04-d4dd-439c-a0d2-3f8a72cdb689/datastreams/RELS-EXT/content
    body:
      encoding: US-ASCII
      string: ''
    headers:
      Accept:
      - "*/*; q=0.5, application/xml"
      Accept-Encoding:
      - gzip, deflate
      User-Agent:
      - Ruby
  response:
    status:
      code: 200
      message: OK
    headers:
      Set-Cookie:
      - JSESSIONID=qaxyq6w78212y0hq3yua94j3;Path=/fedora-test
      Expires:
      - Thu, 01 Jan 1970 00:00:00 GMT
      Content-Disposition:
      - inline; filename="Fedora Object-to-Object Relationship Metadata.rdf"
      Content-Length:
      - '327'
      Content-Type:
      - application/rdf+xml
      Date:
      - Tue, 14 Jun 2016 23:52:31 GMT
    body:
      encoding: UTF-8
      string: |2

        <rdf:RDF xmlns:ns0="info:fedora/fedora-system:def/model#" xmlns:rdf="http://www.w3.org/1999/02/22-rdf-syntax-ns#">
          <rdf:Description rdf:about="info:fedora/ichabodcollection:c7311f04-d4dd-439c-a0d2-3f8a72cdb689">
            <ns0:hasModel rdf:resource="info:fedora/afmodel:Collection"></ns0:hasModel>
          </rdf:Description>
        </rdf:RDF>
    http_version: 
  recorded_at: Tue, 14 Jun 2016 23:52:31 GMT
- request:
    method: get
    uri: http://fedoraAdmin:fedoraAdmin@127.0.0.1:8983/fedora-test/objects/ichabodcollection:c7311f04-d4dd-439c-a0d2-3f8a72cdb689/datastreams/descriptive_metadata/content
    body:
      encoding: US-ASCII
      string: ''
    headers:
      Accept:
      - "*/*; q=0.5, application/xml"
      Accept-Encoding:
      - gzip, deflate
      User-Agent:
      - Ruby
  response:
    status:
      code: 200
      message: OK
    headers:
      Set-Cookie:
      - JSESSIONID=1plqbl63uk2lv1fn0tl4mw3vp2;Path=/fedora-test
      Expires:
      - Thu, 01 Jan 1970 00:00:00 GMT
      Content-Disposition:
      - inline; filename="descriptive_metadata.bin"
      Content-Length:
      - '131'
      Content-Type:
      - application/n-triples
      Date:
      - Tue, 14 Jun 2016 23:52:31 GMT
    body:
      encoding: UTF-8
      string: |
        <info:fedora/ichabodcollection:c7311f04-d4dd-439c-a0d2-3f8a72cdb689> <http://purl.org/dc/terms/title> "David Wojnarowicz Papers" .
    http_version: 
  recorded_at: Tue, 14 Jun 2016 23:52:31 GMT
recorded_with: VCR 2.9.3
