---
http_interactions:
- request:
    method: get
    uri: http://127.0.0.1:8983/solr/test/select?fl=id&q=_query_:%22%7B!raw%20f=has_model_ssim%7Dinfo:fedora/afmodel:Nyucore%22%20AND%20id:%22prefix%5C:identifier-4%22&qt=standard&rows=1000&sort=system_create_dtsi%20asc&start=0&wt=ruby
    body:
      encoding: US-ASCII
      string: ''
    headers: {}
  response:
    status:
      code: 200
      message: OK
    headers:
      Last-Modified:
      - Fri, 29 Aug 2014 03:11:23 GMT
      Etag:
      - ! '"Y2Y4MDAwMDAwMDAwMDAwMFNvbHI="'
      Content-Type:
      - text/plain;charset=UTF-8
      Transfer-Encoding:
      - chunked
    body:
      encoding: US-ASCII
      string: ! '{''responseHeader''=>{''status''=>0,''QTime''=>82,''params''=>{''fl''=>''id'',''sort''=>''system_create_dtsi
        asc'',''start''=>''0'',''q''=>''_query_:"{!raw f=has_model_ssim}info:fedora/afmodel:Nyucore"
        AND id:"prefix\\:identifier-4"'',''qt''=>''standard'',''wt''=>''ruby'',''rows''=>''1000''}},''response''=>{''numFound''=>1,''start''=>0,''docs''=>[{''id''=>''prefix:identifier-4''}]}}

'
    http_version: 
  recorded_at: Fri, 29 Aug 2014 03:17:45 GMT
- request:
    method: get
    uri: http://fedoraAdmin:fedoraAdmin@127.0.0.1:8983/fedora-test/describe?xml=true
    body:
      encoding: US-ASCII
      string: ''
    headers:
      Accept:
      - ! '*/*; q=0.5, application/xml'
      Accept-Encoding:
      - gzip, deflate
      User-Agent:
      - Ruby
  response:
    status:
      code: 200
      message: OK
    headers:
      Set-Cookie:
      - JSESSIONID=vafcuv5n2y3eb78316cihnb9;Path=/fedora-test
      Expires:
      - Thu, 01 Jan 1970 00:00:00 GMT
      Content-Type:
      - text/xml;charset=UTF-8
      Transfer-Encoding:
      - chunked
    body:
      encoding: US-ASCII
      string: <?xml version="1.0" encoding="UTF-8"?><fedoraRepository xmlns="http://www.fedora.info/definitions/1/0/access/"
        xmlns:xsd="http://www.w3.org/2001/XMLSchema" xmlns:xsi="http://www.w3.org/2001/XMLSchema-instance"
        xsi:schemaLocation="http://www.fedora.info/definitions/1/0/access/ http://www.fedora.info/definitions/1/0/fedoraRepository.xsd"><repositoryName>Fedora
        Repository</repositoryName><repositoryBaseURL>http://localhost:8983/fedora-test</repositoryBaseURL><repositoryVersion>3.7.0</repositoryVersion><repositoryPID>    <PID-namespaceIdentifier>changeme</PID-namespaceIdentifier>    <PID-delimiter>:</PID-delimiter>    <PID-sample>changeme:100</PID-sample>    <retainPID>*</retainPID></repositoryPID><repositoryOAI-identifier>    <OAI-namespaceIdentifier>example.org</OAI-namespaceIdentifier>    <OAI-delimiter>:</OAI-delimiter>    <OAI-sample>oai:example.org:changeme:100</OAI-sample></repositoryOAI-identifier><sampleSearch-URL>http://localhost:8983/fedora-test/objects</sampleSearch-URL><sampleAccess-URL>http://localhost:8983/fedora-test/objects/demo:5</sampleAccess-URL><sampleOAI-URL>http://localhost:8983/fedora-test/oai?verb=Identify</sampleOAI-URL><adminEmail>bob@example.org</adminEmail><adminEmail>sally@example.org</adminEmail></fedoraRepository>
    http_version: 
  recorded_at: Fri, 29 Aug 2014 03:17:46 GMT
- request:
    method: get
    uri: http://fedoraAdmin:fedoraAdmin@127.0.0.1:8983/fedora-test/objects/prefix:identifier-4?format=xml
    body:
      encoding: US-ASCII
      string: ''
    headers:
      Accept:
      - ! '*/*; q=0.5, application/xml'
      Accept-Encoding:
      - gzip, deflate
      User-Agent:
      - Ruby
  response:
    status:
      code: 200
      message: OK
    headers:
      Set-Cookie:
      - JSESSIONID=8syly0a04a0d1mut13ved94ar;Path=/fedora-test
      Expires:
      - Thu, 01 Jan 1970 00:00:00 GMT
      Content-Type:
      - text/xml
      Date:
      - Fri, 29 Aug 2014 03:17:46 GMT
      Content-Length:
      - '984'
    body:
      encoding: US-ASCII
      string: <?xml version="1.0" encoding="UTF-8"?><objectProfile  xmlns="http://www.fedora.info/definitions/1/0/access/"  xmlns:xsd="http://www.w3.org/2001/XMLSchema"
        xmlns:xsi="http://www.w3.org/2001/XMLSchema-instance" xsi:schemaLocation="http://www.fedora.info/definitions/1/0/access/
        http://www.fedora.info/definitions/1/0/objectProfile.xsd" pid="prefix:identifier-4"
        ><objLabel></objLabel><objOwnerId>fedoraAdmin</objOwnerId><objModels><model>info:fedora/afmodel:Nyucore</model><model>info:fedora/fedora-system:FedoraObject-3.0</model></objModels><objCreateDate>2014-08-29T03:09:51.392Z</objCreateDate><objLastModDate>2014-08-29T03:10:05.320Z</objLastModDate><objDissIndexViewURL>http://localhost:8983/fedora-test/objects/prefix%3Aidentifier-4/methods/fedora-system%3A3/viewMethodIndex</objDissIndexViewURL><objItemIndexViewURL>http://localhost:8983/fedora-test/objects/prefix%3Aidentifier-4/methods/fedora-system%3A3/viewItemIndex</objItemIndexViewURL><objState>A</objState></objectProfile>
    http_version: 
  recorded_at: Fri, 29 Aug 2014 03:17:46 GMT
- request:
    method: get
    uri: http://fedoraAdmin:fedoraAdmin@127.0.0.1:8983/fedora-test/objects/prefix:identifier-4/datastreams?format=xml
    body:
      encoding: US-ASCII
      string: ''
    headers:
      Accept:
      - ! '*/*; q=0.5, application/xml'
      Accept-Encoding:
      - gzip, deflate
      User-Agent:
      - Ruby
  response:
    status:
      code: 200
      message: OK
    headers:
      Set-Cookie:
      - JSESSIONID=19ku12ia5bc8x16uaphy4fadbh;Path=/fedora-test
      Expires:
      - Thu, 01 Jan 1970 00:00:00 GMT
      Content-Type:
      - text/xml
      Date:
      - Fri, 29 Aug 2014 03:17:46 GMT
      Content-Length:
      - '792'
    body:
      encoding: US-ASCII
      string: <?xml version="1.0" encoding="UTF-8"?><objectDatastreams  xmlns="http://www.fedora.info/definitions/1/0/access/"
        xmlns:xsd="http://www.w3.org/2001/XMLSchema"  xmlns:xsi="http://www.w3.org/2001/XMLSchema-instance"  xsi:schemaLocation="http://www.fedora.info/definitions/1/0/access/
        http://www.fedora-commons.org/definitions/1/0/listDatastreams.xsd" pid="prefix:identifier-4"  baseURL="http://localhost:8983/fedora-test/"
        >    <datastream dsid="DC" label="Dublin Core Record for this object" mimeType="text/xml"
        />    <datastream dsid="RELS-EXT" label="Fedora Object-to-Object Relationship
        Metadata" mimeType="application/rdf+xml" />    <datastream dsid="rightsMetadata"
        label="" mimeType="text/xml" />    <datastream dsid="source_metadata" label=""
        mimeType="text/plain" /></objectDatastreams>
    http_version: 
  recorded_at: Fri, 29 Aug 2014 03:17:46 GMT
- request:
    method: get
    uri: http://fedoraAdmin:fedoraAdmin@127.0.0.1:8983/fedora-test/objects/prefix:identifier-4/datastreams/RELS-EXT?format=xml
    body:
      encoding: US-ASCII
      string: ''
    headers:
      Accept:
      - ! '*/*; q=0.5, application/xml'
      Accept-Encoding:
      - gzip, deflate
      User-Agent:
      - Ruby
  response:
    status:
      code: 200
      message: OK
    headers:
      Set-Cookie:
      - JSESSIONID=7f10dqsc8j3um7b1s8aqdqzv;Path=/fedora-test
      Expires:
      - Thu, 01 Jan 1970 00:00:00 GMT
      Content-Type:
      - text/xml
      Date:
      - Fri, 29 Aug 2014 03:17:46 GMT
      Content-Length:
      - '931'
    body:
      encoding: US-ASCII
      string: <?xml version="1.0" encoding="UTF-8"?><datastreamProfile  xmlns="http://www.fedora.info/definitions/1/0/management/"  xmlns:xsd="http://www.w3.org/2001/XMLSchema"
        xmlns:xsi="http://www.w3.org/2001/XMLSchema-instance" xsi:schemaLocation="http://www.fedora.info/definitions/1/0/management/
        http://www.fedora.info/definitions/1/0/datastreamProfile.xsd" pid="prefix:identifier-4"
        dsID="RELS-EXT" ><dsLabel>Fedora Object-to-Object Relationship Metadata</dsLabel><dsVersionID>RELS-EXT.0</dsVersionID><dsCreateDate>2014-08-29T03:09:51.517Z</dsCreateDate><dsState>A</dsState><dsMIME>application/rdf+xml</dsMIME><dsFormatURI></dsFormatURI><dsControlGroup>X</dsControlGroup><dsSize>289</dsSize><dsVersionable>true</dsVersionable><dsInfoType></dsInfoType><dsLocation>prefix:identifier-4+RELS-EXT+RELS-EXT.0</dsLocation><dsLocationType></dsLocationType><dsChecksumType>DISABLED</dsChecksumType><dsChecksum>none</dsChecksum></datastreamProfile>
    http_version: 
  recorded_at: Fri, 29 Aug 2014 03:17:46 GMT
- request:
    method: get
    uri: http://fedoraAdmin:fedoraAdmin@127.0.0.1:8983/fedora-test/objects/prefix:identifier-4/datastreams/RELS-EXT/content
    body:
      encoding: US-ASCII
      string: ''
    headers:
      Accept:
      - ! '*/*; q=0.5, application/xml'
      Accept-Encoding:
      - gzip, deflate
      User-Agent:
      - Ruby
  response:
    status:
      code: 200
      message: OK
    headers:
      Set-Cookie:
      - JSESSIONID=16a2pon7tfcnq1urdlebh9awy;Path=/fedora-test
      Expires:
      - Thu, 01 Jan 1970 00:00:00 GMT
      Content-Disposition:
      - inline; filename="Fedora Object-to-Object Relationship Metadata.rdf"
      Content-Length:
      - '289'
      Content-Type:
      - application/rdf+xml
      Date:
      - Fri, 29 Aug 2014 03:17:46 GMT
    body:
      encoding: US-ASCII
      string: ! "\n<rdf:RDF xmlns:ns0=\"info:fedora/fedora-system:def/model#\" xmlns:rdf=\"http://www.w3.org/1999/02/22-rdf-syntax-ns#\">\n
        \ <rdf:Description rdf:about=\"info:fedora/prefix:identifier-4\">\n    <ns0:hasModel
        rdf:resource=\"info:fedora/afmodel:Nyucore\"></ns0:hasModel>\n  </rdf:Description>\n</rdf:RDF>\n"
    http_version: 
  recorded_at: Fri, 29 Aug 2014 03:17:46 GMT
- request:
    method: get
    uri: http://fedoraAdmin:fedoraAdmin@127.0.0.1:8983/fedora-test/objects/prefix:identifier-4/datastreams/source_metadata?format=xml
    body:
      encoding: US-ASCII
      string: ''
    headers:
      Accept:
      - ! '*/*; q=0.5, application/xml'
      Accept-Encoding:
      - gzip, deflate
      User-Agent:
      - Ruby
  response:
    status:
      code: 200
      message: OK
    headers:
      Set-Cookie:
      - JSESSIONID=1vlxfghkj8oze8orhy8ao2riu;Path=/fedora-test
      Expires:
      - Thu, 01 Jan 1970 00:00:00 GMT
      Content-Type:
      - text/xml
      Date:
      - Fri, 29 Aug 2014 03:17:46 GMT
      Content-Length:
      - '916'
    body:
      encoding: US-ASCII
      string: <?xml version="1.0" encoding="UTF-8"?><datastreamProfile  xmlns="http://www.fedora.info/definitions/1/0/management/"  xmlns:xsd="http://www.w3.org/2001/XMLSchema"
        xmlns:xsi="http://www.w3.org/2001/XMLSchema-instance" xsi:schemaLocation="http://www.fedora.info/definitions/1/0/management/
        http://www.fedora.info/definitions/1/0/datastreamProfile.xsd" pid="prefix:identifier-4"
        dsID="source_metadata" ><dsLabel></dsLabel><dsVersionID>source_metadata.1</dsVersionID><dsCreateDate>2014-08-29T03:10:05.320Z</dsCreateDate><dsState>A</dsState><dsMIME>text/plain</dsMIME><dsFormatURI></dsFormatURI><dsControlGroup>M</dsControlGroup><dsSize>169</dsSize><dsVersionable>true</dsVersionable><dsInfoType></dsInfoType><dsLocation>prefix:identifier-4+source_metadata+source_metadata.1</dsLocation><dsLocationType>INTERNAL_ID</dsLocationType><dsChecksumType>DISABLED</dsChecksumType><dsChecksum>none</dsChecksum></datastreamProfile>
    http_version: 
  recorded_at: Fri, 29 Aug 2014 03:17:46 GMT
- request:
    method: get
    uri: http://fedoraAdmin:fedoraAdmin@127.0.0.1:8983/fedora-test/objects/prefix:identifier-4/datastreams/source_metadata/content
    body:
      encoding: US-ASCII
      string: ''
    headers:
      Accept:
      - ! '*/*; q=0.5, application/xml'
      Accept-Encoding:
      - gzip, deflate
      User-Agent:
      - Ruby
  response:
    status:
      code: 200
      message: OK
    headers:
      Set-Cookie:
      - JSESSIONID=1ezmtn1g5fp4z113sofltuskb1;Path=/fedora-test
      Expires:
      - Thu, 01 Jan 1970 00:00:00 GMT
      Content-Disposition:
      - inline; filename="source_metadata.txt"
      Content-Length:
      - '169'
      Content-Type:
      - text/plain
      Date:
      - Fri, 29 Aug 2014 03:17:46 GMT
    body:
      encoding: US-ASCII
      string: ! '<info:fedora/prefix:identifier-4> <http://purl.org/dc/terms/identifier>
        "identifier-4" .

        <info:fedora/prefix:identifier-4> <http://purl.org/dc/terms/title> "Title
        41" .

'
    http_version: 
  recorded_at: Fri, 29 Aug 2014 03:17:46 GMT
- request:
    method: get
    uri: http://127.0.0.1:8983/solr/test/select?fl=id&q=_query_:%22%7B!raw%20f=has_model_ssim%7Dinfo:fedora/afmodel:Nyucore%22%20AND%20id:%22prefix%5C:identifier-5%22&qt=standard&rows=1000&sort=system_create_dtsi%20asc&start=0&wt=ruby
    body:
      encoding: US-ASCII
      string: ''
    headers: {}
  response:
    status:
      code: 200
      message: OK
    headers:
      Last-Modified:
      - Fri, 29 Aug 2014 03:11:23 GMT
      Etag:
      - ! '"Y2Y4MDAwMDAwMDAwMDAwMFNvbHI="'
      Content-Type:
      - text/plain;charset=UTF-8
      Transfer-Encoding:
      - chunked
    body:
      encoding: US-ASCII
      string: ! '{''responseHeader''=>{''status''=>0,''QTime''=>8,''params''=>{''fl''=>''id'',''sort''=>''system_create_dtsi
        asc'',''start''=>''0'',''q''=>''_query_:"{!raw f=has_model_ssim}info:fedora/afmodel:Nyucore"
        AND id:"prefix\\:identifier-5"'',''qt''=>''standard'',''wt''=>''ruby'',''rows''=>''1000''}},''response''=>{''numFound''=>0,''start''=>0,''docs''=>[]}}

'
    http_version: 
  recorded_at: Fri, 29 Aug 2014 03:17:46 GMT
- request:
    method: get
    uri: http://127.0.0.1:8983/solr/test/select?fl=id&q=_query_:%22%7B!raw%20f=has_model_ssim%7Dinfo:fedora/afmodel:Nyucore%22%20AND%20id:%22prefix%5C:identifier-6%22&qt=standard&rows=1000&sort=system_create_dtsi%20asc&start=0&wt=ruby
    body:
      encoding: US-ASCII
      string: ''
    headers: {}
  response:
    status:
      code: 200
      message: OK
    headers:
      Last-Modified:
      - Fri, 29 Aug 2014 03:11:23 GMT
      Etag:
      - ! '"Y2Y4MDAwMDAwMDAwMDAwMFNvbHI="'
      Content-Type:
      - text/plain;charset=UTF-8
      Transfer-Encoding:
      - chunked
    body:
      encoding: US-ASCII
      string: ! '{''responseHeader''=>{''status''=>0,''QTime''=>2,''params''=>{''fl''=>''id'',''sort''=>''system_create_dtsi
        asc'',''start''=>''0'',''q''=>''_query_:"{!raw f=has_model_ssim}info:fedora/afmodel:Nyucore"
        AND id:"prefix\\:identifier-6"'',''qt''=>''standard'',''wt''=>''ruby'',''rows''=>''1000''}},''response''=>{''numFound''=>0,''start''=>0,''docs''=>[]}}

'
    http_version: 
  recorded_at: Fri, 29 Aug 2014 03:17:46 GMT
- request:
    method: get
    uri: http://127.0.0.1:8983/solr/test/select?fl=id&q=_query_:%22%7B!raw%20f=has_model_ssim%7Dinfo:fedora/afmodel:Nyucore%22%20AND%20id:%22prefix%5C:identifier-10%22&qt=standard&rows=1000&sort=system_create_dtsi%20asc&start=0&wt=ruby
    body:
      encoding: US-ASCII
      string: ''
    headers: {}
  response:
    status:
      code: 200
      message: OK
    headers:
      Last-Modified:
      - Fri, 29 Aug 2014 03:21:23 GMT
      Etag:
      - ! '"ODA0MDAwMDAwMDAwMDAwMFNvbHI="'
      Content-Type:
      - text/plain;charset=UTF-8
      Transfer-Encoding:
      - chunked
    body:
      encoding: US-ASCII
      string: ! '{''responseHeader''=>{''status''=>0,''QTime''=>2,''params''=>{''fl''=>''id'',''sort''=>''system_create_dtsi
        asc'',''start''=>''0'',''q''=>''_query_:"{!raw f=has_model_ssim}info:fedora/afmodel:Nyucore"
        AND id:"prefix\\:identifier-10"'',''qt''=>''standard'',''wt''=>''ruby'',''rows''=>''1000''}},''response''=>{''numFound''=>0,''start''=>0,''docs''=>[]}}

'
    http_version: 
  recorded_at: Fri, 29 Aug 2014 03:22:20 GMT
- request:
    method: get
    uri: http://127.0.0.1:8983/solr/test/select?fl=id&q=_query_:%22%7B!raw%20f=has_model_ssim%7Dinfo:fedora/afmodel:Nyucore%22%20AND%20id:%22prefix%5C:identifier-11%22&qt=standard&rows=1000&sort=system_create_dtsi%20asc&start=0&wt=ruby
    body:
      encoding: US-ASCII
      string: ''
    headers: {}
  response:
    status:
      code: 200
      message: OK
    headers:
      Last-Modified:
      - Fri, 29 Aug 2014 03:21:23 GMT
      Etag:
      - ! '"ODA0MDAwMDAwMDAwMDAwMFNvbHI="'
      Content-Type:
      - text/plain;charset=UTF-8
      Transfer-Encoding:
      - chunked
    body:
      encoding: US-ASCII
      string: ! '{''responseHeader''=>{''status''=>0,''QTime''=>2,''params''=>{''fl''=>''id'',''sort''=>''system_create_dtsi
        asc'',''start''=>''0'',''q''=>''_query_:"{!raw f=has_model_ssim}info:fedora/afmodel:Nyucore"
        AND id:"prefix\\:identifier-11"'',''qt''=>''standard'',''wt''=>''ruby'',''rows''=>''1000''}},''response''=>{''numFound''=>0,''start''=>0,''docs''=>[]}}

'
    http_version: 
  recorded_at: Fri, 29 Aug 2014 03:22:20 GMT
- request:
    method: get
    uri: http://127.0.0.1:8983/solr/test/select?fl=id&q=_query_:%22%7B!raw%20f=has_model_ssim%7Dinfo:fedora/afmodel:Nyucore%22%20AND%20id:%22prefix%5C:identifier-12%22&qt=standard&rows=1000&sort=system_create_dtsi%20asc&start=0&wt=ruby
    body:
      encoding: US-ASCII
      string: ''
    headers: {}
  response:
    status:
      code: 200
      message: OK
    headers:
      Last-Modified:
      - Fri, 29 Aug 2014 03:21:23 GMT
      Etag:
      - ! '"ODA0MDAwMDAwMDAwMDAwMFNvbHI="'
      Content-Type:
      - text/plain;charset=UTF-8
      Transfer-Encoding:
      - chunked
    body:
      encoding: US-ASCII
      string: ! '{''responseHeader''=>{''status''=>0,''QTime''=>2,''params''=>{''fl''=>''id'',''sort''=>''system_create_dtsi
        asc'',''start''=>''0'',''q''=>''_query_:"{!raw f=has_model_ssim}info:fedora/afmodel:Nyucore"
        AND id:"prefix\\:identifier-12"'',''qt''=>''standard'',''wt''=>''ruby'',''rows''=>''1000''}},''response''=>{''numFound''=>0,''start''=>0,''docs''=>[]}}

'
    http_version: 
  recorded_at: Fri, 29 Aug 2014 03:22:20 GMT
- request:
    method: get
    uri: http://127.0.0.1:8983/solr/test/select?fl=id&q=_query_:%22%7B!raw%20f=has_model_ssim%7Dinfo:fedora/afmodel:Nyucore%22%20AND%20id:%22prefix%5C:identifier-7%22&qt=standard&rows=1000&sort=system_create_dtsi%20asc&start=0&wt=ruby
    body:
      encoding: US-ASCII
      string: ''
    headers: {}
  response:
    status:
      code: 200
      message: OK
    headers:
      Last-Modified:
      - Fri, 29 Aug 2014 03:27:25 GMT
      Etag:
      - ! '"Yjg0MDAwMDAwMDAwMDAwMFNvbHI="'
      Content-Type:
      - text/plain;charset=UTF-8
      Transfer-Encoding:
      - chunked
    body:
      encoding: US-ASCII
      string: ! '{''responseHeader''=>{''status''=>0,''QTime''=>2,''params''=>{''fl''=>''id'',''sort''=>''system_create_dtsi
        asc'',''start''=>''0'',''q''=>''_query_:"{!raw f=has_model_ssim}info:fedora/afmodel:Nyucore"
        AND id:"prefix\\:identifier-7"'',''qt''=>''standard'',''wt''=>''ruby'',''rows''=>''1000''}},''response''=>{''numFound''=>0,''start''=>0,''docs''=>[]}}

'
    http_version: 
  recorded_at: Fri, 29 Aug 2014 03:32:19 GMT
- request:
    method: get
    uri: http://127.0.0.1:8983/solr/test/select?fl=id&q=_query_:%22%7B!raw%20f=has_model_ssim%7Dinfo:fedora/afmodel:Nyucore%22%20AND%20id:%22prefix%5C:identifier-8%22&qt=standard&rows=1000&sort=system_create_dtsi%20asc&start=0&wt=ruby
    body:
      encoding: US-ASCII
      string: ''
    headers: {}
  response:
    status:
      code: 200
      message: OK
    headers:
      Last-Modified:
      - Fri, 29 Aug 2014 03:27:25 GMT
      Etag:
      - ! '"Yjg0MDAwMDAwMDAwMDAwMFNvbHI="'
      Content-Type:
      - text/plain;charset=UTF-8
      Transfer-Encoding:
      - chunked
    body:
      encoding: US-ASCII
      string: ! '{''responseHeader''=>{''status''=>0,''QTime''=>1,''params''=>{''fl''=>''id'',''sort''=>''system_create_dtsi
        asc'',''start''=>''0'',''q''=>''_query_:"{!raw f=has_model_ssim}info:fedora/afmodel:Nyucore"
        AND id:"prefix\\:identifier-8"'',''qt''=>''standard'',''wt''=>''ruby'',''rows''=>''1000''}},''response''=>{''numFound''=>0,''start''=>0,''docs''=>[]}}

'
    http_version: 
  recorded_at: Fri, 29 Aug 2014 03:32:19 GMT
- request:
    method: get
    uri: http://127.0.0.1:8983/solr/test/select?fl=id&q=_query_:%22%7B!raw%20f=has_model_ssim%7Dinfo:fedora/afmodel:Nyucore%22%20AND%20id:%22prefix%5C:identifier-9%22&qt=standard&rows=1000&sort=system_create_dtsi%20asc&start=0&wt=ruby
    body:
      encoding: US-ASCII
      string: ''
    headers: {}
  response:
    status:
      code: 200
      message: OK
    headers:
      Last-Modified:
      - Tue, 02 Sep 2014 18:59:33 GMT
      Etag:
      - ! '"MWE2MjAwMDAwMDAwMDAwMFNvbHI="'
      Content-Type:
      - text/plain;charset=UTF-8
      Transfer-Encoding:
      - chunked
    body:
      encoding: US-ASCII
      string: ! '{''responseHeader''=>{''status''=>0,''QTime''=>74,''params''=>{''fl''=>''id'',''sort''=>''system_create_dtsi
        asc'',''start''=>''0'',''q''=>''_query_:"{!raw f=has_model_ssim}info:fedora/afmodel:Nyucore"
        AND id:"prefix\\:identifier-9"'',''qt''=>''standard'',''wt''=>''ruby'',''rows''=>''1000''}},''response''=>{''numFound''=>0,''start''=>0,''docs''=>[]}}

'
    http_version: 
  recorded_at: Tue, 02 Sep 2014 19:55:55 GMT
recorded_with: VCR 2.8.0
